Archive member included to satisfy reference by file (symbol)

/home/westornd/intelFPGA_lite/18.1/embedded/host_tools/mentor/gnu/arm/baremetal/bin/../lib/gcc/arm-altera-eabi/6.2.0/libgcc.a(_divsi3.o)
                              dw_uart.o (__aeabi_idiv)
/home/westornd/intelFPGA_lite/18.1/embedded/host_tools/mentor/gnu/arm/baremetal/bin/../lib/gcc/arm-altera-eabi/6.2.0/libgcc.a(_dvmd_tls.o)
                              /home/westornd/intelFPGA_lite/18.1/embedded/host_tools/mentor/gnu/arm/baremetal/bin/../lib/gcc/arm-altera-eabi/6.2.0/libgcc.a(_divsi3.o) (__aeabi_idiv0)
/home/westornd/intelFPGA_lite/18.1/embedded/host_tools/mentor/gnu/arm/baremetal/bin/../lib/gcc/arm-altera-eabi/6.2.0/libgcc.a(unwind-arm.o)
                              Main_mAbassi.o (__aeabi_unwind_cpp_pr0)
/home/westornd/intelFPGA_lite/18.1/embedded/host_tools/mentor/gnu/arm/baremetal/bin/../lib/gcc/arm-altera-eabi/6.2.0/libgcc.a(libunwind.o)
                              /home/westornd/intelFPGA_lite/18.1/embedded/host_tools/mentor/gnu/arm/baremetal/bin/../lib/gcc/arm-altera-eabi/6.2.0/libgcc.a(unwind-arm.o) (restore_core_regs)
/home/westornd/intelFPGA_lite/18.1/embedded/host_tools/mentor/gnu/arm/baremetal/bin/../lib/gcc/arm-altera-eabi/6.2.0/libgcc.a(pr-support.o)
                              /home/westornd/intelFPGA_lite/18.1/embedded/host_tools/mentor/gnu/arm/baremetal/bin/../lib/gcc/arm-altera-eabi/6.2.0/libgcc.a(unwind-arm.o) (__gnu_unwind_execute)
../../mAbassi/Platform/lib/lib_mAbassi_EVAL_GCC_AR5_CY5.a(mAbassi_EVAL_A9_GCC_2_NR.o)
                              Shell.o (TSKgetID)
../../mAbassi/Platform/lib/lib_mAbassi_EVAL_GCC_AR5_CY5.a(mAbassi_EVAL_GCC_AR5_CY5_NR.o)
                              (_vector_table)
../../mAbassi/Platform/lib/lib_mAbassi_EVAL_GCC_AR5_CY5.a(ARMv7_SMP_L1_L2_GCC_AR5_CY5.o)
                              ../../mAbassi/Platform/lib/lib_mAbassi_EVAL_GCC_AR5_CY5.a(mAbassi_EVAL_GCC_AR5_CY5_NR.o) (COREcacheON)
/home/westornd/intelFPGA_lite/18.1/embedded/host_tools/mentor/gnu/arm/baremetal/bin/../lib/gcc/arm-altera-eabi/6.2.0/../../../../arm-altera-eabi/lib/libcs3.a(start_c.o)
                              (__cs3_start_c)
/home/westornd/intelFPGA_lite/18.1/embedded/host_tools/mentor/gnu/arm/baremetal/bin/../lib/gcc/arm-altera-eabi/6.2.0/../../../../arm-altera-eabi/lib/libcs3unhosted.a(unhosted-start.o)
                              ../../mAbassi/Platform/lib/lib_mAbassi_EVAL_GCC_AR5_CY5.a(mAbassi_EVAL_GCC_AR5_CY5_NR.o) (_start)
/home/westornd/intelFPGA_lite/18.1/embedded/host_tools/mentor/gnu/arm/baremetal/bin/../lib/gcc/arm-altera-eabi/6.2.0/../../../../arm-altera-eabi/lib/libcs3unhosted.a(unhosted-abort.o)
                              /home/westornd/intelFPGA_lite/18.1/embedded/host_tools/mentor/gnu/arm/baremetal/bin/../lib/gcc/arm-altera-eabi/6.2.0/libgcc.a(unwind-arm.o) (abort)
/home/westornd/intelFPGA_lite/18.1/embedded/host_tools/mentor/gnu/arm/baremetal/bin/../lib/gcc/arm-altera-eabi/6.2.0/../../../../arm-altera-eabi/lib/libc.a(lib_a-calloc.o)
                              ../../mAbassi/Platform/lib/lib_mAbassi_EVAL_GCC_AR5_CY5.a(mAbassi_EVAL_A9_GCC_2_NR.o) (calloc)
/home/westornd/intelFPGA_lite/18.1/embedded/host_tools/mentor/gnu/arm/baremetal/bin/../lib/gcc/arm-altera-eabi/6.2.0/../../../../arm-altera-eabi/lib/libc.a(lib_a-callocr.o)
                              /home/westornd/intelFPGA_lite/18.1/embedded/host_tools/mentor/gnu/arm/baremetal/bin/../lib/gcc/arm-altera-eabi/6.2.0/../../../../arm-altera-eabi/lib/libc.a(lib_a-calloc.o) (_calloc_r)
/home/westornd/intelFPGA_lite/18.1/embedded/host_tools/mentor/gnu/arm/baremetal/bin/../lib/gcc/arm-altera-eabi/6.2.0/../../../../arm-altera-eabi/lib/libc.a(lib_a-getreent.o)
                              Main_mAbassi.o (__getreent)
/home/westornd/intelFPGA_lite/18.1/embedded/host_tools/mentor/gnu/arm/baremetal/bin/../lib/gcc/arm-altera-eabi/6.2.0/../../../../arm-altera-eabi/lib/libc.a(lib_a-impure.o)
                              SysCall_noFS.o (_impure_ptr)
/home/westornd/intelFPGA_lite/18.1/embedded/host_tools/mentor/gnu/arm/baremetal/bin/../lib/gcc/arm-altera-eabi/6.2.0/../../../../arm-altera-eabi/lib/libc.a(lib_a-init.o)
                              /home/westornd/intelFPGA_lite/18.1/embedded/host_tools/mentor/gnu/arm/baremetal/bin/../lib/gcc/arm-altera-eabi/6.2.0/../../../../arm-altera-eabi/lib/libcs3.a(start_c.o) (__libc_init_array)
/home/westornd/intelFPGA_lite/18.1/embedded/host_tools/mentor/gnu/arm/baremetal/bin/../lib/gcc/arm-altera-eabi/6.2.0/../../../../arm-altera-eabi/lib/libc.a(lib_a-malloc.o)
                              ../../mAbassi/Platform/lib/lib_mAbassi_EVAL_GCC_AR5_CY5.a(mAbassi_EVAL_A9_GCC_2_NR.o) (malloc)
/home/westornd/intelFPGA_lite/18.1/embedded/host_tools/mentor/gnu/arm/baremetal/bin/../lib/gcc/arm-altera-eabi/6.2.0/../../../../arm-altera-eabi/lib/libc.a(lib_a-mallocr.o)
[...]
Memory Configuration

Name             Origin             Length             Attributes
ram              0x00100040         0x3fefffc0         xrw
uram             0xffff0000         0x00010000         xrw
*default*        0x00000000         0xffffffff

Linker script and memory map

LOAD /home/westornd/intelFPGA_lite/18.1/embedded/host_tools/mentor/gnu/arm/baremetal/bin/../lib/gcc/arm-altera-eabi/6.2.0/crti.o
LOAD /home/westornd/intelFPGA_lite/18.1/embedded/host_tools/mentor/gnu/arm/baremetal/bin/../lib/gcc/arm-altera-eabi/6.2.0/crtbegin.o
LOAD /home/westornd/intelFPGA_lite/18.1/embedded/host_tools/mentor/gnu/arm/baremetal/bin/../lib/gcc/arm-altera-eabi/6.2.0/../../../../arm-altera-eabi/lib/libstdc++.a
LOAD Main_mAbassi.o
LOAD MyApp_mAbassi.o
LOAD test.o
LOAD MyDriver_CAN.o
LOAD SysCall_noFS.o
LOAD TIMERinit.o
LOAD dw_uart.o
LOAD alt_gpio.o
LOAD dw_spi.o
LOAD alt_generalpurpose_io.o
LOAD mAbassiCfgA9.o
LOAD Shell.o
LOAD SubShell.o
LOAD /home/westornd/intelFPGA_lite/18.1/embedded/host_tools/mentor/gnu/arm/baremetal/bin/../lib/gcc/arm-altera-eabi/6.2.0/libgcc.a
LOAD ../../mAbassi/Platform/lib/lib_mAbassi_EVAL_GCC_AR5_CY5.a
LOAD /home/westornd/intelFPGA_lite/18.1/embedded/host_tools/mentor/gnu/arm/baremetal/bin/../lib/gcc/arm-altera-eabi/6.2.0/../../../../arm-altera-eabi/lib/libcs3.a
LOAD /home/westornd/intelFPGA_lite/18.1/embedded/host_tools/mentor/gnu/arm/baremetal/bin/../lib/gcc/arm-altera-eabi/6.2.0/../../../../arm-altera-eabi/lib/libcs3unhosted.a
LOAD /home/westornd/intelFPGA_lite/18.1/embedded/host_tools/mentor/gnu/arm/baremetal/bin/../lib/gcc/arm-altera-eabi/6.2.0/../../../../arm-altera-eabi/lib/libcs3arm.a
LOAD /home/westornd/intelFPGA_lite/18.1/embedded/host_tools/mentor/gnu/arm/baremetal/bin/../lib/gcc/arm-altera-eabi/6.2.0/../../../../arm-altera-eabi/lib/libstdc++.a
LOAD /home/westornd/intelFPGA_lite/18.1/embedded/host_tools/mentor/gnu/arm/baremetal/bin/../lib/gcc/arm-altera-eabi/6.2.0/libgcc.a
LOAD /home/westornd/intelFPGA_lite/18.1/embedded/host_tools/mentor/gnu/arm/baremetal/bin/../lib/gcc/arm-altera-eabi/6.2.0/../../../../arm-altera-eabi/lib/libstdc++.a
LOAD /home/westornd/intelFPGA_lite/18.1/embedded/host_tools/mentor/gnu/arm/baremetal/bin/../lib/gcc/arm-altera-eabi/6.2.0/../../../../arm-altera-eabi/lib/libstdc++.a
LOAD /home/westornd/intelFPGA_lite/18.1/embedded/host_tools/mentor/gnu/arm/baremetal/bin/../lib/gcc/arm-altera-eabi/6.2.0/../../../../arm-altera-eabi/lib/libm.a
LOAD /home/westornd/intelFPGA_lite/18.1/embedded/host_tools/mentor/gnu/arm/baremetal/bin/../lib/gcc/arm-altera-eabi/6.2.0/../../../../arm-altera-eabi/lib/libc.a
START GROUP
LOAD /home/westornd/intelFPGA_lite/18.1/embedded/host_tools/mentor/gnu/arm/baremetal/bin/../lib/gcc/arm-altera-eabi/6.2.0/libgcc.a
LOAD /home/westornd/intelFPGA_lite/18.1/embedded/host_tools/mentor/gnu/arm/baremetal/bin/../lib/gcc/arm-altera-eabi/6.2.0/../../../../arm-altera-eabi/lib/libc.a
END GROUP
LOAD /home/westornd/intelFPGA_lite/18.1/embedded/host_tools/mentor/gnu/arm/baremetal/bin/../lib/gcc/arm-altera-eabi/6.2.0/crtend.o
LOAD /home/westornd/intelFPGA_lite/18.1/embedded/host_tools/mentor/gnu/arm/baremetal/bin/../lib/gcc/arm-altera-eabi/6.2.0/crtn.o
                0x00002000                _STACK_SIZE = DEFINED (_STACK_SIZE)?_STACK_SIZE:0x2000
                0x10000000                _MDRV_SIZE = DEFINED (_MDRV_SIZE)?_MDRV_SIZE:0x10000000
                0x00000800                _SUPERVISOR_STACK_SIZE = DEFINED (_SUPERVISOR_STACK_SIZE)?_SUPERVISOR_STACK_SIZE:0x800
                0x00000800                _ABORT_STACK_SIZE = DEFINED (_ABORT_STACK_SIZE)?_ABORT_STACK_SIZE:0x800
                0x00000800                _FIQ_STACK_SIZE = DEFINED (_FIQ_STACK_SIZE)?_FIQ_STACK_SIZE:0x800
                0x00002000                _IRQ_STACK_SIZE = DEFINED (_IRQ_STACK_SIZE)?_IRQ_STACK_SIZE:0x2000
                0x00000800                _UNDEF_STACK_SIZE = DEFINED (_UNDEF_STACK_SIZE)?_UNDEF_STACK_SIZE:0x800
                0x00000001                PROVIDE (__cs3_region_num, ((__cs3_regions_end - __cs3_regions) / 0x14))
                0x00120bcc                __libc_fini = _fini

.text           0x00100040    0x1d310
 CREATE_OBJECT_SYMBOLS
                0x00100040                __cs3_region_start_ram = .
                0x00100040                _ftext = .
 *(.cs3.region-head.ram)
                0x00000001                ASSERT ((. == __cs3_region_start_ram), .cs3.region-head.ram not permitted)
                0x00100040                __cs3_interrupt_vector = __cs3_interrupt_vector_arm
 *(.cs3.interrupt_vector)
 .cs3.interrupt_vector
                0x00100040       0x3c ../../mAbassi/Platform/lib/lib_mAbassi_EVAL_GCC_AR5_CY5.a(mAbassi_EVAL_GCC_AR5_CY5_NR.o)
                0x00100040                _vector_table
                0x00100040                Vectors
                0x00100040                __cs3_interrupt_vector_arm
 *(.vectors)
                0x00111170                PROVIDE (__cs3_reset, __cs3_reset_generic)
 *(.cs3.reset)
                [0x00100110]                _start = DEFINED (__cs3_start_asm)?__cs3_start_asm:_start
 *(.text.cs3.init)
 .text.cs3.init
                0x0010007c       0x94 /home/westornd/intelFPGA_lite/18.1/embedded/host_tools/mentor/gnu/arm/baremetal/bin/../lib/gcc/arm-altera-eabi/6.2.0/../../../../arm-altera-eabi/lib/libcs3.a(start_c.o)
                0x0010007c                __cs3_start_c
 .text.cs3.init
                0x00100110        0xc /home/westornd/intelFPGA_lite/18.1/embedded/host_tools/mentor/gnu/arm/baremetal/bin/../lib/gcc/arm-altera-eabi/6.2.0/../../../../arm-altera-eabi/lib/libcs3unhosted.a(unhosted-start.o)
 *(.text .text.* .gnu.linkonce.t.*)
 .text          0x0010011c      0x108 /home/westornd/intelFPGA_lite/18.1/embedded/host_tools/mentor/gnu/arm/baremetal/bin/../lib/gcc/arm-altera-eabi/6.2.0/crtbegin.o
 .text.startup.main
                0x00100224      0x17c Main_mAbassi.o
                0x00100224                main
 .text.TIMcallBack
                0x001003a0        0x4 Main_mAbassi.o
                0x001003a0                TIMcallBack
 .text._Z24button_CallbackInterruptmPv
                0x001003a4       0x34 MyApp_mAbassi.o
                0x001003a4                button_CallbackInterrupt(unsigned long, void*)
 .text._Z13Task_FPGA_Ledv
                0x001003d8       0x30 MyApp_mAbassi.o
                0x001003d8                Task_FPGA_Led()
 .text._Z16Task_FPGA_Buttonv
                0x00100408       0x8c MyApp_mAbassi.o
                0x00100408                Task_FPGA_Button()
 .text._Z15setup_Interruptv
                0x00100494       0x58 MyApp_mAbassi.o
                0x00100494                setup_Interrupt()
 .text._Z14setup_hps_gpiov
                0x001004ec       0x58 MyApp_mAbassi.o
                0x001004ec                setup_hps_gpio()
 .text._Z12Task_HPS_Ledv
                0x00100544      0x11c MyApp_mAbassi.o
                0x00100544                Task_HPS_Led()
 .text._Z8Task_CANv
                0x00100660      0x110 MyApp_mAbassi.o
                0x00100660                Task_CAN()
 .text.Test_func
                0x00100770        0x4 test.o
                0x00100770                Test_func
 .text._Z8CAN_initv
                0x00100774      0x96c MyDriver_CAN.o
                0x00100774                CAN_init()
 .text._Z9CAN_debugv
                0x001010e0      0x418 MyDriver_CAN.o
                0x001010e0                CAN_debug()
 .text._Z11CAN_sendMsgmPhhh
                0x001014f8      0x1c4 MyDriver_CAN.o
                0x001014f8                CAN_sendMsg(unsigned long, unsigned char*, unsigned char, unsigned char)
 .text._Z11CAN_readMsgPmPhS0_
                0x001016bc      0x388 MyDriver_CAN.o
                0x001016bc                CAN_readMsg(unsigned long*, unsigned char*, unsigned char*)
 .text.SysCallInit
                0x00101a44        0x4 SysCall_noFS.o
                0x00101a44                SysCallInit
 .text._close_r
                0x00101a48        0xc SysCall_noFS.o
                0x00101a48                _close_r
 .text._read_r  0x00101a54       0x58 SysCall_noFS.o
                0x00101a54                _read_r
 .text._write_r
                0x00101aac       0x58 SysCall_noFS.o
                0x00101aac                _write_r
 .text._lseek_r
                0x00101b04        0xc SysCall_noFS.o
                0x00101b04                _lseek_r
 .text._fstat_r
                0x00101b10        0xc SysCall_noFS.o
                0x00101b10                _fstat_r
 .text._isatty_r
                0x00101b1c        0xc SysCall_noFS.o
                0x00101b1c                _isatty_r
 .text.GetKey   0x00101b28       0x2c SysCall_noFS.o
                0x00101b28                GetKey
 .text.TIMERinit
                0x00101b54       0x20 TIMERinit.o
                0x00101b54                TIMERinit
 .text.uart_send
                0x00101b74      0x5bc dw_uart.o
                0x00101b74                uart_send
 .text.uart_recv
                0x00102130      0x540 dw_uart.o
                0x00102130                uart_recv
 .text.uart_filt
                0x00102670       0x78 dw_uart.o
                0x00102670                uart_filt
 .text.uart_init
                0x001026e8      0x318 dw_uart.o
                0x001026e8                uart_init
 .text.UARTintHndl_0
                0x00102a00      0x118 dw_uart.o
                0x00102a00                UARTintHndl_0
 .text.UARTintHndl_1
                0x00102b18      0x154 dw_uart.o
                0x00102b18                UARTintHndl_1
 .text.gpio_dir
                0x00102c6c       0x84 alt_gpio.o
                0x00102c6c                gpio_dir
 .text.gpio_set
                0x00102cf0       0x7c alt_gpio.o
                0x00102cf0                gpio_set
 .text.gpio_init
                0x00102d6c       0x34 alt_gpio.o
                0x00102d6c                gpio_init
 .text.spi_send
                0x00102da0      0x648 dw_spi.o
                0x00102da0                spi_send
 .text.spi_send_recv
                0x001033e8      0x8ac dw_spi.o
                0x001033e8                spi_send_recv
 .text.spi_init
                0x00103c94      0x328 dw_spi.o
                0x00103c94                spi_init
 .text.alt_gpio_init
                0x00103fbc       0x1c alt_generalpurpose_io.o
                0x00103fbc                alt_gpio_init
 .text.alt_gpio_port_data_write
                0x00103fd8       0x50 alt_generalpurpose_io.o
                0x00103fd8                alt_gpio_port_data_write
 .text.alt_gpio_group_config
                0x00104028      0x31c alt_generalpurpose_io.o
                0x00104028                alt_gpio_group_config
 .text.alt_gpio_bit_to_pid
                0x00104344       0x1c alt_generalpurpose_io.o
                0x00104344                alt_gpio_bit_to_pid
 .text.alt_gpio_bit_to_port_pin
                0x00104360       0x20 alt_generalpurpose_io.o
                0x00104360                alt_gpio_bit_to_port_pin
 .text.PrtResult
                0x00104380      0x1b4 Shell.o
 .text.CmdLog   0x00104534       0x14 Shell.o
 .text.CmdEdit  0x00104548       0x7c Shell.o
 .text.CmdMblk  0x001045c4      0x108 Shell.o
 .text.CmdGrp   0x001046cc      0x634 Shell.o
 .text.CmdSys   0x00104d00      0x434 Shell.o
 .text.CmdHelp  0x00105134      0x220 Shell.o
 .text.CmdEvt   0x00105354      0x190 Shell.o
 .text.CmdMtx   0x001054e4      0xc40 Shell.o
 .text.CmdSem   0x00106124      0xd48 Shell.o
 .text.CmdMbx   0x00106e6c     0x10a8 Shell.o
 .text.CmdTim   0x00107f14     0x15f0 Shell.o
 .text.CmdTask  0x00109504     0x1abc Shell.o
 .text.OSshell  0x0010afc0      0xaa0 Shell.o
                0x0010afc0                OSshell
 .text.ShellGets
                0x0010ba60      0x198 Shell.o
                0x0010ba60                ShellGets
 .text.CmdMem   0x0010bbf8      0x3e8 Shell.o
 .text          0x0010bfe0      0x148 /home/westornd/intelFPGA_lite/18.1/embedded/host_tools/mentor/gnu/arm/baremetal/bin/../lib/gcc/arm-altera-eabi/6.2.0/libgcc.a(_divsi3.o)
                0x0010bfe0                __aeabi_idiv
                0x0010bfe0                __divsi3
                0x0010c108                __aeabi_idivmod
 .text          0x0010c128        0x4 /home/westornd/intelFPGA_lite/18.1/embedded/host_tools/mentor/gnu/arm/baremetal/bin/../lib/gcc/arm-altera-eabi/6.2.0/libgcc.a(_dvmd_tls.o)
                0x0010c128                __aeabi_ldiv0
                0x0010c128                __aeabi_idiv0
 .text          0x0010c12c     0x1050 /home/westornd/intelFPGA_lite/18.1/embedded/host_tools/mentor/gnu/arm/baremetal/bin/../lib/gcc/arm-altera-eabi/6.2.0/libgcc.a(unwind-arm.o)
                0x0010c5c4                _Unwind_GetCFA
                0x0010c5cc                __gnu_Unwind_RaiseException
                0x0010c67c                __gnu_Unwind_ForcedUnwind
                0x0010c6a0                __gnu_Unwind_Resume
                0x0010c714                __gnu_Unwind_Resume_or_Rethrow
                0x0010c730                _Unwind_Complete
                0x0010c734                _Unwind_DeleteException
                0x0010c74c                _Unwind_VRS_Get
                0x0010c7d8                _Unwind_VRS_Set
                0x0010c864                __gnu_Unwind_Backtrace
                0x0010cd7c                __aeabi_unwind_cpp_pr0
                0x0010cd84                __aeabi_unwind_cpp_pr1
                0x0010cd8c                __aeabi_unwind_cpp_pr2
                0x0010cd94                _Unwind_VRS_Pop
 .text          0x0010d17c      0x1b0 /home/westornd/intelFPGA_lite/18.1/embedded/host_tools/mentor/gnu/arm/baremetal/bin/../lib/gcc/arm-altera-eabi/6.2.0/libgcc.a(libunwind.o)
                0x0010d17c                __restore_core_regs
                0x0010d17c                restore_core_regs
                0x0010d198                __gnu_Unwind_Restore_VFP
                0x0010d1a0                __gnu_Unwind_Save_VFP
                0x0010d1a8                __gnu_Unwind_Restore_VFP_D
                0x0010d1b0                __gnu_Unwind_Save_VFP_D
                0x0010d1b8                __gnu_Unwind_Restore_VFP_D_16_to_31
                0x0010d1c0                __gnu_Unwind_Save_VFP_D_16_to_31
                0x0010d1c8                __gnu_Unwind_Restore_WMMXD
                0x0010d20c                __gnu_Unwind_Save_WMMXD
                0x0010d250                __gnu_Unwind_Restore_WMMXC
                0x0010d264                __gnu_Unwind_Save_WMMXC
                0x0010d278                ___Unwind_RaiseException
                0x0010d278                _Unwind_RaiseException
                0x0010d29c                ___Unwind_Resume
                0x0010d29c                _Unwind_Resume
                0x0010d2c0                _Unwind_Resume_or_Rethrow
                0x0010d2c0                ___Unwind_Resume_or_Rethrow
                0x0010d2e4                ___Unwind_ForcedUnwind
                0x0010d2e4                _Unwind_ForcedUnwind
                0x0010d308                _Unwind_Backtrace
                0x0010d308                ___Unwind_Backtrace
 .text          0x0010d32c      0x51c /home/westornd/intelFPGA_lite/18.1/embedded/host_tools/mentor/gnu/arm/baremetal/bin/../lib/gcc/arm-altera-eabi/6.2.0/libgcc.a(pr-support.o)
                0x0010d3c0                __gnu_unwind_execute
                0x0010d7bc                __gnu_unwind_frame
                0x0010d804                _Unwind_GetRegionStart
                0x0010d818                _Unwind_GetLanguageSpecificData
                0x0010d838                _Unwind_GetTextRelBase
                0x0010d840                _Unwind_GetDataRelBase
 .text.TSKcreate.constprop.0
                0x0010d848       0xf0 ../../mAbassi/Platform/lib/lib_mAbassi_EVAL_GCC_AR5_CY5.a(mAbassi_EVAL_A9_GCC_2_NR.o)
 .text.TSKgetID
                0x0010d938       0x60 ../../mAbassi/Platform/lib/lib_mAbassi_EVAL_GCC_AR5_CY5.a(mAbassi_EVAL_A9_GCC_2_NR.o)
                0x0010d938                TSKgetID
 .text.TSKstkChk
                0x0010d998       0x60 ../../mAbassi/Platform/lib/lib_mAbassi_EVAL_GCC_AR5_CY5.a(mAbassi_EVAL_A9_GCC_2_NR.o)
                0x0010d998                TSKstkChk
 .text.Abassi   0x0010d9f8     0x2850 ../../mAbassi/Platform/lib/lib_mAbassi_EVAL_GCC_AR5_CY5.a(mAbassi_EVAL_A9_GCC_2_NR.o)
                0x0010d9f8                Abassi
 .text.TSKcreate
                0x00110248      0x350 ../../mAbassi/Platform/lib/lib_mAbassi_EVAL_GCC_AR5_CY5.a(mAbassi_EVAL_A9_GCC_2_NR.o)
                0x00110248                TSKcreate
 .text.OSstart  0x00110598      0x17c ../../mAbassi/Platform/lib/lib_mAbassi_EVAL_GCC_AR5_CY5.a(mAbassi_EVAL_A9_GCC_2_NR.o)
                0x00110598                OSstart
 .text.TSKstart
                0x00110714       0x60 ../../mAbassi/Platform/lib/lib_mAbassi_EVAL_GCC_AR5_CY5.a(mAbassi_EVAL_A9_GCC_2_NR.o)
                0x00110714                TSKstart
 .text.SEM__open
                0x00110774      0x144 ../../mAbassi/Platform/lib/lib_mAbassi_EVAL_GCC_AR5_CY5.a(mAbassi_EVAL_A9_GCC_2_NR.o)
                0x00110774                SEM__open
 .text.MBX__open
                0x001108b8      0x154 ../../mAbassi/Platform/lib/lib_mAbassi_EVAL_GCC_AR5_CY5.a(mAbassi_EVAL_A9_GCC_2_NR.o)
                0x001108b8                MBX__open
 .text.MBXget   0x00110a0c      0x128 ../../mAbassi/Platform/lib/lib_mAbassi_EVAL_GCC_AR5_CY5.a(mAbassi_EVAL_A9_GCC_2_NR.o)
                0x00110a0c                MBXget
 .text.MBXput   0x00110b34       0xd8 ../../mAbassi/Platform/lib/lib_mAbassi_EVAL_GCC_AR5_CY5.a(mAbassi_EVAL_A9_GCC_2_NR.o)
                0x00110b34                MBXput
 .text.GroupRm  0x00110c0c       0xb4 ../../mAbassi/Platform/lib/lib_mAbassi_EVAL_GCC_AR5_CY5.a(mAbassi_EVAL_A9_GCC_2_NR.o)
                0x00110c0c                GroupRm
 .text.TIMtick  0x00110cc0      0x4a0 ../../mAbassi/Platform/lib/lib_mAbassi_EVAL_GCC_AR5_CY5.a(mAbassi_EVAL_A9_GCC_2_NR.o)
                0x00110cc0                TIMtick
 .text          0x00111160      0xb48 ../../mAbassi/Platform/lib/lib_mAbassi_EVAL_GCC_AR5_CY5.a(mAbassi_EVAL_GCC_AR5_CY5_NR.o)
                0x00111170                __cs3_reset_generic
                0x00111170                boot
                0x00111170                Reset_Handler
                0x00111170                _prestart
                0x00111518                _exit
                0x00111520                _sbrk_r
                0x00111558                OStrap
                0x00111570                __cs3_isr_swi
                0x00111570                mySWI
                0x001115b8                SWI_Handler
                0x001115bc                OScontext
                0x001115dc                CoreContext
                0x001115f0                OSstack
                0x0011164c                OSintCtrl
                0x0011166c                OSintBack
                0x0011167c                OSintOff
                0x00111688                OSintOn
                0x00111690                OSisrInfo
                0x001116a0                ISRdispatch
                0x001116a0                __cs3_isr_irq
                0x001117d4                OSinvalidISR
                0x001117dc                COREgetPeriph
                0x001117e4                COREgetID
                0x001117f0                GICinit
                0x00111894                GICenable
                0x001119d4                COREstart1
                0x001119e0                COREstart2
                0x001119ec                COREstart3
                0x001119f8                COREstart0
                0x00111a04                CoreIdle
                0x00111a34                COREsafeGetID
                0x00111a58                COREsendISR
                0x00111a8c                COREwakeISR
                0x00111ab8                COREisInISR
                0x00111acc                COREtaskNow
                0x00111af0                COREchkRedo
                0x00111b50                CORElock
                0x00111b80                COREunlock
                0x00111b94                SPINlock
                0x00111ba4                SPINtrylock
                0x00111bb4                SPIN_lock
                0x00111c3c                SPINunlock
 .text          0x00111ca8      0x798 ../../mAbassi/Platform/lib/lib_mAbassi_EVAL_GCC_AR5_CY5.a(ARMv7_SMP_L1_L2_GCC_AR5_CY5.o)
                0x00111ca8                COREcacheON
                0x00112134                DCacheInvalRange
                0x00112248                DCacheFlushRange
                0x0011235c                MMUlog2Phy
                0x001123bc                MMUphy2Log
 .text          0x00112440       0x4c /home/westornd/intelFPGA_lite/18.1/embedded/host_tools/mentor/gnu/arm/baremetal/bin/../lib/gcc/arm-altera-eabi/6.2.0/../../../../arm-altera-eabi/lib/libcs3.a(start_c.o)
                0x00112440                __cs3_premain
 .text          0x0011248c        0x4 /home/westornd/intelFPGA_lite/18.1/embedded/host_tools/mentor/gnu/arm/baremetal/bin/../lib/gcc/arm-altera-eabi/6.2.0/../../../../arm-altera-eabi/lib/libcs3unhosted.a(unhosted-abort.o)
                0x0011248c                abort
 .text          0x00112490       0x24 /home/westornd/intelFPGA_lite/18.1/embedded/host_tools/mentor/gnu/arm/baremetal/bin/../lib/gcc/arm-altera-eabi/6.2.0/../../../../arm-altera-eabi/lib/libc.a(lib_a-calloc.o)
                0x00112490                calloc
 .text          0x001124b4       0x98 /home/westornd/intelFPGA_lite/18.1/embedded/host_tools/mentor/gnu/arm/baremetal/bin/../lib/gcc/arm-altera-eabi/6.2.0/../../../../arm-altera-eabi/lib/libc.a(lib_a-callocr.o)
                0x001124b4                _calloc_r
 .text          0x0011254c       0x10 /home/westornd/intelFPGA_lite/18.1/embedded/host_tools/mentor/gnu/arm/baremetal/bin/../lib/gcc/arm-altera-eabi/6.2.0/../../../../arm-altera-eabi/lib/libc.a(lib_a-getreent.o)
                0x0011254c                __getreent
 .text          0x0011255c       0x80 /home/westornd/intelFPGA_lite/18.1/embedded/host_tools/mentor/gnu/arm/baremetal/bin/../lib/gcc/arm-altera-eabi/6.2.0/../../../../arm-altera-eabi/lib/libc.a(lib_a-init.o)
                0x0011255c                __libc_init_array
 .text          0x001125dc       0x38 /home/westornd/intelFPGA_lite/18.1/embedded/host_tools/mentor/gnu/arm/baremetal/bin/../lib/gcc/arm-altera-eabi/6.2.0/../../../../arm-altera-eabi/lib/libc.a(lib_a-malloc.o)
                0x001125dc                malloc
                0x001125f8                free
 .text          0x00112614      0x750 /home/westornd/intelFPGA_lite/18.1/embedded/host_tools/mentor/gnu/arm/baremetal/bin/../lib/gcc/arm-altera-eabi/6.2.0/../../../../arm-altera-eabi/lib/libc.a(lib_a-mallocr.o)
                0x00112614                _malloc_r
 .text          0x00112d64      0x114 /home/westornd/intelFPGA_lite/18.1/embedded/host_tools/mentor/gnu/arm/baremetal/bin/../lib/gcc/arm-altera-eabi/6.2.0/../../../../arm-altera-eabi/lib/libc.a(lib_a-memcpy-stub.o)
                0x00112d64                memcpy
 .text          0x00112e78      0x148 /home/westornd/intelFPGA_lite/18.1/embedded/host_tools/mentor/gnu/arm/baremetal/bin/../lib/gcc/arm-altera-eabi/6.2.0/../../../../arm-altera-eabi/lib/libc.a(lib_a-memmove.o)
                0x00112e78                memmove
 .text          0x00112fc0      0x114 /home/westornd/intelFPGA_lite/18.1/embedded/host_tools/mentor/gnu/arm/baremetal/bin/../lib/gcc/arm-altera-eabi/6.2.0/../../../../arm-altera-eabi/lib/libc.a(lib_a-memset.o)
                0x00112fc0                memset
 .text          0x001130d4       0x30 /home/westornd/intelFPGA_lite/18.1/embedded/host_tools/mentor/gnu/arm/baremetal/bin/../lib/gcc/arm-altera-eabi/6.2.0/../../../../arm-altera-eabi/lib/libc.a(lib_a-mlock.o)
                0x001130d4                __malloc_lock
                0x001130ec                __malloc_unlock
 .text.startup  0x00113104       0x18 /home/westornd/intelFPGA_lite/18.1/embedded/host_tools/mentor/gnu/arm/baremetal/bin/../lib/gcc/arm-altera-eabi/6.2.0/../../../../arm-altera-eabi/lib/libc.a(lib_a-mlock.o)
 .text          0x0011311c       0x6c /home/westornd/intelFPGA_lite/18.1/embedded/host_tools/mentor/gnu/arm/baremetal/bin/../lib/gcc/arm-altera-eabi/6.2.0/../../../../arm-altera-eabi/lib/libc.a(lib_a-printf.o)
                0x0011311c                _printf_r
                0x00113150                printf
 .text          0x00113188       0x34 /home/westornd/intelFPGA_lite/18.1/embedded/host_tools/mentor/gnu/arm/baremetal/bin/../lib/gcc/arm-altera-eabi/6.2.0/../../../../arm-altera-eabi/lib/libc.a(lib_a-putchar.o)
                0x00113188                _putchar_r
                0x0011319c                putchar
 .text          0x001131bc      0x12c /home/westornd/intelFPGA_lite/18.1/embedded/host_tools/mentor/gnu/arm/baremetal/bin/../lib/gcc/arm-altera-eabi/6.2.0/../../../../arm-altera-eabi/lib/libc.a(lib_a-puts.o)
                0x001131bc                _puts_r
                0x001132d0                puts
 .text          0x001132e8      0x258 /home/westornd/intelFPGA_lite/18.1/embedded/host_tools/mentor/gnu/arm/baremetal/bin/../lib/gcc/arm-altera-eabi/6.2.0/../../../../arm-altera-eabi/lib/libc.a(lib_a-setvbuf.o)
                0x001132e8                setvbuf
 .text          0x00113540       0x74 /home/westornd/intelFPGA_lite/18.1/embedded/host_tools/mentor/gnu/arm/baremetal/bin/../lib/gcc/arm-altera-eabi/6.2.0/../../../../arm-altera-eabi/lib/libc.a(lib_a-stpcpy.o)
                0x00113540                stpcpy
 .text          0x001135b4      0x224 /home/westornd/intelFPGA_lite/18.1/embedded/host_tools/mentor/gnu/arm/baremetal/bin/../lib/gcc/arm-altera-eabi/6.2.0/../../../../arm-altera-eabi/lib/libc.a(lib_a-strcmp.o)
                0x001135b4                strcmp
 .text          0x001137d8       0xf0 /home/westornd/intelFPGA_lite/18.1/embedded/host_tools/mentor/gnu/arm/baremetal/bin/../lib/gcc/arm-altera-eabi/6.2.0/../../../../arm-altera-eabi/lib/libc.a(lib_a-strcpy.o)
                0x001137d8                strcpy
 .text          0x001138c8       0x60 /home/westornd/intelFPGA_lite/18.1/embedded/host_tools/mentor/gnu/arm/baremetal/bin/../lib/gcc/arm-altera-eabi/6.2.0/../../../../arm-altera-eabi/lib/libc.a(lib_a-strlen-stub.o)
                0x001138c8                strlen
 .text          0x00113928      0x3c8 /home/westornd/intelFPGA_lite/18.1/embedded/host_tools/mentor/gnu/arm/baremetal/bin/../lib/gcc/arm-altera-eabi/6.2.0/../../../../arm-altera-eabi/lib/libc.a(lib_a-strtoll.o)
                0x00113c08                _strtoll_r
                0x00113c5c                strtoll_l
                0x00113c98                strtoll
 .text          0x00113cf0      0x2d0 /home/westornd/intelFPGA_lite/18.1/embedded/host_tools/mentor/gnu/arm/baremetal/bin/../lib/gcc/arm-altera-eabi/6.2.0/../../../../arm-altera-eabi/lib/libc.a(lib_a-strtoul.o)
                0x00113ed8                _strtoul_r
                0x00113f2c                strtoul_l
                0x00113f68                strtoul
 .text          0x00113fc0      0x360 /home/westornd/intelFPGA_lite/18.1/embedded/host_tools/mentor/gnu/arm/baremetal/bin/../lib/gcc/arm-altera-eabi/6.2.0/../../../../arm-altera-eabi/lib/libc.a(lib_a-strtoull.o)
                0x00114238                _strtoull_r
                0x0011428c                strtoull_l
                0x001142c8                strtoull
 .text          0x00114320     0x22ec /home/westornd/intelFPGA_lite/18.1/embedded/host_tools/mentor/gnu/arm/baremetal/bin/../lib/gcc/arm-altera-eabi/6.2.0/../../../../arm-altera-eabi/lib/libc.a(lib_a-vfprintf.o)
                0x00114320                _vfprintf_r
                0x00116514                vfprintf
 .text          0x0011660c      0x154 /home/westornd/intelFPGA_lite/18.1/embedded/host_tools/mentor/gnu/arm/baremetal/bin/../lib/gcc/arm-altera-eabi/6.2.0/../../../../arm-altera-eabi/lib/libc.a(lib_a-wbuf.o)
                0x0011660c                __swbuf_r
                0x00116740                __swbuf
 .text          0x00116760      0x158 /home/westornd/intelFPGA_lite/18.1/embedded/host_tools/mentor/gnu/arm/baremetal/bin/../lib/gcc/arm-altera-eabi/6.2.0/../../../../arm-altera-eabi/lib/libc.a(lib_a-wsetup.o)
                0x00116760                __swsetup_r
 .text          0x001168b8     0x181c /home/westornd/intelFPGA_lite/18.1/embedded/host_tools/mentor/gnu/arm/baremetal/bin/../lib/gcc/arm-altera-eabi/6.2.0/../../../../arm-altera-eabi/lib/libc.a(lib_a-dtoa.o)
                0x00116a98                _dtoa_r
 .text          0x001180d4      0x314 /home/westornd/intelFPGA_lite/18.1/embedded/host_tools/mentor/gnu/arm/baremetal/bin/../lib/gcc/arm-altera-eabi/6.2.0/../../../../arm-altera-eabi/lib/libc.a(lib_a-fflush.o)
                0x001180d4                __sflush_r
                0x00118310                _fflush_r
                0x001183ac                fflush
 .text          0x001183e8      0x3e4 /home/westornd/intelFPGA_lite/18.1/embedded/host_tools/mentor/gnu/arm/baremetal/bin/../lib/gcc/arm-altera-eabi/6.2.0/../../../../arm-altera-eabi/lib/libc.a(lib_a-findfp.o)
                0x001183e8                _cleanup_r
                0x001184f4                __sfmoreglue
                0x00118544                _cleanup
                0x00118568                __sinit
                0x001185fc                __sfp
                0x0011871c                __sfp_lock_acquire
                0x00118734                __sfp_lock_release
                0x0011874c                __sinit_lock_acquire
                0x00118764                __sinit_lock_release
                0x0011877c                __fp_lock_all
                0x001187a4                __fp_unlock_all
 .text.startup  0x001187cc       0x30 /home/westornd/intelFPGA_lite/18.1/embedded/host_tools/mentor/gnu/arm/baremetal/bin/../lib/gcc/arm-altera-eabi/6.2.0/../../../../arm-altera-eabi/lib/libc.a(lib_a-findfp.o)
 .text          0x001187fc      0x3e0 /home/westornd/intelFPGA_lite/18.1/embedded/host_tools/mentor/gnu/arm/baremetal/bin/../lib/gcc/arm-altera-eabi/6.2.0/../../../../arm-altera-eabi/lib/libc.a(lib_a-freer.o)
                0x001187fc                _malloc_trim_r
                0x001188fc                _free_r
 .text          0x00118bdc      0x4dc /home/westornd/intelFPGA_lite/18.1/embedded/host_tools/mentor/gnu/arm/baremetal/bin/../lib/gcc/arm-altera-eabi/6.2.0/../../../../arm-altera-eabi/lib/libc.a(lib_a-fvwrite.o)
                0x00118bdc                __sfvwrite_r
 .text          0x001190b8      0x110 /home/westornd/intelFPGA_lite/18.1/embedded/host_tools/mentor/gnu/arm/baremetal/bin/../lib/gcc/arm-altera-eabi/6.2.0/../../../../arm-altera-eabi/lib/libc.a(lib_a-fwalk.o)
                0x001190b8                _fwalk
                0x0011913c                _fwalk_reent
 .text          0x001191c8       0xf4 /home/westornd/intelFPGA_lite/18.1/embedded/host_tools/mentor/gnu/arm/baremetal/bin/../lib/gcc/arm-altera-eabi/6.2.0/../../../../arm-altera-eabi/lib/libc.a(lib_a-locale.o)
                0x001191ec                _setlocale_r
                0x00119254                __locale_mb_cur_max
                0x0011927c                __locale_ctype_ptr_l
                0x00119284                __locale_ctype_ptr
                0x0011929c                setlocale
 .text          0x001192bc       0x58 /home/westornd/intelFPGA_lite/18.1/embedded/host_tools/mentor/gnu/arm/baremetal/bin/../lib/gcc/arm-altera-eabi/6.2.0/../../../../arm-altera-eabi/lib/libc.a(lib_a-localeconv.o)
                0x001192bc                __localeconv_l
                0x001192c4                _localeconv_r
                0x001192ec                localeconv
 .text          0x00119314      0x18c /home/westornd/intelFPGA_lite/18.1/embedded/host_tools/mentor/gnu/arm/baremetal/bin/../lib/gcc/arm-altera-eabi/6.2.0/../../../../arm-altera-eabi/lib/libc.a(lib_a-makebuf.o)
                0x00119314                __swhatbuf_r
                0x001193b4                __smakebuf_r
 .text          0x001194a0       0xa0 /home/westornd/intelFPGA_lite/18.1/embedded/host_tools/mentor/gnu/arm/baremetal/bin/../lib/gcc/arm-altera-eabi/6.2.0/../../../../arm-altera-eabi/lib/libc.a(lib_a-mbtowc_r.o)
                0x001194a0                _mbtowc_r
                0x001194f4                __ascii_mbtowc
 .text          0x00119540      0x110 /home/westornd/intelFPGA_lite/18.1/embedded/host_tools/mentor/gnu/arm/baremetal/bin/../lib/gcc/arm-altera-eabi/6.2.0/../../../../arm-altera-eabi/lib/libc.a(lib_a-memchr-stub.o)
                0x00119540                memchr
 .text          0x00119650      0xd98 /home/westornd/intelFPGA_lite/18.1/embedded/host_tools/mentor/gnu/arm/baremetal/bin/../lib/gcc/arm-altera-eabi/6.2.0/../../../../arm-altera-eabi/lib/libc.a(lib_a-mprec.o)
                0x00119650                _Balloc
                0x001196dc                _Bfree
                0x001196f8                __multadd
                0x001197d4                __s2b
                0x001198c4                __hi0bits
                0x0011991c                __lo0bits
                0x001199bc                __i2b
                0x001199e0                __multiply
                0x00119bb0                __pow5mult
                0x00119cb4                __lshift
                0x00119d9c                __mcmp
                0x00119dfc                __mdiff
                0x00119fa4                __ulp
                0x0011a00c                __b2d
                0x0011a0f8                __d2b
                0x0011a208                __ratio
                0x0011a298                _mprec_log10
                0x0011a2f8                __copybits
                0x0011a368                __any_on
 .text          0x0011a3e8      0x1bc /home/westornd/intelFPGA_lite/18.1/embedded/host_tools/mentor/gnu/arm/baremetal/bin/../lib/gcc/arm-altera-eabi/6.2.0/../../../../arm-altera-eabi/lib/libc.a(lib_a-putc.o)
                0x0011a3e8                _putc_r
                0x0011a4c4                putc
 .text          0x0011a5a4      0x4d4 /home/westornd/intelFPGA_lite/18.1/embedded/host_tools/mentor/gnu/arm/baremetal/bin/../lib/gcc/arm-altera-eabi/6.2.0/../../../../arm-altera-eabi/lib/libc.a(lib_a-reallocr.o)
                0x0011a5a4                _realloc_r
 .text          0x0011aa78       0xd8 /home/westornd/intelFPGA_lite/18.1/embedded/host_tools/mentor/gnu/arm/baremetal/bin/../lib/gcc/arm-altera-eabi/6.2.0/../../../../arm-altera-eabi/lib/libc.a(lib_a-stdio.o)
                0x0011aa78                __sread
                0x0011aaac                __seofread
                0x0011aab4                __swrite
                0x0011ab0c                __sseek
                0x0011ab3c                __sclose
 .text          0x0011ab50     0x14c4 /home/westornd/intelFPGA_lite/18.1/embedded/host_tools/mentor/gnu/arm/baremetal/bin/../lib/gcc/arm-altera-eabi/6.2.0/../../../../arm-altera-eabi/lib/libc.a(lib_a-vfiprintf.o)
                0x0011ac00                __sprint_r
                0x0011ac18                _vfiprintf_r
                0x0011bf1c                vfiprintf
 .text          0x0011c014       0x74 /home/westornd/intelFPGA_lite/18.1/embedded/host_tools/mentor/gnu/arm/baremetal/bin/../lib/gcc/arm-altera-eabi/6.2.0/../../../../arm-altera-eabi/lib/libc.a(lib_a-wctomb_r.o)
                0x0011c014                _wctomb_r
                0x0011c060                __ascii_wctomb
 .text          0x0011c088      0x180 /home/westornd/intelFPGA_lite/18.1/embedded/host_tools/mentor/gnu/arm/baremetal/bin/../lib/gcc/arm-altera-eabi/6.2.0/../../../../arm-altera-eabi/lib/libc.a(lib_a-fclose.o)
                0x0011c088                _fclose_r
                0x0011c1f0                fclose
 .text          0x0011c208      0x204 /home/westornd/intelFPGA_lite/18.1/embedded/host_tools/mentor/gnu/arm/baremetal/bin/../lib/gcc/arm-altera-eabi/6.2.0/../../../../arm-altera-eabi/lib/libc.a(lib_a-fputwc.o)
                0x0011c208                __fputwc
                0x0011c318                _fputwc_r
                0x0011c3d4                fputwc
 .text          0x0011c40c      0x150 /home/westornd/intelFPGA_lite/18.1/embedded/host_tools/mentor/gnu/arm/baremetal/bin/../lib/gcc/arm-altera-eabi/6.2.0/../../../../arm-altera-eabi/lib/libc.a(lib_a-wcrtomb.o)
                0x0011c40c                _wcrtomb_r
                0x0011c4b0                wcrtomb
 .text          0x0011c55c      0x114 /home/westornd/intelFPGA_lite/18.1/embedded/host_tools/mentor/gnu/arm/baremetal/bin/../lib/gcc/arm-altera-eabi/6.2.0/libgcc.a(_udivsi3.o)
                0x0011c55c                __udivsi3
                0x0011c55c                __aeabi_uidiv
                0x0011c650                __aeabi_uidivmod
 .text          0x0011c670      0x41c /home/westornd/intelFPGA_lite/18.1/embedded/host_tools/mentor/gnu/arm/baremetal/bin/../lib/gcc/arm-altera-eabi/6.2.0/libgcc.a(_arm_addsubdf3.o)
                0x0011c670                __aeabi_drsub
                0x0011c678                __aeabi_dsub
                0x0011c678                __subdf3
                0x0011c67c                __adddf3
                0x0011c67c                __aeabi_dadd
                0x0011c98c                __aeabi_ui2d
                0x0011c98c                __floatunsidf
                0x0011c9b0                __floatsidf
                0x0011c9b0                __aeabi_i2d
                0x0011c9d8                __extendsfdf2
                0x0011c9d8                __aeabi_f2d
                0x0011ca18                __aeabi_ul2d
                0x0011ca18                __floatundidf
                0x0011ca2c                __floatdidf
                0x0011ca2c                __aeabi_l2d
 .text          0x0011ca8c      0x49c /home/westornd/intelFPGA_lite/18.1/embedded/host_tools/mentor/gnu/arm/baremetal/bin/../lib/gcc/arm-altera-eabi/6.2.0/libgcc.a(_arm_muldivdf3.o)
                0x0011ca8c                __aeabi_dmul
                0x0011ca8c                __muldf3
                0x0011cd1c                __aeabi_ddiv
                0x0011cd1c                __divdf3
 .text          0x0011cf28      0x144 /home/westornd/intelFPGA_lite/18.1/embedded/host_tools/mentor/gnu/arm/baremetal/bin/../lib/gcc/arm-altera-eabi/6.2.0/libgcc.a(_arm_cmpdf2.o)
                0x0011cf28                __gtdf2
                0x0011cf28                __gedf2
                0x0011cf30                __ltdf2
                0x0011cf30                __ledf2
                0x0011cf38                __cmpdf2
                0x0011cf38                __eqdf2
                0x0011cf38                __nedf2
                0x0011cfc0                __aeabi_cdrcmple
                0x0011cfdc                __aeabi_cdcmple
                0x0011cfdc                __aeabi_cdcmpeq
                0x0011cff4                __aeabi_dcmpeq
                0x0011d00c                __aeabi_dcmplt
                0x0011d024                __aeabi_dcmple
                0x0011d03c                __aeabi_dcmpge
                0x0011d054                __aeabi_dcmpgt
 .text          0x0011d06c       0x38 /home/westornd/intelFPGA_lite/18.1/embedded/host_tools/mentor/gnu/arm/baremetal/bin/../lib/gcc/arm-altera-eabi/6.2.0/libgcc.a(_arm_unorddf2.o)
                0x0011d06c                __aeabi_dcmpun
                0x0011d06c                __unorddf2
 .text          0x0011d0a4       0x5c /home/westornd/intelFPGA_lite/18.1/embedded/host_tools/mentor/gnu/arm/baremetal/bin/../lib/gcc/arm-altera-eabi/6.2.0/libgcc.a(_arm_fixdfsi.o)
                0x0011d0a4                __fixdfsi
                0x0011d0a4                __aeabi_d2iz
 .text          0x0011d100       0x3c /home/westornd/intelFPGA_lite/18.1/embedded/host_tools/mentor/gnu/arm/baremetal/bin/../lib/gcc/arm-altera-eabi/6.2.0/libgcc.a(_aeabi_uldivmod.o)
                0x0011d100                __aeabi_uldivmod
 .text          0x0011d13c      0x12c /home/westornd/intelFPGA_lite/18.1/embedded/host_tools/mentor/gnu/arm/baremetal/bin/../lib/gcc/arm-altera-eabi/6.2.0/libgcc.a(_udivmoddi4.o)
                0x0011d13c                __udivmoddi4
 .text          0x0011d268       0x58 /home/westornd/intelFPGA_lite/18.1/embedded/host_tools/mentor/gnu/arm/baremetal/bin/../lib/gcc/arm-altera-eabi/6.2.0/libgcc.a(gthr-generic.o)
                0x0011d268                __generic_gxx_active_p
                0x0011d270                __generic_gxx_key_create
                0x0011d278                __generic_gxx_once
                0x0011d27c                __generic_gxx_key_delete
                0x0011d284                __generic_gxx_getspecific
                0x0011d28c                __generic_gxx_setspecific
                0x0011d294                __generic_gxx_recursive_mutex_init_function
                0x0011d298                __generic_gxx_mutex_init_function
                0x0011d29c                __generic_gxx_recursive_mutex_destroy
                0x0011d2a4                __generic_gxx_recursive_mutex_unlock
                0x0011d2a8                __generic_gxx_recursive_mutex_trylock
                0x0011d2ac                __generic_gxx_recursive_mutex_lock
                0x0011d2b0                __generic_gxx_mutex_unlock
                0x0011d2b4                __generic_gxx_mutex_trylock
                0x0011d2b8                __generic_gxx_mutex_lock
                0x0011d2bc                __generic_gxx_mutex_destroy
 .text          0x0011d2c0       0x28 /home/westornd/intelFPGA_lite/18.1/embedded/host_tools/mentor/gnu/arm/baremetal/bin/../lib/gcc/arm-altera-eabi/6.2.0/libgcc.a(_clzdi2.o)
                0x0011d2c0                __clzdi2
 .text          0x0011d2e8       0x48 /home/westornd/intelFPGA_lite/18.1/embedded/host_tools/mentor/gnu/arm/baremetal/bin/../lib/gcc/arm-altera-eabi/6.2.0/libgcc.a(_clzsi2.o)
                0x0011d2e8                __clzsi2
 .text.__stub   0x0011d330       0x20 linker stubs
 *(.plt)
 *(.gnu.warning)
 *(.glue_7t)
 .glue_7t       0x0011d350        0x0 linker stubs
 *(.glue_7)
 .glue_7        0x0011d350        0x0 linker stubs
 *(.vfp11_veneer)
 .vfp11_veneer  0x0011d350        0x0 linker stubs
 *(.ARM.extab* .gnu.linkonce.armextab.*)
 *(.gcc_except_table)

.v4_bx          0x0011d350        0x0
 .v4_bx         0x0011d350        0x0 linker stubs

.iplt           0x0011d350        0x0
 .iplt          0x0011d350        0x0 /home/westornd/intelFPGA_lite/18.1/embedded/host_tools/mentor/gnu/arm/baremetal/bin/../lib/gcc/arm-altera-eabi/6.2.0/crtbegin.o

.eh_frame_hdr
 *(.eh_frame_hdr)
 *(.eh_frame_entry .eh_frame_entry.*)

.eh_frame       0x0011d350        0x4
 *(.eh_frame)
 .eh_frame      0x0011d350        0x0 /home/westornd/intelFPGA_lite/18.1/embedded/host_tools/mentor/gnu/arm/baremetal/bin/../lib/gcc/arm-altera-eabi/6.2.0/crtbegin.o
 .eh_frame      0x0011d350        0x4 /home/westornd/intelFPGA_lite/18.1/embedded/host_tools/mentor/gnu/arm/baremetal/bin/../lib/gcc/arm-altera-eabi/6.2.0/crtend.o
 *(.eh_frame.*)
                0x0011d354                PROVIDE (__exidx_start, .)

.ARM.exidx      0x0011d354      0x108
 *(.ARM.exidx* .gnu.linkonce.armexidx.*)
 .ARM.exidx.text.startup.main
                0x0011d354        0x8 Main_mAbassi.o
 .ARM.exidx.text.TIMcallBack
                0x0011d35c        0x8 Main_mAbassi.o
 .ARM.exidx.text._Z24button_CallbackInterruptmPv
                0x0011d364        0x8 MyApp_mAbassi.o
 .ARM.exidx.text._Z13Task_FPGA_Ledv
                0x0011d36c        0x0 MyApp_mAbassi.o
                                  0x8 (size before relaxing)
 .ARM.exidx.text._Z16Task_FPGA_Buttonv
                0x0011d36c        0x8 MyApp_mAbassi.o
 .ARM.exidx.text._Z15setup_Interruptv
                0x0011d374        0x8 MyApp_mAbassi.o
 .ARM.exidx.text._Z14setup_hps_gpiov
                0x0011d37c        0x8 MyApp_mAbassi.o
 .ARM.exidx.text._Z12Task_HPS_Ledv
                0x0011d384        0x8 MyApp_mAbassi.o
 .ARM.exidx.text._Z8Task_CANv
                0x0011d38c        0x8 MyApp_mAbassi.o
 .ARM.exidx.text.Test_func
                0x0011d394        0x8 test.o
 .ARM.exidx.text._Z8CAN_initv
                0x0011d39c        0x8 MyDriver_CAN.o
 .ARM.exidx.text._Z9CAN_debugv
                0x0011d3a4        0x0 MyDriver_CAN.o
                                  0x8 (size before relaxing)
 .ARM.exidx.text._Z11CAN_sendMsgmPhhh
                0x0011d3a4        0x8 MyDriver_CAN.o
 .ARM.exidx.text._Z11CAN_readMsgPmPhS0_
                0x0011d3ac        0x8 MyDriver_CAN.o
 .ARM.exidx     0x0011d3b4       0x78 /home/westornd/intelFPGA_lite/18.1/embedded/host_tools/mentor/gnu/arm/baremetal/bin/../lib/gcc/arm-altera-eabi/6.2.0/libgcc.a(unwind-arm.o)
                                 0xd8 (size before relaxing)
 .ARM.exidx     0x0011d42c       0x30 /home/westornd/intelFPGA_lite/18.1/embedded/host_tools/mentor/gnu/arm/baremetal/bin/../lib/gcc/arm-altera-eabi/6.2.0/libgcc.a(pr-support.o)
                                 0x48 (size before relaxing)
 .ARM.exidx     0x0011d45c        0x0 /home/westornd/intelFPGA_lite/18.1/embedded/host_tools/mentor/gnu/arm/baremetal/bin/../lib/gcc/arm-altera-eabi/6.2.0/libgcc.a(_udivmoddi4.o)
                                  0x8 (size before relaxing)
                0x0011d45c                PROVIDE (__exidx_end, .)

.rel.dyn        0x0011d45c        0x0
 .rel.iplt      0x0011d45c        0x0 /home/westornd/intelFPGA_lite/18.1/embedded/host_tools/mentor/gnu/arm/baremetal/bin/../lib/gcc/arm-altera-eabi/6.2.0/crtbegin.o

.rodata         0x0011d460     0x37a0
 *(.rodata .rodata.* .gnu.linkonce.r.*)
 .rodata.main.str1.4
                0x0011d460       0x32 Main_mAbassi.o
 *fill*         0x0011d492        0x2 
 .rodata        0x0011d494        0xc MyApp_mAbassi.o
 .rodata._Z12Task_HPS_Ledv.str1.4
                0x0011d4a0       0x7d MyApp_mAbassi.o
 *fill*         0x0011d51d        0x3 
 .rodata._Z14setup_hps_gpiov.str1.4
                0x0011d520       0x35 MyApp_mAbassi.o
 *fill*         0x0011d555        0x3 
 .rodata._Z16Task_FPGA_Buttonv.str1.4
                0x0011d558       0x45 MyApp_mAbassi.o
 *fill*         0x0011d59d        0x3 
 .rodata._Z24button_CallbackInterruptmPv.str1.4
                0x0011d5a0        0xc MyApp_mAbassi.o
 .rodata._Z8Task_CANv.str1.4
                0x0011d5ac       0x42 MyApp_mAbassi.o
 *fill*         0x0011d5ee        0x2 
 .rodata._Z16CAN_writeCommandh.str1.4
                0x0011d5f0       0x18 MyDriver_CAN.o
                                 0x31 (size before relaxing)
 .rodata._Z9CAN_debugv.str1.4
                0x0011d608      0x115 MyDriver_CAN.o
 *fill*         0x0011d71d        0x3 
 .rodata.BSecho.7309
                0x0011d720        0x2 dw_uart.o
 *fill*         0x0011d722        0x6 
 .rodata.g_DevReMap
                0x0011d728        0x8 dw_uart.o
 .rodata.g_HWaddr
                0x0011d730        0x8 dw_uart.o
 .rodata.g_Names
                0x0011d738       0x40 dw_uart.o
 .rodata.g_DevReMap
                0x0011d778       0x10 dw_spi.o
 .rodata.g_HWaddr
                0x0011d788       0x10 dw_spi.o
 .rodata.g_IsMaster
                0x0011d798        0x4 dw_spi.o
 *fill*         0x0011d79c        0x4 
 .rodata.g_Names
                0x0011d7a0       0x40 dw_spi.o
 .rodata.G_ABORTstackSize
                0x0011d7e0        0x4 mAbassiCfgA9.o
                0x0011d7e0                G_ABORTstackSize
 .rodata.G_FIQstackSize
                0x0011d7e4        0x4 mAbassiCfgA9.o
                0x0011d7e4                G_FIQstackSize
 .rodata.G_IRQstackSize
                0x0011d7e8        0x4 mAbassiCfgA9.o
                0x0011d7e8                G_IRQstackSize
 *fill*         0x0011d7ec        0x4 
 .rodata.G_MMUnonCachedTbl
                0x0011d7f0        0xc mAbassiCfgA9.o
                0x0011d7f0                G_MMUnonCachedTbl
 *fill*         0x0011d7fc        0x4 
 .rodata.G_MMUnonCprivTbl
                0x0011d800       0x10 mAbassiCfgA9.o
                0x0011d800                G_MMUnonCprivTbl
 .rodata.G_MMUprivateTbl
                0x0011d810       0x10 mAbassiCfgA9.o
                0x0011d810                G_MMUprivateTbl
 .rodata.G_MMUsharedTbl
                0x0011d820        0xc mAbassiCfgA9.o
                0x0011d820                G_MMUsharedTbl
 .rodata.G_SUPERstackSize
                0x0011d82c        0x4 mAbassiCfgA9.o
                0x0011d82c                G_SUPERstackSize
 .rodata.G_UNDEFstackSize
                0x0011d830        0x4 mAbassiCfgA9.o
                0x0011d830                G_UNDEFstackSize
 .rodata.CmdEdit.str1.4
                0x0011d834      0x1a9 Shell.o
 *fill*         0x0011d9dd        0x3 
 .rodata.CmdEvt.str1.4
                0x0011d9e0       0xf2 Shell.o
                                 0xf8 (size before relaxing)
 *fill*         0x0011dad2        0x2 
 .rodata.CmdGrp.str1.4
                0x0011dad4      0x38d Shell.o
                                0x391 (size before relaxing)
 *fill*         0x0011de61        0x3 
 .rodata.CmdHelp.str1.4
                0x0011de64      0x1ec Shell.o
 .rodata.CmdLog.str1.4
                0x0011e050       0x36 Shell.o
 *fill*         0x0011e086        0x2 
 .rodata.CmdMblk.str1.4
                0x0011e088       0xc2 Shell.o
 *fill*         0x0011e14a        0x2 
 .rodata.CmdMbx.str1.4
                0x0011e14c      0x50f Shell.o
                                0x514 (size before relaxing)
 *fill*         0x0011e65b        0x1 
 .rodata.CmdMem.str1.4
                0x0011e65c      0x184 Shell.o
                                0x188 (size before relaxing)
 .rodata.CmdMtx.str1.4
                0x0011e7e0      0x4e6 Shell.o
                                0x50a (size before relaxing)
 *fill*         0x0011ecc6        0x2 
 .rodata.CmdSem.str1.4
                0x0011ecc8      0x431 Shell.o
 *fill*         0x0011f0f9        0x3 
 .rodata.CmdSys.str1.4
                0x0011f0fc      0x11c Shell.o
                                0x120 (size before relaxing)
 .rodata.CmdTask.str1.4
                0x0011f218      0xc82 Shell.o
                                0xc9a (size before relaxing)
 *fill*         0x0011fe9a        0x2 
 .rodata.CmdTim.str1.4
                0x0011fe9c      0x785 Shell.o
                                0x78d (size before relaxing)
 *fill*         0x00120621        0x3 
 .rodata.CommandLst
                0x00120624       0x70 Shell.o
 .rodata.OSshell.str1.4
                0x00120694       0x55 Shell.o
 *fill*         0x001206e9        0x3 
 .rodata.PrtResult.str1.4
                0x001206ec      0x1b1 Shell.o
 *fill*         0x0012089d        0x3 
 .rodata.G_OSnoName
                0x001208a0        0x4 ../../mAbassi/Platform/lib/lib_mAbassi_EVAL_GCC_AR5_CY5.a(mAbassi_EVAL_A9_GCC_2_NR.o)
                0x001208a0                G_OSnoName
 *fill*         0x001208a4        0x4 
 .rodata.G_OSprivName
                0x001208a8        0x5 ../../mAbassi/Platform/lib/lib_mAbassi_EVAL_GCC_AR5_CY5.a(mAbassi_EVAL_A9_GCC_2_NR.o)
                0x001208a8                G_OSprivName
 *fill*         0x001208ad        0x3 
 .rodata.OSstart.str1.4
                0x001208b0       0x14 ../../mAbassi/Platform/lib/lib_mAbassi_EVAL_GCC_AR5_CY5.a(mAbassi_EVAL_A9_GCC_2_NR.o)
 *fill*         0x001208c4        0x4 
 .rodata.g_OSMutexName
                0x001208c8        0x6 ../../mAbassi/Platform/lib/lib_mAbassi_EVAL_GCC_AR5_CY5.a(mAbassi_EVAL_A9_GCC_2_NR.o)
                0x001208c8                g_OSMutexName
 *fill*         0x001208ce        0x2 
 .rodata        0x001208d0        0x4 /home/westornd/intelFPGA_lite/18.1/embedded/host_tools/mentor/gnu/arm/baremetal/bin/../lib/gcc/arm-altera-eabi/6.2.0/../../../../arm-altera-eabi/lib/libc.a(lib_a-impure.o)
                0x001208d0                _global_impure_ptr
 .rodata.str1.4
                0x001208d4       0x14 /home/westornd/intelFPGA_lite/18.1/embedded/host_tools/mentor/gnu/arm/baremetal/bin/../lib/gcc/arm-altera-eabi/6.2.0/../../../../arm-altera-eabi/lib/libc.a(lib_a-puts.o)
                                  0x2 (size before relaxing)
 .rodata        0x001208d4       0x20 /home/westornd/intelFPGA_lite/18.1/embedded/host_tools/mentor/gnu/arm/baremetal/bin/../lib/gcc/arm-altera-eabi/6.2.0/../../../../arm-altera-eabi/lib/libc.a(lib_a-vfprintf.o)
 .rodata.str1.4
                0x001208f4       0x3f /home/westornd/intelFPGA_lite/18.1/embedded/host_tools/mentor/gnu/arm/baremetal/bin/../lib/gcc/arm-altera-eabi/6.2.0/../../../../arm-altera-eabi/lib/libc.a(lib_a-vfprintf.o)
                                 0x42 (size before relaxing)
 *fill*         0x00120933        0x1 
 .rodata.str1.4
                0x00120934       0x10 /home/westornd/intelFPGA_lite/18.1/embedded/host_tools/mentor/gnu/arm/baremetal/bin/../lib/gcc/arm-altera-eabi/6.2.0/../../../../arm-altera-eabi/lib/libc.a(lib_a-dtoa.o)
                                 0x12 (size before relaxing)
 .rodata.str1.4
                0x00120944       0x10 /home/westornd/intelFPGA_lite/18.1/embedded/host_tools/mentor/gnu/arm/baremetal/bin/../lib/gcc/arm-altera-eabi/6.2.0/../../../../arm-altera-eabi/lib/libc.a(lib_a-locale.o)
                                 0x12 (size before relaxing)
 *fill*         0x00120954        0x4 
 .rodata        0x00120958      0x128 /home/westornd/intelFPGA_lite/18.1/embedded/host_tools/mentor/gnu/arm/baremetal/bin/../lib/gcc/arm-altera-eabi/6.2.0/../../../../arm-altera-eabi/lib/libc.a(lib_a-mprec.o)
                0x00120968                __mprec_tens
                0x00120a30                __mprec_tinytens
                0x00120a58                __mprec_bigtens
 .rodata        0x00120a80       0x20 /home/westornd/intelFPGA_lite/18.1/embedded/host_tools/mentor/gnu/arm/baremetal/bin/../lib/gcc/arm-altera-eabi/6.2.0/../../../../arm-altera-eabi/lib/libc.a(lib_a-vfiprintf.o)
 .rodata.str1.4
                0x00120aa0       0x2f /home/westornd/intelFPGA_lite/18.1/embedded/host_tools/mentor/gnu/arm/baremetal/bin/../lib/gcc/arm-altera-eabi/6.2.0/../../../../arm-altera-eabi/lib/libc.a(lib_a-vfiprintf.o)
 .rodata        0x00120aa0      0x101 /home/westornd/intelFPGA_lite/18.1/embedded/host_tools/mentor/gnu/arm/baremetal/bin/../lib/gcc/arm-altera-eabi/6.2.0/../../../../arm-altera-eabi/lib/libc.a(lib_a-ctype_.o)
                0x00120aa0                _ctype_
                0x00120ba4                . = ALIGN (0x4)
 *fill*         0x00120ba1        0x3 
 *(.init)
 .init          0x00120ba4        0xc /home/westornd/intelFPGA_lite/18.1/embedded/host_tools/mentor/gnu/arm/baremetal/bin/../lib/gcc/arm-altera-eabi/6.2.0/crti.o
                0x00120ba4                _init
 .init          0x00120bb0        0xc /home/westornd/intelFPGA_lite/18.1/embedded/host_tools/mentor/gnu/arm/baremetal/bin/../lib/gcc/arm-altera-eabi/6.2.0/crtn.o
                0x00120bbc                . = ALIGN (0x4)
                0x00120bbc                __preinit_array_start = .
 *(.preinit_array)
                0x00120bbc                __preinit_array_end = .
                0x00120bbc                . = ALIGN (0x4)
                0x00120bbc                __init_array_start = .
 *(SORT(.init_array.*))
 .init_array.00000
                0x00120bbc        0x4 /home/westornd/intelFPGA_lite/18.1/embedded/host_tools/mentor/gnu/arm/baremetal/bin/../lib/gcc/arm-altera-eabi/6.2.0/../../../../arm-altera-eabi/lib/libc.a(lib_a-mlock.o)
 .init_array.00000
                0x00120bc0        0x8 /home/westornd/intelFPGA_lite/18.1/embedded/host_tools/mentor/gnu/arm/baremetal/bin/../lib/gcc/arm-altera-eabi/6.2.0/../../../../arm-altera-eabi/lib/libc.a(lib_a-findfp.o)
 *(.init_array)
 .init_array    0x00120bc8        0x4 /home/westornd/intelFPGA_lite/18.1/embedded/host_tools/mentor/gnu/arm/baremetal/bin/../lib/gcc/arm-altera-eabi/6.2.0/crtbegin.o
                0x00120bcc                __init_array_end = .
                0x00120bcc                . = ALIGN (0x4)
 *(.fini)
 .fini          0x00120bcc        0xc /home/westornd/intelFPGA_lite/18.1/embedded/host_tools/mentor/gnu/arm/baremetal/bin/../lib/gcc/arm-altera-eabi/6.2.0/crti.o
                0x00120bcc                _fini
 .fini          0x00120bd8        0xc /home/westornd/intelFPGA_lite/18.1/embedded/host_tools/mentor/gnu/arm/baremetal/bin/../lib/gcc/arm-altera-eabi/6.2.0/crtn.o
                0x00120be4                . = ALIGN (0x4)
                0x00120be4                __fini_array_start = .
 *(.fini_array)
 .fini_array    0x00120be4        0x4 /home/westornd/intelFPGA_lite/18.1/embedded/host_tools/mentor/gnu/arm/baremetal/bin/../lib/gcc/arm-altera-eabi/6.2.0/crtbegin.o
 *(SORT(.fini_array.*))
                0x00120be8                __fini_array_end = .
                0x00120be8                . = ALIGN (0x4)
 *crtbegin.o(.ctors)
 *crtbegin?.o(.ctors)
 *(EXCLUDE_FILE(*crtend.o) .ctors)
 *(SORT(.ctors.*))
 *crtend.o(.ctors)
 *(.ctors)
                0x00120be8                . = ALIGN (0x4)
 *crtbegin.o(.dtors)
 *crtbegin?.o(.dtors)
 *(EXCLUDE_FILE(*crtend.o) .dtors)
 *(SORT(.dtors.*))
 *crtend.o(.dtors)
 *(.dtors)
                0x00120be8                . = ALIGN (0x4)
                0x00120be8                __cs3_regions = .
                0x00120be8        0x4 LONG 0x0
                0x00120bec        0x4 LONG 0x100040 __cs3_region_init_ram
                0x00120bf0        0x4 LONG 0x100040 __cs3_region_start_ram
                0x00120bf4        0x4 LONG 0x215d0 __cs3_region_init_size_ram
                0x00120bf8        0x4 LONG 0x1002f338 __cs3_region_zero_size_ram
                0x00120bfc                __cs3_regions_end = .
                0x00120c00                . = ALIGN (0x8)
 *fill*         0x00120bfc        0x4 
                0x00120c00                _etext = .
                0x00000001                ASSERT (! ((__cs3_region_init_ram & 0x7)), __cs3_region_init_ram not aligned)
                0x00000001                ASSERT (! ((__cs3_region_start_ram & 0x7)), __cs3_region_start_ram not aligned)
                0x00000001                ASSERT (! ((__cs3_region_init_size_ram & 0x7)), __cs3_region_init_size_ram not aligned)
                0x00000001                ASSERT (! ((__cs3_region_zero_size_ram & 0x7)), __cs3_region_zero_size_ram not aligned)
                0x00120c00                __etext = .

.data           0x00120c00      0xa10
                0x00120c00                _fdata = .
                0x00120c00                __data_start__ = .
 *(vtable)
 *(.data*)
 .data.fpga_buttons
                0x00120c00        0x4 MyApp_mAbassi.o
                0x00120c00                fpga_buttons
 .data.fpga_leds
                0x00120c04        0x4 MyApp_mAbassi.o
                0x00120c04                fpga_leds
 .data.fpga_spi
                0x00120c08        0x4 MyApp_mAbassi.o
                0x00120c08                fpga_spi
 *fill*         0x00120c0c        0x4 
 .data.ExpiryCnt.7521
                0x00120c10        0x8 ../../mAbassi/Platform/lib/lib_mAbassi_EVAL_GCC_AR5_CY5.a(mAbassi_EVAL_A9_GCC_2_NR.o)
 .data.ExpiryPrv.7522
                0x00120c18        0x8 ../../mAbassi/Platform/lib/lib_mAbassi_EVAL_GCC_AR5_CY5.a(mAbassi_EVAL_A9_GCC_2_NR.o)
 .data          0x00120c20       0x3c ../../mAbassi/Platform/lib/lib_mAbassi_EVAL_GCC_AR5_CY5.a(mAbassi_EVAL_GCC_AR5_CY5_NR.o)
                0x00120c24                __cs3_isr_dabort
                0x00120c24                DATAabort_Handler
                0x00120c38                __cs3_isr_fiq
                0x00120c38                FIQ_Handler
                0x00120c3c                PFabort_Handler
                0x00120c3c                __cs3_isr_pabort
                0x00120c4c                Undef_Handler
                0x00120c4c                __cs3_isr_undef
 *fill*         0x00120c5c        0x4 
 .data          0x00120c60      0x430 /home/westornd/intelFPGA_lite/18.1/embedded/host_tools/mentor/gnu/arm/baremetal/bin/../lib/gcc/arm-altera-eabi/6.2.0/../../../../arm-altera-eabi/lib/libc.a(lib_a-impure.o)
                0x00120c60                _impure_ptr
 .data          0x00121090      0x410 /home/westornd/intelFPGA_lite/18.1/embedded/host_tools/mentor/gnu/arm/baremetal/bin/../lib/gcc/arm-altera-eabi/6.2.0/../../../../arm-altera-eabi/lib/libc.a(lib_a-mallocr.o)
                0x00121090                __malloc_av_
                0x00121498                __malloc_sbrk_base
                0x0012149c                __malloc_trim_threshold
 .data          0x001214a0      0x16c /home/westornd/intelFPGA_lite/18.1/embedded/host_tools/mentor/gnu/arm/baremetal/bin/../lib/gcc/arm-altera-eabi/6.2.0/../../../../arm-altera-eabi/lib/libc.a(lib_a-locale.o)
                0x001214a0                __global_locale
 *(.jcr*)
 .jcr           0x0012160c        0x0 /home/westornd/intelFPGA_lite/18.1/embedded/host_tools/mentor/gnu/arm/baremetal/bin/../lib/gcc/arm-altera-eabi/6.2.0/crtbegin.o
 .jcr           0x0012160c        0x4 /home/westornd/intelFPGA_lite/18.1/embedded/host_tools/mentor/gnu/arm/baremetal/bin/../lib/gcc/arm-altera-eabi/6.2.0/crtend.o
                0x00121610                . = ALIGN (0x8)
                0x00121610                __data_end__ = .
                0x00121610                _edata = .

.tm_clone_table
                0x00121610        0x0
 .tm_clone_table
                0x00121610        0x0 /home/westornd/intelFPGA_lite/18.1/embedded/host_tools/mentor/gnu/arm/baremetal/bin/../lib/gcc/arm-altera-eabi/6.2.0/crtbegin.o
 .tm_clone_table
                0x00121610        0x0 /home/westornd/intelFPGA_lite/18.1/embedded/host_tools/mentor/gnu/arm/baremetal/bin/../lib/gcc/arm-altera-eabi/6.2.0/crtend.o

.igot.plt       0x00121610        0x0
 .igot.plt      0x00121610        0x0 /home/westornd/intelFPGA_lite/18.1/embedded/host_tools/mentor/gnu/arm/baremetal/bin/../lib/gcc/arm-altera-eabi/6.2.0/crtbegin.o

.bss            0x00121700    0x2f248
                0x00121700                _fbss = .
                0x00121700                __bss_start__ = .
 *(.shbss)
 *(.bss .bss.* .gnu.linkonce.b.*)
 .bss           0x00121700       0x1c /home/westornd/intelFPGA_lite/18.1/embedded/host_tools/mentor/gnu/arm/baremetal/bin/../lib/gcc/arm-altera-eabi/6.2.0/crtbegin.o
 .bss.G_UartDevErr
                0x0012171c        0x4 Main_mAbassi.o
                0x0012171c                G_UartDevErr
 .bss.G_UartDevIn
                0x00121720        0x4 Main_mAbassi.o
                0x00121720                G_UartDevIn
 .bss.G_UartDevOut
                0x00121724        0x4 Main_mAbassi.o
                0x00121724                G_UartDevOut
 .bss.g_CfgIsInit
                0x00121728        0x4 dw_uart.o
 .bss.g_UARTcfg
                0x0012172c     0x2088 dw_uart.o
 .bss.g_GPIOinit
                0x001237b4        0x4 alt_gpio.o
 .bss.g_CfgIsInit
                0x001237b8        0x4 dw_spi.o
 .bss.g_Dummy   0x001237bc        0x4 dw_spi.o
 .bss.g_SPIcfg  0x001237c0      0x280 dw_spi.o
 .bss.G_ABORTstack
                0x00123a40      0x800 mAbassiCfgA9.o
                0x00123a40                G_ABORTstack
 .bss.G_FIQstack
                0x00124240      0x800 mAbassiCfgA9.o
                0x00124240                G_FIQstack
 .bss.G_IRQstack
                0x00124a40     0x8000 mAbassiCfgA9.o
                0x00124a40                G_IRQstack
 .bss.G_SUPERstack
                0x0012ca40     0x8000 mAbassiCfgA9.o
                0x0012ca40                G_SUPERstack
 .bss.G_UNDEFstack
                0x00134a40      0x800 mAbassiCfgA9.o
                0x00134a40                G_UNDEFstack
 .bss.Arg_V.8149
                0x00135240       0x28 Shell.o
 .bss.CmdLine.8150
                0x00135268       0x81 Shell.o
 *fill*         0x001352e9        0x7 
 .bss.SetV.8151
                0x001352f0        0x3 Shell.o
 *fill*         0x001352f3        0x5 
 .bss.ValAsc.8283
                0x001352f8       0x80 Shell.o
 .bss.g_CmdHist
                0x00135378     0x20c1 Shell.o
 *fill*         0x00137439        0x3 
 .bss.g_EchoOff
                0x0013743c        0x4 Shell.o
 .bss.g_HistNew
                0x00137440        0x4 Shell.o
 .bss.g_HistOld
                0x00137444        0x4 Shell.o
 .bss.g_StrIP   0x00137448       0x20 Shell.o
 .bss.g_StrIPn  0x00137468       0x20 Shell.o
 .bss.g_StrP    0x00137488       0x20 Shell.o
 .bss.g_StrPn   0x001374a8       0x20 Shell.o
 .bss.g_StrV    0x001374c8       0x20 Shell.o
 .bss.g_StrVn   0x001374e8       0x20 Shell.o
 .bss.ExpiryZap.7523
                0x00137508        0x4 ../../mAbassi/Platform/lib/lib_mAbassi_EVAL_GCC_AR5_CY5.a(mAbassi_EVAL_A9_GCC_2_NR.o)
 *fill*         0x0013750c        0x4 
 .bss.G_CoreIdleDone
                0x00137510        0x8 ../../mAbassi/Platform/lib/lib_mAbassi_EVAL_GCC_AR5_CY5.a(mAbassi_EVAL_A9_GCC_2_NR.o)
                0x00137510                G_CoreIdleDone
 .bss.G_OSisrQrd
                0x00137518        0x8 ../../mAbassi/Platform/lib/lib_mAbassi_EVAL_GCC_AR5_CY5.a(mAbassi_EVAL_A9_GCC_2_NR.o)
                0x00137518                G_OSisrQrd
 .bss.G_OSisrQwrt
                0x00137520        0x8 ../../mAbassi/Platform/lib/lib_mAbassi_EVAL_GCC_AR5_CY5.a(mAbassi_EVAL_A9_GCC_2_NR.o)
                0x00137520                G_OSisrQwrt
 .bss.G_OSisrState
                0x00137528       0x38 ../../mAbassi/Platform/lib/lib_mAbassi_EVAL_GCC_AR5_CY5.a(mAbassi_EVAL_A9_GCC_2_NR.o)
                0x00137528                G_OSisrState
 .bss.G_OSisrTbl
                0x00137560     0x1000 ../../mAbassi/Platform/lib/lib_mAbassi_EVAL_GCC_AR5_CY5.a(mAbassi_EVAL_A9_GCC_2_NR.o)
                0x00137560                G_OSisrTbl
 .bss.G_OSmutex
                0x00138560        0x4 ../../mAbassi/Platform/lib/lib_mAbassi_EVAL_GCC_AR5_CY5.a(mAbassi_EVAL_A9_GCC_2_NR.o)
                0x00138560                G_OSmutex
 .bss.G_OSstate
                0x00138564        0x4 ../../mAbassi/Platform/lib/lib_mAbassi_EVAL_GCC_AR5_CY5.a(mAbassi_EVAL_A9_GCC_2_NR.o)
                0x00138564                G_OSstate
 .bss.G_OStaskNow
                0x00138568        0x8 ../../mAbassi/Platform/lib/lib_mAbassi_EVAL_GCC_AR5_CY5.a(mAbassi_EVAL_A9_GCC_2_NR.o)
                0x00138568                G_OStaskNow
 .bss.G_OStimCnt
                0x00138570        0x4 ../../mAbassi/Platform/lib/lib_mAbassi_EVAL_GCC_AR5_CY5.a(mAbassi_EVAL_A9_GCC_2_NR.o)
                0x00138570                G_OStimCnt
 *fill*         0x00138574        0x4 
 .bss.LoadBal.7508
                0x00138578        0x8 ../../mAbassi/Platform/lib/lib_mAbassi_EVAL_GCC_AR5_CY5.a(mAbassi_EVAL_A9_GCC_2_NR.o)
 .bss.g_CoreInInit
                0x00138580        0x4 ../../mAbassi/Platform/lib/lib_mAbassi_EVAL_GCC_AR5_CY5.a(mAbassi_EVAL_A9_GCC_2_NR.o)
 .bss.g_GrpList
                0x00138584        0x4 ../../mAbassi/Platform/lib/lib_mAbassi_EVAL_GCC_AR5_CY5.a(mAbassi_EVAL_A9_GCC_2_NR.o)
                0x00138584                g_GrpList
 .bss.g_KrnlReent
                0x00138588        0x8 ../../mAbassi/Platform/lib/lib_mAbassi_EVAL_GCC_AR5_CY5.a(mAbassi_EVAL_A9_GCC_2_NR.o)
                0x00138588                g_KrnlReent
 .bss.g_MblkList
                0x00138590        0x4 ../../mAbassi/Platform/lib/lib_mAbassi_EVAL_GCC_AR5_CY5.a(mAbassi_EVAL_A9_GCC_2_NR.o)
                0x00138590                g_MblkList
 .bss.g_MboxList
                0x00138594        0x4 ../../mAbassi/Platform/lib/lib_mAbassi_EVAL_GCC_AR5_CY5.a(mAbassi_EVAL_A9_GCC_2_NR.o)
                0x00138594                g_MboxList
 .bss.g_MutexList
                0x00138598        0x4 ../../mAbassi/Platform/lib/lib_mAbassi_EVAL_GCC_AR5_CY5.a(mAbassi_EVAL_A9_GCC_2_NR.o)
                0x00138598                g_MutexList
 *fill*         0x0013859c        0x4 
 .bss.g_OStimCore
                0x001385a0        0x8 ../../mAbassi/Platform/lib/lib_mAbassi_EVAL_GCC_AR5_CY5.a(mAbassi_EVAL_A9_GCC_2_NR.o)
 .bss.g_OStimSpin
                0x001385a8        0x4 ../../mAbassi/Platform/lib/lib_mAbassi_EVAL_GCC_AR5_CY5.a(mAbassi_EVAL_A9_GCC_2_NR.o)
 .bss.g_PostQueue
                0x001385ac    0x18000 ../../mAbassi/Platform/lib/lib_mAbassi_EVAL_GCC_AR5_CY5.a(mAbassi_EVAL_A9_GCC_2_NR.o)
 .bss.g_SemaList
                0x001505ac        0x4 ../../mAbassi/Platform/lib/lib_mAbassi_EVAL_GCC_AR5_CY5.a(mAbassi_EVAL_A9_GCC_2_NR.o)
                0x001505ac                g_SemaList
 .bss.g_StrvHoldCnt
                0x001505b0        0x4 ../../mAbassi/Platform/lib/lib_mAbassi_EVAL_GCC_AR5_CY5.a(mAbassi_EVAL_A9_GCC_2_NR.o)
                0x001505b0                g_StrvHoldCnt
 .bss.g_StrvList
                0x001505b4        0x4 ../../mAbassi/Platform/lib/lib_mAbassi_EVAL_GCC_AR5_CY5.a(mAbassi_EVAL_A9_GCC_2_NR.o)
                0x001505b4                g_StrvList
 .bss.g_StrvPreEmptCnt
                0x001505b8        0x4 ../../mAbassi/Platform/lib/lib_mAbassi_EVAL_GCC_AR5_CY5.a(mAbassi_EVAL_A9_GCC_2_NR.o)
                0x001505b8                g_StrvPreEmptCnt
 .bss.g_StrvRunCnt
                0x001505bc        0x4 ../../mAbassi/Platform/lib/lib_mAbassi_EVAL_GCC_AR5_CY5.a(mAbassi_EVAL_A9_GCC_2_NR.o)
                0x001505bc                g_StrvRunCnt
 .bss.g_StrvTick
                0x001505c0        0x4 ../../mAbassi/Platform/lib/lib_mAbassi_EVAL_GCC_AR5_CY5.a(mAbassi_EVAL_A9_GCC_2_NR.o)
                0x001505c0                g_StrvTick
 .bss.g_TaskList
                0x001505c4        0x4 ../../mAbassi/Platform/lib/lib_mAbassi_EVAL_GCC_AR5_CY5.a(mAbassi_EVAL_A9_GCC_2_NR.o)
                0x001505c4                g_TaskList
 .bss.g_TaskRdy
                0x001505c8       0x84 ../../mAbassi/Platform/lib/lib_mAbassi_EVAL_GCC_AR5_CY5.a(mAbassi_EVAL_A9_GCC_2_NR.o)
                0x001505c8                g_TaskRdy
 .bss.g_TimSrvChkBusy
                0x0015064c        0x4 ../../mAbassi/Platform/lib/lib_mAbassi_EVAL_GCC_AR5_CY5.a(mAbassi_EVAL_A9_GCC_2_NR.o)
                0x0015064c                g_TimSrvChkBusy
 .bss.g_TimSrvList
                0x00150650        0x4 ../../mAbassi/Platform/lib/lib_mAbassi_EVAL_GCC_AR5_CY5.a(mAbassi_EVAL_A9_GCC_2_NR.o)
                0x00150650                g_TimSrvList
 .bss.g_TimeOutChkBusy
                0x00150654        0x4 ../../mAbassi/Platform/lib/lib_mAbassi_EVAL_GCC_AR5_CY5.a(mAbassi_EVAL_A9_GCC_2_NR.o)
                0x00150654                g_TimeOutChkBusy
 .bss.g_TimeOutList
                0x00150658        0x4 ../../mAbassi/Platform/lib/lib_mAbassi_EVAL_GCC_AR5_CY5.a(mAbassi_EVAL_A9_GCC_2_NR.o)
                0x00150658                g_TimeOutList
 .bss.g_TimerList
                0x0015065c        0x4 ../../mAbassi/Platform/lib/lib_mAbassi_EVAL_GCC_AR5_CY5.a(mAbassi_EVAL_A9_GCC_2_NR.o)
                0x0015065c                g_TimerList
 .bss.g__OSmutex
                0x00150660       0x20 ../../mAbassi/Platform/lib/lib_mAbassi_EVAL_GCC_AR5_CY5.a(mAbassi_EVAL_A9_GCC_2_NR.o)
 *fill*         0x00150680       0x80 
 .bss           0x00150700      0x200 ../../mAbassi/Platform/lib/lib_mAbassi_EVAL_GCC_AR5_CY5.a(mAbassi_EVAL_GCC_AR5_CY5_NR.o)
 .bss           0x00150900        0x4 ../../mAbassi/Platform/lib/lib_mAbassi_EVAL_GCC_AR5_CY5.a(ARMv7_SMP_L1_L2_GCC_AR5_CY5.o)
 .bss           0x00150904       0x34 /home/westornd/intelFPGA_lite/18.1/embedded/host_tools/mentor/gnu/arm/baremetal/bin/../lib/gcc/arm-altera-eabi/6.2.0/../../../../arm-altera-eabi/lib/libc.a(lib_a-mallocr.o)
                0x00150904                __malloc_top_pad
                0x00150908                __malloc_current_mallinfo
                0x00150930                __malloc_max_sbrked_mem
                0x00150934                __malloc_max_total_mem
 .bss           0x00150938        0x4 /home/westornd/intelFPGA_lite/18.1/embedded/host_tools/mentor/gnu/arm/baremetal/bin/../lib/gcc/arm-altera-eabi/6.2.0/../../../../arm-altera-eabi/lib/libc.a(lib_a-mlock.o)
 .bss           0x0015093c        0x8 /home/westornd/intelFPGA_lite/18.1/embedded/host_tools/mentor/gnu/arm/baremetal/bin/../lib/gcc/arm-altera-eabi/6.2.0/../../../../arm-altera-eabi/lib/libc.a(lib_a-findfp.o)
 *(COMMON)
                0x00150948                . = ALIGN (0x8)
 *fill*         0x00150944        0x4 
 *(.ram.b .bss.ram)
                0x00150948                . = ALIGN (0x8)
                0x00150948                __bss_end__ = .
                0x00150948                _ebss = .

.memdrive       0x00150948 0x10000000
                0x00150948                . = ALIGN (0x8)
                0x00150948                G_MemDrvBase = .
                0x10150948                . = (. + _MDRV_SIZE)
 *fill*         0x00150948 0x10000000 
                0x10150948                G_MemDrvEnd = .

.stack_dummy
 *(.stack*)

.heap           0x10150948 0x2fea96b8
                0x10150948                _end = .
                0x10150948                __end = .
                0x10150948                __end__ = .
                [!provide]                PROVIDE (end, .)
                0x10150948                PROVIDE (__cs3_heap_start, .)
 *(.heap*)
                0x3fffa000                . = (((((((__cs3_region_start_ram + LENGTH (ram)) - ((_SUPERVISOR_STACK_SIZE + 0x7) & 0xfffffff8)) - ((_ABORT_STACK_SIZE + 0x7) & 0xfffffff8)) - ((_FIQ_STACK_SIZE + 0x7) & 0xfffffff8)) - ((_IRQ_STACK_SIZE + 0x7) & 0xfffffff8)) - ((_UNDEF_STACK_SIZE + 0x7) & 0xfffffff8)) - ((_STACK_SIZE + 0x7) & 0xfffffff8))
 *fill*         0x10150948 0x2fea96b8 
                0x3fffa000                __HeapLimit = .
                0x3fffa000                PROVIDE (__cs3_heap_end, .)

.stack          0x3fffa000     0x6000
                0x3fffa800                . = (. + _SUPERVISOR_STACK_SIZE)
 *fill*         0x3fffa000      0x800 
                0x3fffa800                . = ALIGN (0x8)
                0x3fffa800                __supervisor_stack = .
                0x3fffb000                . = (. + _ABORT_STACK_SIZE)
 *fill*         0x3fffa800      0x800 
                0x3fffb000                . = ALIGN (0x8)
                0x3fffb000                __abort_stack = .
                0x3fffb800                . = (. + _FIQ_STACK_SIZE)
 *fill*         0x3fffb000      0x800 
                0x3fffb800                . = ALIGN (0x8)
                0x3fffb800                __fiq_stack = .
                0x3fffd800                . = (. + _IRQ_STACK_SIZE)
 *fill*         0x3fffb800     0x2000 
                0x3fffd800                . = ALIGN (0x8)
                0x3fffd800                __irq_stack = .
                0x3fffe000                . = (. + _UNDEF_STACK_SIZE)
 *fill*         0x3fffd800      0x800 
                0x3fffe000                . = ALIGN (0x8)
                0x3fffe000                __undef_stack = .
                0x40000000                . = (. + _STACK_SIZE)
 *fill*         0x3fffe000     0x2000 
                0x40000000                __cs3_region_end_ram = (__cs3_region_start_ram + LENGTH (ram))
                0x3fefffc0                __cs3_region_size_ram = LENGTH (ram)
                0x00100040                __cs3_region_init_ram = LOADADDR (.text)
                0x000215d0                __cs3_region_init_size_ram = (_edata - ADDR (.text))
                0x1002f338                __cs3_region_zero_size_ram = (_end - _edata)
                0x40000000                __StackTop = (ORIGIN (ram) + LENGTH (ram))
                0x3fffa000                __StackLimit = (__StackTop - SIZEOF (.stack))
                [!provide]                PROVIDE (__stack, __StackTop)
                0x40000000                PROVIDE (__cs3_stack, __StackTop)

.uncached       0xffff0000     0x8000
 *(.uncached)
 .uncached      0xffff0000     0x8000 ../../mAbassi/Platform/lib/lib_mAbassi_EVAL_GCC_AR5_CY5.a(ARMv7_SMP_L1_L2_GCC_AR5_CY5.o)
                0xffff0000                L1PageTbl
 *(.uncached.*)

.stab
 *(.stab)

.stabstr
 *(.stabstr)

.debug
 *(.debug)

.line
 *(.line)

.debug_srcinfo
 *(.debug_srcinfo)

.debug_sfnames
 *(.debug_sfnames)

.debug_aranges  0x00000000      0x550
 *(.debug_aranges)
 .debug_aranges
                0x00000000       0x28 Main_mAbassi.o
 .debug_aranges
                0x00000028       0x60 MyApp_mAbassi.o
 .debug_aranges
                0x00000088       0x20 test.o
 .debug_aranges
                0x000000a8       0x58 MyDriver_CAN.o
 .debug_aranges
                0x00000100      0x138 SysCall_noFS.o
 .debug_aranges
                0x00000238       0x20 TIMERinit.o
 .debug_aranges
                0x00000258       0x48 dw_uart.o
 .debug_aranges
                0x000002a0       0x48 alt_gpio.o
 .debug_aranges
                0x000002e8       0x60 dw_spi.o
 .debug_aranges
                0x00000348      0x118 alt_generalpurpose_io.o
 .debug_aranges
                0x00000460       0x18 mAbassiCfgA9.o
 .debug_aranges
                0x00000478       0xa0 Shell.o
 .debug_aranges
                0x00000518       0x38 SubShell.o

.debug_pubnames
 *(.debug_pubnames)

.debug_info     0x00000000    0x222c8
 *(.debug_info .gnu.linkonce.wi.*)
 .debug_info    0x00000000     0x1624 Main_mAbassi.o
 .debug_info    0x00001624     0x28dc MyApp_mAbassi.o
 .debug_info    0x00003f00      0x3cf test.o
 .debug_info    0x000042cf     0x47e2 MyDriver_CAN.o
 .debug_info    0x00008ab1     0x1e2c SysCall_noFS.o
 .debug_info    0x0000a8dd      0xde5 TIMERinit.o
 .debug_info    0x0000b6c2     0x25c5 dw_uart.o
 .debug_info    0x0000dc87     0x10d0 alt_gpio.o
 .debug_info    0x0000ed57     0x19c8 dw_spi.o
 .debug_info    0x0001071f     0x23d6 alt_generalpurpose_io.o
 .debug_info    0x00012af5      0xed0 mAbassiCfgA9.o
 .debug_info    0x000139c5     0xd1d3 Shell.o
 .debug_info    0x00020b98     0x1730 SubShell.o

.debug_abbrev   0x00000000     0x26dd
 *(.debug_abbrev)
 .debug_abbrev  0x00000000      0x300 Main_mAbassi.o
 .debug_abbrev  0x00000300      0x432 MyApp_mAbassi.o
 .debug_abbrev  0x00000732       0xcb test.o
 .debug_abbrev  0x000007fd      0x3dc MyDriver_CAN.o
 .debug_abbrev  0x00000bd9      0x374 SysCall_noFS.o
 .debug_abbrev  0x00000f4d      0x1f3 TIMERinit.o
 .debug_abbrev  0x00001140      0x387 dw_uart.o
 .debug_abbrev  0x000014c7      0x2bc alt_gpio.o
 .debug_abbrev  0x00001783      0x2e0 dw_spi.o
 .debug_abbrev  0x00001a63      0x3a0 alt_generalpurpose_io.o
 .debug_abbrev  0x00001e03      0x1ac mAbassiCfgA9.o
 .debug_abbrev  0x00001faf      0x3f1 Shell.o
 .debug_abbrev  0x000023a0      0x33d SubShell.o

.debug_line     0x00000000     0x821d
 *(.debug_line)
 .debug_line    0x00000000      0x4a8 Main_mAbassi.o
 .debug_line    0x000004a8      0x6aa MyApp_mAbassi.o
 .debug_line    0x00000b52      0x367 test.o
 .debug_line    0x00000eb9      0x96b MyDriver_CAN.o
 .debug_line    0x00001824      0x665 SysCall_noFS.o
 .debug_line    0x00001e89      0x2a3 TIMERinit.o
 .debug_line    0x0000212c      0x7a1 dw_uart.o
 .debug_line    0x000028cd      0x390 alt_gpio.o
 .debug_line    0x00002c5d      0x8f6 dw_spi.o
 .debug_line    0x00003553      0xe0a alt_generalpurpose_io.o
 .debug_line    0x0000435d      0x292 mAbassiCfgA9.o
 .debug_line    0x000045ef     0x3839 Shell.o
 .debug_line    0x00007e28      0x3f5 SubShell.o

.debug_frame    0x00000000     0x33e4
 *(.debug_frame)
 .debug_frame   0x00000000       0x40 Main_mAbassi.o
 .debug_frame   0x00000040      0x12c MyApp_mAbassi.o
 .debug_frame   0x0000016c       0x20 test.o
 .debug_frame   0x0000018c      0x144 MyDriver_CAN.o
 .debug_frame   0x000002d0      0x2e8 SysCall_noFS.o
 .debug_frame   0x000005b8       0x28 TIMERinit.o
 .debug_frame   0x000005e0      0x144 dw_uart.o
 .debug_frame   0x00000724      0x108 alt_gpio.o
 .debug_frame   0x0000082c      0x15c dw_spi.o
 .debug_frame   0x00000988      0x344 alt_generalpurpose_io.o
 .debug_frame   0x00000ccc      0x2cc Shell.o
 .debug_frame   0x00000f98       0xa4 SubShell.o
 .debug_frame   0x0000103c       0x20 /home/westornd/intelFPGA_lite/18.1/embedded/host_tools/mentor/gnu/arm/baremetal/bin/../lib/gcc/arm-altera-eabi/6.2.0/libgcc.a(_divsi3.o)
 .debug_frame   0x0000105c      0x33c /home/westornd/intelFPGA_lite/18.1/embedded/host_tools/mentor/gnu/arm/baremetal/bin/../lib/gcc/arm-altera-eabi/6.2.0/libgcc.a(unwind-arm.o)
 .debug_frame   0x00001398      0x114 /home/westornd/intelFPGA_lite/18.1/embedded/host_tools/mentor/gnu/arm/baremetal/bin/../lib/gcc/arm-altera-eabi/6.2.0/libgcc.a(pr-support.o)
 .debug_frame   0x000014ac      0x2d4 ../../mAbassi/Platform/lib/lib_mAbassi_EVAL_GCC_AR5_CY5.a(mAbassi_EVAL_GCC_AR5_CY5_NR.o)
 .debug_frame   0x00001780       0xa8 ../../mAbassi/Platform/lib/lib_mAbassi_EVAL_GCC_AR5_CY5.a(ARMv7_SMP_L1_L2_GCC_AR5_CY5.o)
 .debug_frame   0x00001828       0x40 /home/westornd/intelFPGA_lite/18.1/embedded/host_tools/mentor/gnu/arm/baremetal/bin/../lib/gcc/arm-altera-eabi/6.2.0/../../../../arm-altera-eabi/lib/libcs3.a(start_c.o)
 .debug_frame   0x00001868       0x20 /home/westornd/intelFPGA_lite/18.1/embedded/host_tools/mentor/gnu/arm/baremetal/bin/../lib/gcc/arm-altera-eabi/6.2.0/../../../../arm-altera-eabi/lib/libcs3unhosted.a(unhosted-abort.o)
 .debug_frame   0x00001888       0x34 /home/westornd/intelFPGA_lite/18.1/embedded/host_tools/mentor/gnu/arm/baremetal/bin/../lib/gcc/arm-altera-eabi/6.2.0/../../../../arm-altera-eabi/lib/libc.a(lib_a-calloc.o)
 .debug_frame   0x000018bc       0x34 /home/westornd/intelFPGA_lite/18.1/embedded/host_tools/mentor/gnu/arm/baremetal/bin/../lib/gcc/arm-altera-eabi/6.2.0/../../../../arm-altera-eabi/lib/libc.a(lib_a-callocr.o)
 .debug_frame   0x000018f0       0x20 /home/westornd/intelFPGA_lite/18.1/embedded/host_tools/mentor/gnu/arm/baremetal/bin/../lib/gcc/arm-altera-eabi/6.2.0/../../../../arm-altera-eabi/lib/libc.a(lib_a-getreent.o)
 .debug_frame   0x00001910       0x34 /home/westornd/intelFPGA_lite/18.1/embedded/host_tools/mentor/gnu/arm/baremetal/bin/../lib/gcc/arm-altera-eabi/6.2.0/../../../../arm-altera-eabi/lib/libc.a(lib_a-init.o)
 .debug_frame   0x00001944       0x48 /home/westornd/intelFPGA_lite/18.1/embedded/host_tools/mentor/gnu/arm/baremetal/bin/../lib/gcc/arm-altera-eabi/6.2.0/../../../../arm-altera-eabi/lib/libc.a(lib_a-malloc.o)
 .debug_frame   0x0000198c       0x7c /home/westornd/intelFPGA_lite/18.1/embedded/host_tools/mentor/gnu/arm/baremetal/bin/../lib/gcc/arm-altera-eabi/6.2.0/../../../../arm-altera-eabi/lib/libc.a(lib_a-mallocr.o)
 .debug_frame   0x00001a08       0x44 /home/westornd/intelFPGA_lite/18.1/embedded/host_tools/mentor/gnu/arm/baremetal/bin/../lib/gcc/arm-altera-eabi/6.2.0/../../../../arm-altera-eabi/lib/libc.a(lib_a-memcpy-stub.o)
 .debug_frame   0x00001a4c       0x40 /home/westornd/intelFPGA_lite/18.1/embedded/host_tools/mentor/gnu/arm/baremetal/bin/../lib/gcc/arm-altera-eabi/6.2.0/../../../../arm-altera-eabi/lib/libc.a(lib_a-memmove.o)
 .debug_frame   0x00001a8c       0x30 /home/westornd/intelFPGA_lite/18.1/embedded/host_tools/mentor/gnu/arm/baremetal/bin/../lib/gcc/arm-altera-eabi/6.2.0/../../../../arm-altera-eabi/lib/libc.a(lib_a-memset.o)
 .debug_frame   0x00001abc       0x64 /home/westornd/intelFPGA_lite/18.1/embedded/host_tools/mentor/gnu/arm/baremetal/bin/../lib/gcc/arm-altera-eabi/6.2.0/../../../../arm-altera-eabi/lib/libc.a(lib_a-mlock.o)
 .debug_frame   0x00001b20       0x74 /home/westornd/intelFPGA_lite/18.1/embedded/host_tools/mentor/gnu/arm/baremetal/bin/../lib/gcc/arm-altera-eabi/6.2.0/../../../../arm-altera-eabi/lib/libc.a(lib_a-printf.o)
 .debug_frame   0x00001b94       0x48 /home/westornd/intelFPGA_lite/18.1/embedded/host_tools/mentor/gnu/arm/baremetal/bin/../lib/gcc/arm-altera-eabi/6.2.0/../../../../arm-altera-eabi/lib/libc.a(lib_a-putchar.o)
 .debug_frame   0x00001bdc       0x64 /home/westornd/intelFPGA_lite/18.1/embedded/host_tools/mentor/gnu/arm/baremetal/bin/../lib/gcc/arm-altera-eabi/6.2.0/../../../../arm-altera-eabi/lib/libc.a(lib_a-puts.o)
 .debug_frame   0x00001c40       0x58 /home/westornd/intelFPGA_lite/18.1/embedded/host_tools/mentor/gnu/arm/baremetal/bin/../lib/gcc/arm-altera-eabi/6.2.0/../../../../arm-altera-eabi/lib/libc.a(lib_a-setvbuf.o)
 .debug_frame   0x00001c98       0x2c /home/westornd/intelFPGA_lite/18.1/embedded/host_tools/mentor/gnu/arm/baremetal/bin/../lib/gcc/arm-altera-eabi/6.2.0/../../../../arm-altera-eabi/lib/libc.a(lib_a-stpcpy.o)
 .debug_frame   0x00001cc4       0x40 /home/westornd/intelFPGA_lite/18.1/embedded/host_tools/mentor/gnu/arm/baremetal/bin/../lib/gcc/arm-altera-eabi/6.2.0/../../../../arm-altera-eabi/lib/libc.a(lib_a-strcmp.o)
 .debug_frame   0x00001d04       0x20 /home/westornd/intelFPGA_lite/18.1/embedded/host_tools/mentor/gnu/arm/baremetal/bin/../lib/gcc/arm-altera-eabi/6.2.0/../../../../arm-altera-eabi/lib/libc.a(lib_a-strcpy.o)
 .debug_frame   0x00001d24       0x20 /home/westornd/intelFPGA_lite/18.1/embedded/host_tools/mentor/gnu/arm/baremetal/bin/../lib/gcc/arm-altera-eabi/6.2.0/../../../../arm-altera-eabi/lib/libc.a(lib_a-strlen-stub.o)
 .debug_frame   0x00001d44       0xd0 /home/westornd/intelFPGA_lite/18.1/embedded/host_tools/mentor/gnu/arm/baremetal/bin/../lib/gcc/arm-altera-eabi/6.2.0/../../../../arm-altera-eabi/lib/libc.a(lib_a-strtol.o)
 .debug_frame   0x00001e14       0xd0 /home/westornd/intelFPGA_lite/18.1/embedded/host_tools/mentor/gnu/arm/baremetal/bin/../lib/gcc/arm-altera-eabi/6.2.0/../../../../arm-altera-eabi/lib/libc.a(lib_a-strtoll.o)
 .debug_frame   0x00001ee4       0xd0 /home/westornd/intelFPGA_lite/18.1/embedded/host_tools/mentor/gnu/arm/baremetal/bin/../lib/gcc/arm-altera-eabi/6.2.0/../../../../arm-altera-eabi/lib/libc.a(lib_a-strtoul.o)
 .debug_frame   0x00001fb4       0xd0 /home/westornd/intelFPGA_lite/18.1/embedded/host_tools/mentor/gnu/arm/baremetal/bin/../lib/gcc/arm-altera-eabi/6.2.0/../../../../arm-altera-eabi/lib/libc.a(lib_a-strtoull.o)
 .debug_frame   0x00002084       0xcc /home/westornd/intelFPGA_lite/18.1/embedded/host_tools/mentor/gnu/arm/baremetal/bin/../lib/gcc/arm-altera-eabi/6.2.0/../../../../arm-altera-eabi/lib/libc.a(lib_a-vfprintf.o)
 .debug_frame   0x00002150       0x60 /home/westornd/intelFPGA_lite/18.1/embedded/host_tools/mentor/gnu/arm/baremetal/bin/../lib/gcc/arm-altera-eabi/6.2.0/../../../../arm-altera-eabi/lib/libc.a(lib_a-wbuf.o)
 .debug_frame   0x000021b0       0x40 /home/westornd/intelFPGA_lite/18.1/embedded/host_tools/mentor/gnu/arm/baremetal/bin/../lib/gcc/arm-altera-eabi/6.2.0/../../../../arm-altera-eabi/lib/libc.a(lib_a-wsetup.o)
 .debug_frame   0x000021f0       0xac /home/westornd/intelFPGA_lite/18.1/embedded/host_tools/mentor/gnu/arm/baremetal/bin/../lib/gcc/arm-altera-eabi/6.2.0/../../../../arm-altera-eabi/lib/libc.a(lib_a-dtoa.o)
 .debug_frame   0x0000229c       0xac /home/westornd/intelFPGA_lite/18.1/embedded/host_tools/mentor/gnu/arm/baremetal/bin/../lib/gcc/arm-altera-eabi/6.2.0/../../../../arm-altera-eabi/lib/libc.a(lib_a-fflush.o)
 .debug_frame   0x00002348      0x1f0 /home/westornd/intelFPGA_lite/18.1/embedded/host_tools/mentor/gnu/arm/baremetal/bin/../lib/gcc/arm-altera-eabi/6.2.0/../../../../arm-altera-eabi/lib/libc.a(lib_a-findfp.o)
 .debug_frame   0x00002538       0x70 /home/westornd/intelFPGA_lite/18.1/embedded/host_tools/mentor/gnu/arm/baremetal/bin/../lib/gcc/arm-altera-eabi/6.2.0/../../../../arm-altera-eabi/lib/libc.a(lib_a-freer.o)
 .debug_frame   0x000025a8       0x80 /home/westornd/intelFPGA_lite/18.1/embedded/host_tools/mentor/gnu/arm/baremetal/bin/../lib/gcc/arm-altera-eabi/6.2.0/../../../../arm-altera-eabi/lib/libc.a(lib_a-fvwrite.o)
 .debug_frame   0x00002628       0x80 /home/westornd/intelFPGA_lite/18.1/embedded/host_tools/mentor/gnu/arm/baremetal/bin/../lib/gcc/arm-altera-eabi/6.2.0/../../../../arm-altera-eabi/lib/libc.a(lib_a-fwalk.o)
 .debug_frame   0x000026a8       0xb8 /home/westornd/intelFPGA_lite/18.1/embedded/host_tools/mentor/gnu/arm/baremetal/bin/../lib/gcc/arm-altera-eabi/6.2.0/../../../../arm-altera-eabi/lib/libc.a(lib_a-locale.o)
 .debug_frame   0x00002760       0x58 /home/westornd/intelFPGA_lite/18.1/embedded/host_tools/mentor/gnu/arm/baremetal/bin/../lib/gcc/arm-altera-eabi/6.2.0/../../../../arm-altera-eabi/lib/libc.a(lib_a-localeconv.o)
 .debug_frame   0x000027b8       0x8c /home/westornd/intelFPGA_lite/18.1/embedded/host_tools/mentor/gnu/arm/baremetal/bin/../lib/gcc/arm-altera-eabi/6.2.0/../../../../arm-altera-eabi/lib/libc.a(lib_a-makebuf.o)
 .debug_frame   0x00002844       0x58 /home/westornd/intelFPGA_lite/18.1/embedded/host_tools/mentor/gnu/arm/baremetal/bin/../lib/gcc/arm-altera-eabi/6.2.0/../../../../arm-altera-eabi/lib/libc.a(lib_a-mbtowc_r.o)
 .debug_frame   0x0000289c       0x38 /home/westornd/intelFPGA_lite/18.1/embedded/host_tools/mentor/gnu/arm/baremetal/bin/../lib/gcc/arm-altera-eabi/6.2.0/../../../../arm-altera-eabi/lib/libc.a(lib_a-memchr-stub.o)
 .debug_frame   0x000028d4      0x304 /home/westornd/intelFPGA_lite/18.1/embedded/host_tools/mentor/gnu/arm/baremetal/bin/../lib/gcc/arm-altera-eabi/6.2.0/../../../../arm-altera-eabi/lib/libc.a(lib_a-mprec.o)
 .debug_frame   0x00002bd8       0x80 /home/westornd/intelFPGA_lite/18.1/embedded/host_tools/mentor/gnu/arm/baremetal/bin/../lib/gcc/arm-altera-eabi/6.2.0/../../../../arm-altera-eabi/lib/libc.a(lib_a-putc.o)
 .debug_frame   0x00002c58       0x60 /home/westornd/intelFPGA_lite/18.1/embedded/host_tools/mentor/gnu/arm/baremetal/bin/../lib/gcc/arm-altera-eabi/6.2.0/../../../../arm-altera-eabi/lib/libc.a(lib_a-reallocr.o)
 .debug_frame   0x00002cb8       0x9c /home/westornd/intelFPGA_lite/18.1/embedded/host_tools/mentor/gnu/arm/baremetal/bin/../lib/gcc/arm-altera-eabi/6.2.0/../../../../arm-altera-eabi/lib/libc.a(lib_a-stdio.o)
 .debug_frame   0x00002d54      0x104 /home/westornd/intelFPGA_lite/18.1/embedded/host_tools/mentor/gnu/arm/baremetal/bin/../lib/gcc/arm-altera-eabi/6.2.0/../../../../arm-altera-eabi/lib/libc.a(lib_a-vfiprintf.o)
 .debug_frame   0x00002e58       0x48 /home/westornd/intelFPGA_lite/18.1/embedded/host_tools/mentor/gnu/arm/baremetal/bin/../lib/gcc/arm-altera-eabi/6.2.0/../../../../arm-altera-eabi/lib/libc.a(lib_a-wctomb_r.o)
 .debug_frame   0x00002ea0       0x70 /home/westornd/intelFPGA_lite/18.1/embedded/host_tools/mentor/gnu/arm/baremetal/bin/../lib/gcc/arm-altera-eabi/6.2.0/../../../../arm-altera-eabi/lib/libc.a(lib_a-fclose.o)
 .debug_frame   0x00002f10       0xbc /home/westornd/intelFPGA_lite/18.1/embedded/host_tools/mentor/gnu/arm/baremetal/bin/../lib/gcc/arm-altera-eabi/6.2.0/../../../../arm-altera-eabi/lib/libc.a(lib_a-fputwc.o)
 .debug_frame   0x00002fcc       0x70 /home/westornd/intelFPGA_lite/18.1/embedded/host_tools/mentor/gnu/arm/baremetal/bin/../lib/gcc/arm-altera-eabi/6.2.0/../../../../arm-altera-eabi/lib/libc.a(lib_a-wcrtomb.o)
 .debug_frame   0x0000303c       0x20 /home/westornd/intelFPGA_lite/18.1/embedded/host_tools/mentor/gnu/arm/baremetal/bin/../lib/gcc/arm-altera-eabi/6.2.0/libgcc.a(_udivsi3.o)
 .debug_frame   0x0000305c       0xac /home/westornd/intelFPGA_lite/18.1/embedded/host_tools/mentor/gnu/arm/baremetal/bin/../lib/gcc/arm-altera-eabi/6.2.0/libgcc.a(_arm_addsubdf3.o)
 .debug_frame   0x00003108       0x50 /home/westornd/intelFPGA_lite/18.1/embedded/host_tools/mentor/gnu/arm/baremetal/bin/../lib/gcc/arm-altera-eabi/6.2.0/libgcc.a(_arm_muldivdf3.o)
 .debug_frame   0x00003158       0xc4 /home/westornd/intelFPGA_lite/18.1/embedded/host_tools/mentor/gnu/arm/baremetal/bin/../lib/gcc/arm-altera-eabi/6.2.0/libgcc.a(_arm_cmpdf2.o)
 .debug_frame   0x0000321c       0x20 /home/westornd/intelFPGA_lite/18.1/embedded/host_tools/mentor/gnu/arm/baremetal/bin/../lib/gcc/arm-altera-eabi/6.2.0/libgcc.a(_arm_unorddf2.o)
 .debug_frame   0x0000323c       0x24 /home/westornd/intelFPGA_lite/18.1/embedded/host_tools/mentor/gnu/arm/baremetal/bin/../lib/gcc/arm-altera-eabi/6.2.0/libgcc.a(_arm_fixdfsi.o)
 .debug_frame   0x00003260       0x2c /home/westornd/intelFPGA_lite/18.1/embedded/host_tools/mentor/gnu/arm/baremetal/bin/../lib/gcc/arm-altera-eabi/6.2.0/libgcc.a(_aeabi_uldivmod.o)
 .debug_frame   0x0000328c       0x48 /home/westornd/intelFPGA_lite/18.1/embedded/host_tools/mentor/gnu/arm/baremetal/bin/../lib/gcc/arm-altera-eabi/6.2.0/libgcc.a(_udivmoddi4.o)
 .debug_frame   0x000032d4      0x110 /home/westornd/intelFPGA_lite/18.1/embedded/host_tools/mentor/gnu/arm/baremetal/bin/../lib/gcc/arm-altera-eabi/6.2.0/libgcc.a(gthr-generic.o)

.debug_str      0x00000000     0x44d2
 *(.debug_str)
 .debug_str     0x00000000      0x9fe Main_mAbassi.o
                                0xaf7 (size before relaxing)
 .debug_str     0x000009fe     0x2903 MyApp_mAbassi.o
                               0x3413 (size before relaxing)
 .debug_str     0x00003301       0x10 test.o
                                0x46b (size before relaxing)
 .debug_str     0x00003311      0x10e MyDriver_CAN.o
                                0xdae (size before relaxing)
 .debug_str     0x0000341f      0x3b7 SysCall_noFS.o
                                0xcc4 (size before relaxing)
 .debug_str     0x000037d6       0x40 TIMERinit.o
                                0x8d8 (size before relaxing)
 .debug_str     0x00003816      0x20e dw_uart.o
                                0xb0d (size before relaxing)
 .debug_str     0x00003a24       0xb3 alt_gpio.o
                                0x98d (size before relaxing)
 .debug_str     0x00003ad7      0x1a3 dw_spi.o
                                0xb1d (size before relaxing)
 .debug_str     0x00003c7a      0x3a3 alt_generalpurpose_io.o
                               0x142e (size before relaxing)
 .debug_str     0x0000401d       0xfa mAbassiCfgA9.o
                                0x988 (size before relaxing)
 .debug_str     0x00004117      0x36e Shell.o
                                0xdf0 (size before relaxing)
 .debug_str     0x00004485       0x4d SubShell.o
                                0x9c1 (size before relaxing)

.debug_loc      0x00000000    0x1514a
 *(.debug_loc)
 .debug_loc     0x00000000       0x4a Main_mAbassi.o
 .debug_loc     0x0000004a      0x18f MyApp_mAbassi.o
 .debug_loc     0x000001d9       0x21 test.o
 .debug_loc     0x000001fa     0x15a1 MyDriver_CAN.o
 .debug_loc     0x0000179b      0xf69 SysCall_noFS.o
 .debug_loc     0x00002704       0x1e TIMERinit.o
 .debug_loc     0x00002722     0x1eac dw_uart.o
 .debug_loc     0x000045ce      0x3e2 alt_gpio.o
 .debug_loc     0x000049b0     0x2daa dw_spi.o
 .debug_loc     0x0000775a     0x2b26 alt_generalpurpose_io.o
 .debug_loc     0x0000a280     0xa825 Shell.o
 .debug_loc     0x00014aa5      0x6a5 SubShell.o

.debug_macinfo
 *(.debug_macinfo)

.debug_ranges   0x00000000     0x3310
 *(.debug_ranges)
 .debug_ranges  0x00000000       0x18 Main_mAbassi.o