Archive member included to satisfy reference by file (symbol)

/home/westornd/intelFPGA_lite/18.1/embedded/host_tools/mentor/gnu/arm/baremetal/bin/../lib/gcc/arm-altera-eabi/6.2.0/libgcc.a(_divsi3.o)
                              dw_uart.o (__aeabi_idiv)
/home/westornd/intelFPGA_lite/18.1/embedded/host_tools/mentor/gnu/arm/baremetal/bin/../lib/gcc/arm-altera-eabi/6.2.0/libgcc.a(_dvmd_tls.o)
                              /home/westornd/intelFPGA_lite/18.1/embedded/host_tools/mentor/gnu/arm/baremetal/bin/../lib/gcc/arm-altera-eabi/6.2.0/libgcc.a(_divsi3.o) (__aeabi_idiv0)
/home/westornd/intelFPGA_lite/18.1/embedded/host_tools/mentor/gnu/arm/baremetal/bin/../lib/gcc/arm-altera-eabi/6.2.0/libgcc.a(unwind-arm.o)
                              Main_mAbassi.o (__aeabi_unwind_cpp_pr0)
/home/westornd/intelFPGA_lite/18.1/embedded/host_tools/mentor/gnu/arm/baremetal/bin/../lib/gcc/arm-altera-eabi/6.2.0/libgcc.a(libunwind.o)
                              /home/westornd/intelFPGA_lite/18.1/embedded/host_tools/mentor/gnu/arm/baremetal/bin/../lib/gcc/arm-altera-eabi/6.2.0/libgcc.a(unwind-arm.o) (restore_core_regs)
/home/westornd/intelFPGA_lite/18.1/embedded/host_tools/mentor/gnu/arm/baremetal/bin/../lib/gcc/arm-altera-eabi/6.2.0/libgcc.a(pr-support.o)
                              /home/westornd/intelFPGA_lite/18.1/embedded/host_tools/mentor/gnu/arm/baremetal/bin/../lib/gcc/arm-altera-eabi/6.2.0/libgcc.a(unwind-arm.o) (__gnu_unwind_execute)
../../mAbassi/Platform/lib/lib_mAbassi_EVAL_GCC_AR5_CY5.a(mAbassi_EVAL_A9_GCC_2_NR.o)
                              Shell.o (TSKgetID)
../../mAbassi/Platform/lib/lib_mAbassi_EVAL_GCC_AR5_CY5.a(mAbassi_EVAL_GCC_AR5_CY5_NR.o)
                              (_vector_table)
../../mAbassi/Platform/lib/lib_mAbassi_EVAL_GCC_AR5_CY5.a(ARMv7_SMP_L1_L2_GCC_AR5_CY5.o)
                              ../../mAbassi/Platform/lib/lib_mAbassi_EVAL_GCC_AR5_CY5.a(mAbassi_EVAL_GCC_AR5_CY5_NR.o) (COREcacheON)
/home/westornd/intelFPGA_lite/18.1/embedded/host_tools/mentor/gnu/arm/baremetal/bin/../lib/gcc/arm-altera-eabi/6.2.0/../../../../arm-altera-eabi/lib/libcs3.a(start_c.o)
                              (__cs3_start_c)
/home/westornd/intelFPGA_lite/18.1/embedded/host_tools/mentor/gnu/arm/baremetal/bin/../lib/gcc/arm-altera-eabi/6.2.0/../../../../arm-altera-eabi/lib/libcs3unhosted.a(unhosted-start.o)
                              ../../mAbassi/Platform/lib/lib_mAbassi_EVAL_GCC_AR5_CY5.a(mAbassi_EVAL_GCC_AR5_CY5_NR.o) (_start)
/home/westornd/intelFPGA_lite/18.1/embedded/host_tools/mentor/gnu/arm/baremetal/bin/../lib/gcc/arm-altera-eabi/6.2.0/../../../../arm-altera-eabi/lib/libcs3unhosted.a(unhosted-abort.o)
                              /home/westornd/intelFPGA_lite/18.1/embedded/host_tools/mentor/gnu/arm/baremetal/bin/../lib/gcc/arm-altera-eabi/6.2.0/libgcc.a(unwind-arm.o) (abort)
/home/westornd/intelFPGA_lite/18.1/embedded/host_tools/mentor/gnu/arm/baremetal/arm-altera-eabi/lib/libc.a(lib_a-calloc.o)
                              ../../mAbassi/Platform/lib/lib_mAbassi_EVAL_GCC_AR5_CY5.a(mAbassi_EVAL_A9_GCC_2_NR.o) (calloc)
/home/westornd/intelFPGA_lite/18.1/embedded/host_tools/mentor/gnu/arm/baremetal/arm-altera-eabi/lib/libc.a(lib_a-callocr.o)
                              /home/westornd/intelFPGA_lite/18.1/embedded/host_tools/mentor/gnu/arm/baremetal/arm-altera-eabi/lib/libc.a(lib_a-calloc.o) (_calloc_r)
/home/westornd/intelFPGA_lite/18.1/embedded/host_tools/mentor/gnu/arm/baremetal/arm-altera-eabi/lib/libc.a(lib_a-getreent.o)
                              Main_mAbassi.o (__getreent)
/home/westornd/intelFPGA_lite/18.1/embedded/host_tools/mentor/gnu/arm/baremetal/arm-altera-eabi/lib/libc.a(lib_a-impure.o)
                              SysCall_noFS.o (_impure_ptr)
/home/westornd/intelFPGA_lite/18.1/embedded/host_tools/mentor/gnu/arm/baremetal/arm-altera-eabi/lib/libc.a(lib_a-init.o)
                              /home/westornd/intelFPGA_lite/18.1/embedded/host_tools/mentor/gnu/arm/baremetal/bin/../lib/gcc/arm-altera-eabi/6.2.0/../../../../arm-altera-eabi/lib/libcs3.a(start_c.o) (__libc_init_array)
/home/westornd/intelFPGA_lite/18.1/embedded/host_tools/mentor/gnu/arm/baremetal/arm-altera-eabi/lib/libc.a(lib_a-malloc.o)
                              ../../mAbassi/Platform/lib/lib_mAbassi_EVAL_GCC_AR5_CY5.a(mAbassi_EVAL_A9_GCC_2_NR.o) (malloc)
/home/westornd/intelFPGA_lite/18.1/embedded/host_tools/mentor/gnu/arm/baremetal/arm-altera-eabi/lib/libc.a(lib_a-mallocr.o)
                              /home/westornd/intelFPGA_lite/18.1/embedded/host_tools/mentor/gnu/arm/baremetal/arm-altera-eabi/lib/libc.a(lib_a-callocr.o) (_malloc_r)
/home/westornd/intelFPGA_lite/18.1/embedded/host_tools/mentor/gnu/arm/baremetal/arm-altera-eabi/lib/libc.a(lib_a-memcpy-stub.o)
                              MyApp_mAbassi.o (memcpy)
/home/westornd/intelFPGA_lite/18.1/embedded/host_tools/mentor/gnu/arm/baremetal/arm-altera-eabi/lib/libc.a(lib_a-memmove.o)
                              Shell.o (memmove)
[...]
Memory Configuration

Name             Origin             Length             Attributes
ram              0x00100040         0x3fefffc0         xrw
uram             0xffff0000         0x00010000         xrw
*default*        0x00000000         0xffffffff

Linker script and memory map

LOAD /home/westornd/intelFPGA_lite/18.1/embedded/host_tools/mentor/gnu/arm/baremetal/bin/../lib/gcc/arm-altera-eabi/6.2.0/crti.o
LOAD /home/westornd/intelFPGA_lite/18.1/embedded/host_tools/mentor/gnu/arm/baremetal/bin/../lib/gcc/arm-altera-eabi/6.2.0/crtbegin.o
LOAD /home/westornd/intelFPGA_lite/18.1/embedded/host_tools/mentor/gnu/arm/baremetal/bin/../lib/gcc/arm-altera-eabi/6.2.0/../../../../arm-altera-eabi/lib/libstdc++.a
LOAD Main_mAbassi.o
LOAD MyApp_mAbassi.o
LOAD test.o
LOAD SysCall_noFS.o
LOAD TIMERinit.o
LOAD dw_uart.o
LOAD alt_generalpurpose_io.o
LOAD mAbassiCfgA9.o
LOAD Shell.o
LOAD SubShell.o
LOAD /home/westornd/intelFPGA_lite/18.1/embedded/host_tools/mentor/gnu/arm/baremetal/bin/../lib/gcc/arm-altera-eabi/6.2.0/libgcc.a
LOAD ../../mAbassi/Platform/lib/lib_mAbassi_EVAL_GCC_AR5_CY5.a
LOAD /home/westornd/intelFPGA_lite/18.1/embedded/host_tools/mentor/gnu/arm/baremetal/bin/../lib/gcc/arm-altera-eabi/6.2.0/../../../../arm-altera-eabi/lib/libcs3.a
LOAD /home/westornd/intelFPGA_lite/18.1/embedded/host_tools/mentor/gnu/arm/baremetal/bin/../lib/gcc/arm-altera-eabi/6.2.0/../../../../arm-altera-eabi/lib/libcs3unhosted.a
LOAD /home/westornd/intelFPGA_lite/18.1/embedded/host_tools/mentor/gnu/arm/baremetal/bin/../lib/gcc/arm-altera-eabi/6.2.0/../../../../arm-altera-eabi/lib/libcs3arm.a
LOAD /home/westornd/intelFPGA_lite/18.1/embedded/host_tools/mentor/gnu/arm/baremetal/bin/../lib/gcc/arm-altera-eabi/6.2.0/../../../../arm-altera-eabi/lib/libstdc++.a
LOAD /home/westornd/intelFPGA_lite/18.1/embedded/host_tools/mentor/gnu/arm/baremetal/arm-altera-eabi/lib/libc.a
LOAD /home/westornd/intelFPGA_lite/18.1/embedded/host_tools/mentor/gnu/arm/baremetal/bin/../lib/gcc/arm-altera-eabi/6.2.0/libgcc.a
LOAD /home/westornd/intelFPGA_lite/18.1/embedded/host_tools/mentor/gnu/arm/baremetal/bin/../lib/gcc/arm-altera-eabi/6.2.0/../../../../arm-altera-eabi/lib/libstdc++.a
LOAD /home/westornd/intelFPGA_lite/18.1/embedded/host_tools/mentor/gnu/arm/baremetal/bin/../lib/gcc/arm-altera-eabi/6.2.0/../../../../arm-altera-eabi/lib/libstdc++.a
LOAD /home/westornd/intelFPGA_lite/18.1/embedded/host_tools/mentor/gnu/arm/baremetal/bin/../lib/gcc/arm-altera-eabi/6.2.0/../../../../arm-altera-eabi/lib/libm.a
LOAD /home/westornd/intelFPGA_lite/18.1/embedded/host_tools/mentor/gnu/arm/baremetal/bin/../lib/gcc/arm-altera-eabi/6.2.0/../../../../arm-altera-eabi/lib/libc.a
START GROUP
LOAD /home/westornd/intelFPGA_lite/18.1/embedded/host_tools/mentor/gnu/arm/baremetal/bin/../lib/gcc/arm-altera-eabi/6.2.0/libgcc.a
LOAD /home/westornd/intelFPGA_lite/18.1/embedded/host_tools/mentor/gnu/arm/baremetal/bin/../lib/gcc/arm-altera-eabi/6.2.0/../../../../arm-altera-eabi/lib/libc.a
END GROUP
LOAD /home/westornd/intelFPGA_lite/18.1/embedded/host_tools/mentor/gnu/arm/baremetal/bin/../lib/gcc/arm-altera-eabi/6.2.0/crtend.o
LOAD /home/westornd/intelFPGA_lite/18.1/embedded/host_tools/mentor/gnu/arm/baremetal/bin/../lib/gcc/arm-altera-eabi/6.2.0/crtn.o
                0x00002000                _STACK_SIZE = DEFINED (_STACK_SIZE)?_STACK_SIZE:0x2000
                0x10000000                _MDRV_SIZE = DEFINED (_MDRV_SIZE)?_MDRV_SIZE:0x10000000
                0x00000800                _SUPERVISOR_STACK_SIZE = DEFINED (_SUPERVISOR_STACK_SIZE)?_SUPERVISOR_STACK_SIZE:0x800
                0x00000800                _ABORT_STACK_SIZE = DEFINED (_ABORT_STACK_SIZE)?_ABORT_STACK_SIZE:0x800
                0x00000800                _FIQ_STACK_SIZE = DEFINED (_FIQ_STACK_SIZE)?_FIQ_STACK_SIZE:0x800
                0x00002000                _IRQ_STACK_SIZE = DEFINED (_IRQ_STACK_SIZE)?_IRQ_STACK_SIZE:0x2000
                0x00000800                _UNDEF_STACK_SIZE = DEFINED (_UNDEF_STACK_SIZE)?_UNDEF_STACK_SIZE:0x800
                0x00000001                PROVIDE (__cs3_region_num, ((__cs3_regions_end - __cs3_regions) / 0x14))
                0x0011e06c                __libc_fini = _fini

.text           0x00100040    0x1a9b8
 CREATE_OBJECT_SYMBOLS
                0x00100040                __cs3_region_start_ram = .
                0x00100040                _ftext = .
 *(.cs3.region-head.ram)
                0x00000001                ASSERT ((. == __cs3_region_start_ram), .cs3.region-head.ram not permitted)
                0x00100040                __cs3_interrupt_vector = __cs3_interrupt_vector_arm
 *(.cs3.interrupt_vector)
 .cs3.interrupt_vector
                0x00100040       0x3c ../../mAbassi/Platform/lib/lib_mAbassi_EVAL_GCC_AR5_CY5.a(mAbassi_EVAL_GCC_AR5_CY5_NR.o)
                0x00100040                _vector_table
                0x00100040                Vectors
                0x00100040                __cs3_interrupt_vector_arm
 *(.vectors)
                0x0010ea00                PROVIDE (__cs3_reset, __cs3_reset_generic)
 *(.cs3.reset)
                [0x00100110]                _start = DEFINED (__cs3_start_asm)?__cs3_start_asm:_start
 *(.text.cs3.init)
 .text.cs3.init
                0x0010007c       0x94 /home/westornd/intelFPGA_lite/18.1/embedded/host_tools/mentor/gnu/arm/baremetal/bin/../lib/gcc/arm-altera-eabi/6.2.0/../../../../arm-altera-eabi/lib/libcs3.a(start_c.o)
                0x0010007c                __cs3_start_c
 .text.cs3.init
                0x00100110        0xc /home/westornd/intelFPGA_lite/18.1/embedded/host_tools/mentor/gnu/arm/baremetal/bin/../lib/gcc/arm-altera-eabi/6.2.0/../../../../arm-altera-eabi/lib/libcs3unhosted.a(unhosted-start.o)
 *(.text .text.* .gnu.linkonce.t.*)
 .text          0x0010011c      0x108 /home/westornd/intelFPGA_lite/18.1/embedded/host_tools/mentor/gnu/arm/baremetal/bin/../lib/gcc/arm-altera-eabi/6.2.0/crtbegin.o
 .text.startup.main
                0x00100224      0x150 Main_mAbassi.o
                0x00100224                main
 .text.TIMcallBack
                0x00100374        0x4 Main_mAbassi.o
                0x00100374                TIMcallBack
 .text._Z24button_CallbackInterruptmPv
                0x00100378       0x34 MyApp_mAbassi.o
                0x00100378                button_CallbackInterrupt(unsigned long, void*)
 .text._Z13Task_FPGA_Ledv
                0x001003ac       0x30 MyApp_mAbassi.o
                0x001003ac                Task_FPGA_Led()
 .text._Z16Task_FPGA_Buttonv
                0x001003dc       0x8c MyApp_mAbassi.o
                0x001003dc                Task_FPGA_Button()
 .text._Z15setup_Interruptv
                0x00100468       0x58 MyApp_mAbassi.o
                0x00100468                setup_Interrupt()
 .text._Z14setup_hps_gpiov
                0x001004c0       0x58 MyApp_mAbassi.o
                0x001004c0                setup_hps_gpio()
 .text._Z12Task_HPS_Ledv
                0x00100518      0x104 MyApp_mAbassi.o
                0x00100518                Task_HPS_Led()
 .text.Test_func
                0x0010061c        0x4 test.o
                0x0010061c                Test_func
 .text.SysCallInit
                0x00100620        0x4 SysCall_noFS.o
                0x00100620                SysCallInit
 .text._close_r
                0x00100624        0xc SysCall_noFS.o
                0x00100624                _close_r
 .text._read_r  0x00100630       0x58 SysCall_noFS.o
                0x00100630                _read_r
 .text._write_r
                0x00100688       0x58 SysCall_noFS.o
                0x00100688                _write_r
 .text._lseek_r
                0x001006e0        0xc SysCall_noFS.o
                0x001006e0                _lseek_r
 .text._fstat_r
                0x001006ec        0xc SysCall_noFS.o
                0x001006ec                _fstat_r
 .text._isatty_r
                0x001006f8        0xc SysCall_noFS.o
                0x001006f8                _isatty_r
 .text.GetKey   0x00100704       0x2c SysCall_noFS.o
                0x00100704                GetKey
 .text.TIMERinit
                0x00100730       0x20 TIMERinit.o
                0x00100730                TIMERinit
 .text.uart_send
                0x00100750      0x5bc dw_uart.o
                0x00100750                uart_send
 .text.uart_recv
                0x00100d0c      0x540 dw_uart.o
                0x00100d0c                uart_recv
 .text.uart_filt
                0x0010124c       0x78 dw_uart.o
                0x0010124c                uart_filt
 .text.uart_init
                0x001012c4      0x318 dw_uart.o
                0x001012c4                uart_init
 .text.UARTintHndl_0
                0x001015dc      0x118 dw_uart.o
                0x001015dc                UARTintHndl_0
 .text.UARTintHndl_1
                0x001016f4      0x154 dw_uart.o
                0x001016f4                UARTintHndl_1
 .text.alt_gpio_init
                0x00101848       0x1c alt_generalpurpose_io.o
                0x00101848                alt_gpio_init
 .text.alt_gpio_port_data_write
                0x00101864       0x50 alt_generalpurpose_io.o
                0x00101864                alt_gpio_port_data_write
 .text.alt_gpio_group_config
                0x001018b4      0x31c alt_generalpurpose_io.o
                0x001018b4                alt_gpio_group_config
 .text.alt_gpio_bit_to_pid
                0x00101bd0       0x1c alt_generalpurpose_io.o
                0x00101bd0                alt_gpio_bit_to_pid
 .text.alt_gpio_bit_to_port_pin
                0x00101bec       0x20 alt_generalpurpose_io.o
                0x00101bec                alt_gpio_bit_to_port_pin
 .text.PrtResult
                0x00101c0c      0x1b4 Shell.o
 .text.CmdLog   0x00101dc0       0x14 Shell.o
 .text.CmdEdit  0x00101dd4       0x7c Shell.o
 .text.CmdMblk  0x00101e50      0x108 Shell.o
 .text.CmdGrp   0x00101f58      0x634 Shell.o
 .text.CmdSys   0x0010258c      0x434 Shell.o
 .text.CmdHelp  0x001029c0      0x220 Shell.o
 .text.CmdEvt   0x00102be0      0x190 Shell.o
 .text.CmdMtx   0x00102d70      0xc40 Shell.o
 .text.CmdSem   0x001039b0      0xd48 Shell.o
 .text.CmdMbx   0x001046f8     0x10a8 Shell.o
 .text.CmdTim   0x001057a0     0x15f0 Shell.o
 .text.CmdTask  0x00106d90     0x1abc Shell.o
 .text.OSshell  0x0010884c      0xaa0 Shell.o
                0x0010884c                OSshell
 .text.ShellGets
                0x001092ec      0x198 Shell.o
                0x001092ec                ShellGets
 .text.CmdMem   0x00109484      0x3e8 Shell.o
 .text          0x0010986c      0x148 /home/westornd/intelFPGA_lite/18.1/embedded/host_tools/mentor/gnu/arm/baremetal/bin/../lib/gcc/arm-altera-eabi/6.2.0/libgcc.a(_divsi3.o)
                0x0010986c                __aeabi_idiv
                0x0010986c                __divsi3
                0x00109994                __aeabi_idivmod
 .text          0x001099b4        0x4 /home/westornd/intelFPGA_lite/18.1/embedded/host_tools/mentor/gnu/arm/baremetal/bin/../lib/gcc/arm-altera-eabi/6.2.0/libgcc.a(_dvmd_tls.o)
                0x001099b4                __aeabi_ldiv0
                0x001099b4                __aeabi_idiv0
 .text          0x001099b8     0x1050 /home/westornd/intelFPGA_lite/18.1/embedded/host_tools/mentor/gnu/arm/baremetal/bin/../lib/gcc/arm-altera-eabi/6.2.0/libgcc.a(unwind-arm.o)
                0x00109e50                _Unwind_GetCFA
                0x00109e58                __gnu_Unwind_RaiseException
                0x00109f08                __gnu_Unwind_ForcedUnwind
                0x00109f2c                __gnu_Unwind_Resume
                0x00109fa0                __gnu_Unwind_Resume_or_Rethrow
                0x00109fbc                _Unwind_Complete
                0x00109fc0                _Unwind_DeleteException
                0x00109fd8                _Unwind_VRS_Get
                0x0010a064                _Unwind_VRS_Set
                0x0010a0f0                __gnu_Unwind_Backtrace
                0x0010a608                __aeabi_unwind_cpp_pr0
                0x0010a610                __aeabi_unwind_cpp_pr1
                0x0010a618                __aeabi_unwind_cpp_pr2
                0x0010a620                _Unwind_VRS_Pop
 .text          0x0010aa08      0x1b0 /home/westornd/intelFPGA_lite/18.1/embedded/host_tools/mentor/gnu/arm/baremetal/bin/../lib/gcc/arm-altera-eabi/6.2.0/libgcc.a(libunwind.o)
                0x0010aa08                __restore_core_regs
                0x0010aa08                restore_core_regs
                0x0010aa24                __gnu_Unwind_Restore_VFP
                0x0010aa2c                __gnu_Unwind_Save_VFP
                0x0010aa34                __gnu_Unwind_Restore_VFP_D
                0x0010aa3c                __gnu_Unwind_Save_VFP_D
                0x0010aa44                __gnu_Unwind_Restore_VFP_D_16_to_31
                0x0010aa4c                __gnu_Unwind_Save_VFP_D_16_to_31
                0x0010aa54                __gnu_Unwind_Restore_WMMXD
                0x0010aa98                __gnu_Unwind_Save_WMMXD
                0x0010aadc                __gnu_Unwind_Restore_WMMXC
                0x0010aaf0                __gnu_Unwind_Save_WMMXC
                0x0010ab04                ___Unwind_RaiseException
                0x0010ab04                _Unwind_RaiseException
                0x0010ab28                ___Unwind_Resume
                0x0010ab28                _Unwind_Resume
                0x0010ab4c                _Unwind_Resume_or_Rethrow
                0x0010ab4c                ___Unwind_Resume_or_Rethrow
                0x0010ab70                ___Unwind_ForcedUnwind
                0x0010ab70                _Unwind_ForcedUnwind
                0x0010ab94                _Unwind_Backtrace
                0x0010ab94                ___Unwind_Backtrace
 .text          0x0010abb8      0x51c /home/westornd/intelFPGA_lite/18.1/embedded/host_tools/mentor/gnu/arm/baremetal/bin/../lib/gcc/arm-altera-eabi/6.2.0/libgcc.a(pr-support.o)
                0x0010ac4c                __gnu_unwind_execute
                0x0010b048                __gnu_unwind_frame
                0x0010b090                _Unwind_GetRegionStart
                0x0010b0a4                _Unwind_GetLanguageSpecificData
                0x0010b0c4                _Unwind_GetTextRelBase
                0x0010b0cc                _Unwind_GetDataRelBase
 .text.TSKcreate.constprop.0
                0x0010b0d4       0xf0 ../../mAbassi/Platform/lib/lib_mAbassi_EVAL_GCC_AR5_CY5.a(mAbassi_EVAL_A9_GCC_2_NR.o)
 .text.TSKgetID
                0x0010b1c4       0x60 ../../mAbassi/Platform/lib/lib_mAbassi_EVAL_GCC_AR5_CY5.a(mAbassi_EVAL_A9_GCC_2_NR.o)
                0x0010b1c4                TSKgetID
 .text.TSKstkChk
                0x0010b224       0x60 ../../mAbassi/Platform/lib/lib_mAbassi_EVAL_GCC_AR5_CY5.a(mAbassi_EVAL_A9_GCC_2_NR.o)
                0x0010b224                TSKstkChk
 *fill*         0x0010b284        0x4 
 .text.Abassi   0x0010b288     0x2850 ../../mAbassi/Platform/lib/lib_mAbassi_EVAL_GCC_AR5_CY5.a(mAbassi_EVAL_A9_GCC_2_NR.o)
                0x0010b288                Abassi
 .text.TSKcreate
                0x0010dad8      0x350 ../../mAbassi/Platform/lib/lib_mAbassi_EVAL_GCC_AR5_CY5.a(mAbassi_EVAL_A9_GCC_2_NR.o)
                0x0010dad8                TSKcreate
 .text.OSstart  0x0010de28      0x17c ../../mAbassi/Platform/lib/lib_mAbassi_EVAL_GCC_AR5_CY5.a(mAbassi_EVAL_A9_GCC_2_NR.o)
                0x0010de28                OSstart
 .text.TSKstart
                0x0010dfa4       0x60 ../../mAbassi/Platform/lib/lib_mAbassi_EVAL_GCC_AR5_CY5.a(mAbassi_EVAL_A9_GCC_2_NR.o)
                0x0010dfa4                TSKstart
 .text.SEM__open
                0x0010e004      0x144 ../../mAbassi/Platform/lib/lib_mAbassi_EVAL_GCC_AR5_CY5.a(mAbassi_EVAL_A9_GCC_2_NR.o)
                0x0010e004                SEM__open
 .text.MBX__open
                0x0010e148      0x154 ../../mAbassi/Platform/lib/lib_mAbassi_EVAL_GCC_AR5_CY5.a(mAbassi_EVAL_A9_GCC_2_NR.o)
                0x0010e148                MBX__open
 .text.MBXget   0x0010e29c      0x128 ../../mAbassi/Platform/lib/lib_mAbassi_EVAL_GCC_AR5_CY5.a(mAbassi_EVAL_A9_GCC_2_NR.o)
                0x0010e29c                MBXget
 .text.MBXput   0x0010e3c4       0xd8 ../../mAbassi/Platform/lib/lib_mAbassi_EVAL_GCC_AR5_CY5.a(mAbassi_EVAL_A9_GCC_2_NR.o)
                0x0010e3c4                MBXput
 .text.GroupRm  0x0010e49c       0xb4 ../../mAbassi/Platform/lib/lib_mAbassi_EVAL_GCC_AR5_CY5.a(mAbassi_EVAL_A9_GCC_2_NR.o)
                0x0010e49c                GroupRm
 .text.TIMtick  0x0010e550      0x4a0 ../../mAbassi/Platform/lib/lib_mAbassi_EVAL_GCC_AR5_CY5.a(mAbassi_EVAL_A9_GCC_2_NR.o)
                0x0010e550                TIMtick
 .text          0x0010e9f0      0xb48 ../../mAbassi/Platform/lib/lib_mAbassi_EVAL_GCC_AR5_CY5.a(mAbassi_EVAL_GCC_AR5_CY5_NR.o)
                0x0010ea00                __cs3_reset_generic
                0x0010ea00                boot
                0x0010ea00                Reset_Handler
                0x0010ea00                _prestart
                0x0010eda8                _exit
                0x0010edb0                _sbrk_r
                0x0010ede8                OStrap
                0x0010ee00                __cs3_isr_swi
                0x0010ee00                mySWI
                0x0010ee48                SWI_Handler
                0x0010ee4c                OScontext
                0x0010ee6c                CoreContext
                0x0010ee80                OSstack
                0x0010eedc                OSintCtrl
                0x0010eefc                OSintBack
                0x0010ef0c                OSintOff
                0x0010ef18                OSintOn
                0x0010ef20                OSisrInfo
                0x0010ef30                ISRdispatch
                0x0010ef30                __cs3_isr_irq
                0x0010f064                OSinvalidISR
                0x0010f06c                COREgetPeriph
                0x0010f074                COREgetID
                0x0010f080                GICinit
                0x0010f124                GICenable
                0x0010f264                COREstart1
                0x0010f270                COREstart2
                0x0010f27c                COREstart3
                0x0010f288                COREstart0
                0x0010f294                CoreIdle
                0x0010f2c4                COREsafeGetID
                0x0010f2e8                COREsendISR
                0x0010f31c                COREwakeISR
                0x0010f348                COREisInISR
                0x0010f35c                COREtaskNow
                0x0010f380                COREchkRedo
                0x0010f3e0                CORElock
                0x0010f410                COREunlock
                0x0010f424                SPINlock
                0x0010f434                SPINtrylock
                0x0010f444                SPIN_lock
                0x0010f4cc                SPINunlock
 .text          0x0010f538      0x798 ../../mAbassi/Platform/lib/lib_mAbassi_EVAL_GCC_AR5_CY5.a(ARMv7_SMP_L1_L2_GCC_AR5_CY5.o)
                0x0010f538                COREcacheON
                0x0010f9c4                DCacheInvalRange
                0x0010fad8                DCacheFlushRange
                0x0010fbec                MMUlog2Phy
                0x0010fc4c                MMUphy2Log
 .text          0x0010fcd0       0x4c /home/westornd/intelFPGA_lite/18.1/embedded/host_tools/mentor/gnu/arm/baremetal/bin/../lib/gcc/arm-altera-eabi/6.2.0/../../../../arm-altera-eabi/lib/libcs3.a(start_c.o)
                0x0010fcd0                __cs3_premain
 .text          0x0010fd1c        0x4 /home/westornd/intelFPGA_lite/18.1/embedded/host_tools/mentor/gnu/arm/baremetal/bin/../lib/gcc/arm-altera-eabi/6.2.0/../../../../arm-altera-eabi/lib/libcs3unhosted.a(unhosted-abort.o)
                0x0010fd1c                abort
 .text          0x0010fd20       0x24 /home/westornd/intelFPGA_lite/18.1/embedded/host_tools/mentor/gnu/arm/baremetal/arm-altera-eabi/lib/libc.a(lib_a-calloc.o)
                0x0010fd20                calloc
 .text          0x0010fd44       0x98 /home/westornd/intelFPGA_lite/18.1/embedded/host_tools/mentor/gnu/arm/baremetal/arm-altera-eabi/lib/libc.a(lib_a-callocr.o)
                0x0010fd44                _calloc_r
 .text          0x0010fddc       0x10 /home/westornd/intelFPGA_lite/18.1/embedded/host_tools/mentor/gnu/arm/baremetal/arm-altera-eabi/lib/libc.a(lib_a-getreent.o)
                0x0010fddc                __getreent
 .text          0x0010fdec       0x80 /home/westornd/intelFPGA_lite/18.1/embedded/host_tools/mentor/gnu/arm/baremetal/arm-altera-eabi/lib/libc.a(lib_a-init.o)
                0x0010fdec                __libc_init_array
 .text          0x0010fe6c       0x38 /home/westornd/intelFPGA_lite/18.1/embedded/host_tools/mentor/gnu/arm/baremetal/arm-altera-eabi/lib/libc.a(lib_a-malloc.o)
                0x0010fe6c                malloc
                0x0010fe88                free
 .text          0x0010fea4      0x750 /home/westornd/intelFPGA_lite/18.1/embedded/host_tools/mentor/gnu/arm/baremetal/arm-altera-eabi/lib/libc.a(lib_a-mallocr.o)
                0x0010fea4                _malloc_r
 .text          0x001105f4      0x114 /home/westornd/intelFPGA_lite/18.1/embedded/host_tools/mentor/gnu/arm/baremetal/arm-altera-eabi/lib/libc.a(lib_a-memcpy-stub.o)
                0x001105f4                memcpy
 .text          0x00110708      0x148 /home/westornd/intelFPGA_lite/18.1/embedded/host_tools/mentor/gnu/arm/baremetal/arm-altera-eabi/lib/libc.a(lib_a-memmove.o)
                0x00110708                memmove
 .text          0x00110850      0x114 /home/westornd/intelFPGA_lite/18.1/embedded/host_tools/mentor/gnu/arm/baremetal/arm-altera-eabi/lib/libc.a(lib_a-memset.o)
                0x00110850                memset
 .text          0x00110964       0x30 /home/westornd/intelFPGA_lite/18.1/embedded/host_tools/mentor/gnu/arm/baremetal/arm-altera-eabi/lib/libc.a(lib_a-mlock.o)
                0x00110964                __malloc_lock
                0x0011097c                __malloc_unlock
 .text.startup  0x00110994       0x18 /home/westornd/intelFPGA_lite/18.1/embedded/host_tools/mentor/gnu/arm/baremetal/arm-altera-eabi/lib/libc.a(lib_a-mlock.o)
 .text          0x001109ac       0x6c /home/westornd/intelFPGA_lite/18.1/embedded/host_tools/mentor/gnu/arm/baremetal/arm-altera-eabi/lib/libc.a(lib_a-printf.o)
                0x001109ac                _printf_r
                0x001109e0                printf
 .text          0x00110a18      0x12c /home/westornd/intelFPGA_lite/18.1/embedded/host_tools/mentor/gnu/arm/baremetal/arm-altera-eabi/lib/libc.a(lib_a-puts.o)
                0x00110a18                _puts_r
                0x00110b2c                puts
 .text          0x00110b44      0x258 /home/westornd/intelFPGA_lite/18.1/embedded/host_tools/mentor/gnu/arm/baremetal/arm-altera-eabi/lib/libc.a(lib_a-setvbuf.o)
                0x00110b44                setvbuf
 .text          0x00110d9c       0x74 /home/westornd/intelFPGA_lite/18.1/embedded/host_tools/mentor/gnu/arm/baremetal/arm-altera-eabi/lib/libc.a(lib_a-stpcpy.o)
                0x00110d9c                stpcpy
 .text          0x00110e10      0x224 /home/westornd/intelFPGA_lite/18.1/embedded/host_tools/mentor/gnu/arm/baremetal/arm-altera-eabi/lib/libc.a(lib_a-strcmp.o)
                0x00110e10                strcmp
 .text          0x00111034       0xf0 /home/westornd/intelFPGA_lite/18.1/embedded/host_tools/mentor/gnu/arm/baremetal/arm-altera-eabi/lib/libc.a(lib_a-strcpy.o)
                0x00111034                strcpy
 .text          0x00111124       0x60 /home/westornd/intelFPGA_lite/18.1/embedded/host_tools/mentor/gnu/arm/baremetal/arm-altera-eabi/lib/libc.a(lib_a-strlen-stub.o)
                0x00111124                strlen
 .text          0x00111184      0x3c8 /home/westornd/intelFPGA_lite/18.1/embedded/host_tools/mentor/gnu/arm/baremetal/arm-altera-eabi/lib/libc.a(lib_a-strtoll.o)
                0x00111464                _strtoll_r
                0x001114b8                strtoll_l
                0x001114f4                strtoll
 .text          0x0011154c      0x2d0 /home/westornd/intelFPGA_lite/18.1/embedded/host_tools/mentor/gnu/arm/baremetal/arm-altera-eabi/lib/libc.a(lib_a-strtoul.o)
                0x00111734                _strtoul_r
                0x00111788                strtoul_l
                0x001117c4                strtoul
 *fill*         0x0011181c        0x4 
 .text          0x00111820      0x360 /home/westornd/intelFPGA_lite/18.1/embedded/host_tools/mentor/gnu/arm/baremetal/arm-altera-eabi/lib/libc.a(lib_a-strtoull.o)
                0x00111a98                _strtoull_r
                0x00111aec                strtoull_l
                0x00111b28                strtoull
 .text          0x00111b80     0x22ec /home/westornd/intelFPGA_lite/18.1/embedded/host_tools/mentor/gnu/arm/baremetal/arm-altera-eabi/lib/libc.a(lib_a-vfprintf.o)
                0x00111b80                _vfprintf_r
                0x00113d74                vfprintf
 .text          0x00113e6c      0x154 /home/westornd/intelFPGA_lite/18.1/embedded/host_tools/mentor/gnu/arm/baremetal/arm-altera-eabi/lib/libc.a(lib_a-wbuf.o)
                0x00113e6c                __swbuf_r
                0x00113fa0                __swbuf
 .text          0x00113fc0      0x158 /home/westornd/intelFPGA_lite/18.1/embedded/host_tools/mentor/gnu/arm/baremetal/arm-altera-eabi/lib/libc.a(lib_a-wsetup.o)
                0x00113fc0                __swsetup_r
 .text          0x00114118     0x181c /home/westornd/intelFPGA_lite/18.1/embedded/host_tools/mentor/gnu/arm/baremetal/arm-altera-eabi/lib/libc.a(lib_a-dtoa.o)
                0x001142f8                _dtoa_r
 .text          0x00115934      0x314 /home/westornd/intelFPGA_lite/18.1/embedded/host_tools/mentor/gnu/arm/baremetal/arm-altera-eabi/lib/libc.a(lib_a-fflush.o)
                0x00115934                __sflush_r
                0x00115b70                _fflush_r
                0x00115c0c                fflush
 .text          0x00115c48      0x3e4 /home/westornd/intelFPGA_lite/18.1/embedded/host_tools/mentor/gnu/arm/baremetal/arm-altera-eabi/lib/libc.a(lib_a-findfp.o)
                0x00115c48                _cleanup_r
                0x00115d54                __sfmoreglue
                0x00115da4                _cleanup
                0x00115dc8                __sinit
                0x00115e5c                __sfp
                0x00115f7c                __sfp_lock_acquire
                0x00115f94                __sfp_lock_release
                0x00115fac                __sinit_lock_acquire
                0x00115fc4                __sinit_lock_release
                0x00115fdc                __fp_lock_all
                0x00116004                __fp_unlock_all
 .text.startup  0x0011602c       0x30 /home/westornd/intelFPGA_lite/18.1/embedded/host_tools/mentor/gnu/arm/baremetal/arm-altera-eabi/lib/libc.a(lib_a-findfp.o)
 .text          0x0011605c      0x3e0 /home/westornd/intelFPGA_lite/18.1/embedded/host_tools/mentor/gnu/arm/baremetal/arm-altera-eabi/lib/libc.a(lib_a-freer.o)
                0x0011605c                _malloc_trim_r
                0x0011615c                _free_r
 .text          0x0011643c      0x4dc /home/westornd/intelFPGA_lite/18.1/embedded/host_tools/mentor/gnu/arm/baremetal/arm-altera-eabi/lib/libc.a(lib_a-fvwrite.o)
                0x0011643c                __sfvwrite_r
 .text          0x00116918      0x110 /home/westornd/intelFPGA_lite/18.1/embedded/host_tools/mentor/gnu/arm/baremetal/arm-altera-eabi/lib/libc.a(lib_a-fwalk.o)
                0x00116918                _fwalk
                0x0011699c                _fwalk_reent
 .text          0x00116a28       0xf4 /home/westornd/intelFPGA_lite/18.1/embedded/host_tools/mentor/gnu/arm/baremetal/arm-altera-eabi/lib/libc.a(lib_a-locale.o)
                0x00116a4c                _setlocale_r
                0x00116ab4                __locale_mb_cur_max
                0x00116adc                __locale_ctype_ptr_l
                0x00116ae4                __locale_ctype_ptr
                0x00116afc                setlocale
 .text          0x00116b1c       0x58 /home/westornd/intelFPGA_lite/18.1/embedded/host_tools/mentor/gnu/arm/baremetal/arm-altera-eabi/lib/libc.a(lib_a-localeconv.o)
                0x00116b1c                __localeconv_l
                0x00116b24                _localeconv_r
                0x00116b4c                localeconv
 .text          0x00116b74      0x18c /home/westornd/intelFPGA_lite/18.1/embedded/host_tools/mentor/gnu/arm/baremetal/arm-altera-eabi/lib/libc.a(lib_a-makebuf.o)
                0x00116b74                __swhatbuf_r
                0x00116c14                __smakebuf_r
 .text          0x00116d00       0xa0 /home/westornd/intelFPGA_lite/18.1/embedded/host_tools/mentor/gnu/arm/baremetal/arm-altera-eabi/lib/libc.a(lib_a-mbtowc_r.o)
                0x00116d00                _mbtowc_r
                0x00116d54                __ascii_mbtowc
 .text          0x00116da0      0x110 /home/westornd/intelFPGA_lite/18.1/embedded/host_tools/mentor/gnu/arm/baremetal/arm-altera-eabi/lib/libc.a(lib_a-memchr-stub.o)
                0x00116da0                memchr
 .text          0x00116eb0      0xd98 /home/westornd/intelFPGA_lite/18.1/embedded/host_tools/mentor/gnu/arm/baremetal/arm-altera-eabi/lib/libc.a(lib_a-mprec.o)
                0x00116eb0                _Balloc
                0x00116f3c                _Bfree
                0x00116f58                __multadd
                0x00117034                __s2b
                0x00117124                __hi0bits
                0x0011717c                __lo0bits
                0x0011721c                __i2b
                0x00117240                __multiply
                0x00117410                __pow5mult
                0x00117514                __lshift
                0x001175fc                __mcmp
                0x0011765c                __mdiff
                0x00117804                __ulp
                0x0011786c                __b2d
                0x00117958                __d2b
                0x00117a68                __ratio
                0x00117af8                _mprec_log10
                0x00117b58                __copybits
                0x00117bc8                __any_on
 .text          0x00117c48      0x4d4 /home/westornd/intelFPGA_lite/18.1/embedded/host_tools/mentor/gnu/arm/baremetal/arm-altera-eabi/lib/libc.a(lib_a-reallocr.o)
                0x00117c48                _realloc_r
 .text          0x0011811c       0xd8 /home/westornd/intelFPGA_lite/18.1/embedded/host_tools/mentor/gnu/arm/baremetal/arm-altera-eabi/lib/libc.a(lib_a-stdio.o)
                0x0011811c                __sread
                0x00118150                __seofread
                0x00118158                __swrite
                0x001181b0                __sseek
                0x001181e0                __sclose
 .text          0x001181f4     0x14c4 /home/westornd/intelFPGA_lite/18.1/embedded/host_tools/mentor/gnu/arm/baremetal/arm-altera-eabi/lib/libc.a(lib_a-vfiprintf.o)
                0x001182a4                __sprint_r
                0x001182bc                _vfiprintf_r
                0x001195c0                vfiprintf
 .text          0x001196b8       0x74 /home/westornd/intelFPGA_lite/18.1/embedded/host_tools/mentor/gnu/arm/baremetal/arm-altera-eabi/lib/libc.a(lib_a-wctomb_r.o)
                0x001196b8                _wctomb_r
                0x00119704                __ascii_wctomb
 .text          0x0011972c      0x180 /home/westornd/intelFPGA_lite/18.1/embedded/host_tools/mentor/gnu/arm/baremetal/arm-altera-eabi/lib/libc.a(lib_a-fclose.o)
                0x0011972c                _fclose_r
                0x00119894                fclose
 .text          0x001198ac      0x204 /home/westornd/intelFPGA_lite/18.1/embedded/host_tools/mentor/gnu/arm/baremetal/arm-altera-eabi/lib/libc.a(lib_a-fputwc.o)
                0x001198ac                __fputwc
                0x001199bc                _fputwc_r
                0x00119a78                fputwc
 .text          0x00119ab0      0x150 /home/westornd/intelFPGA_lite/18.1/embedded/host_tools/mentor/gnu/arm/baremetal/arm-altera-eabi/lib/libc.a(lib_a-wcrtomb.o)
                0x00119ab0                _wcrtomb_r
                0x00119b54                wcrtomb
 .text          0x00119c00      0x114 /home/westornd/intelFPGA_lite/18.1/embedded/host_tools/mentor/gnu/arm/baremetal/bin/../lib/gcc/arm-altera-eabi/6.2.0/libgcc.a(_udivsi3.o)
                0x00119c00                __udivsi3
                0x00119c00                __aeabi_uidiv
                0x00119cf4                __aeabi_uidivmod
 .text          0x00119d14      0x41c /home/westornd/intelFPGA_lite/18.1/embedded/host_tools/mentor/gnu/arm/baremetal/bin/../lib/gcc/arm-altera-eabi/6.2.0/libgcc.a(_arm_addsubdf3.o)
                0x00119d14                __aeabi_drsub
                0x00119d1c                __aeabi_dsub
                0x00119d1c                __subdf3
                0x00119d20                __adddf3
                0x00119d20                __aeabi_dadd
                0x0011a030                __aeabi_ui2d
                0x0011a030                __floatunsidf
                0x0011a054                __floatsidf
                0x0011a054                __aeabi_i2d
                0x0011a07c                __extendsfdf2
                0x0011a07c                __aeabi_f2d
                0x0011a0bc                __aeabi_ul2d
                0x0011a0bc                __floatundidf
                0x0011a0d0                __floatdidf
                0x0011a0d0                __aeabi_l2d
 .text          0x0011a130      0x49c /home/westornd/intelFPGA_lite/18.1/embedded/host_tools/mentor/gnu/arm/baremetal/bin/../lib/gcc/arm-altera-eabi/6.2.0/libgcc.a(_arm_muldivdf3.o)
                0x0011a130                __aeabi_dmul
                0x0011a130                __muldf3
                0x0011a3c0                __aeabi_ddiv
                0x0011a3c0                __divdf3
 .text          0x0011a5cc      0x144 /home/westornd/intelFPGA_lite/18.1/embedded/host_tools/mentor/gnu/arm/baremetal/bin/../lib/gcc/arm-altera-eabi/6.2.0/libgcc.a(_arm_cmpdf2.o)
                0x0011a5cc                __gtdf2
                0x0011a5cc                __gedf2
                0x0011a5d4                __ltdf2
                0x0011a5d4                __ledf2
                0x0011a5dc                __cmpdf2
                0x0011a5dc                __eqdf2
                0x0011a5dc                __nedf2
                0x0011a664                __aeabi_cdrcmple
                0x0011a680                __aeabi_cdcmple
                0x0011a680                __aeabi_cdcmpeq
                0x0011a698                __aeabi_dcmpeq
                0x0011a6b0                __aeabi_dcmplt
                0x0011a6c8                __aeabi_dcmple
                0x0011a6e0                __aeabi_dcmpge
                0x0011a6f8                __aeabi_dcmpgt
 .text          0x0011a710       0x38 /home/westornd/intelFPGA_lite/18.1/embedded/host_tools/mentor/gnu/arm/baremetal/bin/../lib/gcc/arm-altera-eabi/6.2.0/libgcc.a(_arm_unorddf2.o)
                0x0011a710                __aeabi_dcmpun
                0x0011a710                __unorddf2
 .text          0x0011a748       0x5c /home/westornd/intelFPGA_lite/18.1/embedded/host_tools/mentor/gnu/arm/baremetal/bin/../lib/gcc/arm-altera-eabi/6.2.0/libgcc.a(_arm_fixdfsi.o)
                0x0011a748                __fixdfsi
                0x0011a748                __aeabi_d2iz
 .text          0x0011a7a4       0x3c /home/westornd/intelFPGA_lite/18.1/embedded/host_tools/mentor/gnu/arm/baremetal/bin/../lib/gcc/arm-altera-eabi/6.2.0/libgcc.a(_aeabi_uldivmod.o)
                0x0011a7a4                __aeabi_uldivmod
 .text          0x0011a7e0      0x12c /home/westornd/intelFPGA_lite/18.1/embedded/host_tools/mentor/gnu/arm/baremetal/bin/../lib/gcc/arm-altera-eabi/6.2.0/libgcc.a(_udivmoddi4.o)
                0x0011a7e0                __udivmoddi4
 .text          0x0011a90c       0x58 /home/westornd/intelFPGA_lite/18.1/embedded/host_tools/mentor/gnu/arm/baremetal/bin/../lib/gcc/arm-altera-eabi/6.2.0/libgcc.a(gthr-generic.o)
                0x0011a90c                __generic_gxx_active_p
                0x0011a914                __generic_gxx_key_create
                0x0011a91c                __generic_gxx_once
                0x0011a920                __generic_gxx_key_delete
                0x0011a928                __generic_gxx_getspecific
                0x0011a930                __generic_gxx_setspecific
                0x0011a938                __generic_gxx_recursive_mutex_init_function
                0x0011a93c                __generic_gxx_mutex_init_function
                0x0011a940                __generic_gxx_recursive_mutex_destroy
                0x0011a948                __generic_gxx_recursive_mutex_unlock
                0x0011a94c                __generic_gxx_recursive_mutex_trylock
                0x0011a950                __generic_gxx_recursive_mutex_lock
                0x0011a954                __generic_gxx_mutex_unlock
                0x0011a958                __generic_gxx_mutex_trylock
                0x0011a95c                __generic_gxx_mutex_lock
                0x0011a960                __generic_gxx_mutex_destroy
 .text          0x0011a964       0x28 /home/westornd/intelFPGA_lite/18.1/embedded/host_tools/mentor/gnu/arm/baremetal/bin/../lib/gcc/arm-altera-eabi/6.2.0/libgcc.a(_clzdi2.o)
                0x0011a964                __clzdi2
 .text          0x0011a98c       0x48 /home/westornd/intelFPGA_lite/18.1/embedded/host_tools/mentor/gnu/arm/baremetal/bin/../lib/gcc/arm-altera-eabi/6.2.0/libgcc.a(_clzsi2.o)
                0x0011a98c                __clzsi2
 *fill*         0x0011a9d4        0x4 
 .text.__stub   0x0011a9d8       0x20 linker stubs
 *(.plt)
 *(.gnu.warning)
 *(.glue_7t)
 .glue_7t       0x0011a9f8        0x0 linker stubs
 *(.glue_7)
 .glue_7        0x0011a9f8        0x0 linker stubs
 *(.vfp11_veneer)
 .vfp11_veneer  0x0011a9f8        0x0 linker stubs
 *(.ARM.extab* .gnu.linkonce.armextab.*)
 *(.gcc_except_table)

.v4_bx          0x0011a9f8        0x0
 .v4_bx         0x0011a9f8        0x0 linker stubs

.iplt           0x0011a9f8        0x0
 .iplt          0x0011a9f8        0x0 /home/westornd/intelFPGA_lite/18.1/embedded/host_tools/mentor/gnu/arm/baremetal/bin/../lib/gcc/arm-altera-eabi/6.2.0/crtbegin.o

.eh_frame_hdr
 *(.eh_frame_hdr)
 *(.eh_frame_entry .eh_frame_entry.*)

.eh_frame       0x0011a9f8        0x4
 *(.eh_frame)
 .eh_frame      0x0011a9f8        0x0 /home/westornd/intelFPGA_lite/18.1/embedded/host_tools/mentor/gnu/arm/baremetal/bin/../lib/gcc/arm-altera-eabi/6.2.0/crtbegin.o
 .eh_frame      0x0011a9f8        0x4 /home/westornd/intelFPGA_lite/18.1/embedded/host_tools/mentor/gnu/arm/baremetal/bin/../lib/gcc/arm-altera-eabi/6.2.0/crtend.o
 *(.eh_frame.*)
                0x0011a9fc                PROVIDE (__exidx_start, .)

.ARM.exidx      0x0011a9fc       0xe8
 *(.ARM.exidx* .gnu.linkonce.armexidx.*)
 .ARM.exidx.text.startup.main
                0x0011a9fc        0x8 Main_mAbassi.o
 .ARM.exidx.text.TIMcallBack
                0x0011aa04        0x8 Main_mAbassi.o
 .ARM.exidx.text._Z24button_CallbackInterruptmPv
                0x0011aa0c        0x8 MyApp_mAbassi.o
 .ARM.exidx.text._Z13Task_FPGA_Ledv
                0x0011aa14        0x0 MyApp_mAbassi.o
                                  0x8 (size before relaxing)
 .ARM.exidx.text._Z16Task_FPGA_Buttonv
                0x0011aa14        0x8 MyApp_mAbassi.o
 .ARM.exidx.text._Z15setup_Interruptv
                0x0011aa1c        0x8 MyApp_mAbassi.o
 .ARM.exidx.text._Z14setup_hps_gpiov
                0x0011aa24        0x8 MyApp_mAbassi.o
 .ARM.exidx.text._Z12Task_HPS_Ledv
                0x0011aa2c        0x8 MyApp_mAbassi.o
 .ARM.exidx.text.Test_func
                0x0011aa34        0x8 test.o
 .ARM.exidx     0x0011aa3c       0x78 /home/westornd/intelFPGA_lite/18.1/embedded/host_tools/mentor/gnu/arm/baremetal/bin/../lib/gcc/arm-altera-eabi/6.2.0/libgcc.a(unwind-arm.o)
                                 0xd8 (size before relaxing)
 .ARM.exidx     0x0011aab4       0x30 /home/westornd/intelFPGA_lite/18.1/embedded/host_tools/mentor/gnu/arm/baremetal/bin/../lib/gcc/arm-altera-eabi/6.2.0/libgcc.a(pr-support.o)
                                 0x48 (size before relaxing)
 .ARM.exidx     0x0011aae4        0x0 /home/westornd/intelFPGA_lite/18.1/embedded/host_tools/mentor/gnu/arm/baremetal/bin/../lib/gcc/arm-altera-eabi/6.2.0/libgcc.a(_udivmoddi4.o)
                                  0x8 (size before relaxing)
                0x0011aae4                PROVIDE (__exidx_end, .)

.rel.dyn        0x0011aae4        0x0
 .rel.iplt      0x0011aae4        0x0 /home/westornd/intelFPGA_lite/18.1/embedded/host_tools/mentor/gnu/arm/baremetal/bin/../lib/gcc/arm-altera-eabi/6.2.0/crtbegin.o

.rodata         0x0011aae8     0x35b8
 *(.rodata .rodata.* .gnu.linkonce.r.*)
 .rodata.main.str1.4
                0x0011aae8       0x2a Main_mAbassi.o
 *fill*         0x0011ab12        0x2 
 .rodata        0x0011ab14        0xc MyApp_mAbassi.o
 .rodata._Z12Task_HPS_Ledv.str1.4
                0x0011ab20       0x71 MyApp_mAbassi.o
 *fill*         0x0011ab91        0x3 
 .rodata._Z14setup_hps_gpiov.str1.4
                0x0011ab94       0x35 MyApp_mAbassi.o
 *fill*         0x0011abc9        0x3 
 .rodata._Z16Task_FPGA_Buttonv.str1.4
                0x0011abcc       0x45 MyApp_mAbassi.o
 *fill*         0x0011ac11        0x3 
 .rodata._Z24button_CallbackInterruptmPv.str1.4
                0x0011ac14        0xc MyApp_mAbassi.o
 .rodata.BSecho.7309
                0x0011ac20        0x2 dw_uart.o
 *fill*         0x0011ac22        0x6 
 .rodata.g_DevReMap
                0x0011ac28        0x8 dw_uart.o
 .rodata.g_HWaddr
                0x0011ac30        0x8 dw_uart.o
 .rodata.g_Names
                0x0011ac38       0x40 dw_uart.o
 .rodata.G_ABORTstackSize
                0x0011ac78        0x4 mAbassiCfgA9.o
                0x0011ac78                G_ABORTstackSize
 .rodata.G_FIQstackSize
                0x0011ac7c        0x4 mAbassiCfgA9.o
                0x0011ac7c                G_FIQstackSize
 .rodata.G_IRQstackSize
                0x0011ac80        0x4 mAbassiCfgA9.o
                0x0011ac80                G_IRQstackSize
 *fill*         0x0011ac84        0x4 
 .rodata.G_MMUnonCachedTbl
                0x0011ac88        0xc mAbassiCfgA9.o
                0x0011ac88                G_MMUnonCachedTbl
 *fill*         0x0011ac94        0x4 
 .rodata.G_MMUnonCprivTbl
                0x0011ac98       0x10 mAbassiCfgA9.o
                0x0011ac98                G_MMUnonCprivTbl
 .rodata.G_MMUprivateTbl
                0x0011aca8       0x10 mAbassiCfgA9.o
                0x0011aca8                G_MMUprivateTbl
 .rodata.G_MMUsharedTbl
                0x0011acb8        0xc mAbassiCfgA9.o
                0x0011acb8                G_MMUsharedTbl
 .rodata.G_SUPERstackSize
                0x0011acc4        0x4 mAbassiCfgA9.o
                0x0011acc4                G_SUPERstackSize
 .rodata.G_UNDEFstackSize
                0x0011acc8        0x4 mAbassiCfgA9.o
                0x0011acc8                G_UNDEFstackSize
 .rodata.CmdEdit.str1.4
                0x0011accc      0x1a9 Shell.o
 *fill*         0x0011ae75        0x3 
 .rodata.CmdEvt.str1.4
                0x0011ae78       0xf2 Shell.o
                                 0xf8 (size before relaxing)
 *fill*         0x0011af6a        0x2 
 .rodata.CmdGrp.str1.4
                0x0011af6c      0x38d Shell.o
                                0x391 (size before relaxing)
 *fill*         0x0011b2f9        0x3 
 .rodata.CmdHelp.str1.4
                0x0011b2fc      0x1ec Shell.o
 .rodata.CmdLog.str1.4
                0x0011b4e8       0x36 Shell.o
 *fill*         0x0011b51e        0x2 
 .rodata.CmdMblk.str1.4
                0x0011b520       0xc2 Shell.o
 *fill*         0x0011b5e2        0x2 
 .rodata.CmdMbx.str1.4
                0x0011b5e4      0x50f Shell.o
                                0x514 (size before relaxing)
 *fill*         0x0011baf3        0x1 
 .rodata.CmdMem.str1.4
                0x0011baf4      0x188 Shell.o
 .rodata.CmdMtx.str1.4
                0x0011bc7c      0x4e6 Shell.o
                                0x50a (size before relaxing)
 *fill*         0x0011c162        0x2 
 .rodata.CmdSem.str1.4
                0x0011c164      0x431 Shell.o
 *fill*         0x0011c595        0x3 
 .rodata.CmdSys.str1.4
                0x0011c598      0x11c Shell.o
                                0x120 (size before relaxing)
 .rodata.CmdTask.str1.4
                0x0011c6b4      0xc82 Shell.o
                                0xc9a (size before relaxing)
 *fill*         0x0011d336        0x2 
 .rodata.CmdTim.str1.4
                0x0011d338      0x785 Shell.o
                                0x78d (size before relaxing)
 *fill*         0x0011dabd        0x3 
 .rodata.CommandLst
                0x0011dac0       0x70 Shell.o
 .rodata.OSshell.str1.4
                0x0011db30       0x55 Shell.o
 *fill*         0x0011db85        0x3 
 .rodata.PrtResult.str1.4
                0x0011db88      0x1b1 Shell.o
 *fill*         0x0011dd39        0x7 
 .rodata.G_OSnoName
                0x0011dd40        0x4 ../../mAbassi/Platform/lib/lib_mAbassi_EVAL_GCC_AR5_CY5.a(mAbassi_EVAL_A9_GCC_2_NR.o)
                0x0011dd40                G_OSnoName
 *fill*         0x0011dd44        0x4 
 .rodata.G_OSprivName
                0x0011dd48        0x5 ../../mAbassi/Platform/lib/lib_mAbassi_EVAL_GCC_AR5_CY5.a(mAbassi_EVAL_A9_GCC_2_NR.o)
                0x0011dd48                G_OSprivName
 *fill*         0x0011dd4d        0x3 
 .rodata.OSstart.str1.4
                0x0011dd50       0x14 ../../mAbassi/Platform/lib/lib_mAbassi_EVAL_GCC_AR5_CY5.a(mAbassi_EVAL_A9_GCC_2_NR.o)
 *fill*         0x0011dd64        0x4 
 .rodata.g_OSMutexName
                0x0011dd68        0x6 ../../mAbassi/Platform/lib/lib_mAbassi_EVAL_GCC_AR5_CY5.a(mAbassi_EVAL_A9_GCC_2_NR.o)
                0x0011dd68                g_OSMutexName
 *fill*         0x0011dd6e        0x2 
 .rodata        0x0011dd70        0x4 /home/westornd/intelFPGA_lite/18.1/embedded/host_tools/mentor/gnu/arm/baremetal/arm-altera-eabi/lib/libc.a(lib_a-impure.o)
                0x0011dd70                _global_impure_ptr
 .rodata.str1.4
                0x0011dd74       0x14 /home/westornd/intelFPGA_lite/18.1/embedded/host_tools/mentor/gnu/arm/baremetal/arm-altera-eabi/lib/libc.a(lib_a-puts.o)
                                  0x2 (size before relaxing)
 .rodata        0x0011dd74       0x20 /home/westornd/intelFPGA_lite/18.1/embedded/host_tools/mentor/gnu/arm/baremetal/arm-altera-eabi/lib/libc.a(lib_a-vfprintf.o)
 .rodata.str1.4
                0x0011dd94       0x3f /home/westornd/intelFPGA_lite/18.1/embedded/host_tools/mentor/gnu/arm/baremetal/arm-altera-eabi/lib/libc.a(lib_a-vfprintf.o)
                                 0x42 (size before relaxing)
 *fill*         0x0011ddd3        0x1 
 .rodata.str1.4
                0x0011ddd4       0x10 /home/westornd/intelFPGA_lite/18.1/embedded/host_tools/mentor/gnu/arm/baremetal/arm-altera-eabi/lib/libc.a(lib_a-dtoa.o)
                                 0x12 (size before relaxing)
 .rodata.str1.4
                0x0011dde4       0x10 /home/westornd/intelFPGA_lite/18.1/embedded/host_tools/mentor/gnu/arm/baremetal/arm-altera-eabi/lib/libc.a(lib_a-locale.o)
                                 0x12 (size before relaxing)
 *fill*         0x0011ddf4        0x4 
 .rodata        0x0011ddf8      0x128 /home/westornd/intelFPGA_lite/18.1/embedded/host_tools/mentor/gnu/arm/baremetal/arm-altera-eabi/lib/libc.a(lib_a-mprec.o)
                0x0011de08                __mprec_tens
                0x0011ded0                __mprec_tinytens
                0x0011def8                __mprec_bigtens
 .rodata        0x0011df20       0x20 /home/westornd/intelFPGA_lite/18.1/embedded/host_tools/mentor/gnu/arm/baremetal/arm-altera-eabi/lib/libc.a(lib_a-vfiprintf.o)
 .rodata.str1.4
                0x0011df40       0x2f /home/westornd/intelFPGA_lite/18.1/embedded/host_tools/mentor/gnu/arm/baremetal/arm-altera-eabi/lib/libc.a(lib_a-vfiprintf.o)
 .rodata        0x0011df40      0x101 /home/westornd/intelFPGA_lite/18.1/embedded/host_tools/mentor/gnu/arm/baremetal/arm-altera-eabi/lib/libc.a(lib_a-ctype_.o)
                0x0011df40                _ctype_
                0x0011e044                . = ALIGN (0x4)
 *fill*         0x0011e041        0x3 
 *(.init)
 .init          0x0011e044        0xc /home/westornd/intelFPGA_lite/18.1/embedded/host_tools/mentor/gnu/arm/baremetal/bin/../lib/gcc/arm-altera-eabi/6.2.0/crti.o
                0x0011e044                _init
 .init          0x0011e050        0xc /home/westornd/intelFPGA_lite/18.1/embedded/host_tools/mentor/gnu/arm/baremetal/bin/../lib/gcc/arm-altera-eabi/6.2.0/crtn.o
                0x0011e05c                . = ALIGN (0x4)
                0x0011e05c                __preinit_array_start = .
 *(.preinit_array)
                0x0011e05c                __preinit_array_end = .
                0x0011e05c                . = ALIGN (0x4)
                0x0011e05c                __init_array_start = .
 *(SORT(.init_array.*))
 .init_array.00000
                0x0011e05c        0x4 /home/westornd/intelFPGA_lite/18.1/embedded/host_tools/mentor/gnu/arm/baremetal/arm-altera-eabi/lib/libc.a(lib_a-mlock.o)
 .init_array.00000
                0x0011e060        0x8 /home/westornd/intelFPGA_lite/18.1/embedded/host_tools/mentor/gnu/arm/baremetal/arm-altera-eabi/lib/libc.a(lib_a-findfp.o)
 *(.init_array)
 .init_array    0x0011e068        0x4 /home/westornd/intelFPGA_lite/18.1/embedded/host_tools/mentor/gnu/arm/baremetal/bin/../lib/gcc/arm-altera-eabi/6.2.0/crtbegin.o
                0x0011e06c                __init_array_end = .
                0x0011e06c                . = ALIGN (0x4)
 *(.fini)
 .fini          0x0011e06c        0xc /home/westornd/intelFPGA_lite/18.1/embedded/host_tools/mentor/gnu/arm/baremetal/bin/../lib/gcc/arm-altera-eabi/6.2.0/crti.o
                0x0011e06c                _fini
 .fini          0x0011e078        0xc /home/westornd/intelFPGA_lite/18.1/embedded/host_tools/mentor/gnu/arm/baremetal/bin/../lib/gcc/arm-altera-eabi/6.2.0/crtn.o
                0x0011e084                . = ALIGN (0x4)
                0x0011e084                __fini_array_start = .
 *(.fini_array)
 .fini_array    0x0011e084        0x4 /home/westornd/intelFPGA_lite/18.1/embedded/host_tools/mentor/gnu/arm/baremetal/bin/../lib/gcc/arm-altera-eabi/6.2.0/crtbegin.o
 *(SORT(.fini_array.*))
                0x0011e088                __fini_array_end = .
                0x0011e088                . = ALIGN (0x4)
 *crtbegin.o(.ctors)
 *crtbegin?.o(.ctors)
 *(EXCLUDE_FILE(*crtend.o) .ctors)
 *(SORT(.ctors.*))
 *crtend.o(.ctors)
 *(.ctors)
                0x0011e088                . = ALIGN (0x4)
 *crtbegin.o(.dtors)
 *crtbegin?.o(.dtors)
 *(EXCLUDE_FILE(*crtend.o) .dtors)
 *(SORT(.dtors.*))
 *crtend.o(.dtors)
 *(.dtors)
                0x0011e088                . = ALIGN (0x4)
                0x0011e088                __cs3_regions = .
                0x0011e088        0x4 LONG 0x0
                0x0011e08c        0x4 LONG 0x100040 __cs3_region_init_ram
                0x0011e090        0x4 LONG 0x100040 __cs3_region_start_ram
                0x0011e094        0x4 LONG 0x1ea70 __cs3_region_init_size_ram
                0x0011e098        0x4 LONG 0x1002ef98 __cs3_region_zero_size_ram
                0x0011e09c                __cs3_regions_end = .
                0x0011e0a0                . = ALIGN (0x8)
 *fill*         0x0011e09c        0x4 
                0x0011e0a0                _etext = .
                0x00000001                ASSERT (! ((__cs3_region_init_ram & 0x7)), __cs3_region_init_ram not aligned)
                0x00000001                ASSERT (! ((__cs3_region_start_ram & 0x7)), __cs3_region_start_ram not aligned)
                0x00000001                ASSERT (! ((__cs3_region_init_size_ram & 0x7)), __cs3_region_init_size_ram not aligned)
                0x00000001                ASSERT (! ((__cs3_region_zero_size_ram & 0x7)), __cs3_region_zero_size_ram not aligned)
                0x0011e0a0                __etext = .

.data           0x0011e0a0      0xa10
                0x0011e0a0                _fdata = .
                0x0011e0a0                __data_start__ = .
 *(vtable)
 *(.data*)
 .data.fpga_buttons
                0x0011e0a0        0x4 MyApp_mAbassi.o
                0x0011e0a0                fpga_buttons
 .data.fpga_leds
                0x0011e0a4        0x4 MyApp_mAbassi.o
                0x0011e0a4                fpga_leds
 .data.fpga_spi
                0x0011e0a8        0x4 MyApp_mAbassi.o
                0x0011e0a8                fpga_spi
 *fill*         0x0011e0ac        0x4 
 .data.ExpiryCnt.7521
                0x0011e0b0        0x8 ../../mAbassi/Platform/lib/lib_mAbassi_EVAL_GCC_AR5_CY5.a(mAbassi_EVAL_A9_GCC_2_NR.o)
 .data.ExpiryPrv.7522
                0x0011e0b8        0x8 ../../mAbassi/Platform/lib/lib_mAbassi_EVAL_GCC_AR5_CY5.a(mAbassi_EVAL_A9_GCC_2_NR.o)
 .data          0x0011e0c0       0x3c ../../mAbassi/Platform/lib/lib_mAbassi_EVAL_GCC_AR5_CY5.a(mAbassi_EVAL_GCC_AR5_CY5_NR.o)
                0x0011e0c4                __cs3_isr_dabort
                0x0011e0c4                DATAabort_Handler
                0x0011e0d8                __cs3_isr_fiq
                0x0011e0d8                FIQ_Handler
                0x0011e0dc                PFabort_Handler
                0x0011e0dc                __cs3_isr_pabort
                0x0011e0ec                Undef_Handler
                0x0011e0ec                __cs3_isr_undef
 *fill*         0x0011e0fc        0x4 
 .data          0x0011e100      0x430 /home/westornd/intelFPGA_lite/18.1/embedded/host_tools/mentor/gnu/arm/baremetal/arm-altera-eabi/lib/libc.a(lib_a-impure.o)
                0x0011e100                _impure_ptr
 .data          0x0011e530      0x410 /home/westornd/intelFPGA_lite/18.1/embedded/host_tools/mentor/gnu/arm/baremetal/arm-altera-eabi/lib/libc.a(lib_a-mallocr.o)
                0x0011e530                __malloc_av_
                0x0011e938                __malloc_sbrk_base
                0x0011e93c                __malloc_trim_threshold
 .data          0x0011e940      0x16c /home/westornd/intelFPGA_lite/18.1/embedded/host_tools/mentor/gnu/arm/baremetal/arm-altera-eabi/lib/libc.a(lib_a-locale.o)
                0x0011e940                __global_locale
 *(.jcr*)
 .jcr           0x0011eaac        0x0 /home/westornd/intelFPGA_lite/18.1/embedded/host_tools/mentor/gnu/arm/baremetal/bin/../lib/gcc/arm-altera-eabi/6.2.0/crtbegin.o
 .jcr           0x0011eaac        0x4 /home/westornd/intelFPGA_lite/18.1/embedded/host_tools/mentor/gnu/arm/baremetal/bin/../lib/gcc/arm-altera-eabi/6.2.0/crtend.o
                0x0011eab0                . = ALIGN (0x8)
                0x0011eab0                __data_end__ = .
                0x0011eab0                _edata = .

.tm_clone_table
                0x0011eab0        0x0
 .tm_clone_table
                0x0011eab0        0x0 /home/westornd/intelFPGA_lite/18.1/embedded/host_tools/mentor/gnu/arm/baremetal/bin/../lib/gcc/arm-altera-eabi/6.2.0/crtbegin.o
 .tm_clone_table
                0x0011eab0        0x0 /home/westornd/intelFPGA_lite/18.1/embedded/host_tools/mentor/gnu/arm/baremetal/bin/../lib/gcc/arm-altera-eabi/6.2.0/crtend.o

.igot.plt       0x0011eab0        0x0
 .igot.plt      0x0011eab0        0x0 /home/westornd/intelFPGA_lite/18.1/embedded/host_tools/mentor/gnu/arm/baremetal/bin/../lib/gcc/arm-altera-eabi/6.2.0/crtbegin.o

.bss            0x0011eb00    0x2ef48
                0x0011eb00                _fbss = .
                0x0011eb00                __bss_start__ = .
 *(.shbss)
 *(.bss .bss.* .gnu.linkonce.b.*)
 .bss           0x0011eb00       0x1c /home/westornd/intelFPGA_lite/18.1/embedded/host_tools/mentor/gnu/arm/baremetal/bin/../lib/gcc/arm-altera-eabi/6.2.0/crtbegin.o
 .bss.G_UartDevErr
                0x0011eb1c        0x4 Main_mAbassi.o
                0x0011eb1c                G_UartDevErr
 .bss.G_UartDevIn
                0x0011eb20        0x4 Main_mAbassi.o
                0x0011eb20                G_UartDevIn
 .bss.G_UartDevOut
                0x0011eb24        0x4 Main_mAbassi.o
                0x0011eb24                G_UartDevOut
 .bss.g_CfgIsInit
                0x0011eb28        0x4 dw_uart.o
 .bss.g_UARTcfg
                0x0011eb2c     0x2088 dw_uart.o
 *fill*         0x00120bb4        0x4 
 .bss.G_ABORTstack
                0x00120bb8      0x800 mAbassiCfgA9.o
                0x00120bb8                G_ABORTstack
 .bss.G_FIQstack
                0x001213b8      0x800 mAbassiCfgA9.o
                0x001213b8                G_FIQstack
 .bss.G_IRQstack
                0x00121bb8     0x8000 mAbassiCfgA9.o
                0x00121bb8                G_IRQstack
 .bss.G_SUPERstack
                0x00129bb8     0x8000 mAbassiCfgA9.o
                0x00129bb8                G_SUPERstack
 .bss.G_UNDEFstack
                0x00131bb8      0x800 mAbassiCfgA9.o
                0x00131bb8                G_UNDEFstack
 .bss.Arg_V.8149
                0x001323b8       0x28 Shell.o
 .bss.CmdLine.8150
                0x001323e0       0x81 Shell.o
 *fill*         0x00132461        0x7 
 .bss.SetV.8151
                0x00132468        0x3 Shell.o
 *fill*         0x0013246b        0x5 
 .bss.ValAsc.8283
                0x00132470       0x80 Shell.o
 .bss.g_CmdHist
                0x001324f0     0x20c1 Shell.o
 *fill*         0x001345b1        0x3 
 .bss.g_EchoOff
                0x001345b4        0x4 Shell.o
 .bss.g_HistNew
                0x001345b8        0x4 Shell.o
 .bss.g_HistOld
                0x001345bc        0x4 Shell.o
 .bss.g_StrIP   0x001345c0       0x20 Shell.o
 .bss.g_StrIPn  0x001345e0       0x20 Shell.o
 .bss.g_StrP    0x00134600       0x20 Shell.o
 .bss.g_StrPn   0x00134620       0x20 Shell.o
 .bss.g_StrV    0x00134640       0x20 Shell.o
 .bss.g_StrVn   0x00134660       0x20 Shell.o
 .bss.ExpiryZap.7523
                0x00134680        0x4 ../../mAbassi/Platform/lib/lib_mAbassi_EVAL_GCC_AR5_CY5.a(mAbassi_EVAL_A9_GCC_2_NR.o)
 *fill*         0x00134684        0x4 
 .bss.G_CoreIdleDone
                0x00134688        0x8 ../../mAbassi/Platform/lib/lib_mAbassi_EVAL_GCC_AR5_CY5.a(mAbassi_EVAL_A9_GCC_2_NR.o)
                0x00134688                G_CoreIdleDone
 .bss.G_OSisrQrd
                0x00134690        0x8 ../../mAbassi/Platform/lib/lib_mAbassi_EVAL_GCC_AR5_CY5.a(mAbassi_EVAL_A9_GCC_2_NR.o)
                0x00134690                G_OSisrQrd
 .bss.G_OSisrQwrt
                0x00134698        0x8 ../../mAbassi/Platform/lib/lib_mAbassi_EVAL_GCC_AR5_CY5.a(mAbassi_EVAL_A9_GCC_2_NR.o)
                0x00134698                G_OSisrQwrt
 .bss.G_OSisrState
                0x001346a0       0x38 ../../mAbassi/Platform/lib/lib_mAbassi_EVAL_GCC_AR5_CY5.a(mAbassi_EVAL_A9_GCC_2_NR.o)
                0x001346a0                G_OSisrState
 .bss.G_OSisrTbl
                0x001346d8     0x1000 ../../mAbassi/Platform/lib/lib_mAbassi_EVAL_GCC_AR5_CY5.a(mAbassi_EVAL_A9_GCC_2_NR.o)
                0x001346d8                G_OSisrTbl
 .bss.G_OSmutex
                0x001356d8        0x4 ../../mAbassi/Platform/lib/lib_mAbassi_EVAL_GCC_AR5_CY5.a(mAbassi_EVAL_A9_GCC_2_NR.o)
                0x001356d8                G_OSmutex
 .bss.G_OSstate
                0x001356dc        0x4 ../../mAbassi/Platform/lib/lib_mAbassi_EVAL_GCC_AR5_CY5.a(mAbassi_EVAL_A9_GCC_2_NR.o)
                0x001356dc                G_OSstate
 .bss.G_OStaskNow
                0x001356e0        0x8 ../../mAbassi/Platform/lib/lib_mAbassi_EVAL_GCC_AR5_CY5.a(mAbassi_EVAL_A9_GCC_2_NR.o)
                0x001356e0                G_OStaskNow
 .bss.G_OStimCnt
                0x001356e8        0x4 ../../mAbassi/Platform/lib/lib_mAbassi_EVAL_GCC_AR5_CY5.a(mAbassi_EVAL_A9_GCC_2_NR.o)
                0x001356e8                G_OStimCnt
 *fill*         0x001356ec        0x4 
 .bss.LoadBal.7508
                0x001356f0        0x8 ../../mAbassi/Platform/lib/lib_mAbassi_EVAL_GCC_AR5_CY5.a(mAbassi_EVAL_A9_GCC_2_NR.o)
 .bss.g_CoreInInit
                0x001356f8        0x4 ../../mAbassi/Platform/lib/lib_mAbassi_EVAL_GCC_AR5_CY5.a(mAbassi_EVAL_A9_GCC_2_NR.o)
 .bss.g_GrpList
                0x001356fc        0x4 ../../mAbassi/Platform/lib/lib_mAbassi_EVAL_GCC_AR5_CY5.a(mAbassi_EVAL_A9_GCC_2_NR.o)
                0x001356fc                g_GrpList
 .bss.g_KrnlReent
                0x00135700        0x8 ../../mAbassi/Platform/lib/lib_mAbassi_EVAL_GCC_AR5_CY5.a(mAbassi_EVAL_A9_GCC_2_NR.o)
                0x00135700                g_KrnlReent
 .bss.g_MblkList
                0x00135708        0x4 ../../mAbassi/Platform/lib/lib_mAbassi_EVAL_GCC_AR5_CY5.a(mAbassi_EVAL_A9_GCC_2_NR.o)
                0x00135708                g_MblkList
 .bss.g_MboxList
                0x0013570c        0x4 ../../mAbassi/Platform/lib/lib_mAbassi_EVAL_GCC_AR5_CY5.a(mAbassi_EVAL_A9_GCC_2_NR.o)
                0x0013570c                g_MboxList
 .bss.g_MutexList
                0x00135710        0x4 ../../mAbassi/Platform/lib/lib_mAbassi_EVAL_GCC_AR5_CY5.a(mAbassi_EVAL_A9_GCC_2_NR.o)
                0x00135710                g_MutexList
 *fill*         0x00135714        0x4 
 .bss.g_OStimCore
                0x00135718        0x8 ../../mAbassi/Platform/lib/lib_mAbassi_EVAL_GCC_AR5_CY5.a(mAbassi_EVAL_A9_GCC_2_NR.o)
 .bss.g_OStimSpin
                0x00135720        0x4 ../../mAbassi/Platform/lib/lib_mAbassi_EVAL_GCC_AR5_CY5.a(mAbassi_EVAL_A9_GCC_2_NR.o)
 .bss.g_PostQueue
                0x00135724    0x18000 ../../mAbassi/Platform/lib/lib_mAbassi_EVAL_GCC_AR5_CY5.a(mAbassi_EVAL_A9_GCC_2_NR.o)
 .bss.g_SemaList
                0x0014d724        0x4 ../../mAbassi/Platform/lib/lib_mAbassi_EVAL_GCC_AR5_CY5.a(mAbassi_EVAL_A9_GCC_2_NR.o)
                0x0014d724                g_SemaList
 .bss.g_StrvHoldCnt
                0x0014d728        0x4 ../../mAbassi/Platform/lib/lib_mAbassi_EVAL_GCC_AR5_CY5.a(mAbassi_EVAL_A9_GCC_2_NR.o)
                0x0014d728                g_StrvHoldCnt
 .bss.g_StrvList
                0x0014d72c        0x4 ../../mAbassi/Platform/lib/lib_mAbassi_EVAL_GCC_AR5_CY5.a(mAbassi_EVAL_A9_GCC_2_NR.o)
                0x0014d72c                g_StrvList
 .bss.g_StrvPreEmptCnt
                0x0014d730        0x4 ../../mAbassi/Platform/lib/lib_mAbassi_EVAL_GCC_AR5_CY5.a(mAbassi_EVAL_A9_GCC_2_NR.o)
                0x0014d730                g_StrvPreEmptCnt
 .bss.g_StrvRunCnt
                0x0014d734        0x4 ../../mAbassi/Platform/lib/lib_mAbassi_EVAL_GCC_AR5_CY5.a(mAbassi_EVAL_A9_GCC_2_NR.o)
                0x0014d734                g_StrvRunCnt
 .bss.g_StrvTick
                0x0014d738        0x4 ../../mAbassi/Platform/lib/lib_mAbassi_EVAL_GCC_AR5_CY5.a(mAbassi_EVAL_A9_GCC_2_NR.o)
                0x0014d738                g_StrvTick
 .bss.g_TaskList
                0x0014d73c        0x4 ../../mAbassi/Platform/lib/lib_mAbassi_EVAL_GCC_AR5_CY5.a(mAbassi_EVAL_A9_GCC_2_NR.o)
                0x0014d73c                g_TaskList
 .bss.g_TaskRdy
                0x0014d740       0x84 ../../mAbassi/Platform/lib/lib_mAbassi_EVAL_GCC_AR5_CY5.a(mAbassi_EVAL_A9_GCC_2_NR.o)
                0x0014d740                g_TaskRdy
 .bss.g_TimSrvChkBusy
                0x0014d7c4        0x4 ../../mAbassi/Platform/lib/lib_mAbassi_EVAL_GCC_AR5_CY5.a(mAbassi_EVAL_A9_GCC_2_NR.o)
                0x0014d7c4                g_TimSrvChkBusy
 .bss.g_TimSrvList
                0x0014d7c8        0x4 ../../mAbassi/Platform/lib/lib_mAbassi_EVAL_GCC_AR5_CY5.a(mAbassi_EVAL_A9_GCC_2_NR.o)
                0x0014d7c8                g_TimSrvList
 .bss.g_TimeOutChkBusy
                0x0014d7cc        0x4 ../../mAbassi/Platform/lib/lib_mAbassi_EVAL_GCC_AR5_CY5.a(mAbassi_EVAL_A9_GCC_2_NR.o)
                0x0014d7cc                g_TimeOutChkBusy
 .bss.g_TimeOutList
                0x0014d7d0        0x4 ../../mAbassi/Platform/lib/lib_mAbassi_EVAL_GCC_AR5_CY5.a(mAbassi_EVAL_A9_GCC_2_NR.o)
                0x0014d7d0                g_TimeOutList
 .bss.g_TimerList
                0x0014d7d4        0x4 ../../mAbassi/Platform/lib/lib_mAbassi_EVAL_GCC_AR5_CY5.a(mAbassi_EVAL_A9_GCC_2_NR.o)
                0x0014d7d4                g_TimerList
 .bss.g__OSmutex
                0x0014d7d8       0x20 ../../mAbassi/Platform/lib/lib_mAbassi_EVAL_GCC_AR5_CY5.a(mAbassi_EVAL_A9_GCC_2_NR.o)
 *fill*         0x0014d7f8        0x8 
 .bss           0x0014d800      0x200 ../../mAbassi/Platform/lib/lib_mAbassi_EVAL_GCC_AR5_CY5.a(mAbassi_EVAL_GCC_AR5_CY5_NR.o)
 .bss           0x0014da00        0x4 ../../mAbassi/Platform/lib/lib_mAbassi_EVAL_GCC_AR5_CY5.a(ARMv7_SMP_L1_L2_GCC_AR5_CY5.o)
 .bss           0x0014da04       0x34 /home/westornd/intelFPGA_lite/18.1/embedded/host_tools/mentor/gnu/arm/baremetal/arm-altera-eabi/lib/libc.a(lib_a-mallocr.o)
                0x0014da04                __malloc_top_pad
                0x0014da08                __malloc_current_mallinfo
                0x0014da30                __malloc_max_sbrked_mem
                0x0014da34                __malloc_max_total_mem
 .bss           0x0014da38        0x4 /home/westornd/intelFPGA_lite/18.1/embedded/host_tools/mentor/gnu/arm/baremetal/arm-altera-eabi/lib/libc.a(lib_a-mlock.o)
 .bss           0x0014da3c        0x8 /home/westornd/intelFPGA_lite/18.1/embedded/host_tools/mentor/gnu/arm/baremetal/arm-altera-eabi/lib/libc.a(lib_a-findfp.o)
 *(COMMON)
                0x0014da48                . = ALIGN (0x8)
 *fill*         0x0014da44        0x4 
 *(.ram.b .bss.ram)
                0x0014da48                . = ALIGN (0x8)
                0x0014da48                __bss_end__ = .
                0x0014da48                _ebss = .

.memdrive       0x0014da48 0x10000000
                0x0014da48                . = ALIGN (0x8)
                0x0014da48                G_MemDrvBase = .
                0x1014da48                . = (. + _MDRV_SIZE)
 *fill*         0x0014da48 0x10000000 
                0x1014da48                G_MemDrvEnd = .

.stack_dummy
 *(.stack*)

.heap           0x1014da48 0x2feac5b8
                0x1014da48                _end = .
                0x1014da48                __end = .
                0x1014da48                __end__ = .
                [!provide]                PROVIDE (end, .)
                0x1014da48                PROVIDE (__cs3_heap_start, .)
 *(.heap*)
                0x3fffa000                . = (((((((__cs3_region_start_ram + LENGTH (ram)) - ((_SUPERVISOR_STACK_SIZE + 0x7) & 0xfffffff8)) - ((_ABORT_STACK_SIZE + 0x7) & 0xfffffff8)) - ((_FIQ_STACK_SIZE + 0x7) & 0xfffffff8)) - ((_IRQ_STACK_SIZE + 0x7) & 0xfffffff8)) - ((_UNDEF_STACK_SIZE + 0x7) & 0xfffffff8)) - ((_STACK_SIZE + 0x7) & 0xfffffff8))
 *fill*         0x1014da48 0x2feac5b8 
                0x3fffa000                __HeapLimit = .
                0x3fffa000                PROVIDE (__cs3_heap_end, .)

.stack          0x3fffa000     0x6000
                0x3fffa800                . = (. + _SUPERVISOR_STACK_SIZE)
 *fill*         0x3fffa000      0x800 
                0x3fffa800                . = ALIGN (0x8)
                0x3fffa800                __supervisor_stack = .
                0x3fffb000                . = (. + _ABORT_STACK_SIZE)
 *fill*         0x3fffa800      0x800 
                0x3fffb000                . = ALIGN (0x8)
                0x3fffb000                __abort_stack = .
                0x3fffb800                . = (. + _FIQ_STACK_SIZE)
 *fill*         0x3fffb000      0x800 
                0x3fffb800                . = ALIGN (0x8)
                0x3fffb800                __fiq_stack = .
                0x3fffd800                . = (. + _IRQ_STACK_SIZE)
 *fill*         0x3fffb800     0x2000 
                0x3fffd800                . = ALIGN (0x8)
                0x3fffd800                __irq_stack = .
                0x3fffe000                . = (. + _UNDEF_STACK_SIZE)
 *fill*         0x3fffd800      0x800 
                0x3fffe000                . = ALIGN (0x8)
                0x3fffe000                __undef_stack = .
                0x40000000                . = (. + _STACK_SIZE)
 *fill*         0x3fffe000     0x2000 
                0x40000000                __cs3_region_end_ram = (__cs3_region_start_ram + LENGTH (ram))
                0x3fefffc0                __cs3_region_size_ram = LENGTH (ram)
                0x00100040                __cs3_region_init_ram = LOADADDR (.text)
                0x0001ea70                __cs3_region_init_size_ram = (_edata - ADDR (.text))
                0x1002ef98                __cs3_region_zero_size_ram = (_end - _edata)
                0x40000000                __StackTop = (ORIGIN (ram) + LENGTH (ram))
                0x3fffa000                __StackLimit = (__StackTop - SIZEOF (.stack))
                [!provide]                PROVIDE (__stack, __StackTop)
                0x40000000                PROVIDE (__cs3_stack, __StackTop)

.uncached       0xffff0000     0x8000
 *(.uncached)
 .uncached      0xffff0000     0x8000 ../../mAbassi/Platform/lib/lib_mAbassi_EVAL_GCC_AR5_CY5.a(ARMv7_SMP_L1_L2_GCC_AR5_CY5.o)
                0xffff0000                L1PageTbl
 *(.uncached.*)

.stab
 *(.stab)

.stabstr
 *(.stabstr)

.debug
 *(.debug)

.line
 *(.line)

.debug_srcinfo
 *(.debug_srcinfo)

.debug_sfnames
 *(.debug_sfnames)

.debug_aranges  0x00000000      0x448
 *(.debug_aranges)
 .debug_aranges
                0x00000000       0x28 Main_mAbassi.o
 .debug_aranges
                0x00000028       0x58 MyApp_mAbassi.o
 .debug_aranges
                0x00000080       0x20 test.o
 .debug_aranges
                0x000000a0      0x138 SysCall_noFS.o
 .debug_aranges
                0x000001d8       0x20 TIMERinit.o
 .debug_aranges
                0x000001f8       0x48 dw_uart.o
 .debug_aranges
                0x00000240      0x118 alt_generalpurpose_io.o
 .debug_aranges
                0x00000358       0x18 mAbassiCfgA9.o
 .debug_aranges
                0x00000370       0xa0 Shell.o
 .debug_aranges
                0x00000410       0x38 SubShell.o

.debug_pubnames
 *(.debug_pubnames)

.debug_info     0x00000000    0x1ad20
 *(.debug_info .gnu.linkonce.wi.*)
 .debug_info    0x00000000     0x15df Main_mAbassi.o
 .debug_info    0x000015df     0x25f3 MyApp_mAbassi.o
 .debug_info    0x00003bd2      0x3cf test.o
 .debug_info    0x00003fa1     0x1e2c SysCall_noFS.o
 .debug_info    0x00005dcd      0xde5 TIMERinit.o
 .debug_info    0x00006bb2     0x25c5 dw_uart.o
 .debug_info    0x00009177     0x23d6 alt_generalpurpose_io.o
 .debug_info    0x0000b54d      0xed0 mAbassiCfgA9.o
 .debug_info    0x0000c41d     0xd1d3 Shell.o
 .debug_info    0x000195f0     0x1730 SubShell.o

.debug_abbrev   0x00000000     0x1d43
 *(.debug_abbrev)
 .debug_abbrev  0x00000000      0x300 Main_mAbassi.o
 .debug_abbrev  0x00000300      0x410 MyApp_mAbassi.o
 .debug_abbrev  0x00000710       0xcb test.o
 .debug_abbrev  0x000007db      0x374 SysCall_noFS.o
 .debug_abbrev  0x00000b4f      0x1f3 TIMERinit.o
 .debug_abbrev  0x00000d42      0x387 dw_uart.o
 .debug_abbrev  0x000010c9      0x3a0 alt_generalpurpose_io.o
 .debug_abbrev  0x00001469      0x1ac mAbassiCfgA9.o
 .debug_abbrev  0x00001615      0x3f1 Shell.o
 .debug_abbrev  0x00001a06      0x33d SubShell.o

.debug_line     0x00000000     0x6b81
 *(.debug_line)
 .debug_line    0x00000000      0x4a4 Main_mAbassi.o
 .debug_line    0x000004a4      0x603 MyApp_mAbassi.o
 .debug_line    0x00000aa7      0x367 test.o
 .debug_line    0x00000e0e      0x665 SysCall_noFS.o
 .debug_line    0x00001473      0x2a3 TIMERinit.o
 .debug_line    0x00001716      0x7a1 dw_uart.o
 .debug_line    0x00001eb7      0xe0a alt_generalpurpose_io.o
 .debug_line    0x00002cc1      0x292 mAbassiCfgA9.o
 .debug_line    0x00002f53     0x3839 Shell.o
 .debug_line    0x0000678c      0x3f5 SubShell.o

.debug_frame    0x00000000     0x3018
 *(.debug_frame)
 .debug_frame   0x00000000       0x40 Main_mAbassi.o
 .debug_frame   0x00000040      0x108 MyApp_mAbassi.o
 .debug_frame   0x00000148       0x20 test.o
 .debug_frame   0x00000168      0x2e8 SysCall_noFS.o
 .debug_frame   0x00000450       0x28 TIMERinit.o
 .debug_frame   0x00000478      0x144 dw_uart.o
 .debug_frame   0x000005bc      0x344 alt_generalpurpose_io.o
 .debug_frame   0x00000900      0x2cc Shell.o
 .debug_frame   0x00000bcc       0xa4 SubShell.o
 .debug_frame   0x00000c70       0x20 /home/westornd/intelFPGA_lite/18.1/embedded/host_tools/mentor/gnu/arm/baremetal/bin/../lib/gcc/arm-altera-eabi/6.2.0/libgcc.a(_divsi3.o)
 .debug_frame   0x00000c90      0x33c /home/westornd/intelFPGA_lite/18.1/embedded/host_tools/mentor/gnu/arm/baremetal/bin/../lib/gcc/arm-altera-eabi/6.2.0/libgcc.a(unwind-arm.o)
 .debug_frame   0x00000fcc      0x114 /home/westornd/intelFPGA_lite/18.1/embedded/host_tools/mentor/gnu/arm/baremetal/bin/../lib/gcc/arm-altera-eabi/6.2.0/libgcc.a(pr-support.o)
 .debug_frame   0x000010e0      0x2d4 ../../mAbassi/Platform/lib/lib_mAbassi_EVAL_GCC_AR5_CY5.a(mAbassi_EVAL_GCC_AR5_CY5_NR.o)
 .debug_frame   0x000013b4       0xa8 ../../mAbassi/Platform/lib/lib_mAbassi_EVAL_GCC_AR5_CY5.a(ARMv7_SMP_L1_L2_GCC_AR5_CY5.o)
 .debug_frame   0x0000145c       0x40 /home/westornd/intelFPGA_lite/18.1/embedded/host_tools/mentor/gnu/arm/baremetal/bin/../lib/gcc/arm-altera-eabi/6.2.0/../../../../arm-altera-eabi/lib/libcs3.a(start_c.o)
 .debug_frame   0x0000149c       0x20 /home/westornd/intelFPGA_lite/18.1/embedded/host_tools/mentor/gnu/arm/baremetal/bin/../lib/gcc/arm-altera-eabi/6.2.0/../../../../arm-altera-eabi/lib/libcs3unhosted.a(unhosted-abort.o)
 .debug_frame   0x000014bc       0x34 /home/westornd/intelFPGA_lite/18.1/embedded/host_tools/mentor/gnu/arm/baremetal/arm-altera-eabi/lib/libc.a(lib_a-calloc.o)
 .debug_frame   0x000014f0       0x34 /home/westornd/intelFPGA_lite/18.1/embedded/host_tools/mentor/gnu/arm/baremetal/arm-altera-eabi/lib/libc.a(lib_a-callocr.o)
 .debug_frame   0x00001524       0x20 /home/westornd/intelFPGA_lite/18.1/embedded/host_tools/mentor/gnu/arm/baremetal/arm-altera-eabi/lib/libc.a(lib_a-getreent.o)
 .debug_frame   0x00001544       0x34 /home/westornd/intelFPGA_lite/18.1/embedded/host_tools/mentor/gnu/arm/baremetal/arm-altera-eabi/lib/libc.a(lib_a-init.o)
 .debug_frame   0x00001578       0x48 /home/westornd/intelFPGA_lite/18.1/embedded/host_tools/mentor/gnu/arm/baremetal/arm-altera-eabi/lib/libc.a(lib_a-malloc.o)
 .debug_frame   0x000015c0       0x7c /home/westornd/intelFPGA_lite/18.1/embedded/host_tools/mentor/gnu/arm/baremetal/arm-altera-eabi/lib/libc.a(lib_a-mallocr.o)
 .debug_frame   0x0000163c       0x44 /home/westornd/intelFPGA_lite/18.1/embedded/host_tools/mentor/gnu/arm/baremetal/arm-altera-eabi/lib/libc.a(lib_a-memcpy-stub.o)
 .debug_frame   0x00001680       0x40 /home/westornd/intelFPGA_lite/18.1/embedded/host_tools/mentor/gnu/arm/baremetal/arm-altera-eabi/lib/libc.a(lib_a-memmove.o)
 .debug_frame   0x000016c0       0x30 /home/westornd/intelFPGA_lite/18.1/embedded/host_tools/mentor/gnu/arm/baremetal/arm-altera-eabi/lib/libc.a(lib_a-memset.o)
 .debug_frame   0x000016f0       0x64 /home/westornd/intelFPGA_lite/18.1/embedded/host_tools/mentor/gnu/arm/baremetal/arm-altera-eabi/lib/libc.a(lib_a-mlock.o)
 .debug_frame   0x00001754       0x74 /home/westornd/intelFPGA_lite/18.1/embedded/host_tools/mentor/gnu/arm/baremetal/arm-altera-eabi/lib/libc.a(lib_a-printf.o)
 .debug_frame   0x000017c8       0x48 /home/westornd/intelFPGA_lite/18.1/embedded/host_tools/mentor/gnu/arm/baremetal/arm-altera-eabi/lib/libc.a(lib_a-putchar.o)
 .debug_frame   0x00001810       0x64 /home/westornd/intelFPGA_lite/18.1/embedded/host_tools/mentor/gnu/arm/baremetal/arm-altera-eabi/lib/libc.a(lib_a-puts.o)
 .debug_frame   0x00001874       0x58 /home/westornd/intelFPGA_lite/18.1/embedded/host_tools/mentor/gnu/arm/baremetal/arm-altera-eabi/lib/libc.a(lib_a-setvbuf.o)
 .debug_frame   0x000018cc       0x2c /home/westornd/intelFPGA_lite/18.1/embedded/host_tools/mentor/gnu/arm/baremetal/arm-altera-eabi/lib/libc.a(lib_a-stpcpy.o)
 .debug_frame   0x000018f8       0x40 /home/westornd/intelFPGA_lite/18.1/embedded/host_tools/mentor/gnu/arm/baremetal/arm-altera-eabi/lib/libc.a(lib_a-strcmp.o)
 .debug_frame   0x00001938       0x20 /home/westornd/intelFPGA_lite/18.1/embedded/host_tools/mentor/gnu/arm/baremetal/arm-altera-eabi/lib/libc.a(lib_a-strcpy.o)
 .debug_frame   0x00001958       0x20 /home/westornd/intelFPGA_lite/18.1/embedded/host_tools/mentor/gnu/arm/baremetal/arm-altera-eabi/lib/libc.a(lib_a-strlen-stub.o)
 .debug_frame   0x00001978       0xd0 /home/westornd/intelFPGA_lite/18.1/embedded/host_tools/mentor/gnu/arm/baremetal/arm-altera-eabi/lib/libc.a(lib_a-strtol.o)
 .debug_frame   0x00001a48       0xd0 /home/westornd/intelFPGA_lite/18.1/embedded/host_tools/mentor/gnu/arm/baremetal/arm-altera-eabi/lib/libc.a(lib_a-strtoll.o)
 .debug_frame   0x00001b18       0xd0 /home/westornd/intelFPGA_lite/18.1/embedded/host_tools/mentor/gnu/arm/baremetal/arm-altera-eabi/lib/libc.a(lib_a-strtoul.o)
 .debug_frame   0x00001be8       0xd0 /home/westornd/intelFPGA_lite/18.1/embedded/host_tools/mentor/gnu/arm/baremetal/arm-altera-eabi/lib/libc.a(lib_a-strtoull.o)
 .debug_frame   0x00001cb8       0xcc /home/westornd/intelFPGA_lite/18.1/embedded/host_tools/mentor/gnu/arm/baremetal/arm-altera-eabi/lib/libc.a(lib_a-vfprintf.o)
 .debug_frame   0x00001d84       0x60 /home/westornd/intelFPGA_lite/18.1/embedded/host_tools/mentor/gnu/arm/baremetal/arm-altera-eabi/lib/libc.a(lib_a-wbuf.o)
 .debug_frame   0x00001de4       0x40 /home/westornd/intelFPGA_lite/18.1/embedded/host_tools/mentor/gnu/arm/baremetal/arm-altera-eabi/lib/libc.a(lib_a-wsetup.o)
 .debug_frame   0x00001e24       0xac /home/westornd/intelFPGA_lite/18.1/embedded/host_tools/mentor/gnu/arm/baremetal/arm-altera-eabi/lib/libc.a(lib_a-dtoa.o)
 .debug_frame   0x00001ed0       0xac /home/westornd/intelFPGA_lite/18.1/embedded/host_tools/mentor/gnu/arm/baremetal/arm-altera-eabi/lib/libc.a(lib_a-fflush.o)
 .debug_frame   0x00001f7c      0x1f0 /home/westornd/intelFPGA_lite/18.1/embedded/host_tools/mentor/gnu/arm/baremetal/arm-altera-eabi/lib/libc.a(lib_a-findfp.o)
 .debug_frame   0x0000216c       0x70 /home/westornd/intelFPGA_lite/18.1/embedded/host_tools/mentor/gnu/arm/baremetal/arm-altera-eabi/lib/libc.a(lib_a-freer.o)
 .debug_frame   0x000021dc       0x80 /home/westornd/intelFPGA_lite/18.1/embedded/host_tools/mentor/gnu/arm/baremetal/arm-altera-eabi/lib/libc.a(lib_a-fvwrite.o)
 .debug_frame   0x0000225c       0x80 /home/westornd/intelFPGA_lite/18.1/embedded/host_tools/mentor/gnu/arm/baremetal/arm-altera-eabi/lib/libc.a(lib_a-fwalk.o)
 .debug_frame   0x000022dc       0xb8 /home/westornd/intelFPGA_lite/18.1/embedded/host_tools/mentor/gnu/arm/baremetal/arm-altera-eabi/lib/libc.a(lib_a-locale.o)
 .debug_frame   0x00002394       0x58 /home/westornd/intelFPGA_lite/18.1/embedded/host_tools/mentor/gnu/arm/baremetal/arm-altera-eabi/lib/libc.a(lib_a-localeconv.o)
 .debug_frame   0x000023ec       0x8c /home/westornd/intelFPGA_lite/18.1/embedded/host_tools/mentor/gnu/arm/baremetal/arm-altera-eabi/lib/libc.a(lib_a-makebuf.o)
 .debug_frame   0x00002478       0x58 /home/westornd/intelFPGA_lite/18.1/embedded/host_tools/mentor/gnu/arm/baremetal/arm-altera-eabi/lib/libc.a(lib_a-mbtowc_r.o)
 .debug_frame   0x000024d0       0x38 /home/westornd/intelFPGA_lite/18.1/embedded/host_tools/mentor/gnu/arm/baremetal/arm-altera-eabi/lib/libc.a(lib_a-memchr-stub.o)
 .debug_frame   0x00002508      0x304 /home/westornd/intelFPGA_lite/18.1/embedded/host_tools/mentor/gnu/arm/baremetal/arm-altera-eabi/lib/libc.a(lib_a-mprec.o)
 .debug_frame   0x0000280c       0x80 /home/westornd/intelFPGA_lite/18.1/embedded/host_tools/mentor/gnu/arm/baremetal/arm-altera-eabi/lib/libc.a(lib_a-putc.o)
 .debug_frame   0x0000288c       0x60 /home/westornd/intelFPGA_lite/18.1/embedded/host_tools/mentor/gnu/arm/baremetal/arm-altera-eabi/lib/libc.a(lib_a-reallocr.o)
 .debug_frame   0x000028ec       0x9c /home/westornd/intelFPGA_lite/18.1/embedded/host_tools/mentor/gnu/arm/baremetal/arm-altera-eabi/lib/libc.a(lib_a-stdio.o)
 .debug_frame   0x00002988      0x104 /home/westornd/intelFPGA_lite/18.1/embedded/host_tools/mentor/gnu/arm/baremetal/arm-altera-eabi/lib/libc.a(lib_a-vfiprintf.o)
 .debug_frame   0x00002a8c       0x48 /home/westornd/intelFPGA_lite/18.1/embedded/host_tools/mentor/gnu/arm/baremetal/arm-altera-eabi/lib/libc.a(lib_a-wctomb_r.o)
 .debug_frame   0x00002ad4       0x70 /home/westornd/intelFPGA_lite/18.1/embedded/host_tools/mentor/gnu/arm/baremetal/arm-altera-eabi/lib/libc.a(lib_a-fclose.o)
 .debug_frame   0x00002b44       0xbc /home/westornd/intelFPGA_lite/18.1/embedded/host_tools/mentor/gnu/arm/baremetal/arm-altera-eabi/lib/libc.a(lib_a-fputwc.o)
 .debug_frame   0x00002c00       0x70 /home/westornd/intelFPGA_lite/18.1/embedded/host_tools/mentor/gnu/arm/baremetal/arm-altera-eabi/lib/libc.a(lib_a-wcrtomb.o)
 .debug_frame   0x00002c70       0x20 /home/westornd/intelFPGA_lite/18.1/embedded/host_tools/mentor/gnu/arm/baremetal/bin/../lib/gcc/arm-altera-eabi/6.2.0/libgcc.a(_udivsi3.o)
 .debug_frame   0x00002c90       0xac /home/westornd/intelFPGA_lite/18.1/embedded/host_tools/mentor/gnu/arm/baremetal/bin/../lib/gcc/arm-altera-eabi/6.2.0/libgcc.a(_arm_addsubdf3.o)
 .debug_frame   0x00002d3c       0x50 /home/westornd/intelFPGA_lite/18.1/embedded/host_tools/mentor/gnu/arm/baremetal/bin/../lib/gcc/arm-altera-eabi/6.2.0/libgcc.a(_arm_muldivdf3.o)
 .debug_frame   0x00002d8c       0xc4 /home/westornd/intelFPGA_lite/18.1/embedded/host_tools/mentor/gnu/arm/baremetal/bin/../lib/gcc/arm-altera-eabi/6.2.0/libgcc.a(_arm_cmpdf2.o)
 .debug_frame   0x00002e50       0x20 /home/westornd/intelFPGA_lite/18.1/embedded/host_tools/mentor/gnu/arm/baremetal/bin/../lib/gcc/arm-altera-eabi/6.2.0/libgcc.a(_arm_unorddf2.o)
 .debug_frame   0x00002e70       0x24 /home/westornd/intelFPGA_lite/18.1/embedded/host_tools/mentor/gnu/arm/baremetal/bin/../lib/gcc/arm-altera-eabi/6.2.0/libgcc.a(_arm_fixdfsi.o)
 .debug_frame   0x00002e94       0x2c /home/westornd/intelFPGA_lite/18.1/embedded/host_tools/mentor/gnu/arm/baremetal/bin/../lib/gcc/arm-altera-eabi/6.2.0/libgcc.a(_aeabi_uldivmod.o)
 .debug_frame   0x00002ec0       0x48 /home/westornd/intelFPGA_lite/18.1/embedded/host_tools/mentor/gnu/arm/baremetal/bin/../lib/gcc/arm-altera-eabi/6.2.0/libgcc.a(_udivmoddi4.o)
 .debug_frame   0x00002f08      0x110 /home/westornd/intelFPGA_lite/18.1/embedded/host_tools/mentor/gnu/arm/baremetal/bin/../lib/gcc/arm-altera-eabi/6.2.0/libgcc.a(gthr-generic.o)

.debug_str      0x00000000     0x409b
 *(.debug_str)
 .debug_str     0x00000000      0x9fe Main_mAbassi.o
                                0xaf7 (size before relaxing)
 .debug_str     0x000009fe     0x280a MyApp_mAbassi.o
                               0x3308 (size before relaxing)
 .debug_str     0x00003208       0x10 test.o
                                0x46b (size before relaxing)
 .debug_str     0x00003218      0x3b7 SysCall_noFS.o
                                0xcc4 (size before relaxing)
 .debug_str     0x000035cf       0x40 TIMERinit.o
                                0x8d8 (size before relaxing)
 .debug_str     0x0000360f      0x213 dw_uart.o
                                0xb0d (size before relaxing)
 .debug_str     0x00003822      0x3a3 alt_generalpurpose_io.o
                               0x142e (size before relaxing)
 .debug_str     0x00003bc5       0xfa mAbassiCfgA9.o
                                0x988 (size before relaxing)
 .debug_str     0x00003cbf      0x37d Shell.o
                                0xdf0 (size before relaxing)
 .debug_str     0x0000403c       0x5f SubShell.o
                                0x9c1 (size before relaxing)

.debug_loc      0x00000000    0x109b2
 *(.debug_loc)
 .debug_loc     0x00000000       0x34 Main_mAbassi.o
 .debug_loc     0x00000034      0x13a MyApp_mAbassi.o
 .debug_loc     0x0000016e       0x21 test.o
 .debug_loc     0x0000018f      0xf69 SysCall_noFS.o
 .debug_loc     0x000010f8       0x1e TIMERinit.o
 .debug_loc     0x00001116     0x1eac dw_uart.o
 .debug_loc     0x00002fc2     0x2b26 alt_generalpurpose_io.o
 .debug_loc     0x00005ae8     0xa825 Shell.o
 .debug_loc     0x0001030d      0x6a5 SubShell.o

.debug_macinfo
 *(.debug_macinfo)

.debug_ranges   0x00000000     0x2f20
 *(.debug_ranges)
 .debug_ranges  0x00000000       0x18 Main_mAbassi.o
 .debug_ranges  0x00000018       0x68 MyApp_mAbassi.o
 .debug_ranges  0x00000080       0x10 test.o
 .debug_ranges  0x00000090      0x1c0 SysCall_noFS.o
 .debug_ranges  0x00000250       0x10 TIMERinit.o
 .debug_ranges  0x00000260      0x188 dw_uart.o
 .debug_ranges  0x000003e8      0xdd8 alt_generalpurpose_io.o
 .debug_ranges  0x000011c0     0x1cf0 Shell.o
 .debug_ranges  0x00002eb0       0x70 SubShell.o

.comment        0x00000000       0x30
 .comment       0x00000000       0x30 Main_mAbassi.o
                                 0x31 (size before relaxing)
 .comment       0x00000030       0x31 MyApp_mAbassi.o
 .comment       0x00000030       0x31 test.o
 .comment       0x00000030       0x31 SysCall_noFS.o
 .comment       0x00000030       0x31 TIMERinit.o
 .comment       0x00000030       0x31 dw_uart.o
 .comment       0x00000030       0x31 alt_generalpurpose_io.o
 .comment       0x00000030       0x31 mAbassiCfgA9.o
 .comment       0x00000030       0x31 Shell.o
 .comment       0x00000030       0x31 SubShell.o
 .comment       0x00000030       0x31 ../../mAbassi/Platform/lib/lib_mAbassi_EVAL_GCC_AR5_CY5.a(mAbassi_EVAL_A9_GCC_2_NR.o)

.debug_weaknames
 *(.debug_weaknames)

.debug_funcnames
 *(.debug_funcnames)

.debug_typenames
 *(.debug_typenames)

.debug_varnames
 *(.debug_varnames)

.note.gnu.arm.ident
 *(.note.gnu.arm.ident)

.ARM.attributes
                0x00000000       0x37
 *(.ARM.attributes)
 .ARM.attributes
                0x00000000       0x16 /home/westornd/intelFPGA_lite/18.1/embedded/host_tools/mentor/gnu/arm/baremetal/bin/../lib/gcc/arm-altera-eabi/6.2.0/crti.o
 .ARM.attributes
                0x00000016       0x30 /home/westornd/intelFPGA_lite/18.1/embedded/host_tools/mentor/gnu/arm/baremetal/bin/../lib/gcc/arm-altera-eabi/6.2.0/crtbegin.o
 .ARM.attributes
                0x00000046       0x3b Main_mAbassi.o
 .ARM.attributes
                0x00000081       0x3b MyApp_mAbassi.o
 .ARM.attributes
                0x000000bc       0x3b test.o
 .ARM.attributes
                0x000000f7       0x3b SysCall_noFS.o
 .ARM.attributes
                0x00000132       0x3b TIMERinit.o
 .ARM.attributes
                0x0000016d       0x3b dw_uart.o
 .ARM.attributes
                0x000001a8       0x3b alt_generalpurpose_io.o
 .ARM.attributes
                0x000001e3       0x3b mAbassiCfgA9.o
 .ARM.attributes
                0x0000021e       0x3b Shell.o
 .ARM.attributes
                0x00000259       0x3b SubShell.o
 .ARM.attributes
                0x00000294       0x18 /home/westornd/intelFPGA_lite/18.1/embedded/host_tools/mentor/gnu/arm/baremetal/bin/../lib/gcc/arm-altera-eabi/6.2.0/libgcc.a(_divsi3.o)
 .ARM.attributes
                0x000002ac       0x18 /home/westornd/intelFPGA_lite/18.1/embedded/host_tools/mentor/gnu/arm/baremetal/bin/../lib/gcc/arm-altera-eabi/6.2.0/libgcc.a(_dvmd_tls.o)
 .ARM.attributes
                0x000002c4       0x30 /home/westornd/intelFPGA_lite/18.1/embedded/host_tools/mentor/gnu/arm/baremetal/bin/../lib/gcc/arm-altera-eabi/6.2.0/libgcc.a(unwind-arm.o)
 .ARM.attributes
                0x000002f4       0x1c /home/westornd/intelFPGA_lite/18.1/embedded/host_tools/mentor/gnu/arm/baremetal/bin/../lib/gcc/arm-altera-eabi/6.2.0/libgcc.a(libunwind.o)
 .ARM.attributes
                0x00000310       0x30 /home/westornd/intelFPGA_lite/18.1/embedded/host_tools/mentor/gnu/arm/baremetal/bin/../lib/gcc/arm-altera-eabi/6.2.0/libgcc.a(pr-support.o)
 .ARM.attributes
                0x00000340       0x3b ../../mAbassi/Platform/lib/lib_mAbassi_EVAL_GCC_AR5_CY5.a(mAbassi_EVAL_A9_GCC_2_NR.o)
 .ARM.attributes
                0x0000037b       0x2b ../../mAbassi/Platform/lib/lib_mAbassi_EVAL_GCC_AR5_CY5.a(mAbassi_EVAL_GCC_AR5_CY5_NR.o)
 .ARM.attributes
                0x000003a6       0x2b ../../mAbassi/Platform/lib/lib_mAbassi_EVAL_GCC_AR5_CY5.a(ARMv7_SMP_L1_L2_GCC_AR5_CY5.o)
 .ARM.attributes
                0x000003d1       0x30 /home/westornd/intelFPGA_lite/18.1/embedded/host_tools/mentor/gnu/arm/baremetal/bin/../lib/gcc/arm-altera-eabi/6.2.0/../../../../arm-altera-eabi/lib/libcs3.a(start_c.o)
 .ARM.attributes
                0x00000401       0x14 /home/westornd/intelFPGA_lite/18.1/embedded/host_tools/mentor/gnu/arm/baremetal/bin/../lib/gcc/arm-altera-eabi/6.2.0/../../../../arm-altera-eabi/lib/libcs3unhosted.a(unhosted-start.o)
 .ARM.attributes
                0x00000415       0x30 /home/westornd/intelFPGA_lite/18.1/embedded/host_tools/mentor/gnu/arm/baremetal/bin/../lib/gcc/arm-altera-eabi/6.2.0/../../../../arm-altera-eabi/lib/libcs3unhosted.a(unhosted-abort.o)
 .ARM.attributes
                0x00000445       0x30 /home/westornd/intelFPGA_lite/18.1/embedded/host_tools/mentor/gnu/arm/baremetal/arm-altera-eabi/lib/libc.a(lib_a-calloc.o)
 .ARM.attributes
                0x00000475       0x30 /home/westornd/intelFPGA_lite/18.1/embedded/host_tools/mentor/gnu/arm/baremetal/arm-altera-eabi/lib/libc.a(lib_a-callocr.o)
 .ARM.attributes
                0x000004a5       0x30 /home/westornd/intelFPGA_lite/18.1/embedded/host_tools/mentor/gnu/arm/baremetal/arm-altera-eabi/lib/libc.a(lib_a-getreent.o)
 .ARM.attributes
                0x000004d5       0x30 /home/westornd/intelFPGA_lite/18.1/embedded/host_tools/mentor/gnu/arm/baremetal/arm-altera-eabi/lib/libc.a(lib_a-impure.o)
 .ARM.attributes
                0x00000505       0x30 /home/westornd/intelFPGA_lite/18.1/embedded/host_tools/mentor/gnu/arm/baremetal/arm-altera-eabi/lib/libc.a(lib_a-init.o)
 .ARM.attributes
                0x00000535       0x30 /home/westornd/intelFPGA_lite/18.1/embedded/host_tools/mentor/gnu/arm/baremetal/arm-altera-eabi/lib/libc.a(lib_a-malloc.o)
 .ARM.attributes
                0x00000565       0x30 /home/westornd/intelFPGA_lite/18.1/embedded/host_tools/mentor/gnu/arm/baremetal/arm-altera-eabi/lib/libc.a(lib_a-mallocr.o)
 .ARM.attributes
                0x00000595       0x30 /home/westornd/intelFPGA_lite/18.1/embedded/host_tools/mentor/gnu/arm/baremetal/arm-altera-eabi/lib/libc.a(lib_a-memcpy-stub.o)
 .ARM.attributes
                0x000005c5       0x30 /home/westornd/intelFPGA_lite/18.1/embedded/host_tools/mentor/gnu/arm/baremetal/arm-altera-eabi/lib/libc.a(lib_a-memmove.o)
 .ARM.attributes
                0x000005f5       0x30 /home/westornd/intelFPGA_lite/18.1/embedded/host_tools/mentor/gnu/arm/baremetal/arm-altera-eabi/lib/libc.a(lib_a-memset.o)
 .ARM.attributes
                0x00000625       0x30 /home/westornd/intelFPGA_lite/18.1/embedded/host_tools/mentor/gnu/arm/baremetal/arm-altera-eabi/lib/libc.a(lib_a-mlock.o)
 .ARM.attributes
                0x00000655       0x30 /home/westornd/intelFPGA_lite/18.1/embedded/host_tools/mentor/gnu/arm/baremetal/arm-altera-eabi/lib/libc.a(lib_a-printf.o)
 .ARM.attributes
                0x00000685       0x30 /home/westornd/intelFPGA_lite/18.1/embedded/host_tools/mentor/gnu/arm/baremetal/arm-altera-eabi/lib/libc.a(lib_a-putchar.o)
 .ARM.attributes
                0x000006b5       0x30 /home/westornd/intelFPGA_lite/18.1/embedded/host_tools/mentor/gnu/arm/baremetal/arm-altera-eabi/lib/libc.a(lib_a-puts.o)
 .ARM.attributes
                0x000006e5       0x30 /home/westornd/intelFPGA_lite/18.1/embedded/host_tools/mentor/gnu/arm/baremetal/arm-altera-eabi/lib/libc.a(lib_a-setvbuf.o)
 .ARM.attributes
                0x00000715       0x30 /home/westornd/intelFPGA_lite/18.1/embedded/host_tools/mentor/gnu/arm/baremetal/arm-altera-eabi/lib/libc.a(lib_a-stpcpy.o)
 .ARM.attributes
                0x00000745       0x16 /home/westornd/intelFPGA_lite/18.1/embedded/host_tools/mentor/gnu/arm/baremetal/arm-altera-eabi/lib/libc.a(lib_a-strcmp.o)
 .ARM.attributes
                0x0000075b       0x30 /home/westornd/intelFPGA_lite/18.1/embedded/host_tools/mentor/gnu/arm/baremetal/arm-altera-eabi/lib/libc.a(lib_a-strcpy.o)
 .ARM.attributes
                0x0000078b       0x30 /home/westornd/intelFPGA_lite/18.1/embedded/host_tools/mentor/gnu/arm/baremetal/arm-altera-eabi/lib/libc.a(lib_a-strlen-stub.o)
 .ARM.attributes
                0x000007bb       0x30 /home/westornd/intelFPGA_lite/18.1/embedded/host_tools/mentor/gnu/arm/baremetal/arm-altera-eabi/lib/libc.a(lib_a-strtol.o)
 .ARM.attributes
                0x000007eb       0x30 /home/westornd/intelFPGA_lite/18.1/embedded/host_tools/mentor/gnu/arm/baremetal/arm-altera-eabi/lib/libc.a(lib_a-strtoll.o)
 .ARM.attributes
                0x0000081b       0x30 /home/westornd/intelFPGA_lite/18.1/embedded/host_tools/mentor/gnu/arm/baremetal/arm-altera-eabi/lib/libc.a(lib_a-strtoul.o)
 .ARM.attributes
                0x0000084b       0x30 /home/westornd/intelFPGA_lite/18.1/embedded/host_tools/mentor/gnu/arm/baremetal/arm-altera-eabi/lib/libc.a(lib_a-strtoull.o)
 .ARM.attributes
                0x0000087b       0x30 /home/westornd/intelFPGA_lite/18.1/embedded/host_tools/mentor/gnu/arm/baremetal/arm-altera-eabi/lib/libc.a(lib_a-vfprintf.o)
 .ARM.attributes
                0x000008ab       0x30 /home/westornd/intelFPGA_lite/18.1/embedded/host_tools/mentor/gnu/arm/baremetal/arm-altera-eabi/lib/libc.a(lib_a-wbuf.o)
 .ARM.attributes
                0x000008db       0x30 /home/westornd/intelFPGA_lite/18.1/embedded/host_tools/mentor/gnu/arm/baremetal/arm-altera-eabi/lib/libc.a(lib_a-wsetup.o)
 .ARM.attributes
                0x0000090b       0x30 /home/westornd/intelFPGA_lite/18.1/embedded/host_tools/mentor/gnu/arm/baremetal/arm-altera-eabi/lib/libc.a(lib_a-dtoa.o)
 .ARM.attributes
                0x0000093b       0x30 /home/westornd/intelFPGA_lite/18.1/embedded/host_tools/mentor/gnu/arm/baremetal/arm-altera-eabi/lib/libc.a(lib_a-fflush.o)
 .ARM.attributes
                0x0000096b       0x30 /home/westornd/intelFPGA_lite/18.1/embedded/host_tools/mentor/gnu/arm/baremetal/arm-altera-eabi/lib/libc.a(lib_a-findfp.o)
 .ARM.attributes