Archive member included to satisfy reference by file (symbol)

c:/intelfpga_pro/18.1/embedded/host_tools/mentor/gnu/arm/baremetal/bin/../lib/gcc/arm-altera-eabi/6.2.0\libgcc.a(_divsi3.o)
                              dw_uart.o (__aeabi_idiv)
c:/intelfpga_pro/18.1/embedded/host_tools/mentor/gnu/arm/baremetal/bin/../lib/gcc/arm-altera-eabi/6.2.0\libgcc.a(_dvmd_tls.o)
                              c:/intelfpga_pro/18.1/embedded/host_tools/mentor/gnu/arm/baremetal/bin/../lib/gcc/arm-altera-eabi/6.2.0\libgcc.a(_divsi3.o) (__aeabi_idiv0)
c:/intelfpga_pro/18.1/embedded/host_tools/mentor/gnu/arm/baremetal/bin/../lib/gcc/arm-altera-eabi/6.2.0\libgcc.a(unwind-arm.o)
                              Main_mAbassi.o (__aeabi_unwind_cpp_pr0)
c:/intelfpga_pro/18.1/embedded/host_tools/mentor/gnu/arm/baremetal/bin/../lib/gcc/arm-altera-eabi/6.2.0\libgcc.a(libunwind.o)
                              c:/intelfpga_pro/18.1/embedded/host_tools/mentor/gnu/arm/baremetal/bin/../lib/gcc/arm-altera-eabi/6.2.0\libgcc.a(unwind-arm.o) (restore_core_regs)
c:/intelfpga_pro/18.1/embedded/host_tools/mentor/gnu/arm/baremetal/bin/../lib/gcc/arm-altera-eabi/6.2.0\libgcc.a(pr-support.o)
                              c:/intelfpga_pro/18.1/embedded/host_tools/mentor/gnu/arm/baremetal/bin/../lib/gcc/arm-altera-eabi/6.2.0\libgcc.a(unwind-arm.o) (__gnu_unwind_execute)
../../mAbassi/Platform/lib\lib_mAbassi_EVAL_GCC_AR5_CY5.a(mAbassi_EVAL_A9_GCC_2_NR.o)
                              Shell.o (TSKgetID)
../../mAbassi/Platform/lib\lib_mAbassi_EVAL_GCC_AR5_CY5.a(mAbassi_EVAL_GCC_AR5_CY5_NR.o)
                              (_vector_table)
../../mAbassi/Platform/lib\lib_mAbassi_EVAL_GCC_AR5_CY5.a(ARMv7_SMP_L1_L2_GCC_AR5_CY5.o)
                              ../../mAbassi/Platform/lib\lib_mAbassi_EVAL_GCC_AR5_CY5.a(mAbassi_EVAL_GCC_AR5_CY5_NR.o) (COREcacheON)
c:/intelfpga_pro/18.1/embedded/host_tools/mentor/gnu/arm/baremetal/bin/../lib/gcc/arm-altera-eabi/6.2.0/../../../../arm-altera-eabi/lib\libcs3.a(start_c.o)
                              (__cs3_start_c)
c:/intelfpga_pro/18.1/embedded/host_tools/mentor/gnu/arm/baremetal/bin/../lib/gcc/arm-altera-eabi/6.2.0/../../../../arm-altera-eabi/lib\libcs3unhosted.a(unhosted-start.o)
                              ../../mAbassi/Platform/lib\lib_mAbassi_EVAL_GCC_AR5_CY5.a(mAbassi_EVAL_GCC_AR5_CY5_NR.o) (_start)
c:/intelfpga_pro/18.1/embedded/host_tools/mentor/gnu/arm/baremetal/bin/../lib/gcc/arm-altera-eabi/6.2.0/../../../../arm-altera-eabi/lib\libcs3unhosted.a(unhosted-abort.o)
                              c:/intelfpga_pro/18.1/embedded/host_tools/mentor/gnu/arm/baremetal/bin/../lib/gcc/arm-altera-eabi/6.2.0\libgcc.a(unwind-arm.o) (abort)
c:/intelfpga_pro/18.1/embedded/host_tools/mentor/gnu/arm/baremetal/bin/../lib/gcc/arm-altera-eabi/6.2.0/../../../../arm-altera-eabi/lib\libstdc++.a(new_op.o)
                              MyApp_mAbassi.o (operator new(unsigned int))
c:/intelfpga_pro/18.1/embedded/host_tools/mentor/gnu/arm/baremetal/bin/../lib/gcc/arm-altera-eabi/6.2.0/../../../../arm-altera-eabi/lib\libstdc++.a(eh_arm.o)
                              MyApp_mAbassi.o (__cxa_end_cleanup)
c:/intelfpga_pro/18.1/embedded/host_tools/mentor/gnu/arm/baremetal/bin/../lib/gcc/arm-altera-eabi/6.2.0/../../../../arm-altera-eabi/lib\libstdc++.a(eh_throw.o)
                              c:/intelfpga_pro/18.1/embedded/host_tools/mentor/gnu/arm/baremetal/bin/../lib/gcc/arm-altera-eabi/6.2.0/../../../../arm-altera-eabi/lib\libstdc++.a(new_op.o) (__cxa_throw)
c:/intelfpga_pro/18.1/embedded/host_tools/mentor/gnu/arm/baremetal/bin/../lib/gcc/arm-altera-eabi/6.2.0/../../../../arm-altera-eabi/lib\libstdc++.a(new_handler.o)
                              c:/intelfpga_pro/18.1/embedded/host_tools/mentor/gnu/arm/baremetal/bin/../lib/gcc/arm-altera-eabi/6.2.0/../../../../arm-altera-eabi/lib\libstdc++.a(new_op.o) (std::get_new_handler())
c:/intelfpga_pro/18.1/embedded/host_tools/mentor/gnu/arm/baremetal/bin/../lib/gcc/arm-altera-eabi/6.2.0/../../../../arm-altera-eabi/lib\libstdc++.a(eh_catch.o)
                              c:/intelfpga_pro/18.1/embedded/host_tools/mentor/gnu/arm/baremetal/bin/../lib/gcc/arm-altera-eabi/6.2.0/../../../../arm-altera-eabi/lib\libstdc++.a(eh_throw.o) (__cxa_begin_catch)
c:/intelfpga_pro/18.1/embedded/host_tools/mentor/gnu/arm/baremetal/bin/../lib/gcc/arm-altera-eabi/6.2.0/../../../../arm-altera-eabi/lib\libstdc++.a(eh_exception.o)
                              c:/intelfpga_pro/18.1/embedded/host_tools/mentor/gnu/arm/baremetal/bin/../lib/gcc/arm-altera-eabi/6.2.0/../../../../arm-altera-eabi/lib\libstdc++.a(new_handler.o) (std::exception::~exception())
c:/intelfpga_pro/18.1/embedded/host_tools/mentor/gnu/arm/baremetal/bin/../lib/gcc/arm-altera-eabi/6.2.0/../../../../arm-altera-eabi/lib\libstdc++.a(eh_alloc.o)
[...]
Memory Configuration

Name             Origin             Length             Attributes
ram              0x00100040         0x3fefffc0         xrw
uram             0xffff0000         0x00010000         xrw
*default*        0x00000000         0xffffffff

Linker script and memory map

LOAD c:/intelfpga_pro/18.1/embedded/host_tools/mentor/gnu/arm/baremetal/bin/../lib/gcc/arm-altera-eabi/6.2.0/crti.o
LOAD c:/intelfpga_pro/18.1/embedded/host_tools/mentor/gnu/arm/baremetal/bin/../lib/gcc/arm-altera-eabi/6.2.0/crtbegin.o
LOAD c:/intelfpga_pro/18.1/embedded/host_tools/mentor/gnu/arm/baremetal/bin/../lib/gcc/arm-altera-eabi/6.2.0/../../../../arm-altera-eabi/lib\libstdc++.a
LOAD Main_mAbassi.o
LOAD MyApp_mAbassi.o
LOAD motor_card.o
LOAD test.o
LOAD MyDriver_CAN.o
LOAD SysCall_noFS.o
LOAD TIMERinit.o
LOAD dw_uart.o
LOAD alt_gpio.o
LOAD dw_spi.o
LOAD alt_generalpurpose_io.o
LOAD canard.o
LOAD o1heap.o
LOAD mAbassiCfgA9.o
LOAD Shell.o
LOAD SubShell.o
LOAD c:/intelfpga_pro/18.1/embedded/host_tools/mentor/gnu/arm/baremetal/bin/../lib/gcc/arm-altera-eabi/6.2.0\libgcc.a
LOAD ../../mAbassi/Platform/lib\lib_mAbassi_EVAL_GCC_AR5_CY5.a
LOAD c:/intelfpga_pro/18.1/embedded/host_tools/mentor/gnu/arm/baremetal/bin/../lib/gcc/arm-altera-eabi/6.2.0/../../../../arm-altera-eabi/lib\libcs3.a
LOAD c:/intelfpga_pro/18.1/embedded/host_tools/mentor/gnu/arm/baremetal/bin/../lib/gcc/arm-altera-eabi/6.2.0/../../../../arm-altera-eabi/lib\libcs3unhosted.a
LOAD c:/intelfpga_pro/18.1/embedded/host_tools/mentor/gnu/arm/baremetal/bin/../lib/gcc/arm-altera-eabi/6.2.0/../../../../arm-altera-eabi/lib\libcs3arm.a
LOAD c:/intelfpga_pro/18.1/embedded/host_tools/mentor/gnu/arm/baremetal/bin/../lib/gcc/arm-altera-eabi/6.2.0/../../../../arm-altera-eabi/lib\libstdc++.a
LOAD c:/intelfpga_pro/18.1/embedded/host_tools/mentor/gnu/arm/baremetal/bin/../lib/gcc/arm-altera-eabi/6.2.0\libgcc.a
LOAD c:/intelfpga_pro/18.1/embedded/host_tools/mentor/gnu/arm/baremetal/bin/../lib/gcc/arm-altera-eabi/6.2.0/../../../../arm-altera-eabi/lib\libstdc++.a
LOAD c:/intelfpga_pro/18.1/embedded/host_tools/mentor/gnu/arm/baremetal/bin/../lib/gcc/arm-altera-eabi/6.2.0/../../../../arm-altera-eabi/lib\libstdc++.a
LOAD c:/intelfpga_pro/18.1/embedded/host_tools/mentor/gnu/arm/baremetal/bin/../lib/gcc/arm-altera-eabi/6.2.0/../../../../arm-altera-eabi/lib\libm.a
LOAD c:/intelfpga_pro/18.1/embedded/host_tools/mentor/gnu/arm/baremetal/bin/../lib/gcc/arm-altera-eabi/6.2.0/../../../../arm-altera-eabi/lib\libc.a
START GROUP
LOAD c:/intelfpga_pro/18.1/embedded/host_tools/mentor/gnu/arm/baremetal/bin/../lib/gcc/arm-altera-eabi/6.2.0\libgcc.a
LOAD c:/intelfpga_pro/18.1/embedded/host_tools/mentor/gnu/arm/baremetal/bin/../lib/gcc/arm-altera-eabi/6.2.0/../../../../arm-altera-eabi/lib\libc.a
END GROUP
LOAD c:/intelfpga_pro/18.1/embedded/host_tools/mentor/gnu/arm/baremetal/bin/../lib/gcc/arm-altera-eabi/6.2.0/crtend.o
LOAD c:/intelfpga_pro/18.1/embedded/host_tools/mentor/gnu/arm/baremetal/bin/../lib/gcc/arm-altera-eabi/6.2.0/crtn.o
                0x00002000                _STACK_SIZE = DEFINED (_STACK_SIZE)?_STACK_SIZE:0x2000
                0x10000000                _MDRV_SIZE = DEFINED (_MDRV_SIZE)?_MDRV_SIZE:0x10000000
                0x00000800                _SUPERVISOR_STACK_SIZE = DEFINED (_SUPERVISOR_STACK_SIZE)?_SUPERVISOR_STACK_SIZE:0x800
                0x00000800                _ABORT_STACK_SIZE = DEFINED (_ABORT_STACK_SIZE)?_ABORT_STACK_SIZE:0x800
                0x00000800                _FIQ_STACK_SIZE = DEFINED (_FIQ_STACK_SIZE)?_FIQ_STACK_SIZE:0x800
                0x00002000                _IRQ_STACK_SIZE = DEFINED (_IRQ_STACK_SIZE)?_IRQ_STACK_SIZE:0x2000
                0x00000800                _UNDEF_STACK_SIZE = DEFINED (_UNDEF_STACK_SIZE)?_UNDEF_STACK_SIZE:0x800
                0x00000001                PROVIDE (__cs3_region_num, ((__cs3_regions_end - __cs3_regions) / 0x14))
                0x00131da8                __libc_fini = _fini

.text           0x00100040    0x2d080
 CREATE_OBJECT_SYMBOLS
                0x00100040                __cs3_region_start_ram = .
                0x00100040                _ftext = .
 *(.cs3.region-head.ram)
                0x00000001                ASSERT ((. == __cs3_region_start_ram), .cs3.region-head.ram not permitted)
                0x00100040                __cs3_interrupt_vector = __cs3_interrupt_vector_arm
 *(.cs3.interrupt_vector)
 .cs3.interrupt_vector
                0x00100040       0x3c ../../mAbassi/Platform/lib\lib_mAbassi_EVAL_GCC_AR5_CY5.a(mAbassi_EVAL_GCC_AR5_CY5_NR.o)
                0x00100040                Vectors
                0x00100040                __cs3_interrupt_vector_arm
                0x00100040                _vector_table
 *(.vectors)
                0x001110d8                PROVIDE (__cs3_reset, __cs3_reset_generic)
 *(.cs3.reset)
                [0x00100110]                _start = DEFINED (__cs3_start_asm)?__cs3_start_asm:_start
 *(.text.cs3.init)
 .text.cs3.init
                0x0010007c       0x94 c:/intelfpga_pro/18.1/embedded/host_tools/mentor/gnu/arm/baremetal/bin/../lib/gcc/arm-altera-eabi/6.2.0/../../../../arm-altera-eabi/lib\libcs3.a(start_c.o)
                0x0010007c                __cs3_start_c
 .text.cs3.init
                0x00100110        0xc c:/intelfpga_pro/18.1/embedded/host_tools/mentor/gnu/arm/baremetal/bin/../lib/gcc/arm-altera-eabi/6.2.0/../../../../arm-altera-eabi/lib\libcs3unhosted.a(unhosted-start.o)
 *(.text .text.* .gnu.linkonce.t.*)
 .text          0x0010011c      0x108 c:/intelfpga_pro/18.1/embedded/host_tools/mentor/gnu/arm/baremetal/bin/../lib/gcc/arm-altera-eabi/6.2.0/crtbegin.o
 .text.startup.main
                0x00100224      0x17c Main_mAbassi.o
                0x00100224                main
 .text.TIMcallBack
                0x001003a0        0x4 Main_mAbassi.o
                0x001003a0                TIMcallBack
 .text._Z24button_CallbackInterruptmPv
                0x001003a4       0x34 MyApp_mAbassi.o
                0x001003a4                button_CallbackInterrupt(unsigned long, void*)
 .text._Z13Task_FPGA_Ledv
                0x001003d8       0x30 MyApp_mAbassi.o
                0x001003d8                Task_FPGA_Led()
 .text._Z16Task_FPGA_Buttonv
                0x00100408       0x8c MyApp_mAbassi.o
                0x00100408                Task_FPGA_Button()
 .text._Z15setup_Interruptv
                0x00100494       0x58 MyApp_mAbassi.o
                0x00100494                setup_Interrupt()
 .text._Z14setup_hps_gpiov
                0x001004ec       0x58 MyApp_mAbassi.o
                0x001004ec                setup_hps_gpio()
 .text._Z12Task_HPS_Ledv
                0x00100544      0x1a8 MyApp_mAbassi.o
                0x00100544                Task_HPS_Led()
 *fill*         0x001006ec        0x4 
 .text._Z14Task_LOW_LEVELv
                0x001006f0      0x2c0 MyApp_mAbassi.o
                0x001006f0                Task_LOW_LEVEL()
 .text.startup._GLOBAL__sub_I_fpga_leds
                0x001009b0       0x18 MyApp_mAbassi.o
 .text._ZN10motor_cardC2Emi
                0x001009c8        0x8 motor_card.o
                0x001009c8                motor_card::motor_card(unsigned long, int)
                0x001009c8                motor_card::motor_card(unsigned long, int)
 .text._ZN10motor_card6set_kpEd
                0x001009d0        0x8 motor_card.o
                0x001009d0                motor_card::set_kp(double)
 .text._ZN10motor_card6set_kiEd
                0x001009d8        0x8 motor_card.o
                0x001009d8                motor_card::set_ki(double)
 .text._ZN10motor_card10ctrl_motorEi
                0x001009e0       0x2c motor_card.o
                0x001009e0                motor_card::ctrl_motor(int)
 *fill*         0x00100a0c        0x4 
 .text._ZN10motor_card11set_voltageEd
                0x00100a10      0x210 motor_card.o
                0x00100a10                motor_card::set_voltage(double)
 .text._ZN10motor_card9set_brakeEi
                0x00100c20       0x44 motor_card.o
                0x00100c20                motor_card::set_brake(int)
 .text._ZN10motor_card11set_commandEd
                0x00100c64        0x8 motor_card.o
                0x00100c64                motor_card::set_command(double)
 *fill*         0x00100c6c        0x4 
 .text._ZN10motor_card4initEv
                0x00100c70       0xa0 motor_card.o
                0x00100c70                motor_card::init()
 .text._ZN10motor_card13set_old_speedEd
                0x00100d10        0x8 motor_card.o
                0x00100d10                motor_card::set_old_speed(double)
 .text._ZN10motor_card10set_deltaTEd
                0x00100d18        0x8 motor_card.o
                0x00100d18                motor_card::set_deltaT(double)
 .text._ZN10motor_card9set_speedEv
                0x00100d20      0x148 motor_card.o
                0x00100d20                motor_card::set_speed()
 .text.Test_func
                0x00100e68       0x14 test.o
                0x00100e68                Test_func
 .text._Z8CAN_initv
                0x00100e7c      0x96c MyDriver_CAN.o
                0x00100e7c                CAN_init()
 .text._Z11CAN_sendMsgmPhhh
                0x001017e8      0x1c4 MyDriver_CAN.o
                0x001017e8                CAN_sendMsg(unsigned long, unsigned char*, unsigned char, unsigned char)
 .text.SysCallInit
                0x001019ac        0x4 SysCall_noFS.o
                0x001019ac                SysCallInit
 .text._close_r
                0x001019b0        0xc SysCall_noFS.o
                0x001019b0                _close_r
 .text._read_r  0x001019bc       0x58 SysCall_noFS.o
                0x001019bc                _read_r
 .text._write_r
                0x00101a14       0x58 SysCall_noFS.o
                0x00101a14                _write_r
 .text._lseek_r
                0x00101a6c        0xc SysCall_noFS.o
                0x00101a6c                _lseek_r
 .text._fstat_r
                0x00101a78        0xc SysCall_noFS.o
                0x00101a78                _fstat_r
 .text._isatty_r
                0x00101a84        0xc SysCall_noFS.o
                0x00101a84                _isatty_r
 .text.GetKey   0x00101a90       0x2c SysCall_noFS.o
                0x00101a90                GetKey
 .text.TIMERinit
                0x00101abc       0x20 TIMERinit.o
                0x00101abc                TIMERinit
 .text.uart_send
                0x00101adc      0x5bc dw_uart.o
                0x00101adc                uart_send
 .text.uart_recv
                0x00102098      0x540 dw_uart.o
                0x00102098                uart_recv
 .text.uart_filt
                0x001025d8       0x78 dw_uart.o
                0x001025d8                uart_filt
 .text.uart_init
                0x00102650      0x318 dw_uart.o
                0x00102650                uart_init
 .text.UARTintHndl_0
                0x00102968      0x118 dw_uart.o
                0x00102968                UARTintHndl_0
 .text.UARTintHndl_1
                0x00102a80      0x154 dw_uart.o
                0x00102a80                UARTintHndl_1
 .text.gpio_dir
                0x00102bd4       0x84 alt_gpio.o
                0x00102bd4                gpio_dir
 .text.gpio_set
                0x00102c58       0x7c alt_gpio.o
                0x00102c58                gpio_set
 .text.gpio_init
                0x00102cd4       0x34 alt_gpio.o
                0x00102cd4                gpio_init
 .text.spi_send
                0x00102d08      0x648 dw_spi.o
                0x00102d08                spi_send
 .text.spi_send_recv
                0x00103350      0x8ac dw_spi.o
                0x00103350                spi_send_recv
 .text.spi_init
                0x00103bfc      0x328 dw_spi.o
                0x00103bfc                spi_init
 .text.alt_gpio_init
                0x00103f24       0x1c alt_generalpurpose_io.o
                0x00103f24                alt_gpio_init
 .text.alt_gpio_port_data_write
                0x00103f40       0x50 alt_generalpurpose_io.o
                0x00103f40                alt_gpio_port_data_write
 .text.alt_gpio_group_config
                0x00103f90      0x31c alt_generalpurpose_io.o
                0x00103f90                alt_gpio_group_config
 .text.alt_gpio_bit_to_pid
                0x001042ac       0x1c alt_generalpurpose_io.o
                0x001042ac                alt_gpio_bit_to_pid
 .text.alt_gpio_bit_to_port_pin
                0x001042c8       0x20 alt_generalpurpose_io.o
                0x001042c8                alt_gpio_bit_to_port_pin
 .text.PrtResult
                0x001042e8      0x1b4 Shell.o
 .text.CmdLog   0x0010449c       0x14 Shell.o
 .text.CmdEdit  0x001044b0       0x7c Shell.o
 .text.CmdMblk  0x0010452c      0x108 Shell.o
 .text.CmdGrp   0x00104634      0x634 Shell.o
 .text.CmdSys   0x00104c68      0x434 Shell.o
 .text.CmdHelp  0x0010509c      0x220 Shell.o
 .text.CmdEvt   0x001052bc      0x190 Shell.o
 .text.CmdMtx   0x0010544c      0xc40 Shell.o
 .text.CmdSem   0x0010608c      0xd48 Shell.o
 .text.CmdMbx   0x00106dd4     0x10a8 Shell.o
 .text.CmdTim   0x00107e7c     0x15f0 Shell.o
 .text.CmdTask  0x0010946c     0x1abc Shell.o
 .text.OSshell  0x0010af28      0xaa0 Shell.o
                0x0010af28                OSshell
 .text.ShellGets
                0x0010b9c8      0x198 Shell.o
                0x0010b9c8                ShellGets
 .text.CmdMem   0x0010bb60      0x3e8 Shell.o
 .text          0x0010bf48      0x148 c:/intelfpga_pro/18.1/embedded/host_tools/mentor/gnu/arm/baremetal/bin/../lib/gcc/arm-altera-eabi/6.2.0\libgcc.a(_divsi3.o)
                0x0010bf48                __divsi3
                0x0010bf48                __aeabi_idiv
                0x0010c070                __aeabi_idivmod
 .text          0x0010c090        0x4 c:/intelfpga_pro/18.1/embedded/host_tools/mentor/gnu/arm/baremetal/bin/../lib/gcc/arm-altera-eabi/6.2.0\libgcc.a(_dvmd_tls.o)
                0x0010c090                __aeabi_idiv0
                0x0010c090                __aeabi_ldiv0
 .text          0x0010c094     0x1050 c:/intelfpga_pro/18.1/embedded/host_tools/mentor/gnu/arm/baremetal/bin/../lib/gcc/arm-altera-eabi/6.2.0\libgcc.a(unwind-arm.o)
                0x0010c52c                _Unwind_GetCFA
                0x0010c534                __gnu_Unwind_RaiseException
                0x0010c5e4                __gnu_Unwind_ForcedUnwind
                0x0010c608                __gnu_Unwind_Resume
                0x0010c67c                __gnu_Unwind_Resume_or_Rethrow
                0x0010c698                _Unwind_Complete
                0x0010c69c                _Unwind_DeleteException
                0x0010c6b4                _Unwind_VRS_Get
                0x0010c740                _Unwind_VRS_Set
                0x0010c7cc                __gnu_Unwind_Backtrace
                0x0010cce4                __aeabi_unwind_cpp_pr0
                0x0010ccec                __aeabi_unwind_cpp_pr1
                0x0010ccf4                __aeabi_unwind_cpp_pr2
                0x0010ccfc                _Unwind_VRS_Pop
 .text          0x0010d0e4      0x1b0 c:/intelfpga_pro/18.1/embedded/host_tools/mentor/gnu/arm/baremetal/bin/../lib/gcc/arm-altera-eabi/6.2.0\libgcc.a(libunwind.o)
                0x0010d0e4                __restore_core_regs
                0x0010d0e4                restore_core_regs
                0x0010d100                __gnu_Unwind_Restore_VFP
                0x0010d108                __gnu_Unwind_Save_VFP
                0x0010d110                __gnu_Unwind_Restore_VFP_D
                0x0010d118                __gnu_Unwind_Save_VFP_D
                0x0010d120                __gnu_Unwind_Restore_VFP_D_16_to_31
                0x0010d128                __gnu_Unwind_Save_VFP_D_16_to_31
                0x0010d130                __gnu_Unwind_Restore_WMMXD
                0x0010d174                __gnu_Unwind_Save_WMMXD
                0x0010d1b8                __gnu_Unwind_Restore_WMMXC
                0x0010d1cc                __gnu_Unwind_Save_WMMXC
                0x0010d1e0                ___Unwind_RaiseException
                0x0010d1e0                _Unwind_RaiseException
                0x0010d204                _Unwind_Resume
                0x0010d204                ___Unwind_Resume
                0x0010d228                _Unwind_Resume_or_Rethrow
                0x0010d228                ___Unwind_Resume_or_Rethrow
                0x0010d24c                _Unwind_ForcedUnwind
                0x0010d24c                ___Unwind_ForcedUnwind
                0x0010d270                ___Unwind_Backtrace
                0x0010d270                _Unwind_Backtrace
 .text          0x0010d294      0x51c c:/intelfpga_pro/18.1/embedded/host_tools/mentor/gnu/arm/baremetal/bin/../lib/gcc/arm-altera-eabi/6.2.0\libgcc.a(pr-support.o)
                0x0010d328                __gnu_unwind_execute
                0x0010d724                __gnu_unwind_frame
                0x0010d76c                _Unwind_GetRegionStart
                0x0010d780                _Unwind_GetLanguageSpecificData
                0x0010d7a0                _Unwind_GetTextRelBase
                0x0010d7a8                _Unwind_GetDataRelBase
 .text.TSKcreate.constprop.0
                0x0010d7b0       0xf0 ../../mAbassi/Platform/lib\lib_mAbassi_EVAL_GCC_AR5_CY5.a(mAbassi_EVAL_A9_GCC_2_NR.o)
 .text.TSKgetID
                0x0010d8a0       0x60 ../../mAbassi/Platform/lib\lib_mAbassi_EVAL_GCC_AR5_CY5.a(mAbassi_EVAL_A9_GCC_2_NR.o)
                0x0010d8a0                TSKgetID
 .text.TSKstkChk
                0x0010d900       0x60 ../../mAbassi/Platform/lib\lib_mAbassi_EVAL_GCC_AR5_CY5.a(mAbassi_EVAL_A9_GCC_2_NR.o)
                0x0010d900                TSKstkChk
 .text.Abassi   0x0010d960     0x2850 ../../mAbassi/Platform/lib\lib_mAbassi_EVAL_GCC_AR5_CY5.a(mAbassi_EVAL_A9_GCC_2_NR.o)
                0x0010d960                Abassi
 .text.TSKcreate
                0x001101b0      0x350 ../../mAbassi/Platform/lib\lib_mAbassi_EVAL_GCC_AR5_CY5.a(mAbassi_EVAL_A9_GCC_2_NR.o)
                0x001101b0                TSKcreate
 .text.OSstart  0x00110500      0x17c ../../mAbassi/Platform/lib\lib_mAbassi_EVAL_GCC_AR5_CY5.a(mAbassi_EVAL_A9_GCC_2_NR.o)
                0x00110500                OSstart
 .text.TSKstart
                0x0011067c       0x60 ../../mAbassi/Platform/lib\lib_mAbassi_EVAL_GCC_AR5_CY5.a(mAbassi_EVAL_A9_GCC_2_NR.o)
                0x0011067c                TSKstart
 .text.SEM__open
                0x001106dc      0x144 ../../mAbassi/Platform/lib\lib_mAbassi_EVAL_GCC_AR5_CY5.a(mAbassi_EVAL_A9_GCC_2_NR.o)
                0x001106dc                SEM__open
 .text.MBX__open
                0x00110820      0x154 ../../mAbassi/Platform/lib\lib_mAbassi_EVAL_GCC_AR5_CY5.a(mAbassi_EVAL_A9_GCC_2_NR.o)
                0x00110820                MBX__open
 .text.MBXget   0x00110974      0x128 ../../mAbassi/Platform/lib\lib_mAbassi_EVAL_GCC_AR5_CY5.a(mAbassi_EVAL_A9_GCC_2_NR.o)
                0x00110974                MBXget
 .text.MBXput   0x00110a9c       0xd8 ../../mAbassi/Platform/lib\lib_mAbassi_EVAL_GCC_AR5_CY5.a(mAbassi_EVAL_A9_GCC_2_NR.o)
                0x00110a9c                MBXput
 .text.GroupRm  0x00110b74       0xb4 ../../mAbassi/Platform/lib\lib_mAbassi_EVAL_GCC_AR5_CY5.a(mAbassi_EVAL_A9_GCC_2_NR.o)
                0x00110b74                GroupRm
 .text.TIMtick  0x00110c28      0x4a0 ../../mAbassi/Platform/lib\lib_mAbassi_EVAL_GCC_AR5_CY5.a(mAbassi_EVAL_A9_GCC_2_NR.o)
                0x00110c28                TIMtick
 .text          0x001110c8      0xb48 ../../mAbassi/Platform/lib\lib_mAbassi_EVAL_GCC_AR5_CY5.a(mAbassi_EVAL_GCC_AR5_CY5_NR.o)
                0x001110d8                __cs3_reset_generic
                0x001110d8                Reset_Handler
                0x001110d8                boot
                0x001110d8                _prestart
                0x00111480                _exit
                0x00111488                _sbrk_r
                0x001114c0                OStrap
                0x001114d8                __cs3_isr_swi
                0x001114d8                mySWI
                0x00111520                SWI_Handler
                0x00111524                OScontext
                0x00111544                CoreContext
                0x00111558                OSstack
                0x001115b4                OSintCtrl
                0x001115d4                OSintBack
                0x001115e4                OSintOff
                0x001115f0                OSintOn
                0x001115f8                OSisrInfo
                0x00111608                __cs3_isr_irq
                0x00111608                ISRdispatch
                0x0011173c                OSinvalidISR
                0x00111744                COREgetPeriph
                0x0011174c                COREgetID
                0x00111758                GICinit
                0x001117fc                GICenable
                0x0011193c                COREstart1
                0x00111948                COREstart2
                0x00111954                COREstart3
                0x00111960                COREstart0
                0x0011196c                CoreIdle
                0x0011199c                COREsafeGetID
                0x001119c0                COREsendISR
                0x001119f4                COREwakeISR
                0x00111a20                COREisInISR
                0x00111a34                COREtaskNow
                0x00111a58                COREchkRedo
                0x00111ab8                CORElock
                0x00111ae8                COREunlock
                0x00111afc                SPINlock
                0x00111b0c                SPINtrylock
                0x00111b1c                SPIN_lock
                0x00111ba4                SPINunlock
 .text          0x00111c10      0x798 ../../mAbassi/Platform/lib\lib_mAbassi_EVAL_GCC_AR5_CY5.a(ARMv7_SMP_L1_L2_GCC_AR5_CY5.o)
                0x00111c10                COREcacheON
                0x0011209c                DCacheInvalRange
                0x001121b0                DCacheFlushRange
                0x001122c4                MMUlog2Phy
                0x00112324                MMUphy2Log
 .text          0x001123a8       0x4c c:/intelfpga_pro/18.1/embedded/host_tools/mentor/gnu/arm/baremetal/bin/../lib/gcc/arm-altera-eabi/6.2.0/../../../../arm-altera-eabi/lib\libcs3.a(start_c.o)
                0x001123a8                __cs3_premain
 .text          0x001123f4        0x4 c:/intelfpga_pro/18.1/embedded/host_tools/mentor/gnu/arm/baremetal/bin/../lib/gcc/arm-altera-eabi/6.2.0/../../../../arm-altera-eabi/lib\libcs3unhosted.a(unhosted-abort.o)
                0x001123f4                abort
 .text._Znwj    0x001123f8       0x68 c:/intelfpga_pro/18.1/embedded/host_tools/mentor/gnu/arm/baremetal/bin/../lib/gcc/arm-altera-eabi/6.2.0/../../../../arm-altera-eabi/lib\libstdc++.a(new_op.o)
                0x001123f8                operator new(unsigned int)
 .text.__cxa_end_cleanup
                0x00112460       0x10 c:/intelfpga_pro/18.1/embedded/host_tools/mentor/gnu/arm/baremetal/bin/../lib/gcc/arm-altera-eabi/6.2.0/../../../../arm-altera-eabi/lib\libstdc++.a(eh_arm.o)
                0x00112460                __cxa_end_cleanup
 .text.__cxa_type_match
                0x00112470      0x158 c:/intelfpga_pro/18.1/embedded/host_tools/mentor/gnu/arm/baremetal/bin/../lib/gcc/arm-altera-eabi/6.2.0/../../../../arm-altera-eabi/lib\libstdc++.a(eh_arm.o)
                0x00112470                __cxa_type_match
 .text.__cxa_begin_cleanup
                0x001125c8       0xbc c:/intelfpga_pro/18.1/embedded/host_tools/mentor/gnu/arm/baremetal/bin/../lib/gcc/arm-altera-eabi/6.2.0/../../../../arm-altera-eabi/lib\libstdc++.a(eh_arm.o)
                0x001125c8                __cxa_begin_cleanup
 .text.__gnu_end_cleanup
                0x00112684       0xbc c:/intelfpga_pro/18.1/embedded/host_tools/mentor/gnu/arm/baremetal/bin/../lib/gcc/arm-altera-eabi/6.2.0/../../../../arm-altera-eabi/lib\libstdc++.a(eh_arm.o)
                0x00112684                __gnu_end_cleanup
 .text._ZL23__gxx_exception_cleanup19_Unwind_Reason_CodeP21_Unwind_Control_Block
                0x00112740       0x3c c:/intelfpga_pro/18.1/embedded/host_tools/mentor/gnu/arm/baremetal/bin/../lib/gcc/arm-altera-eabi/6.2.0/../../../../arm-altera-eabi/lib\libstdc++.a(eh_throw.o)
 .text.__cxa_throw
                0x0011277c       0x9c c:/intelfpga_pro/18.1/embedded/host_tools/mentor/gnu/arm/baremetal/bin/../lib/gcc/arm-altera-eabi/6.2.0/../../../../arm-altera-eabi/lib\libstdc++.a(eh_throw.o)
                0x0011277c                __cxa_throw
 .text.__cxa_rethrow
                0x00112818       0xb0 c:/intelfpga_pro/18.1/embedded/host_tools/mentor/gnu/arm/baremetal/bin/../lib/gcc/arm-altera-eabi/6.2.0/../../../../arm-altera-eabi/lib\libstdc++.a(eh_throw.o)
                0x00112818                __cxa_rethrow
 .text._ZNK9__gnu_cxx24__concurrence_lock_error4whatEv
                0x001128c8        0xc c:/intelfpga_pro/18.1/embedded/host_tools/mentor/gnu/arm/baremetal/bin/../lib/gcc/arm-altera-eabi/6.2.0/../../../../arm-altera-eabi/lib\libstdc++.a(new_handler.o)
                0x001128c8                __gnu_cxx::__concurrence_lock_error::what() const
 .text._ZNK9__gnu_cxx26__concurrence_unlock_error4whatEv
                0x001128d4        0xc c:/intelfpga_pro/18.1/embedded/host_tools/mentor/gnu/arm/baremetal/bin/../lib/gcc/arm-altera-eabi/6.2.0/../../../../arm-altera-eabi/lib\libstdc++.a(new_handler.o)
                0x001128d4                __gnu_cxx::__concurrence_unlock_error::what() const
 .text._ZN9__gnu_cxx24__concurrence_lock_errorD2Ev
                0x001128e0       0x24 c:/intelfpga_pro/18.1/embedded/host_tools/mentor/gnu/arm/baremetal/bin/../lib/gcc/arm-altera-eabi/6.2.0/../../../../arm-altera-eabi/lib\libstdc++.a(new_handler.o)
                0x001128e0                __gnu_cxx::__concurrence_lock_error::~__concurrence_lock_error()
                0x001128e0                __gnu_cxx::__concurrence_lock_error::~__concurrence_lock_error()
 .text._ZN9__gnu_cxx26__concurrence_unlock_errorD2Ev
                0x00112904       0x24 c:/intelfpga_pro/18.1/embedded/host_tools/mentor/gnu/arm/baremetal/bin/../lib/gcc/arm-altera-eabi/6.2.0/../../../../arm-altera-eabi/lib\libstdc++.a(new_handler.o)
                0x00112904                __gnu_cxx::__concurrence_unlock_error::~__concurrence_unlock_error()
                0x00112904                __gnu_cxx::__concurrence_unlock_error::~__concurrence_unlock_error()
 .text._ZN9__gnu_cxx24__concurrence_lock_errorD0Ev
                0x00112928       0x2c c:/intelfpga_pro/18.1/embedded/host_tools/mentor/gnu/arm/baremetal/bin/../lib/gcc/arm-altera-eabi/6.2.0/../../../../arm-altera-eabi/lib\libstdc++.a(new_handler.o)
                0x00112928                __gnu_cxx::__concurrence_lock_error::~__concurrence_lock_error()
 .text._ZN9__gnu_cxx26__concurrence_unlock_errorD0Ev
                0x00112954       0x2c c:/intelfpga_pro/18.1/embedded/host_tools/mentor/gnu/arm/baremetal/bin/../lib/gcc/arm-altera-eabi/6.2.0/../../../../arm-altera-eabi/lib\libstdc++.a(new_handler.o)
                0x00112954                __gnu_cxx::__concurrence_unlock_error::~__concurrence_unlock_error()
 .text._ZN9__gnu_cxx7__mutexD2Ev
                0x00112980       0x24 c:/intelfpga_pro/18.1/embedded/host_tools/mentor/gnu/arm/baremetal/bin/../lib/gcc/arm-altera-eabi/6.2.0/../../../../arm-altera-eabi/lib\libstdc++.a(new_handler.o)
                0x00112980                __gnu_cxx::__mutex::~__mutex()
                0x00112980                __gnu_cxx::__mutex::~__mutex()
 .text._ZN9__gnu_cxx30__throw_concurrence_lock_errorEv
                0x001129a4       0x2c c:/intelfpga_pro/18.1/embedded/host_tools/mentor/gnu/arm/baremetal/bin/../lib/gcc/arm-altera-eabi/6.2.0/../../../../arm-altera-eabi/lib\libstdc++.a(new_handler.o)
                0x001129a4                __gnu_cxx::__throw_concurrence_lock_error()
 .text._ZN9__gnu_cxx32__throw_concurrence_unlock_errorEv
                0x001129d0       0x2c c:/intelfpga_pro/18.1/embedded/host_tools/mentor/gnu/arm/baremetal/bin/../lib/gcc/arm-altera-eabi/6.2.0/../../../../arm-altera-eabi/lib\libstdc++.a(new_handler.o)
                0x001129d0                __gnu_cxx::__throw_concurrence_unlock_error()
 .text._ZSt15get_new_handlerv
                0x001129fc       0x6c c:/intelfpga_pro/18.1/embedded/host_tools/mentor/gnu/arm/baremetal/bin/../lib/gcc/arm-altera-eabi/6.2.0/../../../../arm-altera-eabi/lib\libstdc++.a(new_handler.o)
                0x001129fc                std::get_new_handler()
 .text.startup._GLOBAL__sub_I__ZSt7nothrow
                0x00112a68       0x40 c:/intelfpga_pro/18.1/embedded/host_tools/mentor/gnu/arm/baremetal/bin/../lib/gcc/arm-altera-eabi/6.2.0/../../../../arm-altera-eabi/lib\libstdc++.a(new_handler.o)
 .text.__cxa_begin_catch
                0x00112aa8       0xe0 c:/intelfpga_pro/18.1/embedded/host_tools/mentor/gnu/arm/baremetal/bin/../lib/gcc/arm-altera-eabi/6.2.0/../../../../arm-altera-eabi/lib\libstdc++.a(eh_catch.o)
                0x00112aa8                __cxa_begin_catch
 .text.__cxa_end_catch
                0x00112b88       0xe4 c:/intelfpga_pro/18.1/embedded/host_tools/mentor/gnu/arm/baremetal/bin/../lib/gcc/arm-altera-eabi/6.2.0/../../../../arm-altera-eabi/lib\libstdc++.a(eh_catch.o)
                0x00112b88                __cxa_end_catch
 .text._ZNSt9exceptionD2Ev
                0x00112c6c        0x4 c:/intelfpga_pro/18.1/embedded/host_tools/mentor/gnu/arm/baremetal/bin/../lib/gcc/arm-altera-eabi/6.2.0/../../../../arm-altera-eabi/lib\libstdc++.a(eh_exception.o)
                0x00112c6c                std::exception::~exception()
                0x00112c6c                std::exception::~exception()
 .text._ZNSt13bad_exceptionD2Ev
                0x00112c70        0x4 c:/intelfpga_pro/18.1/embedded/host_tools/mentor/gnu/arm/baremetal/bin/../lib/gcc/arm-altera-eabi/6.2.0/../../../../arm-altera-eabi/lib\libstdc++.a(eh_exception.o)
                0x00112c70                std::bad_exception::~bad_exception()
                0x00112c70                std::bad_exception::~bad_exception()
 .text._ZGTtNKSt13bad_exception4whatEv
                0x00112c74        0xc c:/intelfpga_pro/18.1/embedded/host_tools/mentor/gnu/arm/baremetal/bin/../lib/gcc/arm-altera-eabi/6.2.0/../../../../arm-altera-eabi/lib\libstdc++.a(eh_exception.o)
                0x00112c74                std::bad_exception::what() const
                0x00112c74                transaction clone for std::bad_exception::what() const
 .text._ZNSt13bad_exceptionD0Ev
                0x00112c80       0x1c c:/intelfpga_pro/18.1/embedded/host_tools/mentor/gnu/arm/baremetal/bin/../lib/gcc/arm-altera-eabi/6.2.0/../../../../arm-altera-eabi/lib\libstdc++.a(eh_exception.o)
                0x00112c80                std::bad_exception::~bad_exception()
 .text._ZN12_GLOBAL__N_14poolD2Ev
                0x00112c9c       0x24 c:/intelfpga_pro/18.1/embedded/host_tools/mentor/gnu/arm/baremetal/bin/../lib/gcc/arm-altera-eabi/6.2.0/../../../../arm-altera-eabi/lib\libstdc++.a(eh_alloc.o)
 .text._ZN12_GLOBAL__N_14pool4freeEPv.constprop.2
                0x00112cc0      0x144 c:/intelfpga_pro/18.1/embedded/host_tools/mentor/gnu/arm/baremetal/bin/../lib/gcc/arm-altera-eabi/6.2.0/../../../../arm-altera-eabi/lib\libstdc++.a(eh_alloc.o)
 .text._ZN12_GLOBAL__N_14pool8allocateEj.constprop.3
                0x00112e04      0x130 c:/intelfpga_pro/18.1/embedded/host_tools/mentor/gnu/arm/baremetal/bin/../lib/gcc/arm-altera-eabi/6.2.0/../../../../arm-altera-eabi/lib\libstdc++.a(eh_alloc.o)
 .text.__cxa_allocate_exception
                0x00112f34       0x48 c:/intelfpga_pro/18.1/embedded/host_tools/mentor/gnu/arm/baremetal/bin/../lib/gcc/arm-altera-eabi/6.2.0/../../../../arm-altera-eabi/lib\libstdc++.a(eh_alloc.o)
                0x00112f34                __cxa_allocate_exception
 .text.__cxa_free_exception
                0x00112f7c       0x38 c:/intelfpga_pro/18.1/embedded/host_tools/mentor/gnu/arm/baremetal/bin/../lib/gcc/arm-altera-eabi/6.2.0/../../../../arm-altera-eabi/lib\libstdc++.a(eh_alloc.o)
                0x00112f7c                __cxa_free_exception
 .text.startup._GLOBAL__sub_I__ZN9__gnu_cxx9__freeresEv
                0x00112fb4       0x74 c:/intelfpga_pro/18.1/embedded/host_tools/mentor/gnu/arm/baremetal/bin/../lib/gcc/arm-altera-eabi/6.2.0/../../../../arm-altera-eabi/lib\libstdc++.a(eh_alloc.o)
 .text._ZL28read_encoded_value_with_basehjPKhPj
                0x00113028      0x17c c:/intelfpga_pro/18.1/embedded/host_tools/mentor/gnu/arm/baremetal/bin/../lib/gcc/arm-altera-eabi/6.2.0/../../../../arm-altera-eabi/lib\libstdc++.a(eh_personality.o)
 .text._ZL21base_of_encoded_valuehP15_Unwind_Context
                0x001131a4       0x8c c:/intelfpga_pro/18.1/embedded/host_tools/mentor/gnu/arm/baremetal/bin/../lib/gcc/arm-altera-eabi/6.2.0/../../../../arm-altera-eabi/lib\libstdc++.a(eh_personality.o)
 .text._ZL17parse_lsda_headerP15_Unwind_ContextPKhP16lsda_header_info
                0x00113230       0xe0 c:/intelfpga_pro/18.1/embedded/host_tools/mentor/gnu/arm/baremetal/bin/../lib/gcc/arm-altera-eabi/6.2.0/../../../../arm-altera-eabi/lib\libstdc++.a(eh_personality.o)
 .text.__gxx_personality_v0
                0x00113310      0x6fc c:/intelfpga_pro/18.1/embedded/host_tools/mentor/gnu/arm/baremetal/bin/../lib/gcc/arm-altera-eabi/6.2.0/../../../../arm-altera-eabi/lib\libstdc++.a(eh_personality.o)
                0x00113310                __gxx_personality_v0
 .text._ZdlPvj  0x00113a0c       0x10 c:/intelfpga_pro/18.1/embedded/host_tools/mentor/gnu/arm/baremetal/bin/../lib/gcc/arm-altera-eabi/6.2.0/../../../../arm-altera-eabi/lib\libstdc++.a(del_ops.o)
                0x00113a0c                operator delete(void*, unsigned int)
 .text._ZN10__cxxabiv120__si_class_type_infoD2Ev
                0x00113a1c       0x24 c:/intelfpga_pro/18.1/embedded/host_tools/mentor/gnu/arm/baremetal/bin/../lib/gcc/arm-altera-eabi/6.2.0/../../../../arm-altera-eabi/lib\libstdc++.a(si_class_type_info.o)
                0x00113a1c                __cxxabiv1::__si_class_type_info::~__si_class_type_info()
                0x00113a1c                __cxxabiv1::__si_class_type_info::~__si_class_type_info()
 .text._ZN10__cxxabiv120__si_class_type_infoD0Ev
                0x00113a40       0x30 c:/intelfpga_pro/18.1/embedded/host_tools/mentor/gnu/arm/baremetal/bin/../lib/gcc/arm-altera-eabi/6.2.0/../../../../arm-altera-eabi/lib\libstdc++.a(si_class_type_info.o)
                0x00113a40                __cxxabiv1::__si_class_type_info::~__si_class_type_info()
 .text._ZNK10__cxxabiv120__si_class_type_info20__do_find_public_srcEiPKvPKNS_17__class_type_infoES2_
                0x00113a70       0x70 c:/intelfpga_pro/18.1/embedded/host_tools/mentor/gnu/arm/baremetal/bin/../lib/gcc/arm-altera-eabi/6.2.0/../../../../arm-altera-eabi/lib\libstdc++.a(si_class_type_info.o)
                0x00113a70                __cxxabiv1::__si_class_type_info::__do_find_public_src(int, void const*, __cxxabiv1::__class_type_info const*, void const*) const
 .text._ZNK10__cxxabiv120__si_class_type_info12__do_dyncastEiNS_17__class_type_info10__sub_kindEPKS1_PKvS4_S6_RNS1_16__dyncast_resultE
                0x00113ae0       0xf8 c:/intelfpga_pro/18.1/embedded/host_tools/mentor/gnu/arm/baremetal/bin/../lib/gcc/arm-altera-eabi/6.2.0/../../../../arm-altera-eabi/lib\libstdc++.a(si_class_type_info.o)
                0x00113ae0                __cxxabiv1::__si_class_type_info::__do_dyncast(int, __cxxabiv1::__class_type_info::__sub_kind, __cxxabiv1::__class_type_info const*, void const*, __cxxabiv1::__class_type_info const*, void const*, __cxxabiv1::__class_type_info::__dyncast_result&) const
 .text._ZNK10__cxxabiv120__si_class_type_info11__do_upcastEPKNS_17__class_type_infoEPKvRNS1_15__upcast_resultE
                0x00113bd8       0x4c c:/intelfpga_pro/18.1/embedded/host_tools/mentor/gnu/arm/baremetal/bin/../lib/gcc/arm-altera-eabi/6.2.0/../../../../arm-altera-eabi/lib\libstdc++.a(si_class_type_info.o)
                0x00113bd8                __cxxabiv1::__si_class_type_info::__do_upcast(__cxxabiv1::__class_type_info const*, void const*, __cxxabiv1::__class_type_info::__upcast_result&) const
 .text._ZNKSt9bad_alloc4whatEv
                0x00113c24        0xc c:/intelfpga_pro/18.1/embedded/host_tools/mentor/gnu/arm/baremetal/bin/../lib/gcc/arm-altera-eabi/6.2.0/../../../../arm-altera-eabi/lib\libstdc++.a(bad_alloc.o)
                0x00113c24                std::bad_alloc::what() const
 .text._ZNSt9bad_allocD2Ev
                0x00113c30       0x24 c:/intelfpga_pro/18.1/embedded/host_tools/mentor/gnu/arm/baremetal/bin/../lib/gcc/arm-altera-eabi/6.2.0/../../../../arm-altera-eabi/lib\libstdc++.a(bad_alloc.o)
                0x00113c30                std::bad_alloc::~bad_alloc()
                0x00113c30                std::bad_alloc::~bad_alloc()
 .text._ZNSt9bad_allocD0Ev
                0x00113c54       0x30 c:/intelfpga_pro/18.1/embedded/host_tools/mentor/gnu/arm/baremetal/bin/../lib/gcc/arm-altera-eabi/6.2.0/../../../../arm-altera-eabi/lib\libstdc++.a(bad_alloc.o)
                0x00113c54                std::bad_alloc::~bad_alloc()
 .text._ZN9__gnu_cxx7__mutex4lockEv
                0x00113c84       0x54 c:/intelfpga_pro/18.1/embedded/host_tools/mentor/gnu/arm/baremetal/bin/../lib/gcc/arm-altera-eabi/6.2.0/../../../../arm-altera-eabi/lib\libstdc++.a(eh_terminate.o)
                0x00113c84                __gnu_cxx::__mutex::lock()
 .text._ZN9__gnu_cxx13__scoped_lockD2Ev
                0x00113cd8       0x68 c:/intelfpga_pro/18.1/embedded/host_tools/mentor/gnu/arm/baremetal/bin/../lib/gcc/arm-altera-eabi/6.2.0/../../../../arm-altera-eabi/lib\libstdc++.a(eh_terminate.o)
                0x00113cd8                __gnu_cxx::__scoped_lock::~__scoped_lock()
                0x00113cd8                __gnu_cxx::__scoped_lock::~__scoped_lock()
 .text._ZN10__cxxabiv111__terminateEPFvvE
                0x00113d40       0x34 c:/intelfpga_pro/18.1/embedded/host_tools/mentor/gnu/arm/baremetal/bin/../lib/gcc/arm-altera-eabi/6.2.0/../../../../arm-altera-eabi/lib\libstdc++.a(eh_terminate.o)
                0x00113d40                __cxxabiv1::__terminate(void (*)())
 .text._ZSt9terminatev
                0x00113d74       0x3c c:/intelfpga_pro/18.1/embedded/host_tools/mentor/gnu/arm/baremetal/bin/../lib/gcc/arm-altera-eabi/6.2.0/../../../../arm-altera-eabi/lib\libstdc++.a(eh_terminate.o)
                0x00113d74                std::terminate()
 .text._ZN10__cxxabiv112__unexpectedEPFvvE
                0x00113db0       0x10 c:/intelfpga_pro/18.1/embedded/host_tools/mentor/gnu/arm/baremetal/bin/../lib/gcc/arm-altera-eabi/6.2.0/../../../../arm-altera-eabi/lib\libstdc++.a(eh_terminate.o)
                0x00113db0                __cxxabiv1::__unexpected(void (*)())
 .text._ZSt10unexpectedv
                0x00113dc0       0x3c c:/intelfpga_pro/18.1/embedded/host_tools/mentor/gnu/arm/baremetal/bin/../lib/gcc/arm-altera-eabi/6.2.0/../../../../arm-altera-eabi/lib\libstdc++.a(eh_terminate.o)
                0x00113dc0                std::unexpected()
 .text._ZSt13get_terminatev
                0x00113dfc       0xb4 c:/intelfpga_pro/18.1/embedded/host_tools/mentor/gnu/arm/baremetal/bin/../lib/gcc/arm-altera-eabi/6.2.0/../../../../arm-altera-eabi/lib\libstdc++.a(eh_terminate.o)
                0x00113dfc                std::get_terminate()
 .text._ZSt14get_unexpectedv
                0x00113eb0       0xb4 c:/intelfpga_pro/18.1/embedded/host_tools/mentor/gnu/arm/baremetal/bin/../lib/gcc/arm-altera-eabi/6.2.0/../../../../arm-altera-eabi/lib\libstdc++.a(eh_terminate.o)
                0x00113eb0                std::get_unexpected()
 .text.startup._GLOBAL__sub_I__ZN10__cxxabiv111__terminateEPFvvE
                0x00113f64       0x40 c:/intelfpga_pro/18.1/embedded/host_tools/mentor/gnu/arm/baremetal/bin/../lib/gcc/arm-altera-eabi/6.2.0/../../../../arm-altera-eabi/lib\libstdc++.a(eh_terminate.o)
 .text._ZN10__cxxabiv1L24__is_gxx_exception_classEPc
                0x00113fa4       0x70 c:/intelfpga_pro/18.1/embedded/host_tools/mentor/gnu/arm/baremetal/bin/../lib/gcc/arm-altera-eabi/6.2.0/../../../../arm-altera-eabi/lib\libstdc++.a(eh_call.o)
 .text.__cxa_call_terminate
                0x00114014       0x2c c:/intelfpga_pro/18.1/embedded/host_tools/mentor/gnu/arm/baremetal/bin/../lib/gcc/arm-altera-eabi/6.2.0/../../../../arm-altera-eabi/lib\libstdc++.a(eh_call.o)
                0x00114014                __cxa_call_terminate
 .text.__cxa_call_unexpected
                0x00114040      0x140 c:/intelfpga_pro/18.1/embedded/host_tools/mentor/gnu/arm/baremetal/bin/../lib/gcc/arm-altera-eabi/6.2.0/../../../../arm-altera-eabi/lib\libstdc++.a(eh_call.o)
                0x00114040                __cxa_call_unexpected
 .text._ZNSt9type_infoD2Ev
                0x00114180        0x4 c:/intelfpga_pro/18.1/embedded/host_tools/mentor/gnu/arm/baremetal/bin/../lib/gcc/arm-altera-eabi/6.2.0/../../../../arm-altera-eabi/lib\libstdc++.a(tinfo.o)
                0x00114180                std::type_info::~type_info()
                0x00114180                std::type_info::~type_info()
 .text._ZNKSt9type_info15__is_function_pEv
                0x00114184        0x8 c:/intelfpga_pro/18.1/embedded/host_tools/mentor/gnu/arm/baremetal/bin/../lib/gcc/arm-altera-eabi/6.2.0/../../../../arm-altera-eabi/lib\libstdc++.a(tinfo.o)
                0x00114184                std::type_info::__is_pointer_p() const
                0x00114184                std::type_info::__is_function_p() const
 .text._ZNKSt9type_infoeqERKS_
                0x0011418c       0x50 c:/intelfpga_pro/18.1/embedded/host_tools/mentor/gnu/arm/baremetal/bin/../lib/gcc/arm-altera-eabi/6.2.0/../../../../arm-altera-eabi/lib\libstdc++.a(tinfo.o)
                0x0011418c                std::type_info::operator==(std::type_info const&) const
 .text._ZdlPv   0x001141dc       0x10 c:/intelfpga_pro/18.1/embedded/host_tools/mentor/gnu/arm/baremetal/bin/../lib/gcc/arm-altera-eabi/6.2.0/../../../../arm-altera-eabi/lib\libstdc++.a(del_op.o)
                0x001141dc                operator delete(void*)
 .text._ZNK10__cxxabiv117__class_type_info11__do_upcastEPKS0_PPv
                0x001141ec       0x64 c:/intelfpga_pro/18.1/embedded/host_tools/mentor/gnu/arm/baremetal/bin/../lib/gcc/arm-altera-eabi/6.2.0/../../../../arm-altera-eabi/lib\libstdc++.a(class_type_info.o)
                0x001141ec                __cxxabiv1::__class_type_info::__do_upcast(__cxxabiv1::__class_type_info const*, void**) const
 .text._ZNK10__cxxabiv117__class_type_info20__do_find_public_srcEiPKvPKS0_S2_
                0x00114250       0x14 c:/intelfpga_pro/18.1/embedded/host_tools/mentor/gnu/arm/baremetal/bin/../lib/gcc/arm-altera-eabi/6.2.0/../../../../arm-altera-eabi/lib\libstdc++.a(class_type_info.o)
                0x00114250                __cxxabiv1::__class_type_info::__do_find_public_src(int, void const*, __cxxabiv1::__class_type_info const*, void const*) const
 .text._ZN10__cxxabiv117__class_type_infoD2Ev
                0x00114264       0x24 c:/intelfpga_pro/18.1/embedded/host_tools/mentor/gnu/arm/baremetal/bin/../lib/gcc/arm-altera-eabi/6.2.0/../../../../arm-altera-eabi/lib\libstdc++.a(class_type_info.o)
                0x00114264                __cxxabiv1::__class_type_info::~__class_type_info()
                0x00114264                __cxxabiv1::__class_type_info::~__class_type_info()
 .text._ZN10__cxxabiv117__class_type_infoD0Ev
                0x00114288       0x30 c:/intelfpga_pro/18.1/embedded/host_tools/mentor/gnu/arm/baremetal/bin/../lib/gcc/arm-altera-eabi/6.2.0/../../../../arm-altera-eabi/lib\libstdc++.a(class_type_info.o)
                0x00114288                __cxxabiv1::__class_type_info::~__class_type_info()
 .text._ZNK10__cxxabiv117__class_type_info11__do_upcastEPKS0_PKvRNS0_15__upcast_resultE
                0x001142b8       0x30 c:/intelfpga_pro/18.1/embedded/host_tools/mentor/gnu/arm/baremetal/bin/../lib/gcc/arm-altera-eabi/6.2.0/../../../../arm-altera-eabi/lib\libstdc++.a(class_type_info.o)
                0x001142b8                __cxxabiv1::__class_type_info::__do_upcast(__cxxabiv1::__class_type_info const*, void const*, __cxxabiv1::__class_type_info::__upcast_result&) const
 .text._ZNK10__cxxabiv117__class_type_info10__do_catchEPKSt9type_infoPPvj
                0x001142e8       0x4c c:/intelfpga_pro/18.1/embedded/host_tools/mentor/gnu/arm/baremetal/bin/../lib/gcc/arm-altera-eabi/6.2.0/../../../../arm-altera-eabi/lib\libstdc++.a(class_type_info.o)
                0x001142e8                __cxxabiv1::__class_type_info::__do_catch(std::type_info const*, void**, unsigned int) const
 .text._ZNK10__cxxabiv117__class_type_info12__do_dyncastEiNS0_10__sub_kindEPKS0_PKvS3_S5_RNS0_16__dyncast_resultE
                0x00114334       0x74 c:/intelfpga_pro/18.1/embedded/host_tools/mentor/gnu/arm/baremetal/bin/../lib/gcc/arm-altera-eabi/6.2.0/../../../../arm-altera-eabi/lib\libstdc++.a(class_type_info.o)
                0x00114334                __cxxabiv1::__class_type_info::__do_dyncast(int, __cxxabiv1::__class_type_info::__sub_kind, __cxxabiv1::__class_type_info const*, void const*, __cxxabiv1::__class_type_info const*, void const*, __cxxabiv1::__class_type_info::__dyncast_result&) const
 .text.__aeabi_atexit
                0x001143a8       0x1c c:/intelfpga_pro/18.1/embedded/host_tools/mentor/gnu/arm/baremetal/bin/../lib/gcc/arm-altera-eabi/6.2.0/../../../../arm-altera-eabi/lib\libstdc++.a(atexit_arm.o)
                0x001143a8                __aeabi_atexit
 .text._ZN17__eh_globals_initD2Ev
                0x001143c4       0x24 c:/intelfpga_pro/18.1/embedded/host_tools/mentor/gnu/arm/baremetal/bin/../lib/gcc/arm-altera-eabi/6.2.0/../../../../arm-altera-eabi/lib\libstdc++.a(eh_globals.o)
                0x001143c4                __eh_globals_init::~__eh_globals_init()
                0x001143c4                __eh_globals_init::~__eh_globals_init()
 .text._ZL15eh_globals_dtorPv
                0x001143e8       0x3c c:/intelfpga_pro/18.1/embedded/host_tools/mentor/gnu/arm/baremetal/bin/../lib/gcc/arm-altera-eabi/6.2.0/../../../../arm-altera-eabi/lib\libstdc++.a(eh_globals.o)
 .text.__cxa_get_globals_fast
                0x00114424       0x34 c:/intelfpga_pro/18.1/embedded/host_tools/mentor/gnu/arm/baremetal/bin/../lib/gcc/arm-altera-eabi/6.2.0/../../../../arm-altera-eabi/lib\libstdc++.a(eh_globals.o)
                0x00114424                __cxa_get_globals_fast
 .text.__cxa_get_globals
                0x00114458       0x74 c:/intelfpga_pro/18.1/embedded/host_tools/mentor/gnu/arm/baremetal/bin/../lib/gcc/arm-altera-eabi/6.2.0/../../../../arm-altera-eabi/lib\libstdc++.a(eh_globals.o)
                0x00114458                __cxa_get_globals
 .text.startup._GLOBAL__sub_I___cxa_get_globals_fast
                0x001144cc       0x5c c:/intelfpga_pro/18.1/embedded/host_tools/mentor/gnu/arm/baremetal/bin/../lib/gcc/arm-altera-eabi/6.2.0/../../../../arm-altera-eabi/lib\libstdc++.a(eh_globals.o)
 .text._ZN9__gnu_cxx27__verbose_terminate_handlerEv
                0x00114528      0x19c c:/intelfpga_pro/18.1/embedded/host_tools/mentor/gnu/arm/baremetal/bin/../lib/gcc/arm-altera-eabi/6.2.0/../../../../arm-altera-eabi/lib\libstdc++.a(vterminate.o)
                0x00114528                __gnu_cxx::__verbose_terminate_handler()
 .text.__cxa_current_exception_type
                0x001146c4       0x30 c:/intelfpga_pro/18.1/embedded/host_tools/mentor/gnu/arm/baremetal/bin/../lib/gcc/arm-altera-eabi/6.2.0/../../../../arm-altera-eabi/lib\libstdc++.a(eh_type.o)
                0x001146c4                __cxa_current_exception_type
 .text          0x001146f4     0x9e68 c:/intelfpga_pro/18.1/embedded/host_tools/mentor/gnu/arm/baremetal/bin/../lib/gcc/arm-altera-eabi/6.2.0/../../../../arm-altera-eabi/lib\libstdc++.a(cp-demangle.o)
                0x0011e3d4                __cxa_demangle
                0x0011e52c                __gcclibcxx_demangle_callback
 .text          0x0011e55c       0x58 c:/intelfpga_pro/18.1/embedded/host_tools/mentor/gnu/arm/baremetal/bin/../lib/gcc/arm-altera-eabi/6.2.0\libgcc.a(gthr-generic.o)
                0x0011e55c                __generic_gxx_active_p
                0x0011e564                __generic_gxx_key_create
                0x0011e56c                __generic_gxx_once
                0x0011e570                __generic_gxx_key_delete
                0x0011e578                __generic_gxx_getspecific
                0x0011e580                __generic_gxx_setspecific
                0x0011e588                __generic_gxx_recursive_mutex_init_function
                0x0011e58c                __generic_gxx_mutex_init_function
                0x0011e590                __generic_gxx_recursive_mutex_destroy
                0x0011e598                __generic_gxx_recursive_mutex_unlock
                0x0011e59c                __generic_gxx_recursive_mutex_trylock
                0x0011e5a0                __generic_gxx_recursive_mutex_lock
                0x0011e5a4                __generic_gxx_mutex_unlock
                0x0011e5a8                __generic_gxx_mutex_trylock
                0x0011e5ac                __generic_gxx_mutex_lock
                0x0011e5b0                __generic_gxx_mutex_destroy
 .text          0x0011e5b4       0x24 c:/intelfpga_pro/18.1/embedded/host_tools/mentor/gnu/arm/baremetal/bin/../lib/gcc/arm-altera-eabi/6.2.0/../../../../arm-altera-eabi/lib\libc.a(lib_a-calloc.o)
                0x0011e5b4                calloc
 .text          0x0011e5d8       0x98 c:/intelfpga_pro/18.1/embedded/host_tools/mentor/gnu/arm/baremetal/bin/../lib/gcc/arm-altera-eabi/6.2.0/../../../../arm-altera-eabi/lib\libc.a(lib_a-callocr.o)
                0x0011e5d8                _calloc_r
 .text          0x0011e670       0x20 c:/intelfpga_pro/18.1/embedded/host_tools/mentor/gnu/arm/baremetal/bin/../lib/gcc/arm-altera-eabi/6.2.0/../../../../arm-altera-eabi/lib\libc.a(lib_a-cxa_atexit.o)
                0x0011e670                __cxa_atexit
 .text          0x0011e690      0x148 c:/intelfpga_pro/18.1/embedded/host_tools/mentor/gnu/arm/baremetal/bin/../lib/gcc/arm-altera-eabi/6.2.0/../../../../arm-altera-eabi/lib\libc.a(lib_a-fputc.o)
                0x0011e690                _fputc_r
                0x0011e73c                fputc
 .text          0x0011e7d8      0x118 c:/intelfpga_pro/18.1/embedded/host_tools/mentor/gnu/arm/baremetal/bin/../lib/gcc/arm-altera-eabi/6.2.0/../../../../arm-altera-eabi/lib\libc.a(lib_a-fputs.o)
                0x0011e7d8                _fputs_r
                0x0011e8d0                fputs
 .text          0x0011e8f0      0x4dc c:/intelfpga_pro/18.1/embedded/host_tools/mentor/gnu/arm/baremetal/bin/../lib/gcc/arm-altera-eabi/6.2.0/../../../../arm-altera-eabi/lib\libc.a(lib_a-fvwrite.o)
                0x0011e8f0                __sfvwrite_r
 .text          0x0011edcc      0x164 c:/intelfpga_pro/18.1/embedded/host_tools/mentor/gnu/arm/baremetal/bin/../lib/gcc/arm-altera-eabi/6.2.0/../../../../arm-altera-eabi/lib\libc.a(lib_a-fwrite.o)
                0x0011edcc                _fwrite_r
                0x0011eef4                fwrite
 .text          0x0011ef30       0x10 c:/intelfpga_pro/18.1/embedded/host_tools/mentor/gnu/arm/baremetal/bin/../lib/gcc/arm-altera-eabi/6.2.0/../../../../arm-altera-eabi/lib\libc.a(lib_a-getreent.o)
                0x0011ef30                __getreent
 .text          0x0011ef40       0x80 c:/intelfpga_pro/18.1/embedded/host_tools/mentor/gnu/arm/baremetal/bin/../lib/gcc/arm-altera-eabi/6.2.0/../../../../arm-altera-eabi/lib\libc.a(lib_a-init.o)
                0x0011ef40                __libc_init_array
 .text          0x0011efc0       0x38 c:/intelfpga_pro/18.1/embedded/host_tools/mentor/gnu/arm/baremetal/bin/../lib/gcc/arm-altera-eabi/6.2.0/../../../../arm-altera-eabi/lib\libc.a(lib_a-malloc.o)
                0x0011efc0                malloc
                0x0011efdc                free
 .text          0x0011eff8      0x750 c:/intelfpga_pro/18.1/embedded/host_tools/mentor/gnu/arm/baremetal/bin/../lib/gcc/arm-altera-eabi/6.2.0/../../../../arm-altera-eabi/lib\libc.a(lib_a-mallocr.o)
                0x0011eff8                _malloc_r
 .text          0x0011f748      0x110 c:/intelfpga_pro/18.1/embedded/host_tools/mentor/gnu/arm/baremetal/bin/../lib/gcc/arm-altera-eabi/6.2.0/../../../../arm-altera-eabi/lib\libc.a(lib_a-memchr-stub.o)
                0x0011f748                memchr
 .text          0x0011f858       0xf0 c:/intelfpga_pro/18.1/embedded/host_tools/mentor/gnu/arm/baremetal/bin/../lib/gcc/arm-altera-eabi/6.2.0/../../../../arm-altera-eabi/lib\libc.a(lib_a-memcmp.o)
                0x0011f858                memcmp
 .text          0x0011f948      0x114 c:/intelfpga_pro/18.1/embedded/host_tools/mentor/gnu/arm/baremetal/bin/../lib/gcc/arm-altera-eabi/6.2.0/../../../../arm-altera-eabi/lib\libc.a(lib_a-memcpy-stub.o)
                0x0011f948                memcpy
 .text          0x0011fa5c      0x148 c:/intelfpga_pro/18.1/embedded/host_tools/mentor/gnu/arm/baremetal/bin/../lib/gcc/arm-altera-eabi/6.2.0/../../../../arm-altera-eabi/lib\libc.a(lib_a-memmove.o)
                0x0011fa5c                memmove
 .text          0x0011fba4      0x114 c:/intelfpga_pro/18.1/embedded/host_tools/mentor/gnu/arm/baremetal/bin/../lib/gcc/arm-altera-eabi/6.2.0/../../../../arm-altera-eabi/lib\libc.a(lib_a-memset.o)
                0x0011fba4                memset
 .text          0x0011fcb8       0x30 c:/intelfpga_pro/18.1/embedded/host_tools/mentor/gnu/arm/baremetal/bin/../lib/gcc/arm-altera-eabi/6.2.0/../../../../arm-altera-eabi/lib\libc.a(lib_a-mlock.o)
                0x0011fcb8                __malloc_lock
                0x0011fcd0                __malloc_unlock
 .text.startup  0x0011fce8       0x18 c:/intelfpga_pro/18.1/embedded/host_tools/mentor/gnu/arm/baremetal/bin/../lib/gcc/arm-altera-eabi/6.2.0/../../../../arm-altera-eabi/lib\libc.a(lib_a-mlock.o)
 .text          0x0011fd00       0x6c c:/intelfpga_pro/18.1/embedded/host_tools/mentor/gnu/arm/baremetal/bin/../lib/gcc/arm-altera-eabi/6.2.0/../../../../arm-altera-eabi/lib\libc.a(lib_a-printf.o)
                0x0011fd00                _printf_r
                0x0011fd34                printf
 .text          0x0011fd6c      0x1bc c:/intelfpga_pro/18.1/embedded/host_tools/mentor/gnu/arm/baremetal/bin/../lib/gcc/arm-altera-eabi/6.2.0/../../../../arm-altera-eabi/lib\libc.a(lib_a-putc.o)
                0x0011fd6c                _putc_r
                0x0011fe48                putc
 .text          0x0011ff28      0x12c c:/intelfpga_pro/18.1/embedded/host_tools/mentor/gnu/arm/baremetal/bin/../lib/gcc/arm-altera-eabi/6.2.0/../../../../arm-altera-eabi/lib\libc.a(lib_a-puts.o)
                0x0011ff28                _puts_r
                0x0012003c                puts
 .text          0x00120054       0x24 c:/intelfpga_pro/18.1/embedded/host_tools/mentor/gnu/arm/baremetal/bin/../lib/gcc/arm-altera-eabi/6.2.0/../../../../arm-altera-eabi/lib\libc.a(lib_a-realloc.o)
                0x00120054                realloc
 .text          0x00120078      0x4d4 c:/intelfpga_pro/18.1/embedded/host_tools/mentor/gnu/arm/baremetal/bin/../lib/gcc/arm-altera-eabi/6.2.0/../../../../arm-altera-eabi/lib\libc.a(lib_a-reallocr.o)
                0x00120078                _realloc_r
 .text          0x0012054c      0x258 c:/intelfpga_pro/18.1/embedded/host_tools/mentor/gnu/arm/baremetal/bin/../lib/gcc/arm-altera-eabi/6.2.0/../../../../arm-altera-eabi/lib\libc.a(lib_a-setvbuf.o)
                0x0012054c                setvbuf
 .text          0x001207a4       0xcc c:/intelfpga_pro/18.1/embedded/host_tools/mentor/gnu/arm/baremetal/bin/../lib/gcc/arm-altera-eabi/6.2.0/../../../../arm-altera-eabi/lib\libc.a(lib_a-sprintf.o)
                0x001207a4                _sprintf_r
                0x00120808                sprintf
 .text          0x00120870       0x74 c:/intelfpga_pro/18.1/embedded/host_tools/mentor/gnu/arm/baremetal/bin/../lib/gcc/arm-altera-eabi/6.2.0/../../../../arm-altera-eabi/lib\libc.a(lib_a-stpcpy.o)
                0x00120870                stpcpy
 .text          0x001208e4      0x224 c:/intelfpga_pro/18.1/embedded/host_tools/mentor/gnu/arm/baremetal/bin/../lib/gcc/arm-altera-eabi/6.2.0/../../../../arm-altera-eabi/lib\libc.a(lib_a-strcmp.o)
                0x001208e4                strcmp
 .text          0x00120b08       0xf0 c:/intelfpga_pro/18.1/embedded/host_tools/mentor/gnu/arm/baremetal/bin/../lib/gcc/arm-altera-eabi/6.2.0/../../../../arm-altera-eabi/lib\libc.a(lib_a-strcpy.o)
                0x00120b08                strcpy
 .text          0x00120bf8       0x60 c:/intelfpga_pro/18.1/embedded/host_tools/mentor/gnu/arm/baremetal/bin/../lib/gcc/arm-altera-eabi/6.2.0/../../../../arm-altera-eabi/lib\libc.a(lib_a-strlen-stub.o)
                0x00120bf8                strlen
 .text          0x00120c58      0x110 c:/intelfpga_pro/18.1/embedded/host_tools/mentor/gnu/arm/baremetal/bin/../lib/gcc/arm-altera-eabi/6.2.0/../../../../arm-altera-eabi/lib\libc.a(lib_a-strncmp.o)
                0x00120c58                strncmp
 .text          0x00120d68      0x3c8 c:/intelfpga_pro/18.1/embedded/host_tools/mentor/gnu/arm/baremetal/bin/../lib/gcc/arm-altera-eabi/6.2.0/../../../../arm-altera-eabi/lib\libc.a(lib_a-strtoll.o)
                0x00121048                _strtoll_r
                0x0012109c                strtoll_l
                0x001210d8                strtoll
 .text          0x00121130      0x2d0 c:/intelfpga_pro/18.1/embedded/host_tools/mentor/gnu/arm/baremetal/bin/../lib/gcc/arm-altera-eabi/6.2.0/../../../../arm-altera-eabi/lib\libc.a(lib_a-strtoul.o)
                0x00121318                _strtoul_r
                0x0012136c                strtoul_l
                0x001213a8                strtoul
 .text          0x00121400      0x360 c:/intelfpga_pro/18.1/embedded/host_tools/mentor/gnu/arm/baremetal/bin/../lib/gcc/arm-altera-eabi/6.2.0/../../../../arm-altera-eabi/lib\libc.a(lib_a-strtoull.o)
                0x00121678                _strtoull_r
                0x001216cc                strtoull_l
                0x00121708                strtoull
 .text          0x00121760     0x2030 c:/intelfpga_pro/18.1/embedded/host_tools/mentor/gnu/arm/baremetal/bin/../lib/gcc/arm-altera-eabi/6.2.0/../../../../arm-altera-eabi/lib\libc.a(lib_a-svfprintf.o)
                0x00121760                _svfprintf_r
 .text          0x00123790     0x14c4 c:/intelfpga_pro/18.1/embedded/host_tools/mentor/gnu/arm/baremetal/bin/../lib/gcc/arm-altera-eabi/6.2.0/../../../../arm-altera-eabi/lib\libc.a(lib_a-vfiprintf.o)
                0x00123840                __sprint_r
                0x00123858                _vfiprintf_r
                0x00124b5c                vfiprintf
 .text          0x00124c54     0x22ec c:/intelfpga_pro/18.1/embedded/host_tools/mentor/gnu/arm/baremetal/bin/../lib/gcc/arm-altera-eabi/6.2.0/../../../../arm-altera-eabi/lib\libc.a(lib_a-vfprintf.o)
                0x00124c54                _vfprintf_r
                0x00126e48                vfprintf
 .text          0x00126f40      0x154 c:/intelfpga_pro/18.1/embedded/host_tools/mentor/gnu/arm/baremetal/bin/../lib/gcc/arm-altera-eabi/6.2.0/../../../../arm-altera-eabi/lib\libc.a(lib_a-wbuf.o)
                0x00126f40                __swbuf_r
                0x00127074                __swbuf
 .text          0x00127094      0x158 c:/intelfpga_pro/18.1/embedded/host_tools/mentor/gnu/arm/baremetal/bin/../lib/gcc/arm-altera-eabi/6.2.0/../../../../arm-altera-eabi/lib\libc.a(lib_a-wsetup.o)
                0x00127094                __swsetup_r
 .text          0x001271ec       0xfc c:/intelfpga_pro/18.1/embedded/host_tools/mentor/gnu/arm/baremetal/bin/../lib/gcc/arm-altera-eabi/6.2.0/../../../../arm-altera-eabi/lib\libc.a(lib_a-__atexit.o)
                0x001271ec                __register_exitproc
 .text.startup  0x001272e8       0x40 c:/intelfpga_pro/18.1/embedded/host_tools/mentor/gnu/arm/baremetal/bin/../lib/gcc/arm-altera-eabi/6.2.0/../../../../arm-altera-eabi/lib\libc.a(lib_a-__call_atexit.o)
 .text          0x00127328       0x20 c:/intelfpga_pro/18.1/embedded/host_tools/mentor/gnu/arm/baremetal/bin/../lib/gcc/arm-altera-eabi/6.2.0/../../../../arm-altera-eabi/lib\libc.a(lib_a-atexit.o)
                0x00127328                atexit
 .text          0x00127348     0x181c c:/intelfpga_pro/18.1/embedded/host_tools/mentor/gnu/arm/baremetal/bin/../lib/gcc/arm-altera-eabi/6.2.0/../../../../arm-altera-eabi/lib\libc.a(lib_a-dtoa.o)
                0x00127528                _dtoa_r
 .text          0x00128b64      0x314 c:/intelfpga_pro/18.1/embedded/host_tools/mentor/gnu/arm/baremetal/bin/../lib/gcc/arm-altera-eabi/6.2.0/../../../../arm-altera-eabi/lib\libc.a(lib_a-fflush.o)
                0x00128b64                __sflush_r
                0x00128da0                _fflush_r
                0x00128e3c                fflush
 .text          0x00128e78      0x3e4 c:/intelfpga_pro/18.1/embedded/host_tools/mentor/gnu/arm/baremetal/bin/../lib/gcc/arm-altera-eabi/6.2.0/../../../../arm-altera-eabi/lib\libc.a(lib_a-findfp.o)
                0x00128e78                _cleanup_r
                0x00128f84                __sfmoreglue
                0x00128fd4                _cleanup
                0x00128ff8                __sinit
                0x0012908c                __sfp
                0x001291ac                __sfp_lock_acquire
                0x001291c4                __sfp_lock_release
                0x001291dc                __sinit_lock_acquire
                0x001291f4                __sinit_lock_release
                0x0012920c                __fp_lock_all
                0x00129234                __fp_unlock_all
 .text.startup  0x0012925c       0x30 c:/intelfpga_pro/18.1/embedded/host_tools/mentor/gnu/arm/baremetal/bin/../lib/gcc/arm-altera-eabi/6.2.0/../../../../arm-altera-eabi/lib\libc.a(lib_a-findfp.o)
 .text          0x0012928c       0x48 c:/intelfpga_pro/18.1/embedded/host_tools/mentor/gnu/arm/baremetal/bin/../lib/gcc/arm-altera-eabi/6.2.0/../../../../arm-altera-eabi/lib\libc.a(lib_a-fini.o)
                0x0012928c                __libc_fini_array
 .text          0x001292d4      0x204 c:/intelfpga_pro/18.1/embedded/host_tools/mentor/gnu/arm/baremetal/bin/../lib/gcc/arm-altera-eabi/6.2.0/../../../../arm-altera-eabi/lib\libc.a(lib_a-fputwc.o)
                0x001292d4                __fputwc
                0x001293e4                _fputwc_r
                0x001294a0                fputwc
 .text          0x001294d8      0x3e0 c:/intelfpga_pro/18.1/embedded/host_tools/mentor/gnu/arm/baremetal/bin/../lib/gcc/arm-altera-eabi/6.2.0/../../../../arm-altera-eabi/lib\libc.a(lib_a-freer.o)
                0x001294d8                _malloc_trim_r
                0x001295d8                _free_r
 .text          0x001298b8      0x110 c:/intelfpga_pro/18.1/embedded/host_tools/mentor/gnu/arm/baremetal/bin/../lib/gcc/arm-altera-eabi/6.2.0/../../../../arm-altera-eabi/lib\libc.a(lib_a-fwalk.o)
                0x001298b8                _fwalk
                0x0012993c                _fwalk_reent
 .text          0x001299c8       0xf4 c:/intelfpga_pro/18.1/embedded/host_tools/mentor/gnu/arm/baremetal/bin/../lib/gcc/arm-altera-eabi/6.2.0/../../../../arm-altera-eabi/lib\libc.a(lib_a-locale.o)
                0x001299ec                _setlocale_r
                0x00129a54                __locale_mb_cur_max
                0x00129a7c                __locale_ctype_ptr_l
                0x00129a84                __locale_ctype_ptr
                0x00129a9c                setlocale
 .text          0x00129abc       0x58 c:/intelfpga_pro/18.1/embedded/host_tools/mentor/gnu/arm/baremetal/bin/../lib/gcc/arm-altera-eabi/6.2.0/../../../../arm-altera-eabi/lib\libc.a(lib_a-localeconv.o)
                0x00129abc                __localeconv_l
                0x00129ac4                _localeconv_r
                0x00129aec                localeconv
 .text          0x00129b14      0x18c c:/intelfpga_pro/18.1/embedded/host_tools/mentor/gnu/arm/baremetal/bin/../lib/gcc/arm-altera-eabi/6.2.0/../../../../arm-altera-eabi/lib\libc.a(lib_a-makebuf.o)
                0x00129b14                __swhatbuf_r
                0x00129bb4                __smakebuf_r
 .text          0x00129ca0       0xa0 c:/intelfpga_pro/18.1/embedded/host_tools/mentor/gnu/arm/baremetal/bin/../lib/gcc/arm-altera-eabi/6.2.0/../../../../arm-altera-eabi/lib\libc.a(lib_a-mbtowc_r.o)
                0x00129ca0                _mbtowc_r
                0x00129cf4                __ascii_mbtowc
 .text          0x00129d40      0xd98 c:/intelfpga_pro/18.1/embedded/host_tools/mentor/gnu/arm/baremetal/bin/../lib/gcc/arm-altera-eabi/6.2.0/../../../../arm-altera-eabi/lib\libc.a(lib_a-mprec.o)
                0x00129d40                _Balloc
                0x00129dcc                _Bfree
                0x00129de8                __multadd
                0x00129ec4                __s2b
                0x00129fb4                __hi0bits
                0x0012a00c                __lo0bits
                0x0012a0ac                __i2b
                0x0012a0d0                __multiply
                0x0012a2a0                __pow5mult
                0x0012a3a4                __lshift
                0x0012a48c                __mcmp
                0x0012a4ec                __mdiff
                0x0012a694                __ulp
                0x0012a6fc                __b2d
                0x0012a7e8                __d2b
                0x0012a8f8                __ratio
                0x0012a988                _mprec_log10
                0x0012a9e8                __copybits
                0x0012aa58                __any_on
 .text          0x0012aad8       0xd8 c:/intelfpga_pro/18.1/embedded/host_tools/mentor/gnu/arm/baremetal/bin/../lib/gcc/arm-altera-eabi/6.2.0/../../../../arm-altera-eabi/lib\libc.a(lib_a-stdio.o)
                0x0012aad8                __sread
                0x0012ab0c                __seofread
                0x0012ab14                __swrite
                0x0012ab6c                __sseek
                0x0012ab9c                __sclose
 .text          0x0012abb0     0x11e0 c:/intelfpga_pro/18.1/embedded/host_tools/mentor/gnu/arm/baremetal/bin/../lib/gcc/arm-altera-eabi/6.2.0/../../../../arm-altera-eabi/lib\libc.a(lib_a-svfiprintf.o)
                0x0012abb0                __ssprint_r
                0x0012ad40                _svfiprintf_r
 .text          0x0012bd90      0x150 c:/intelfpga_pro/18.1/embedded/host_tools/mentor/gnu/arm/baremetal/bin/../lib/gcc/arm-altera-eabi/6.2.0/../../../../arm-altera-eabi/lib\libc.a(lib_a-wcrtomb.o)
                0x0012bd90                _wcrtomb_r
                0x0012be34                wcrtomb
 .text          0x0012bee0       0x74 c:/intelfpga_pro/18.1/embedded/host_tools/mentor/gnu/arm/baremetal/bin/../lib/gcc/arm-altera-eabi/6.2.0/../../../../arm-altera-eabi/lib\libc.a(lib_a-wctomb_r.o)
                0x0012bee0                _wctomb_r
                0x0012bf2c                __ascii_wctomb
 .text          0x0012bf54      0x180 c:/intelfpga_pro/18.1/embedded/host_tools/mentor/gnu/arm/baremetal/bin/../lib/gcc/arm-altera-eabi/6.2.0/../../../../arm-altera-eabi/lib\libc.a(lib_a-fclose.o)
                0x0012bf54                _fclose_r
                0x0012c0bc                fclose
 .text          0x0012c0d4      0x114 c:/intelfpga_pro/18.1/embedded/host_tools/mentor/gnu/arm/baremetal/bin/../lib/gcc/arm-altera-eabi/6.2.0\libgcc.a(_udivsi3.o)
                0x0012c0d4                __aeabi_uidiv
                0x0012c0d4                __udivsi3
                0x0012c1c8                __aeabi_uidivmod
 .text          0x0012c1e8      0x41c c:/intelfpga_pro/18.1/embedded/host_tools/mentor/gnu/arm/baremetal/bin/../lib/gcc/arm-altera-eabi/6.2.0\libgcc.a(_arm_addsubdf3.o)
                0x0012c1e8                __aeabi_drsub
                0x0012c1f0                __aeabi_dsub
                0x0012c1f0                __subdf3
                0x0012c1f4                __aeabi_dadd
                0x0012c1f4                __adddf3
                0x0012c504                __floatunsidf
                0x0012c504                __aeabi_ui2d
                0x0012c528                __floatsidf
                0x0012c528                __aeabi_i2d
                0x0012c550                __aeabi_f2d
                0x0012c550                __extendsfdf2
                0x0012c590                __floatundidf
                0x0012c590                __aeabi_ul2d
                0x0012c5a4                __floatdidf
                0x0012c5a4                __aeabi_l2d
 .text          0x0012c604      0x49c c:/intelfpga_pro/18.1/embedded/host_tools/mentor/gnu/arm/baremetal/bin/../lib/gcc/arm-altera-eabi/6.2.0\libgcc.a(_arm_muldivdf3.o)
                0x0012c604                __aeabi_dmul
                0x0012c604                __muldf3
                0x0012c894                __divdf3
                0x0012c894                __aeabi_ddiv
 .text          0x0012caa0      0x144 c:/intelfpga_pro/18.1/embedded/host_tools/mentor/gnu/arm/baremetal/bin/../lib/gcc/arm-altera-eabi/6.2.0\libgcc.a(_arm_cmpdf2.o)
                0x0012caa0                __gtdf2
                0x0012caa0                __gedf2
                0x0012caa8                __ltdf2
                0x0012caa8                __ledf2
                0x0012cab0                __nedf2
                0x0012cab0                __eqdf2
                0x0012cab0                __cmpdf2
                0x0012cb38                __aeabi_cdrcmple
                0x0012cb54                __aeabi_cdcmpeq
                0x0012cb54                __aeabi_cdcmple
                0x0012cb6c                __aeabi_dcmpeq
                0x0012cb84                __aeabi_dcmplt
                0x0012cb9c                __aeabi_dcmple
                0x0012cbb4                __aeabi_dcmpge
                0x0012cbcc                __aeabi_dcmpgt
 .text          0x0012cbe4       0x38 c:/intelfpga_pro/18.1/embedded/host_tools/mentor/gnu/arm/baremetal/bin/../lib/gcc/arm-altera-eabi/6.2.0\libgcc.a(_arm_unorddf2.o)
                0x0012cbe4                __unorddf2
                0x0012cbe4                __aeabi_dcmpun
 .text          0x0012cc1c       0x5c c:/intelfpga_pro/18.1/embedded/host_tools/mentor/gnu/arm/baremetal/bin/../lib/gcc/arm-altera-eabi/6.2.0\libgcc.a(_arm_fixdfsi.o)
                0x0012cc1c                __aeabi_d2iz
                0x0012cc1c                __fixdfsi
 .text          0x0012cc78       0x3c c:/intelfpga_pro/18.1/embedded/host_tools/mentor/gnu/arm/baremetal/bin/../lib/gcc/arm-altera-eabi/6.2.0\libgcc.a(_aeabi_uldivmod.o)
                0x0012cc78                __aeabi_uldivmod
 .text          0x0012ccb4      0x12c c:/intelfpga_pro/18.1/embedded/host_tools/mentor/gnu/arm/baremetal/bin/../lib/gcc/arm-altera-eabi/6.2.0\libgcc.a(_udivmoddi4.o)
                0x0012ccb4                __udivmoddi4
 .text          0x0012cde0       0x28 c:/intelfpga_pro/18.1/embedded/host_tools/mentor/gnu/arm/baremetal/bin/../lib/gcc/arm-altera-eabi/6.2.0\libgcc.a(_clzdi2.o)
                0x0012cde0                __clzdi2
 .text          0x0012ce08       0x48 c:/intelfpga_pro/18.1/embedded/host_tools/mentor/gnu/arm/baremetal/bin/../lib/gcc/arm-altera-eabi/6.2.0\libgcc.a(_clzsi2.o)
                0x0012ce08                __clzsi2
 .text.__stub   0x0012ce50       0x20 linker stubs
 *(.plt)
 *(.gnu.warning)
 *(.glue_7t)
 .glue_7t       0x0012ce70        0x0 linker stubs
 *(.glue_7)
 .glue_7        0x0012ce70        0x0 linker stubs
 *(.vfp11_veneer)
 .vfp11_veneer  0x0012ce70        0x0 linker stubs
 *(.ARM.extab* .gnu.linkonce.armextab.*)
 .ARM.extab.text._Z12Task_HPS_Ledv
                0x0012ce70       0x35 MyApp_mAbassi.o
 *fill*         0x0012cea5        0x3 
 .ARM.extab.text._Z14Task_LOW_LEVELv
                0x0012cea8        0xc MyApp_mAbassi.o
 .ARM.extab.text._ZN10motor_card9set_speedEv
                0x0012ceb4        0xc motor_card.o
 .ARM.extab.text._ZNK9__gnu_cxx24__concurrence_lock_error4whatEv
                0x0012cec0        0x0 c:/intelfpga_pro/18.1/embedded/host_tools/mentor/gnu/arm/baremetal/bin/../lib/gcc/arm-altera-eabi/6.2.0/../../../../arm-altera-eabi/lib\libstdc++.a(new_handler.o)
 .ARM.extab.text._ZNK9__gnu_cxx26__concurrence_unlock_error4whatEv
                0x0012cec0        0x0 c:/intelfpga_pro/18.1/embedded/host_tools/mentor/gnu/arm/baremetal/bin/../lib/gcc/arm-altera-eabi/6.2.0/../../../../arm-altera-eabi/lib\libstdc++.a(new_handler.o)
 .ARM.extab.text._ZN9__gnu_cxx24__concurrence_lock_errorD2Ev
                0x0012cec0        0x0 c:/intelfpga_pro/18.1/embedded/host_tools/mentor/gnu/arm/baremetal/bin/../lib/gcc/arm-altera-eabi/6.2.0/../../../../arm-altera-eabi/lib\libstdc++.a(new_handler.o)
 .ARM.extab.text._ZN9__gnu_cxx26__concurrence_unlock_errorD2Ev
                0x0012cec0        0x0 c:/intelfpga_pro/18.1/embedded/host_tools/mentor/gnu/arm/baremetal/bin/../lib/gcc/arm-altera-eabi/6.2.0/../../../../arm-altera-eabi/lib\libstdc++.a(new_handler.o)
 .ARM.extab.text._ZN9__gnu_cxx24__concurrence_lock_errorD0Ev
                0x0012cec0        0x0 c:/intelfpga_pro/18.1/embedded/host_tools/mentor/gnu/arm/baremetal/bin/../lib/gcc/arm-altera-eabi/6.2.0/../../../../arm-altera-eabi/lib\libstdc++.a(new_handler.o)
 .ARM.extab.text._ZN9__gnu_cxx26__concurrence_unlock_errorD0Ev
                0x0012cec0        0x0 c:/intelfpga_pro/18.1/embedded/host_tools/mentor/gnu/arm/baremetal/bin/../lib/gcc/arm-altera-eabi/6.2.0/../../../../arm-altera-eabi/lib\libstdc++.a(new_handler.o)
 .ARM.extab.text._ZN9__gnu_cxx7__mutexD2Ev
                0x0012cec0        0xc c:/intelfpga_pro/18.1/embedded/host_tools/mentor/gnu/arm/baremetal/bin/../lib/gcc/arm-altera-eabi/6.2.0/../../../../arm-altera-eabi/lib\libstdc++.a(new_handler.o)
 .ARM.extab.text._ZN9__gnu_cxx30__throw_concurrence_lock_errorEv
                0x0012cecc        0x0 c:/intelfpga_pro/18.1/embedded/host_tools/mentor/gnu/arm/baremetal/bin/../lib/gcc/arm-altera-eabi/6.2.0/../../../../arm-altera-eabi/lib\libstdc++.a(new_handler.o)
 .ARM.extab.text._ZN9__gnu_cxx32__throw_concurrence_unlock_errorEv
                0x0012cecc        0x0 c:/intelfpga_pro/18.1/embedded/host_tools/mentor/gnu/arm/baremetal/bin/../lib/gcc/arm-altera-eabi/6.2.0/../../../../arm-altera-eabi/lib\libstdc++.a(new_handler.o)
 .ARM.extab.text._ZSt15get_new_handlerv
                0x0012cecc       0x20 c:/intelfpga_pro/18.1/embedded/host_tools/mentor/gnu/arm/baremetal/bin/../lib/gcc/arm-altera-eabi/6.2.0/../../../../arm-altera-eabi/lib\libstdc++.a(new_handler.o)
 .ARM.extab.text.__cxa_begin_catch
                0x0012ceec        0xc c:/intelfpga_pro/18.1/embedded/host_tools/mentor/gnu/arm/baremetal/bin/../lib/gcc/arm-altera-eabi/6.2.0/../../../../arm-altera-eabi/lib\libstdc++.a(eh_catch.o)
 .ARM.extab.text._ZN12_GLOBAL__N_14poolD2Ev
                0x0012cef8        0xc c:/intelfpga_pro/18.1/embedded/host_tools/mentor/gnu/arm/baremetal/bin/../lib/gcc/arm-altera-eabi/6.2.0/../../../../arm-altera-eabi/lib\libstdc++.a(eh_alloc.o)
 .ARM.extab.text._ZN12_GLOBAL__N_14pool4freeEPv.constprop.2
                0x0012cf04       0x30 c:/intelfpga_pro/18.1/embedded/host_tools/mentor/gnu/arm/baremetal/bin/../lib/gcc/arm-altera-eabi/6.2.0/../../../../arm-altera-eabi/lib\libstdc++.a(eh_alloc.o)
 .ARM.extab.text._ZN12_GLOBAL__N_14pool8allocateEj.constprop.3
                0x0012cf34       0x2c c:/intelfpga_pro/18.1/embedded/host_tools/mentor/gnu/arm/baremetal/bin/../lib/gcc/arm-altera-eabi/6.2.0/../../../../arm-altera-eabi/lib\libstdc++.a(eh_alloc.o)
 .ARM.extab.text.__cxa_allocate_exception
                0x0012cf60        0xc c:/intelfpga_pro/18.1/embedded/host_tools/mentor/gnu/arm/baremetal/bin/../lib/gcc/arm-altera-eabi/6.2.0/../../../../arm-altera-eabi/lib\libstdc++.a(eh_alloc.o)
 .ARM.extab.text.__cxa_free_exception
                0x0012cf6c        0xc c:/intelfpga_pro/18.1/embedded/host_tools/mentor/gnu/arm/baremetal/bin/../lib/gcc/arm-altera-eabi/6.2.0/../../../../arm-altera-eabi/lib\libstdc++.a(eh_alloc.o)
 .ARM.extab.text.__gxx_personality_v0
                0x0012cf78       0x20 c:/intelfpga_pro/18.1/embedded/host_tools/mentor/gnu/arm/baremetal/bin/../lib/gcc/arm-altera-eabi/6.2.0/../../../../arm-altera-eabi/lib\libstdc++.a(eh_personality.o)
 .ARM.extab.text._ZN9__gnu_cxx7__mutex4lockEv
                0x0012cf98        0x0 c:/intelfpga_pro/18.1/embedded/host_tools/mentor/gnu/arm/baremetal/bin/../lib/gcc/arm-altera-eabi/6.2.0/../../../../arm-altera-eabi/lib\libstdc++.a(eh_terminate.o)
 .ARM.extab.text._ZN9__gnu_cxx13__scoped_lockD2Ev
                0x0012cf98       0x1c c:/intelfpga_pro/18.1/embedded/host_tools/mentor/gnu/arm/baremetal/bin/../lib/gcc/arm-altera-eabi/6.2.0/../../../../arm-altera-eabi/lib\libstdc++.a(eh_terminate.o)
 .ARM.extab.text._ZN10__cxxabiv111__terminateEPFvvE
                0x0012cfb4       0x28 c:/intelfpga_pro/18.1/embedded/host_tools/mentor/gnu/arm/baremetal/bin/../lib/gcc/arm-altera-eabi/6.2.0/../../../../arm-altera-eabi/lib\libstdc++.a(eh_terminate.o)
 .ARM.extab.text._ZSt9terminatev
                0x0012cfdc        0xc c:/intelfpga_pro/18.1/embedded/host_tools/mentor/gnu/arm/baremetal/bin/../lib/gcc/arm-altera-eabi/6.2.0/../../../../arm-altera-eabi/lib\libstdc++.a(eh_terminate.o)
 .ARM.extab.text._ZSt10unexpectedv
                0x0012cfe8       0x10 c:/intelfpga_pro/18.1/embedded/host_tools/mentor/gnu/arm/baremetal/bin/../lib/gcc/arm-altera-eabi/6.2.0/../../../../arm-altera-eabi/lib\libstdc++.a(eh_terminate.o)
 .ARM.extab.text._ZSt13get_terminatev
                0x0012cff8       0x24 c:/intelfpga_pro/18.1/embedded/host_tools/mentor/gnu/arm/baremetal/bin/../lib/gcc/arm-altera-eabi/6.2.0/../../../../arm-altera-eabi/lib\libstdc++.a(eh_terminate.o)
 .ARM.extab.text._ZSt14get_unexpectedv
                0x0012d01c       0x24 c:/intelfpga_pro/18.1/embedded/host_tools/mentor/gnu/arm/baremetal/bin/../lib/gcc/arm-altera-eabi/6.2.0/../../../../arm-altera-eabi/lib\libstdc++.a(eh_terminate.o)
 .ARM.extab.text.__cxa_call_unexpected
                0x0012d040       0x28 c:/intelfpga_pro/18.1/embedded/host_tools/mentor/gnu/arm/baremetal/bin/../lib/gcc/arm-altera-eabi/6.2.0/../../../../arm-altera-eabi/lib\libstdc++.a(eh_call.o)
 .ARM.extab.text._ZN17__eh_globals_initD2Ev
                0x0012d068        0xc c:/intelfpga_pro/18.1/embedded/host_tools/mentor/gnu/arm/baremetal/bin/../lib/gcc/arm-altera-eabi/6.2.0/../../../../arm-altera-eabi/lib\libstdc++.a(eh_globals.o)
 .ARM.extab.text.__cxa_get_globals_fast
                0x0012d074        0xc c:/intelfpga_pro/18.1/embedded/host_tools/mentor/gnu/arm/baremetal/bin/../lib/gcc/arm-altera-eabi/6.2.0/../../../../arm-altera-eabi/lib\libstdc++.a(eh_globals.o)
 .ARM.extab.text.__cxa_get_globals
                0x0012d080        0xc c:/intelfpga_pro/18.1/embedded/host_tools/mentor/gnu/arm/baremetal/bin/../lib/gcc/arm-altera-eabi/6.2.0/../../../../arm-altera-eabi/lib\libstdc++.a(eh_globals.o)
 .ARM.extab.text._ZN9__gnu_cxx27__verbose_terminate_handlerEv
                0x0012d08c       0x34 c:/intelfpga_pro/18.1/embedded/host_tools/mentor/gnu/arm/baremetal/bin/../lib/gcc/arm-altera-eabi/6.2.0/../../../../arm-altera-eabi/lib\libstdc++.a(vterminate.o)
 *(.gcc_except_table)

.v4_bx          0x0012d0c0        0x0
 .v4_bx         0x0012d0c0        0x0 linker stubs

.iplt           0x0012d0c0        0x0
 .iplt          0x0012d0c0        0x0 c:/intelfpga_pro/18.1/embedded/host_tools/mentor/gnu/arm/baremetal/bin/../lib/gcc/arm-altera-eabi/6.2.0/crtbegin.o

.eh_frame_hdr
 *(.eh_frame_hdr)
 *(.eh_frame_entry .eh_frame_entry.*)

.eh_frame       0x0012d0c0        0x4
 *(.eh_frame)
 .eh_frame      0x0012d0c0        0x0 c:/intelfpga_pro/18.1/embedded/host_tools/mentor/gnu/arm/baremetal/bin/../lib/gcc/arm-altera-eabi/6.2.0/crtbegin.o
 .eh_frame      0x0012d0c0        0x4 c:/intelfpga_pro/18.1/embedded/host_tools/mentor/gnu/arm/baremetal/bin/../lib/gcc/arm-altera-eabi/6.2.0/crtend.o
 *(.eh_frame.*)
                0x0012d0c4                PROVIDE (__exidx_start, .)

.ARM.exidx      0x0012d0c4      0x2b8
 *(.ARM.exidx* .gnu.linkonce.armexidx.*)
 .ARM.exidx.text.startup.main
                0x0012d0c4        0x8 Main_mAbassi.o
 .ARM.exidx.text.TIMcallBack
                0x0012d0cc        0x8 Main_mAbassi.o
 .ARM.exidx.text._Z24button_CallbackInterruptmPv
                0x0012d0d4        0x8 MyApp_mAbassi.o
 .ARM.exidx.text._Z13Task_FPGA_Ledv
                0x0012d0dc        0x0 MyApp_mAbassi.o
                                  0x8 (size before relaxing)
 .ARM.exidx.text._Z16Task_FPGA_Buttonv
                0x0012d0dc        0x8 MyApp_mAbassi.o
 .ARM.exidx.text._Z15setup_Interruptv
                0x0012d0e4        0x8 MyApp_mAbassi.o
 .ARM.exidx.text._Z14setup_hps_gpiov
                0x0012d0ec        0x8 MyApp_mAbassi.o
 .ARM.exidx.text._Z12Task_HPS_Ledv
                0x0012d0f4        0x8 MyApp_mAbassi.o
 .ARM.exidx.text._Z14Task_LOW_LEVELv
                0x0012d0fc        0x8 MyApp_mAbassi.o
 .ARM.exidx.text.startup._GLOBAL__sub_I_fpga_leds
                0x0012d104        0x8 MyApp_mAbassi.o
 .ARM.exidx.text._ZN10motor_cardC2Emi
                0x0012d10c        0x0 motor_card.o
                                  0x8 (size before relaxing)
 .ARM.exidx.text._ZN10motor_card6set_kpEd
                0x0012d10c        0x0 motor_card.o
                                  0x8 (size before relaxing)
 .ARM.exidx.text._ZN10motor_card6set_kiEd
                0x0012d10c        0x0 motor_card.o
                                  0x8 (size before relaxing)
 .ARM.exidx.text._ZN10motor_card10ctrl_motorEi
                0x0012d10c        0x8 motor_card.o
 .ARM.exidx.text._ZN10motor_card11set_voltageEd
                0x0012d114        0x8 motor_card.o
 .ARM.exidx.text._ZN10motor_card9set_brakeEi
                0x0012d11c        0x8 motor_card.o
 .ARM.exidx.text._ZN10motor_card11set_commandEd
                0x0012d124        0x8 motor_card.o
 .ARM.exidx.text._ZN10motor_card4initEv
                0x0012d12c        0x0 motor_card.o
                                  0x8 (size before relaxing)
 .ARM.exidx.text._ZN10motor_card13set_old_speedEd
                0x0012d12c        0x0 motor_card.o
                                  0x8 (size before relaxing)
 .ARM.exidx.text._ZN10motor_card10set_deltaTEd
                0x0012d12c        0x0 motor_card.o
                                  0x8 (size before relaxing)
 .ARM.exidx.text._ZN10motor_card9set_speedEv
                0x0012d12c        0x8 motor_card.o
 .ARM.exidx.text.Test_func
                0x0012d134        0x8 test.o
 .ARM.exidx.text._Z8CAN_initv
                0x0012d13c        0x8 MyDriver_CAN.o
 .ARM.exidx.text._Z11CAN_sendMsgmPhhh
                0x0012d144       0x10 MyDriver_CAN.o
                                  0x8 (size before relaxing)
 .ARM.exidx     0x0012d154       0x78 c:/intelfpga_pro/18.1/embedded/host_tools/mentor/gnu/arm/baremetal/bin/../lib/gcc/arm-altera-eabi/6.2.0\libgcc.a(unwind-arm.o)
                                 0xd8 (size before relaxing)
 .ARM.exidx     0x0012d1cc       0x30 c:/intelfpga_pro/18.1/embedded/host_tools/mentor/gnu/arm/baremetal/bin/../lib/gcc/arm-altera-eabi/6.2.0\libgcc.a(pr-support.o)
                                 0x48 (size before relaxing)
 .ARM.exidx.text._Znwj
                0x0012d1fc       0x10 c:/intelfpga_pro/18.1/embedded/host_tools/mentor/gnu/arm/baremetal/bin/../lib/gcc/arm-altera-eabi/6.2.0/../../../../arm-altera-eabi/lib\libstdc++.a(new_op.o)
                                  0x8 (size before relaxing)
 .ARM.exidx.text.__cxa_type_match
                0x0012d20c        0x8 c:/intelfpga_pro/18.1/embedded/host_tools/mentor/gnu/arm/baremetal/bin/../lib/gcc/arm-altera-eabi/6.2.0/../../../../arm-altera-eabi/lib\libstdc++.a(eh_arm.o)
 .ARM.exidx.text.__cxa_begin_cleanup
                0x0012d214        0x8 c:/intelfpga_pro/18.1/embedded/host_tools/mentor/gnu/arm/baremetal/bin/../lib/gcc/arm-altera-eabi/6.2.0/../../../../arm-altera-eabi/lib\libstdc++.a(eh_arm.o)
 .ARM.exidx.text.__gnu_end_cleanup
                0x0012d21c        0x0 c:/intelfpga_pro/18.1/embedded/host_tools/mentor/gnu/arm/baremetal/bin/../lib/gcc/arm-altera-eabi/6.2.0/../../../../arm-altera-eabi/lib\libstdc++.a(eh_arm.o)
                                  0x8 (size before relaxing)
 .ARM.exidx.text._ZL23__gxx_exception_cleanup19_Unwind_Reason_CodeP21_Unwind_Control_Block
                0x0012d21c        0x8 c:/intelfpga_pro/18.1/embedded/host_tools/mentor/gnu/arm/baremetal/bin/../lib/gcc/arm-altera-eabi/6.2.0/../../../../arm-altera-eabi/lib\libstdc++.a(eh_throw.o)
 .ARM.exidx.text.__cxa_throw
                0x0012d224        0x8 c:/intelfpga_pro/18.1/embedded/host_tools/mentor/gnu/arm/baremetal/bin/../lib/gcc/arm-altera-eabi/6.2.0/../../../../arm-altera-eabi/lib\libstdc++.a(eh_throw.o)
 .ARM.exidx.text.__cxa_rethrow
                0x0012d22c        0x8 c:/intelfpga_pro/18.1/embedded/host_tools/mentor/gnu/arm/baremetal/bin/../lib/gcc/arm-altera-eabi/6.2.0/../../../../arm-altera-eabi/lib\libstdc++.a(eh_throw.o)
 .ARM.exidx.text._ZNK9__gnu_cxx24__concurrence_lock_error4whatEv
                0x0012d234        0x8 c:/intelfpga_pro/18.1/embedded/host_tools/mentor/gnu/arm/baremetal/bin/../lib/gcc/arm-altera-eabi/6.2.0/../../../../arm-altera-eabi/lib\libstdc++.a(new_handler.o)
 .ARM.exidx.text._ZNK9__gnu_cxx26__concurrence_unlock_error4whatEv
                0x0012d23c        0x0 c:/intelfpga_pro/18.1/embedded/host_tools/mentor/gnu/arm/baremetal/bin/../lib/gcc/arm-altera-eabi/6.2.0/../../../../arm-altera-eabi/lib\libstdc++.a(new_handler.o)
                                  0x8 (size before relaxing)
 .ARM.exidx.text._ZN9__gnu_cxx24__concurrence_lock_errorD2Ev
                0x0012d23c        0x0 c:/intelfpga_pro/18.1/embedded/host_tools/mentor/gnu/arm/baremetal/bin/../lib/gcc/arm-altera-eabi/6.2.0/../../../../arm-altera-eabi/lib\libstdc++.a(new_handler.o)
                                  0x8 (size before relaxing)
 .ARM.exidx.text._ZN9__gnu_cxx26__concurrence_unlock_errorD2Ev
                0x0012d23c        0x0 c:/intelfpga_pro/18.1/embedded/host_tools/mentor/gnu/arm/baremetal/bin/../lib/gcc/arm-altera-eabi/6.2.0/../../../../arm-altera-eabi/lib\libstdc++.a(new_handler.o)
                                  0x8 (size before relaxing)
 .ARM.exidx.text._ZN9__gnu_cxx24__concurrence_lock_errorD0Ev
                0x0012d23c        0x0 c:/intelfpga_pro/18.1/embedded/host_tools/mentor/gnu/arm/baremetal/bin/../lib/gcc/arm-altera-eabi/6.2.0/../../../../arm-altera-eabi/lib\libstdc++.a(new_handler.o)
                                  0x8 (size before relaxing)
 .ARM.exidx.text._ZN9__gnu_cxx26__concurrence_unlock_errorD0Ev
                0x0012d23c        0x0 c:/intelfpga_pro/18.1/embedded/host_tools/mentor/gnu/arm/baremetal/bin/../lib/gcc/arm-altera-eabi/6.2.0/../../../../arm-altera-eabi/lib\libstdc++.a(new_handler.o)
                                  0x8 (size before relaxing)
 .ARM.exidx.text._ZN9__gnu_cxx7__mutexD2Ev
                0x0012d23c        0x8 c:/intelfpga_pro/18.1/embedded/host_tools/mentor/gnu/arm/baremetal/bin/../lib/gcc/arm-altera-eabi/6.2.0/../../../../arm-altera-eabi/lib\libstdc++.a(new_handler.o)
 .ARM.exidx.text._ZN9__gnu_cxx30__throw_concurrence_lock_errorEv
                0x0012d244        0x8 c:/intelfpga_pro/18.1/embedded/host_tools/mentor/gnu/arm/baremetal/bin/../lib/gcc/arm-altera-eabi/6.2.0/../../../../arm-altera-eabi/lib\libstdc++.a(new_handler.o)
 .ARM.exidx.text._ZN9__gnu_cxx32__throw_concurrence_unlock_errorEv
                0x0012d24c        0x0 c:/intelfpga_pro/18.1/embedded/host_tools/mentor/gnu/arm/baremetal/bin/../lib/gcc/arm-altera-eabi/6.2.0/../../../../arm-altera-eabi/lib\libstdc++.a(new_handler.o)
                                  0x8 (size before relaxing)
 .ARM.exidx.text._ZSt15get_new_handlerv
                0x0012d24c        0x8 c:/intelfpga_pro/18.1/embedded/host_tools/mentor/gnu/arm/baremetal/bin/../lib/gcc/arm-altera-eabi/6.2.0/../../../../arm-altera-eabi/lib\libstdc++.a(new_handler.o)
 .ARM.exidx.text.startup._GLOBAL__sub_I__ZSt7nothrow
                0x0012d254        0x8 c:/intelfpga_pro/18.1/embedded/host_tools/mentor/gnu/arm/baremetal/bin/../lib/gcc/arm-altera-eabi/6.2.0/../../../../arm-altera-eabi/lib\libstdc++.a(new_handler.o)
 .ARM.exidx.text.__cxa_begin_catch
                0x0012d25c        0x8 c:/intelfpga_pro/18.1/embedded/host_tools/mentor/gnu/arm/baremetal/bin/../lib/gcc/arm-altera-eabi/6.2.0/../../../../arm-altera-eabi/lib\libstdc++.a(eh_catch.o)
 .ARM.exidx.text.__cxa_end_catch
                0x0012d264        0x8 c:/intelfpga_pro/18.1/embedded/host_tools/mentor/gnu/arm/baremetal/bin/../lib/gcc/arm-altera-eabi/6.2.0/../../../../arm-altera-eabi/lib\libstdc++.a(eh_catch.o)
 .ARM.exidx.text._ZNSt9exceptionD2Ev
                0x0012d26c        0x8 c:/intelfpga_pro/18.1/embedded/host_tools/mentor/gnu/arm/baremetal/bin/../lib/gcc/arm-altera-eabi/6.2.0/../../../../arm-altera-eabi/lib\libstdc++.a(eh_exception.o)
 .ARM.exidx.text._ZNSt13bad_exceptionD2Ev
                0x0012d274        0x0 c:/intelfpga_pro/18.1/embedded/host_tools/mentor/gnu/arm/baremetal/bin/../lib/gcc/arm-altera-eabi/6.2.0/../../../../arm-altera-eabi/lib\libstdc++.a(eh_exception.o)
                                  0x8 (size before relaxing)
 .ARM.exidx.text._ZGTtNKSt13bad_exception4whatEv
                0x0012d274        0x0 c:/intelfpga_pro/18.1/embedded/host_tools/mentor/gnu/arm/baremetal/bin/../lib/gcc/arm-altera-eabi/6.2.0/../../../../arm-altera-eabi/lib\libstdc++.a(eh_exception.o)
                                  0x8 (size before relaxing)
 .ARM.exidx.text._ZNSt13bad_exceptionD0Ev
                0x0012d274        0x0 c:/intelfpga_pro/18.1/embedded/host_tools/mentor/gnu/arm/baremetal/bin/../lib/gcc/arm-altera-eabi/6.2.0/../../../../arm-altera-eabi/lib\libstdc++.a(eh_exception.o)
                                  0x8 (size before relaxing)
 .ARM.exidx.text._ZN12_GLOBAL__N_14poolD2Ev
                0x0012d274        0x8 c:/intelfpga_pro/18.1/embedded/host_tools/mentor/gnu/arm/baremetal/bin/../lib/gcc/arm-altera-eabi/6.2.0/../../../../arm-altera-eabi/lib\libstdc++.a(eh_alloc.o)
 .ARM.exidx.text._ZN12_GLOBAL__N_14pool4freeEPv.constprop.2
                0x0012d27c        0x8 c:/intelfpga_pro/18.1/embedded/host_tools/mentor/gnu/arm/baremetal/bin/../lib/gcc/arm-altera-eabi/6.2.0/../../../../arm-altera-eabi/lib\libstdc++.a(eh_alloc.o)
 .ARM.exidx.text._ZN12_GLOBAL__N_14pool8allocateEj.constprop.3
                0x0012d284        0x8 c:/intelfpga_pro/18.1/embedded/host_tools/mentor/gnu/arm/baremetal/bin/../lib/gcc/arm-altera-eabi/6.2.0/../../../../arm-altera-eabi/lib\libstdc++.a(eh_alloc.o)
 .ARM.exidx.text.__cxa_allocate_exception
                0x0012d28c        0x8 c:/intelfpga_pro/18.1/embedded/host_tools/mentor/gnu/arm/baremetal/bin/../lib/gcc/arm-altera-eabi/6.2.0/../../../../arm-altera-eabi/lib\libstdc++.a(eh_alloc.o)
 .ARM.exidx.text.__cxa_free_exception
                0x0012d294        0x8 c:/intelfpga_pro/18.1/embedded/host_tools/mentor/gnu/arm/baremetal/bin/../lib/gcc/arm-altera-eabi/6.2.0/../../../../arm-altera-eabi/lib\libstdc++.a(eh_alloc.o)
 .ARM.exidx.text.startup._GLOBAL__sub_I__ZN9__gnu_cxx9__freeresEv
                0x0012d29c        0x8 c:/intelfpga_pro/18.1/embedded/host_tools/mentor/gnu/arm/baremetal/bin/../lib/gcc/arm-altera-eabi/6.2.0/../../../../arm-altera-eabi/lib\libstdc++.a(eh_alloc.o)
 .ARM.exidx.text._ZL28read_encoded_value_with_basehjPKhPj
                0x0012d2a4        0x8 c:/intelfpga_pro/18.1/embedded/host_tools/mentor/gnu/arm/baremetal/bin/../lib/gcc/arm-altera-eabi/6.2.0/../../../../arm-altera-eabi/lib\libstdc++.a(eh_personality.o)
 .ARM.exidx.text._ZL21base_of_encoded_valuehP15_Unwind_Context
                0x0012d2ac        0x8 c:/intelfpga_pro/18.1/embedded/host_tools/mentor/gnu/arm/baremetal/bin/../lib/gcc/arm-altera-eabi/6.2.0/../../../../arm-altera-eabi/lib\libstdc++.a(eh_personality.o)
 .ARM.exidx.text._ZL17parse_lsda_headerP15_Unwind_ContextPKhP16lsda_header_info
                0x0012d2b4        0x8 c:/intelfpga_pro/18.1/embedded/host_tools/mentor/gnu/arm/baremetal/bin/../lib/gcc/arm-altera-eabi/6.2.0/../../../../arm-altera-eabi/lib\libstdc++.a(eh_personality.o)
 .ARM.exidx.text.__gxx_personality_v0
                0x0012d2bc        0x8 c:/intelfpga_pro/18.1/embedded/host_tools/mentor/gnu/arm/baremetal/bin/../lib/gcc/arm-altera-eabi/6.2.0/../../../../arm-altera-eabi/lib\libstdc++.a(eh_personality.o)
 .ARM.exidx.text._ZdlPvj
                0x0012d2c4        0x8 c:/intelfpga_pro/18.1/embedded/host_tools/mentor/gnu/arm/baremetal/bin/../lib/gcc/arm-altera-eabi/6.2.0/../../../../arm-altera-eabi/lib\libstdc++.a(del_ops.o)
 .ARM.exidx.text._ZN10__cxxabiv120__si_class_type_infoD2Ev
                0x0012d2cc        0x0 c:/intelfpga_pro/18.1/embedded/host_tools/mentor/gnu/arm/baremetal/bin/../lib/gcc/arm-altera-eabi/6.2.0/../../../../arm-altera-eabi/lib\libstdc++.a(si_class_type_info.o)
                                  0x8 (size before relaxing)
 .ARM.exidx.text._ZN10__cxxabiv120__si_class_type_infoD0Ev
                0x0012d2cc        0x0 c:/intelfpga_pro/18.1/embedded/host_tools/mentor/gnu/arm/baremetal/bin/../lib/gcc/arm-altera-eabi/6.2.0/../../../../arm-altera-eabi/lib\libstdc++.a(si_class_type_info.o)
                                  0x8 (size before relaxing)
 .ARM.exidx.text._ZNK10__cxxabiv120__si_class_type_info20__do_find_public_srcEiPKvPKNS_17__class_type_infoES2_
                0x0012d2cc        0x0 c:/intelfpga_pro/18.1/embedded/host_tools/mentor/gnu/arm/baremetal/bin/../lib/gcc/arm-altera-eabi/6.2.0/../../../../arm-altera-eabi/lib\libstdc++.a(si_class_type_info.o)
                                  0x8 (size before relaxing)
 .ARM.exidx.text._ZNK10__cxxabiv120__si_class_type_info12__do_dyncastEiNS_17__class_type_info10__sub_kindEPKS1_PKvS4_S6_RNS1_16__dyncast_resultE
                0x0012d2cc        0x0 c:/intelfpga_pro/18.1/embedded/host_tools/mentor/gnu/arm/baremetal/bin/../lib/gcc/arm-altera-eabi/6.2.0/../../../../arm-altera-eabi/lib\libstdc++.a(si_class_type_info.o)
                                  0x8 (size before relaxing)
 .ARM.exidx.text._ZNK10__cxxabiv120__si_class_type_info11__do_upcastEPKNS_17__class_type_infoEPKvRNS1_15__upcast_resultE