Archive member included to satisfy reference by file (symbol)

/home/westornd/intelFPGA_lite/18.1/embedded/host_tools/mentor/gnu/arm/baremetal/bin/../lib/gcc/arm-altera-eabi/6.2.0/libgcc.a(_divsi3.o)
                              dw_uart.o (__aeabi_idiv)
/home/westornd/intelFPGA_lite/18.1/embedded/host_tools/mentor/gnu/arm/baremetal/bin/../lib/gcc/arm-altera-eabi/6.2.0/libgcc.a(_dvmd_tls.o)
                              /home/westornd/intelFPGA_lite/18.1/embedded/host_tools/mentor/gnu/arm/baremetal/bin/../lib/gcc/arm-altera-eabi/6.2.0/libgcc.a(_divsi3.o) (__aeabi_idiv0)
/home/westornd/intelFPGA_lite/18.1/embedded/host_tools/mentor/gnu/arm/baremetal/bin/../lib/gcc/arm-altera-eabi/6.2.0/libgcc.a(unwind-arm.o)
                              Main_mAbassi.o (__aeabi_unwind_cpp_pr0)
/home/westornd/intelFPGA_lite/18.1/embedded/host_tools/mentor/gnu/arm/baremetal/bin/../lib/gcc/arm-altera-eabi/6.2.0/libgcc.a(libunwind.o)
                              /home/westornd/intelFPGA_lite/18.1/embedded/host_tools/mentor/gnu/arm/baremetal/bin/../lib/gcc/arm-altera-eabi/6.2.0/libgcc.a(unwind-arm.o) (restore_core_regs)
/home/westornd/intelFPGA_lite/18.1/embedded/host_tools/mentor/gnu/arm/baremetal/bin/../lib/gcc/arm-altera-eabi/6.2.0/libgcc.a(pr-support.o)
                              /home/westornd/intelFPGA_lite/18.1/embedded/host_tools/mentor/gnu/arm/baremetal/bin/../lib/gcc/arm-altera-eabi/6.2.0/libgcc.a(unwind-arm.o) (__gnu_unwind_execute)
../../mAbassi/Platform/lib/lib_mAbassi_EVAL_GCC_AR5_CY5.a(mAbassi_EVAL_A9_GCC_2_NR.o)
                              Shell.o (TSKgetID)
../../mAbassi/Platform/lib/lib_mAbassi_EVAL_GCC_AR5_CY5.a(mAbassi_EVAL_GCC_AR5_CY5_NR.o)
                              (_vector_table)
../../mAbassi/Platform/lib/lib_mAbassi_EVAL_GCC_AR5_CY5.a(ARMv7_SMP_L1_L2_GCC_AR5_CY5.o)
                              ../../mAbassi/Platform/lib/lib_mAbassi_EVAL_GCC_AR5_CY5.a(mAbassi_EVAL_GCC_AR5_CY5_NR.o) (COREcacheON)
/home/westornd/intelFPGA_lite/18.1/embedded/host_tools/mentor/gnu/arm/baremetal/bin/../lib/gcc/arm-altera-eabi/6.2.0/../../../../arm-altera-eabi/lib/libcs3.a(start_c.o)
                              (__cs3_start_c)
/home/westornd/intelFPGA_lite/18.1/embedded/host_tools/mentor/gnu/arm/baremetal/bin/../lib/gcc/arm-altera-eabi/6.2.0/../../../../arm-altera-eabi/lib/libcs3unhosted.a(unhosted-start.o)
                              ../../mAbassi/Platform/lib/lib_mAbassi_EVAL_GCC_AR5_CY5.a(mAbassi_EVAL_GCC_AR5_CY5_NR.o) (_start)
/home/westornd/intelFPGA_lite/18.1/embedded/host_tools/mentor/gnu/arm/baremetal/bin/../lib/gcc/arm-altera-eabi/6.2.0/../../../../arm-altera-eabi/lib/libcs3unhosted.a(unhosted-abort.o)
                              MyApp_mAbassi.o (abort)
/home/westornd/intelFPGA_lite/18.1/embedded/host_tools/mentor/gnu/arm/baremetal/bin/../lib/gcc/arm-altera-eabi/6.2.0/../../../../arm-altera-eabi/lib/libc.a(lib_a-assert.o)
                              canard.o (__assert_func)
/home/westornd/intelFPGA_lite/18.1/embedded/host_tools/mentor/gnu/arm/baremetal/bin/../lib/gcc/arm-altera-eabi/6.2.0/../../../../arm-altera-eabi/lib/libc.a(lib_a-calloc.o)
                              ../../mAbassi/Platform/lib/lib_mAbassi_EVAL_GCC_AR5_CY5.a(mAbassi_EVAL_A9_GCC_2_NR.o) (calloc)
/home/westornd/intelFPGA_lite/18.1/embedded/host_tools/mentor/gnu/arm/baremetal/bin/../lib/gcc/arm-altera-eabi/6.2.0/../../../../arm-altera-eabi/lib/libc.a(lib_a-callocr.o)
                              /home/westornd/intelFPGA_lite/18.1/embedded/host_tools/mentor/gnu/arm/baremetal/bin/../lib/gcc/arm-altera-eabi/6.2.0/../../../../arm-altera-eabi/lib/libc.a(lib_a-calloc.o) (_calloc_r)
/home/westornd/intelFPGA_lite/18.1/embedded/host_tools/mentor/gnu/arm/baremetal/bin/../lib/gcc/arm-altera-eabi/6.2.0/../../../../arm-altera-eabi/lib/libc.a(lib_a-fiprintf.o)
                              /home/westornd/intelFPGA_lite/18.1/embedded/host_tools/mentor/gnu/arm/baremetal/bin/../lib/gcc/arm-altera-eabi/6.2.0/../../../../arm-altera-eabi/lib/libc.a(lib_a-assert.o) (fiprintf)
/home/westornd/intelFPGA_lite/18.1/embedded/host_tools/mentor/gnu/arm/baremetal/bin/../lib/gcc/arm-altera-eabi/6.2.0/../../../../arm-altera-eabi/lib/libc.a(lib_a-getreent.o)
                              Main_mAbassi.o (__getreent)
/home/westornd/intelFPGA_lite/18.1/embedded/host_tools/mentor/gnu/arm/baremetal/bin/../lib/gcc/arm-altera-eabi/6.2.0/../../../../arm-altera-eabi/lib/libc.a(lib_a-impure.o)
                              SysCall_noFS.o (_impure_ptr)
/home/westornd/intelFPGA_lite/18.1/embedded/host_tools/mentor/gnu/arm/baremetal/bin/../lib/gcc/arm-altera-eabi/6.2.0/../../../../arm-altera-eabi/lib/libc.a(lib_a-init.o)
                              /home/westornd/intelFPGA_lite/18.1/embedded/host_tools/mentor/gnu/arm/baremetal/bin/../lib/gcc/arm-altera-eabi/6.2.0/../../../../arm-altera-eabi/lib/libcs3.a(start_c.o) (__libc_init_array)
[...]
Memory Configuration

Name             Origin             Length             Attributes
ram              0x00100040         0x3fefffc0         xrw
uram             0xffff0000         0x00010000         xrw
*default*        0x00000000         0xffffffff

Linker script and memory map

LOAD /home/westornd/intelFPGA_lite/18.1/embedded/host_tools/mentor/gnu/arm/baremetal/bin/../lib/gcc/arm-altera-eabi/6.2.0/crti.o
LOAD /home/westornd/intelFPGA_lite/18.1/embedded/host_tools/mentor/gnu/arm/baremetal/bin/../lib/gcc/arm-altera-eabi/6.2.0/crtbegin.o
LOAD /home/westornd/intelFPGA_lite/18.1/embedded/host_tools/mentor/gnu/arm/baremetal/bin/../lib/gcc/arm-altera-eabi/6.2.0/../../../../arm-altera-eabi/lib/libstdc++.a
LOAD Main_mAbassi.o
LOAD MyApp_mAbassi.o
LOAD test.o
LOAD MyDriver_CAN.o
LOAD SysCall_noFS.o
LOAD TIMERinit.o
LOAD dw_uart.o
LOAD alt_gpio.o
LOAD dw_spi.o
LOAD alt_generalpurpose_io.o
LOAD canard.o
LOAD o1heap.o
LOAD mAbassiCfgA9.o
LOAD Shell.o
LOAD SubShell.o
LOAD /home/westornd/intelFPGA_lite/18.1/embedded/host_tools/mentor/gnu/arm/baremetal/bin/../lib/gcc/arm-altera-eabi/6.2.0/libgcc.a
LOAD ../../mAbassi/Platform/lib/lib_mAbassi_EVAL_GCC_AR5_CY5.a
LOAD /home/westornd/intelFPGA_lite/18.1/embedded/host_tools/mentor/gnu/arm/baremetal/bin/../lib/gcc/arm-altera-eabi/6.2.0/../../../../arm-altera-eabi/lib/libcs3.a
LOAD /home/westornd/intelFPGA_lite/18.1/embedded/host_tools/mentor/gnu/arm/baremetal/bin/../lib/gcc/arm-altera-eabi/6.2.0/../../../../arm-altera-eabi/lib/libcs3unhosted.a
LOAD /home/westornd/intelFPGA_lite/18.1/embedded/host_tools/mentor/gnu/arm/baremetal/bin/../lib/gcc/arm-altera-eabi/6.2.0/../../../../arm-altera-eabi/lib/libcs3arm.a
LOAD /home/westornd/intelFPGA_lite/18.1/embedded/host_tools/mentor/gnu/arm/baremetal/bin/../lib/gcc/arm-altera-eabi/6.2.0/../../../../arm-altera-eabi/lib/libstdc++.a
LOAD /home/westornd/intelFPGA_lite/18.1/embedded/host_tools/mentor/gnu/arm/baremetal/bin/../lib/gcc/arm-altera-eabi/6.2.0/libgcc.a
LOAD /home/westornd/intelFPGA_lite/18.1/embedded/host_tools/mentor/gnu/arm/baremetal/bin/../lib/gcc/arm-altera-eabi/6.2.0/../../../../arm-altera-eabi/lib/libstdc++.a
LOAD /home/westornd/intelFPGA_lite/18.1/embedded/host_tools/mentor/gnu/arm/baremetal/bin/../lib/gcc/arm-altera-eabi/6.2.0/../../../../arm-altera-eabi/lib/libstdc++.a
LOAD /home/westornd/intelFPGA_lite/18.1/embedded/host_tools/mentor/gnu/arm/baremetal/bin/../lib/gcc/arm-altera-eabi/6.2.0/../../../../arm-altera-eabi/lib/libm.a
LOAD /home/westornd/intelFPGA_lite/18.1/embedded/host_tools/mentor/gnu/arm/baremetal/bin/../lib/gcc/arm-altera-eabi/6.2.0/../../../../arm-altera-eabi/lib/libc.a
START GROUP
LOAD /home/westornd/intelFPGA_lite/18.1/embedded/host_tools/mentor/gnu/arm/baremetal/bin/../lib/gcc/arm-altera-eabi/6.2.0/libgcc.a
LOAD /home/westornd/intelFPGA_lite/18.1/embedded/host_tools/mentor/gnu/arm/baremetal/bin/../lib/gcc/arm-altera-eabi/6.2.0/../../../../arm-altera-eabi/lib/libc.a
END GROUP
LOAD /home/westornd/intelFPGA_lite/18.1/embedded/host_tools/mentor/gnu/arm/baremetal/bin/../lib/gcc/arm-altera-eabi/6.2.0/crtend.o
LOAD /home/westornd/intelFPGA_lite/18.1/embedded/host_tools/mentor/gnu/arm/baremetal/bin/../lib/gcc/arm-altera-eabi/6.2.0/crtn.o
                0x00002000                _STACK_SIZE = DEFINED (_STACK_SIZE)?_STACK_SIZE:0x2000
                0x10000000                _MDRV_SIZE = DEFINED (_MDRV_SIZE)?_MDRV_SIZE:0x10000000
                0x00000800                _SUPERVISOR_STACK_SIZE = DEFINED (_SUPERVISOR_STACK_SIZE)?_SUPERVISOR_STACK_SIZE:0x800
                0x00000800                _ABORT_STACK_SIZE = DEFINED (_ABORT_STACK_SIZE)?_ABORT_STACK_SIZE:0x800
                0x00000800                _FIQ_STACK_SIZE = DEFINED (_FIQ_STACK_SIZE)?_FIQ_STACK_SIZE:0x800
                0x00002000                _IRQ_STACK_SIZE = DEFINED (_IRQ_STACK_SIZE)?_IRQ_STACK_SIZE:0x2000
                0x00000800                _UNDEF_STACK_SIZE = DEFINED (_UNDEF_STACK_SIZE)?_UNDEF_STACK_SIZE:0x800
                0x00000001                PROVIDE (__cs3_region_num, ((__cs3_regions_end - __cs3_regions) / 0x14))
                0x001215ec                __libc_fini = _fini

.text           0x00100040    0x1d8c8
 CREATE_OBJECT_SYMBOLS
                0x00100040                __cs3_region_start_ram = .
                0x00100040                _ftext = .
 *(.cs3.region-head.ram)
                0x00000001                ASSERT ((. == __cs3_region_start_ram), .cs3.region-head.ram not permitted)
                0x00100040                __cs3_interrupt_vector = __cs3_interrupt_vector_arm
 *(.cs3.interrupt_vector)
 .cs3.interrupt_vector
                0x00100040       0x3c ../../mAbassi/Platform/lib/lib_mAbassi_EVAL_GCC_AR5_CY5.a(mAbassi_EVAL_GCC_AR5_CY5_NR.o)
                0x00100040                _vector_table
                0x00100040                Vectors
                0x00100040                __cs3_interrupt_vector_arm
 *(.vectors)
                0x00111648                PROVIDE (__cs3_reset, __cs3_reset_generic)
 *(.cs3.reset)
                [0x00100110]                _start = DEFINED (__cs3_start_asm)?__cs3_start_asm:_start
 *(.text.cs3.init)
 .text.cs3.init
                0x0010007c       0x94 /home/westornd/intelFPGA_lite/18.1/embedded/host_tools/mentor/gnu/arm/baremetal/bin/../lib/gcc/arm-altera-eabi/6.2.0/../../../../arm-altera-eabi/lib/libcs3.a(start_c.o)
                0x0010007c                __cs3_start_c
 .text.cs3.init
                0x00100110        0xc /home/westornd/intelFPGA_lite/18.1/embedded/host_tools/mentor/gnu/arm/baremetal/bin/../lib/gcc/arm-altera-eabi/6.2.0/../../../../arm-altera-eabi/lib/libcs3unhosted.a(unhosted-start.o)
 *(.text .text.* .gnu.linkonce.t.*)
 .text          0x0010011c      0x108 /home/westornd/intelFPGA_lite/18.1/embedded/host_tools/mentor/gnu/arm/baremetal/bin/../lib/gcc/arm-altera-eabi/6.2.0/crtbegin.o
 .text.startup.main
                0x00100224      0x17c Main_mAbassi.o
                0x00100224                main
 .text.TIMcallBack
                0x001003a0        0x4 Main_mAbassi.o
                0x001003a0                TIMcallBack
 .text._Z24button_CallbackInterruptmPv
                0x001003a4       0x34 MyApp_mAbassi.o
                0x001003a4                button_CallbackInterrupt(unsigned long, void*)
 .text._Z13Task_FPGA_Ledv
                0x001003d8       0x30 MyApp_mAbassi.o
                0x001003d8                Task_FPGA_Led()
 .text._Z16Task_FPGA_Buttonv
                0x00100408       0x8c MyApp_mAbassi.o
                0x00100408                Task_FPGA_Button()
 .text._Z15setup_Interruptv
                0x00100494       0x58 MyApp_mAbassi.o
                0x00100494                setup_Interrupt()
 .text._Z14setup_hps_gpiov
                0x001004ec       0x58 MyApp_mAbassi.o
                0x001004ec                setup_hps_gpio()
 .text._Z12Task_HPS_Ledv
                0x00100544      0x11c MyApp_mAbassi.o
                0x00100544                Task_HPS_Led()
 .text._Z8Task_CANv
                0x00100660      0x11c MyApp_mAbassi.o
                0x00100660                Task_CAN()
 .text.Test_func
                0x0010077c        0x4 test.o
                0x0010077c                Test_func
 .text._Z8CAN_initv
                0x00100780      0x96c MyDriver_CAN.o
                0x00100780                CAN_init()
 .text._Z9CAN_debugv
                0x001010ec      0x418 MyDriver_CAN.o
                0x001010ec                CAN_debug()
 .text._Z11CAN_sendMsgmPhhh
                0x00101504      0x1c4 MyDriver_CAN.o
                0x00101504                CAN_sendMsg(unsigned long, unsigned char*, unsigned char, unsigned char)
 .text.SysCallInit
                0x001016c8        0x4 SysCall_noFS.o
                0x001016c8                SysCallInit
 .text._close_r
                0x001016cc        0xc SysCall_noFS.o
                0x001016cc                _close_r
 .text._read_r  0x001016d8       0x58 SysCall_noFS.o
                0x001016d8                _read_r
 .text._write_r
                0x00101730       0x58 SysCall_noFS.o
                0x00101730                _write_r
 .text._lseek_r
                0x00101788        0xc SysCall_noFS.o
                0x00101788                _lseek_r
 .text._fstat_r
                0x00101794        0xc SysCall_noFS.o
                0x00101794                _fstat_r
 .text._isatty_r
                0x001017a0        0xc SysCall_noFS.o
                0x001017a0                _isatty_r
 .text.GetKey   0x001017ac       0x2c SysCall_noFS.o
                0x001017ac                GetKey
 .text.TIMERinit
                0x001017d8       0x20 TIMERinit.o
                0x001017d8                TIMERinit
 .text.uart_send
                0x001017f8      0x5bc dw_uart.o
                0x001017f8                uart_send
 .text.uart_recv
                0x00101db4      0x540 dw_uart.o
                0x00101db4                uart_recv
 .text.uart_filt
                0x001022f4       0x78 dw_uart.o
                0x001022f4                uart_filt
 .text.uart_init
                0x0010236c      0x318 dw_uart.o
                0x0010236c                uart_init
 .text.UARTintHndl_0
                0x00102684      0x118 dw_uart.o
                0x00102684                UARTintHndl_0
 .text.UARTintHndl_1
                0x0010279c      0x154 dw_uart.o
                0x0010279c                UARTintHndl_1
 .text.gpio_dir
                0x001028f0       0x84 alt_gpio.o
                0x001028f0                gpio_dir
 .text.gpio_set
                0x00102974       0x7c alt_gpio.o
                0x00102974                gpio_set
 .text.gpio_init
                0x001029f0       0x34 alt_gpio.o
                0x001029f0                gpio_init
 .text.spi_send
                0x00102a24      0x648 dw_spi.o
                0x00102a24                spi_send
 .text.spi_send_recv
                0x0010306c      0x8ac dw_spi.o
                0x0010306c                spi_send_recv
 .text.spi_init
                0x00103918      0x328 dw_spi.o
                0x00103918                spi_init
 .text.alt_gpio_init
                0x00103c40       0x1c alt_generalpurpose_io.o
                0x00103c40                alt_gpio_init
 .text.alt_gpio_port_data_write
                0x00103c5c       0x50 alt_generalpurpose_io.o
                0x00103c5c                alt_gpio_port_data_write
 .text.alt_gpio_group_config
                0x00103cac      0x31c alt_generalpurpose_io.o
                0x00103cac                alt_gpio_group_config
 .text.alt_gpio_bit_to_pid
                0x00103fc8       0x1c alt_generalpurpose_io.o
                0x00103fc8                alt_gpio_bit_to_pid
 .text.alt_gpio_bit_to_port_pin
                0x00103fe4       0x20 alt_generalpurpose_io.o
                0x00103fe4                alt_gpio_bit_to_port_pin
 .text.unlikely.txRoundFramePayloadSizeUp.part.3
                0x00104004       0x20 canard.o
 .text.crcAdd   0x00104024       0xdc canard.o
 .text.canardInit
                0x00104100       0x60 canard.o
                0x00104100                canardInit
 .text.canardTxPush
                0x00104160      0x6e4 canard.o
                0x00104160                canardTxPush
 .text.canardTxPeek
                0x00104844        0x8 canard.o
                0x00104844                canardTxPeek
 .text.canardTxPop
                0x0010484c        0xc canard.o
                0x0010484c                canardTxPop
 .text.PrtResult
                0x00104858      0x1b4 Shell.o
 .text.CmdLog   0x00104a0c       0x14 Shell.o
 .text.CmdEdit  0x00104a20       0x7c Shell.o
 .text.CmdMblk  0x00104a9c      0x108 Shell.o
 .text.CmdGrp   0x00104ba4      0x634 Shell.o
 .text.CmdSys   0x001051d8      0x434 Shell.o
 .text.CmdHelp  0x0010560c      0x220 Shell.o
 .text.CmdEvt   0x0010582c      0x190 Shell.o
 .text.CmdMtx   0x001059bc      0xc40 Shell.o
 .text.CmdSem   0x001065fc      0xd48 Shell.o
 .text.CmdMbx   0x00107344     0x10a8 Shell.o
 .text.CmdTim   0x001083ec     0x15f0 Shell.o
 .text.CmdTask  0x001099dc     0x1abc Shell.o
 .text.OSshell  0x0010b498      0xaa0 Shell.o
                0x0010b498                OSshell
 .text.ShellGets
                0x0010bf38      0x198 Shell.o
                0x0010bf38                ShellGets
 .text.CmdMem   0x0010c0d0      0x3e8 Shell.o
 .text          0x0010c4b8      0x148 /home/westornd/intelFPGA_lite/18.1/embedded/host_tools/mentor/gnu/arm/baremetal/bin/../lib/gcc/arm-altera-eabi/6.2.0/libgcc.a(_divsi3.o)
                0x0010c4b8                __aeabi_idiv
                0x0010c4b8                __divsi3
                0x0010c5e0                __aeabi_idivmod
 .text          0x0010c600        0x4 /home/westornd/intelFPGA_lite/18.1/embedded/host_tools/mentor/gnu/arm/baremetal/bin/../lib/gcc/arm-altera-eabi/6.2.0/libgcc.a(_dvmd_tls.o)
                0x0010c600                __aeabi_ldiv0
                0x0010c600                __aeabi_idiv0
 .text          0x0010c604     0x1050 /home/westornd/intelFPGA_lite/18.1/embedded/host_tools/mentor/gnu/arm/baremetal/bin/../lib/gcc/arm-altera-eabi/6.2.0/libgcc.a(unwind-arm.o)
                0x0010ca9c                _Unwind_GetCFA
                0x0010caa4                __gnu_Unwind_RaiseException
                0x0010cb54                __gnu_Unwind_ForcedUnwind
                0x0010cb78                __gnu_Unwind_Resume
                0x0010cbec                __gnu_Unwind_Resume_or_Rethrow
                0x0010cc08                _Unwind_Complete
                0x0010cc0c                _Unwind_DeleteException
                0x0010cc24                _Unwind_VRS_Get
                0x0010ccb0                _Unwind_VRS_Set
                0x0010cd3c                __gnu_Unwind_Backtrace
                0x0010d254                __aeabi_unwind_cpp_pr0
                0x0010d25c                __aeabi_unwind_cpp_pr1
                0x0010d264                __aeabi_unwind_cpp_pr2
                0x0010d26c                _Unwind_VRS_Pop
 .text          0x0010d654      0x1b0 /home/westornd/intelFPGA_lite/18.1/embedded/host_tools/mentor/gnu/arm/baremetal/bin/../lib/gcc/arm-altera-eabi/6.2.0/libgcc.a(libunwind.o)
                0x0010d654                __restore_core_regs
                0x0010d654                restore_core_regs
                0x0010d670                __gnu_Unwind_Restore_VFP
                0x0010d678                __gnu_Unwind_Save_VFP
                0x0010d680                __gnu_Unwind_Restore_VFP_D
                0x0010d688                __gnu_Unwind_Save_VFP_D
                0x0010d690                __gnu_Unwind_Restore_VFP_D_16_to_31
                0x0010d698                __gnu_Unwind_Save_VFP_D_16_to_31
                0x0010d6a0                __gnu_Unwind_Restore_WMMXD
                0x0010d6e4                __gnu_Unwind_Save_WMMXD
                0x0010d728                __gnu_Unwind_Restore_WMMXC
                0x0010d73c                __gnu_Unwind_Save_WMMXC
                0x0010d750                ___Unwind_RaiseException
                0x0010d750                _Unwind_RaiseException
                0x0010d774                ___Unwind_Resume
                0x0010d774                _Unwind_Resume
                0x0010d798                _Unwind_Resume_or_Rethrow
                0x0010d798                ___Unwind_Resume_or_Rethrow
                0x0010d7bc                ___Unwind_ForcedUnwind
                0x0010d7bc                _Unwind_ForcedUnwind
                0x0010d7e0                _Unwind_Backtrace
                0x0010d7e0                ___Unwind_Backtrace
 .text          0x0010d804      0x51c /home/westornd/intelFPGA_lite/18.1/embedded/host_tools/mentor/gnu/arm/baremetal/bin/../lib/gcc/arm-altera-eabi/6.2.0/libgcc.a(pr-support.o)
                0x0010d898                __gnu_unwind_execute
                0x0010dc94                __gnu_unwind_frame
                0x0010dcdc                _Unwind_GetRegionStart
                0x0010dcf0                _Unwind_GetLanguageSpecificData
                0x0010dd10                _Unwind_GetTextRelBase
                0x0010dd18                _Unwind_GetDataRelBase
 .text.TSKcreate.constprop.0
                0x0010dd20       0xf0 ../../mAbassi/Platform/lib/lib_mAbassi_EVAL_GCC_AR5_CY5.a(mAbassi_EVAL_A9_GCC_2_NR.o)
 .text.TSKgetID
                0x0010de10       0x60 ../../mAbassi/Platform/lib/lib_mAbassi_EVAL_GCC_AR5_CY5.a(mAbassi_EVAL_A9_GCC_2_NR.o)
                0x0010de10                TSKgetID
 .text.TSKstkChk
                0x0010de70       0x60 ../../mAbassi/Platform/lib/lib_mAbassi_EVAL_GCC_AR5_CY5.a(mAbassi_EVAL_A9_GCC_2_NR.o)
                0x0010de70                TSKstkChk
 .text.Abassi   0x0010ded0     0x2850 ../../mAbassi/Platform/lib/lib_mAbassi_EVAL_GCC_AR5_CY5.a(mAbassi_EVAL_A9_GCC_2_NR.o)
                0x0010ded0                Abassi
 .text.TSKcreate
                0x00110720      0x350 ../../mAbassi/Platform/lib/lib_mAbassi_EVAL_GCC_AR5_CY5.a(mAbassi_EVAL_A9_GCC_2_NR.o)
                0x00110720                TSKcreate
 .text.OSstart  0x00110a70      0x17c ../../mAbassi/Platform/lib/lib_mAbassi_EVAL_GCC_AR5_CY5.a(mAbassi_EVAL_A9_GCC_2_NR.o)
                0x00110a70                OSstart
 .text.TSKstart
                0x00110bec       0x60 ../../mAbassi/Platform/lib/lib_mAbassi_EVAL_GCC_AR5_CY5.a(mAbassi_EVAL_A9_GCC_2_NR.o)
                0x00110bec                TSKstart
 .text.SEM__open
                0x00110c4c      0x144 ../../mAbassi/Platform/lib/lib_mAbassi_EVAL_GCC_AR5_CY5.a(mAbassi_EVAL_A9_GCC_2_NR.o)
                0x00110c4c                SEM__open
 .text.MBX__open
                0x00110d90      0x154 ../../mAbassi/Platform/lib/lib_mAbassi_EVAL_GCC_AR5_CY5.a(mAbassi_EVAL_A9_GCC_2_NR.o)
                0x00110d90                MBX__open
 .text.MBXget   0x00110ee4      0x128 ../../mAbassi/Platform/lib/lib_mAbassi_EVAL_GCC_AR5_CY5.a(mAbassi_EVAL_A9_GCC_2_NR.o)
                0x00110ee4                MBXget
 .text.MBXput   0x0011100c       0xd8 ../../mAbassi/Platform/lib/lib_mAbassi_EVAL_GCC_AR5_CY5.a(mAbassi_EVAL_A9_GCC_2_NR.o)
                0x0011100c                MBXput
 .text.GroupRm  0x001110e4       0xb4 ../../mAbassi/Platform/lib/lib_mAbassi_EVAL_GCC_AR5_CY5.a(mAbassi_EVAL_A9_GCC_2_NR.o)
                0x001110e4                GroupRm
 .text.TIMtick  0x00111198      0x4a0 ../../mAbassi/Platform/lib/lib_mAbassi_EVAL_GCC_AR5_CY5.a(mAbassi_EVAL_A9_GCC_2_NR.o)
                0x00111198                TIMtick
 .text          0x00111638      0xb48 ../../mAbassi/Platform/lib/lib_mAbassi_EVAL_GCC_AR5_CY5.a(mAbassi_EVAL_GCC_AR5_CY5_NR.o)
                0x00111648                __cs3_reset_generic
                0x00111648                boot
                0x00111648                Reset_Handler
                0x00111648                _prestart
                0x001119f0                _exit
                0x001119f8                _sbrk_r
                0x00111a30                OStrap
                0x00111a48                __cs3_isr_swi
                0x00111a48                mySWI
                0x00111a90                SWI_Handler
                0x00111a94                OScontext
                0x00111ab4                CoreContext
                0x00111ac8                OSstack
                0x00111b24                OSintCtrl
                0x00111b44                OSintBack
                0x00111b54                OSintOff
                0x00111b60                OSintOn
                0x00111b68                OSisrInfo
                0x00111b78                ISRdispatch
                0x00111b78                __cs3_isr_irq
                0x00111cac                OSinvalidISR
                0x00111cb4                COREgetPeriph
                0x00111cbc                COREgetID
                0x00111cc8                GICinit
                0x00111d6c                GICenable
                0x00111eac                COREstart1
                0x00111eb8                COREstart2
                0x00111ec4                COREstart3
                0x00111ed0                COREstart0
                0x00111edc                CoreIdle
                0x00111f0c                COREsafeGetID
                0x00111f30                COREsendISR
                0x00111f64                COREwakeISR
                0x00111f90                COREisInISR
                0x00111fa4                COREtaskNow
                0x00111fc8                COREchkRedo
                0x00112028                CORElock
                0x00112058                COREunlock
                0x0011206c                SPINlock
                0x0011207c                SPINtrylock
                0x0011208c                SPIN_lock
                0x00112114                SPINunlock
 .text          0x00112180      0x798 ../../mAbassi/Platform/lib/lib_mAbassi_EVAL_GCC_AR5_CY5.a(ARMv7_SMP_L1_L2_GCC_AR5_CY5.o)
                0x00112180                COREcacheON
                0x0011260c                DCacheInvalRange
                0x00112720                DCacheFlushRange
                0x00112834                MMUlog2Phy
                0x00112894                MMUphy2Log
 .text          0x00112918       0x4c /home/westornd/intelFPGA_lite/18.1/embedded/host_tools/mentor/gnu/arm/baremetal/bin/../lib/gcc/arm-altera-eabi/6.2.0/../../../../arm-altera-eabi/lib/libcs3.a(start_c.o)
                0x00112918                __cs3_premain
 .text          0x00112964        0x4 /home/westornd/intelFPGA_lite/18.1/embedded/host_tools/mentor/gnu/arm/baremetal/bin/../lib/gcc/arm-altera-eabi/6.2.0/../../../../arm-altera-eabi/lib/libcs3unhosted.a(unhosted-abort.o)
                0x00112964                abort
 .text          0x00112968       0x68 /home/westornd/intelFPGA_lite/18.1/embedded/host_tools/mentor/gnu/arm/baremetal/bin/../lib/gcc/arm-altera-eabi/6.2.0/../../../../arm-altera-eabi/lib/libc.a(lib_a-assert.o)
                0x00112968                __assert_func
                0x001129c0                __assert
 .text          0x001129d0       0x24 /home/westornd/intelFPGA_lite/18.1/embedded/host_tools/mentor/gnu/arm/baremetal/bin/../lib/gcc/arm-altera-eabi/6.2.0/../../../../arm-altera-eabi/lib/libc.a(lib_a-calloc.o)
                0x001129d0                calloc
 .text          0x001129f4       0x98 /home/westornd/intelFPGA_lite/18.1/embedded/host_tools/mentor/gnu/arm/baremetal/bin/../lib/gcc/arm-altera-eabi/6.2.0/../../../../arm-altera-eabi/lib/libc.a(lib_a-callocr.o)
                0x001129f4                _calloc_r
 .text          0x00112a8c       0x6c /home/westornd/intelFPGA_lite/18.1/embedded/host_tools/mentor/gnu/arm/baremetal/bin/../lib/gcc/arm-altera-eabi/6.2.0/../../../../arm-altera-eabi/lib/libc.a(lib_a-fiprintf.o)
                0x00112a8c                _fiprintf_r
                0x00112abc                fiprintf
 .text          0x00112af8       0x10 /home/westornd/intelFPGA_lite/18.1/embedded/host_tools/mentor/gnu/arm/baremetal/bin/../lib/gcc/arm-altera-eabi/6.2.0/../../../../arm-altera-eabi/lib/libc.a(lib_a-getreent.o)
                0x00112af8                __getreent
 .text          0x00112b08       0x80 /home/westornd/intelFPGA_lite/18.1/embedded/host_tools/mentor/gnu/arm/baremetal/bin/../lib/gcc/arm-altera-eabi/6.2.0/../../../../arm-altera-eabi/lib/libc.a(lib_a-init.o)
                0x00112b08                __libc_init_array
 .text          0x00112b88       0x38 /home/westornd/intelFPGA_lite/18.1/embedded/host_tools/mentor/gnu/arm/baremetal/bin/../lib/gcc/arm-altera-eabi/6.2.0/../../../../arm-altera-eabi/lib/libc.a(lib_a-malloc.o)
                0x00112b88                malloc
                0x00112ba4                free
 .text          0x00112bc0      0x750 /home/westornd/intelFPGA_lite/18.1/embedded/host_tools/mentor/gnu/arm/baremetal/bin/../lib/gcc/arm-altera-eabi/6.2.0/../../../../arm-altera-eabi/lib/libc.a(lib_a-mallocr.o)
                0x00112bc0                _malloc_r
 .text          0x00113310      0x114 /home/westornd/intelFPGA_lite/18.1/embedded/host_tools/mentor/gnu/arm/baremetal/bin/../lib/gcc/arm-altera-eabi/6.2.0/../../../../arm-altera-eabi/lib/libc.a(lib_a-memcpy-stub.o)
                0x00113310                memcpy
 .text          0x00113424      0x148 /home/westornd/intelFPGA_lite/18.1/embedded/host_tools/mentor/gnu/arm/baremetal/bin/../lib/gcc/arm-altera-eabi/6.2.0/../../../../arm-altera-eabi/lib/libc.a(lib_a-memmove.o)
                0x00113424                memmove
 .text          0x0011356c      0x114 /home/westornd/intelFPGA_lite/18.1/embedded/host_tools/mentor/gnu/arm/baremetal/bin/../lib/gcc/arm-altera-eabi/6.2.0/../../../../arm-altera-eabi/lib/libc.a(lib_a-memset.o)
                0x0011356c                memset
 .text          0x00113680       0x30 /home/westornd/intelFPGA_lite/18.1/embedded/host_tools/mentor/gnu/arm/baremetal/bin/../lib/gcc/arm-altera-eabi/6.2.0/../../../../arm-altera-eabi/lib/libc.a(lib_a-mlock.o)
                0x00113680                __malloc_lock
                0x00113698                __malloc_unlock
 .text.startup  0x001136b0       0x18 /home/westornd/intelFPGA_lite/18.1/embedded/host_tools/mentor/gnu/arm/baremetal/bin/../lib/gcc/arm-altera-eabi/6.2.0/../../../../arm-altera-eabi/lib/libc.a(lib_a-mlock.o)
 .text          0x001136c8       0x6c /home/westornd/intelFPGA_lite/18.1/embedded/host_tools/mentor/gnu/arm/baremetal/bin/../lib/gcc/arm-altera-eabi/6.2.0/../../../../arm-altera-eabi/lib/libc.a(lib_a-printf.o)
                0x001136c8                _printf_r
                0x001136fc                printf
 .text          0x00113734       0x34 /home/westornd/intelFPGA_lite/18.1/embedded/host_tools/mentor/gnu/arm/baremetal/bin/../lib/gcc/arm-altera-eabi/6.2.0/../../../../arm-altera-eabi/lib/libc.a(lib_a-putchar.o)
                0x00113734                _putchar_r
                0x00113748                putchar
 .text          0x00113768      0x12c /home/westornd/intelFPGA_lite/18.1/embedded/host_tools/mentor/gnu/arm/baremetal/bin/../lib/gcc/arm-altera-eabi/6.2.0/../../../../arm-altera-eabi/lib/libc.a(lib_a-puts.o)
                0x00113768                _puts_r
                0x0011387c                puts
 .text          0x00113894      0x258 /home/westornd/intelFPGA_lite/18.1/embedded/host_tools/mentor/gnu/arm/baremetal/bin/../lib/gcc/arm-altera-eabi/6.2.0/../../../../arm-altera-eabi/lib/libc.a(lib_a-setvbuf.o)
                0x00113894                setvbuf
 .text          0x00113aec       0x74 /home/westornd/intelFPGA_lite/18.1/embedded/host_tools/mentor/gnu/arm/baremetal/bin/../lib/gcc/arm-altera-eabi/6.2.0/../../../../arm-altera-eabi/lib/libc.a(lib_a-stpcpy.o)
                0x00113aec                stpcpy
 .text          0x00113b60      0x224 /home/westornd/intelFPGA_lite/18.1/embedded/host_tools/mentor/gnu/arm/baremetal/bin/../lib/gcc/arm-altera-eabi/6.2.0/../../../../arm-altera-eabi/lib/libc.a(lib_a-strcmp.o)
                0x00113b60                strcmp
 .text          0x00113d84       0xf0 /home/westornd/intelFPGA_lite/18.1/embedded/host_tools/mentor/gnu/arm/baremetal/bin/../lib/gcc/arm-altera-eabi/6.2.0/../../../../arm-altera-eabi/lib/libc.a(lib_a-strcpy.o)
                0x00113d84                strcpy
 .text          0x00113e74       0x60 /home/westornd/intelFPGA_lite/18.1/embedded/host_tools/mentor/gnu/arm/baremetal/bin/../lib/gcc/arm-altera-eabi/6.2.0/../../../../arm-altera-eabi/lib/libc.a(lib_a-strlen-stub.o)
                0x00113e74                strlen
 .text          0x00113ed4      0x3c8 /home/westornd/intelFPGA_lite/18.1/embedded/host_tools/mentor/gnu/arm/baremetal/bin/../lib/gcc/arm-altera-eabi/6.2.0/../../../../arm-altera-eabi/lib/libc.a(lib_a-strtoll.o)
                0x001141b4                _strtoll_r
                0x00114208                strtoll_l
                0x00114244                strtoll
 .text          0x0011429c      0x2d0 /home/westornd/intelFPGA_lite/18.1/embedded/host_tools/mentor/gnu/arm/baremetal/bin/../lib/gcc/arm-altera-eabi/6.2.0/../../../../arm-altera-eabi/lib/libc.a(lib_a-strtoul.o)
                0x00114484                _strtoul_r
                0x001144d8                strtoul_l
                0x00114514                strtoul
 *fill*         0x0011456c        0x4 
 .text          0x00114570      0x360 /home/westornd/intelFPGA_lite/18.1/embedded/host_tools/mentor/gnu/arm/baremetal/bin/../lib/gcc/arm-altera-eabi/6.2.0/../../../../arm-altera-eabi/lib/libc.a(lib_a-strtoull.o)
                0x001147e8                _strtoull_r
                0x0011483c                strtoull_l
                0x00114878                strtoull
 .text          0x001148d0     0x14c4 /home/westornd/intelFPGA_lite/18.1/embedded/host_tools/mentor/gnu/arm/baremetal/bin/../lib/gcc/arm-altera-eabi/6.2.0/../../../../arm-altera-eabi/lib/libc.a(lib_a-vfiprintf.o)
                0x00114980                __sprint_r
                0x00114998                _vfiprintf_r
                0x00115c9c                vfiprintf
 .text          0x00115d94     0x22ec /home/westornd/intelFPGA_lite/18.1/embedded/host_tools/mentor/gnu/arm/baremetal/bin/../lib/gcc/arm-altera-eabi/6.2.0/../../../../arm-altera-eabi/lib/libc.a(lib_a-vfprintf.o)
                0x00115d94                _vfprintf_r
                0x00117f88                vfprintf
 .text          0x00118080      0x154 /home/westornd/intelFPGA_lite/18.1/embedded/host_tools/mentor/gnu/arm/baremetal/bin/../lib/gcc/arm-altera-eabi/6.2.0/../../../../arm-altera-eabi/lib/libc.a(lib_a-wbuf.o)
                0x00118080                __swbuf_r
                0x001181b4                __swbuf
 .text          0x001181d4      0x158 /home/westornd/intelFPGA_lite/18.1/embedded/host_tools/mentor/gnu/arm/baremetal/bin/../lib/gcc/arm-altera-eabi/6.2.0/../../../../arm-altera-eabi/lib/libc.a(lib_a-wsetup.o)
                0x001181d4                __swsetup_r
 *fill*         0x0011832c        0x4 
 .text          0x00118330     0x181c /home/westornd/intelFPGA_lite/18.1/embedded/host_tools/mentor/gnu/arm/baremetal/bin/../lib/gcc/arm-altera-eabi/6.2.0/../../../../arm-altera-eabi/lib/libc.a(lib_a-dtoa.o)
                0x00118510                _dtoa_r
 .text          0x00119b4c      0x314 /home/westornd/intelFPGA_lite/18.1/embedded/host_tools/mentor/gnu/arm/baremetal/bin/../lib/gcc/arm-altera-eabi/6.2.0/../../../../arm-altera-eabi/lib/libc.a(lib_a-fflush.o)
                0x00119b4c                __sflush_r
                0x00119d88                _fflush_r
                0x00119e24                fflush
 .text          0x00119e60      0x3e4 /home/westornd/intelFPGA_lite/18.1/embedded/host_tools/mentor/gnu/arm/baremetal/bin/../lib/gcc/arm-altera-eabi/6.2.0/../../../../arm-altera-eabi/lib/libc.a(lib_a-findfp.o)
                0x00119e60                _cleanup_r
                0x00119f6c                __sfmoreglue
                0x00119fbc                _cleanup
                0x00119fe0                __sinit
                0x0011a074                __sfp
                0x0011a194                __sfp_lock_acquire
                0x0011a1ac                __sfp_lock_release
                0x0011a1c4                __sinit_lock_acquire
                0x0011a1dc                __sinit_lock_release
                0x0011a1f4                __fp_lock_all
                0x0011a21c                __fp_unlock_all
 .text.startup  0x0011a244       0x30 /home/westornd/intelFPGA_lite/18.1/embedded/host_tools/mentor/gnu/arm/baremetal/bin/../lib/gcc/arm-altera-eabi/6.2.0/../../../../arm-altera-eabi/lib/libc.a(lib_a-findfp.o)
 .text          0x0011a274      0x204 /home/westornd/intelFPGA_lite/18.1/embedded/host_tools/mentor/gnu/arm/baremetal/bin/../lib/gcc/arm-altera-eabi/6.2.0/../../../../arm-altera-eabi/lib/libc.a(lib_a-fputwc.o)
                0x0011a274                __fputwc
                0x0011a384                _fputwc_r
                0x0011a440                fputwc
 .text          0x0011a478      0x3e0 /home/westornd/intelFPGA_lite/18.1/embedded/host_tools/mentor/gnu/arm/baremetal/bin/../lib/gcc/arm-altera-eabi/6.2.0/../../../../arm-altera-eabi/lib/libc.a(lib_a-freer.o)
                0x0011a478                _malloc_trim_r
                0x0011a578                _free_r
 .text          0x0011a858      0x4dc /home/westornd/intelFPGA_lite/18.1/embedded/host_tools/mentor/gnu/arm/baremetal/bin/../lib/gcc/arm-altera-eabi/6.2.0/../../../../arm-altera-eabi/lib/libc.a(lib_a-fvwrite.o)
                0x0011a858                __sfvwrite_r
 .text          0x0011ad34      0x110 /home/westornd/intelFPGA_lite/18.1/embedded/host_tools/mentor/gnu/arm/baremetal/bin/../lib/gcc/arm-altera-eabi/6.2.0/../../../../arm-altera-eabi/lib/libc.a(lib_a-fwalk.o)
                0x0011ad34                _fwalk
                0x0011adb8                _fwalk_reent
 .text          0x0011ae44       0xf4 /home/westornd/intelFPGA_lite/18.1/embedded/host_tools/mentor/gnu/arm/baremetal/bin/../lib/gcc/arm-altera-eabi/6.2.0/../../../../arm-altera-eabi/lib/libc.a(lib_a-locale.o)
                0x0011ae68                _setlocale_r
                0x0011aed0                __locale_mb_cur_max
                0x0011aef8                __locale_ctype_ptr_l
                0x0011af00                __locale_ctype_ptr
                0x0011af18                setlocale
 .text          0x0011af38       0x58 /home/westornd/intelFPGA_lite/18.1/embedded/host_tools/mentor/gnu/arm/baremetal/bin/../lib/gcc/arm-altera-eabi/6.2.0/../../../../arm-altera-eabi/lib/libc.a(lib_a-localeconv.o)
                0x0011af38                __localeconv_l
                0x0011af40                _localeconv_r
                0x0011af68                localeconv
 .text          0x0011af90      0x18c /home/westornd/intelFPGA_lite/18.1/embedded/host_tools/mentor/gnu/arm/baremetal/bin/../lib/gcc/arm-altera-eabi/6.2.0/../../../../arm-altera-eabi/lib/libc.a(lib_a-makebuf.o)
                0x0011af90                __swhatbuf_r
                0x0011b030                __smakebuf_r
 .text          0x0011b11c       0xa0 /home/westornd/intelFPGA_lite/18.1/embedded/host_tools/mentor/gnu/arm/baremetal/bin/../lib/gcc/arm-altera-eabi/6.2.0/../../../../arm-altera-eabi/lib/libc.a(lib_a-mbtowc_r.o)
                0x0011b11c                _mbtowc_r
                0x0011b170                __ascii_mbtowc
 .text          0x0011b1bc      0x110 /home/westornd/intelFPGA_lite/18.1/embedded/host_tools/mentor/gnu/arm/baremetal/bin/../lib/gcc/arm-altera-eabi/6.2.0/../../../../arm-altera-eabi/lib/libc.a(lib_a-memchr-stub.o)
                0x0011b1bc                memchr
 .text          0x0011b2cc      0xd98 /home/westornd/intelFPGA_lite/18.1/embedded/host_tools/mentor/gnu/arm/baremetal/bin/../lib/gcc/arm-altera-eabi/6.2.0/../../../../arm-altera-eabi/lib/libc.a(lib_a-mprec.o)
                0x0011b2cc                _Balloc
                0x0011b358                _Bfree
                0x0011b374                __multadd
                0x0011b450                __s2b
                0x0011b540                __hi0bits
                0x0011b598                __lo0bits
                0x0011b638                __i2b
                0x0011b65c                __multiply
                0x0011b82c                __pow5mult
                0x0011b930                __lshift
                0x0011ba18                __mcmp
                0x0011ba78                __mdiff
                0x0011bc20                __ulp
                0x0011bc88                __b2d
                0x0011bd74                __d2b
                0x0011be84                __ratio
                0x0011bf14                _mprec_log10
                0x0011bf74                __copybits
                0x0011bfe4                __any_on
 .text          0x0011c064      0x1bc /home/westornd/intelFPGA_lite/18.1/embedded/host_tools/mentor/gnu/arm/baremetal/bin/../lib/gcc/arm-altera-eabi/6.2.0/../../../../arm-altera-eabi/lib/libc.a(lib_a-putc.o)
                0x0011c064                _putc_r
                0x0011c140                putc
 .text          0x0011c220      0x4d4 /home/westornd/intelFPGA_lite/18.1/embedded/host_tools/mentor/gnu/arm/baremetal/bin/../lib/gcc/arm-altera-eabi/6.2.0/../../../../arm-altera-eabi/lib/libc.a(lib_a-reallocr.o)
                0x0011c220                _realloc_r
 .text          0x0011c6f4       0xd8 /home/westornd/intelFPGA_lite/18.1/embedded/host_tools/mentor/gnu/arm/baremetal/bin/../lib/gcc/arm-altera-eabi/6.2.0/../../../../arm-altera-eabi/lib/libc.a(lib_a-stdio.o)
                0x0011c6f4                __sread
                0x0011c728                __seofread
                0x0011c730                __swrite
                0x0011c788                __sseek
                0x0011c7b8                __sclose
 .text          0x0011c7cc      0x150 /home/westornd/intelFPGA_lite/18.1/embedded/host_tools/mentor/gnu/arm/baremetal/bin/../lib/gcc/arm-altera-eabi/6.2.0/../../../../arm-altera-eabi/lib/libc.a(lib_a-wcrtomb.o)
                0x0011c7cc                _wcrtomb_r
                0x0011c870                wcrtomb
 .text          0x0011c91c       0x74 /home/westornd/intelFPGA_lite/18.1/embedded/host_tools/mentor/gnu/arm/baremetal/bin/../lib/gcc/arm-altera-eabi/6.2.0/../../../../arm-altera-eabi/lib/libc.a(lib_a-wctomb_r.o)
                0x0011c91c                _wctomb_r
                0x0011c968                __ascii_wctomb
 .text          0x0011c990      0x180 /home/westornd/intelFPGA_lite/18.1/embedded/host_tools/mentor/gnu/arm/baremetal/bin/../lib/gcc/arm-altera-eabi/6.2.0/../../../../arm-altera-eabi/lib/libc.a(lib_a-fclose.o)
                0x0011c990                _fclose_r
                0x0011caf8                fclose
 .text          0x0011cb10      0x114 /home/westornd/intelFPGA_lite/18.1/embedded/host_tools/mentor/gnu/arm/baremetal/bin/../lib/gcc/arm-altera-eabi/6.2.0/libgcc.a(_udivsi3.o)
                0x0011cb10                __udivsi3
                0x0011cb10                __aeabi_uidiv
                0x0011cc04                __aeabi_uidivmod
 .text          0x0011cc24      0x41c /home/westornd/intelFPGA_lite/18.1/embedded/host_tools/mentor/gnu/arm/baremetal/bin/../lib/gcc/arm-altera-eabi/6.2.0/libgcc.a(_arm_addsubdf3.o)
                0x0011cc24                __aeabi_drsub
                0x0011cc2c                __aeabi_dsub
                0x0011cc2c                __subdf3
                0x0011cc30                __adddf3
                0x0011cc30                __aeabi_dadd
                0x0011cf40                __aeabi_ui2d
                0x0011cf40                __floatunsidf
                0x0011cf64                __floatsidf
                0x0011cf64                __aeabi_i2d
                0x0011cf8c                __extendsfdf2
                0x0011cf8c                __aeabi_f2d
                0x0011cfcc                __aeabi_ul2d
                0x0011cfcc                __floatundidf
                0x0011cfe0                __floatdidf
                0x0011cfe0                __aeabi_l2d
 .text          0x0011d040      0x49c /home/westornd/intelFPGA_lite/18.1/embedded/host_tools/mentor/gnu/arm/baremetal/bin/../lib/gcc/arm-altera-eabi/6.2.0/libgcc.a(_arm_muldivdf3.o)
                0x0011d040                __aeabi_dmul
                0x0011d040                __muldf3
                0x0011d2d0                __aeabi_ddiv
                0x0011d2d0                __divdf3
 .text          0x0011d4dc      0x144 /home/westornd/intelFPGA_lite/18.1/embedded/host_tools/mentor/gnu/arm/baremetal/bin/../lib/gcc/arm-altera-eabi/6.2.0/libgcc.a(_arm_cmpdf2.o)
                0x0011d4dc                __gtdf2
                0x0011d4dc                __gedf2
                0x0011d4e4                __ltdf2
                0x0011d4e4                __ledf2
                0x0011d4ec                __cmpdf2
                0x0011d4ec                __eqdf2
                0x0011d4ec                __nedf2
                0x0011d574                __aeabi_cdrcmple
                0x0011d590                __aeabi_cdcmple
                0x0011d590                __aeabi_cdcmpeq
                0x0011d5a8                __aeabi_dcmpeq
                0x0011d5c0                __aeabi_dcmplt
                0x0011d5d8                __aeabi_dcmple
                0x0011d5f0                __aeabi_dcmpge
                0x0011d608                __aeabi_dcmpgt
 .text          0x0011d620       0x38 /home/westornd/intelFPGA_lite/18.1/embedded/host_tools/mentor/gnu/arm/baremetal/bin/../lib/gcc/arm-altera-eabi/6.2.0/libgcc.a(_arm_unorddf2.o)
                0x0011d620                __aeabi_dcmpun
                0x0011d620                __unorddf2
 .text          0x0011d658       0x5c /home/westornd/intelFPGA_lite/18.1/embedded/host_tools/mentor/gnu/arm/baremetal/bin/../lib/gcc/arm-altera-eabi/6.2.0/libgcc.a(_arm_fixdfsi.o)
                0x0011d658                __fixdfsi
                0x0011d658                __aeabi_d2iz
 .text          0x0011d6b4       0x3c /home/westornd/intelFPGA_lite/18.1/embedded/host_tools/mentor/gnu/arm/baremetal/bin/../lib/gcc/arm-altera-eabi/6.2.0/libgcc.a(_aeabi_uldivmod.o)
                0x0011d6b4                __aeabi_uldivmod
 .text          0x0011d6f0      0x12c /home/westornd/intelFPGA_lite/18.1/embedded/host_tools/mentor/gnu/arm/baremetal/bin/../lib/gcc/arm-altera-eabi/6.2.0/libgcc.a(_udivmoddi4.o)
                0x0011d6f0                __udivmoddi4
 .text          0x0011d81c       0x58 /home/westornd/intelFPGA_lite/18.1/embedded/host_tools/mentor/gnu/arm/baremetal/bin/../lib/gcc/arm-altera-eabi/6.2.0/libgcc.a(gthr-generic.o)
                0x0011d81c                __generic_gxx_active_p
                0x0011d824                __generic_gxx_key_create
                0x0011d82c                __generic_gxx_once
                0x0011d830                __generic_gxx_key_delete
                0x0011d838                __generic_gxx_getspecific
                0x0011d840                __generic_gxx_setspecific
                0x0011d848                __generic_gxx_recursive_mutex_init_function
                0x0011d84c                __generic_gxx_mutex_init_function
                0x0011d850                __generic_gxx_recursive_mutex_destroy
                0x0011d858                __generic_gxx_recursive_mutex_unlock
                0x0011d85c                __generic_gxx_recursive_mutex_trylock
                0x0011d860                __generic_gxx_recursive_mutex_lock
                0x0011d864                __generic_gxx_mutex_unlock
                0x0011d868                __generic_gxx_mutex_trylock
                0x0011d86c                __generic_gxx_mutex_lock
                0x0011d870                __generic_gxx_mutex_destroy
 .text          0x0011d874       0x28 /home/westornd/intelFPGA_lite/18.1/embedded/host_tools/mentor/gnu/arm/baremetal/bin/../lib/gcc/arm-altera-eabi/6.2.0/libgcc.a(_clzdi2.o)
                0x0011d874                __clzdi2
 .text          0x0011d89c       0x48 /home/westornd/intelFPGA_lite/18.1/embedded/host_tools/mentor/gnu/arm/baremetal/bin/../lib/gcc/arm-altera-eabi/6.2.0/libgcc.a(_clzsi2.o)
                0x0011d89c                __clzsi2
 *fill*         0x0011d8e4        0x4 
 .text.__stub   0x0011d8e8       0x20 linker stubs
 *(.plt)
 *(.gnu.warning)
 *(.glue_7t)
 .glue_7t       0x0011d908        0x0 linker stubs
 *(.glue_7)
 .glue_7        0x0011d908        0x0 linker stubs
 *(.vfp11_veneer)
 .vfp11_veneer  0x0011d908        0x0 linker stubs
 *(.ARM.extab* .gnu.linkonce.armextab.*)
 *(.gcc_except_table)

.v4_bx          0x0011d908        0x0
 .v4_bx         0x0011d908        0x0 linker stubs

.iplt           0x0011d908        0x0
 .iplt          0x0011d908        0x0 /home/westornd/intelFPGA_lite/18.1/embedded/host_tools/mentor/gnu/arm/baremetal/bin/../lib/gcc/arm-altera-eabi/6.2.0/crtbegin.o

.eh_frame_hdr
 *(.eh_frame_hdr)
 *(.eh_frame_entry .eh_frame_entry.*)

.eh_frame       0x0011d908        0x4
 *(.eh_frame)
 .eh_frame      0x0011d908        0x0 /home/westornd/intelFPGA_lite/18.1/embedded/host_tools/mentor/gnu/arm/baremetal/bin/../lib/gcc/arm-altera-eabi/6.2.0/crtbegin.o
 .eh_frame      0x0011d908        0x4 /home/westornd/intelFPGA_lite/18.1/embedded/host_tools/mentor/gnu/arm/baremetal/bin/../lib/gcc/arm-altera-eabi/6.2.0/crtend.o
 *(.eh_frame.*)
                0x0011d90c                PROVIDE (__exidx_start, .)

.ARM.exidx      0x0011d90c      0x108
 *(.ARM.exidx* .gnu.linkonce.armexidx.*)
 .ARM.exidx.text.startup.main
                0x0011d90c        0x8 Main_mAbassi.o
 .ARM.exidx.text.TIMcallBack
                0x0011d914        0x8 Main_mAbassi.o
 .ARM.exidx.text._Z24button_CallbackInterruptmPv
                0x0011d91c        0x8 MyApp_mAbassi.o
 .ARM.exidx.text._Z13Task_FPGA_Ledv
                0x0011d924        0x0 MyApp_mAbassi.o
                                  0x8 (size before relaxing)
 .ARM.exidx.text._Z16Task_FPGA_Buttonv
                0x0011d924        0x8 MyApp_mAbassi.o
 .ARM.exidx.text._Z15setup_Interruptv
                0x0011d92c        0x8 MyApp_mAbassi.o
 .ARM.exidx.text._Z14setup_hps_gpiov
                0x0011d934        0x8 MyApp_mAbassi.o
 .ARM.exidx.text._Z12Task_HPS_Ledv
                0x0011d93c        0x8 MyApp_mAbassi.o
 .ARM.exidx.text._Z8Task_CANv
                0x0011d944        0x8 MyApp_mAbassi.o
 .ARM.exidx.text.Test_func
                0x0011d94c        0x8 test.o
 .ARM.exidx.text._Z8CAN_initv
                0x0011d954        0x8 MyDriver_CAN.o
 .ARM.exidx.text._Z9CAN_debugv
                0x0011d95c        0x0 MyDriver_CAN.o
                                  0x8 (size before relaxing)
 .ARM.exidx.text._Z11CAN_sendMsgmPhhh
                0x0011d95c       0x10 MyDriver_CAN.o
                                  0x8 (size before relaxing)
 .ARM.exidx     0x0011d96c       0x78 /home/westornd/intelFPGA_lite/18.1/embedded/host_tools/mentor/gnu/arm/baremetal/bin/../lib/gcc/arm-altera-eabi/6.2.0/libgcc.a(unwind-arm.o)
                                 0xd8 (size before relaxing)
 .ARM.exidx     0x0011d9e4       0x30 /home/westornd/intelFPGA_lite/18.1/embedded/host_tools/mentor/gnu/arm/baremetal/bin/../lib/gcc/arm-altera-eabi/6.2.0/libgcc.a(pr-support.o)
                                 0x48 (size before relaxing)
 .ARM.exidx     0x0011da14        0x0 /home/westornd/intelFPGA_lite/18.1/embedded/host_tools/mentor/gnu/arm/baremetal/bin/../lib/gcc/arm-altera-eabi/6.2.0/libgcc.a(_udivmoddi4.o)
                                  0x8 (size before relaxing)
                0x0011da14                PROVIDE (__exidx_end, .)

.rel.dyn        0x0011da14        0x0
 .rel.iplt      0x0011da14        0x0 /home/westornd/intelFPGA_lite/18.1/embedded/host_tools/mentor/gnu/arm/baremetal/bin/../lib/gcc/arm-altera-eabi/6.2.0/crtbegin.o

.rodata         0x0011da18     0x3c08
 *(.rodata .rodata.* .gnu.linkonce.r.*)
 .rodata.main.str1.4
                0x0011da18       0x32 Main_mAbassi.o
 *fill*         0x0011da4a        0x2 
 .rodata        0x0011da4c       0x3c MyApp_mAbassi.o
 .rodata._Z12Task_HPS_Ledv.str1.4
                0x0011da88       0x7d MyApp_mAbassi.o
 *fill*         0x0011db05        0x3 
 .rodata._Z14setup_hps_gpiov.str1.4
                0x0011db08       0x35 MyApp_mAbassi.o
 *fill*         0x0011db3d        0x3 
 .rodata._Z16Task_FPGA_Buttonv.str1.4
                0x0011db40       0x45 MyApp_mAbassi.o
 *fill*         0x0011db85        0x3 
 .rodata._Z24button_CallbackInterruptmPv.str1.4
                0x0011db88        0xc MyApp_mAbassi.o
 .rodata._Z8Task_CANv.str1.4
                0x0011db94        0xf MyApp_mAbassi.o
 *fill*         0x0011dba3        0x1 
 .rodata._Z16CAN_writeCommandh.str1.4
                0x0011dba4       0x18 MyDriver_CAN.o
                                 0x31 (size before relaxing)
 .rodata._Z9CAN_debugv.str1.4
                0x0011dbbc      0x115 MyDriver_CAN.o
 *fill*         0x0011dcd1        0x7 
 .rodata.BSecho.7309
                0x0011dcd8        0x2 dw_uart.o
 *fill*         0x0011dcda        0x6 
 .rodata.g_DevReMap
                0x0011dce0        0x8 dw_uart.o
 .rodata.g_HWaddr
                0x0011dce8        0x8 dw_uart.o
 .rodata.g_Names
                0x0011dcf0       0x40 dw_uart.o
 .rodata.g_DevReMap
                0x0011dd30       0x10 dw_spi.o
 .rodata.g_HWaddr
                0x0011dd40       0x10 dw_spi.o
 .rodata.g_IsMaster
                0x0011dd50        0x4 dw_spi.o
 *fill*         0x0011dd54        0x4 
 .rodata.g_Names
                0x0011dd58       0x40 dw_spi.o
 .rodata.CanardCANDLCToLength
                0x0011dd98       0x10 canard.o
                0x0011dd98                CanardCANDLCToLength
 .rodata.CanardCANLengthToDLC
                0x0011dda8       0x41 canard.o
                0x0011dda8                CanardCANLengthToDLC
 *fill*         0x0011dde9        0x7 
 .rodata.__func__.5838
                0x0011ddf0        0x7 canard.o
 *fill*         0x0011ddf7        0x1 
 .rodata.__func__.5885
                0x0011ddf8        0xc canard.o
 *fill*         0x0011de04        0x4 
 .rodata.__func__.5902
                0x0011de08        0xf canard.o
 *fill*         0x0011de17        0x1 
 .rodata.__func__.5908
                0x0011de18       0x1a canard.o
 *fill*         0x0011de32        0x6 
 .rodata.__func__.5921
                0x0011de38       0x14 canard.o
 *fill*         0x0011de4c        0x4 
 .rodata.__func__.5930
                0x0011de50       0x14 canard.o
 *fill*         0x0011de64        0x4 
 .rodata.__func__.5950
                0x0011de68       0x12 canard.o
 *fill*         0x0011de7a        0x6 
 .rodata.__func__.5973
                0x0011de80       0x11 canard.o
 *fill*         0x0011de91        0x7 
 .rodata.__func__.6141
                0x0011de98        0xb canard.o
 *fill*         0x0011dea3        0x1 
 .rodata.canardInit.str1.4
                0x0011dea4       0x3b canard.o
 *fill*         0x0011dedf        0x1 
 .rodata.canardTxPush.str1.4
                0x0011dee0      0x23c canard.o
 .rodata.crcAdd.str1.4
                0x0011e11c       0x26 canard.o
 *fill*         0x0011e142        0x2 
 .rodata.txMakeMessageSessionSpecifier.part.2.str1.4
                0x0011e144       0x2e canard.o
 *fill*         0x0011e172        0x2 
 .rodata.txRoundFramePayloadSizeUp.part.3.str1.4
                0x0011e174       0x45 canard.o
 *fill*         0x0011e1b9        0x3 
 .rodata.G_ABORTstackSize
                0x0011e1bc        0x4 mAbassiCfgA9.o
                0x0011e1bc                G_ABORTstackSize
 .rodata.G_FIQstackSize
                0x0011e1c0        0x4 mAbassiCfgA9.o
                0x0011e1c0                G_FIQstackSize
 .rodata.G_IRQstackSize
                0x0011e1c4        0x4 mAbassiCfgA9.o
                0x0011e1c4                G_IRQstackSize
 .rodata.G_MMUnonCachedTbl
                0x0011e1c8        0xc mAbassiCfgA9.o
                0x0011e1c8                G_MMUnonCachedTbl
 *fill*         0x0011e1d4        0x4 
 .rodata.G_MMUnonCprivTbl
                0x0011e1d8       0x10 mAbassiCfgA9.o
                0x0011e1d8                G_MMUnonCprivTbl
 .rodata.G_MMUprivateTbl
                0x0011e1e8       0x10 mAbassiCfgA9.o
                0x0011e1e8                G_MMUprivateTbl
 .rodata.G_MMUsharedTbl
                0x0011e1f8        0xc mAbassiCfgA9.o
                0x0011e1f8                G_MMUsharedTbl
 .rodata.G_SUPERstackSize
                0x0011e204        0x4 mAbassiCfgA9.o
                0x0011e204                G_SUPERstackSize
 .rodata.G_UNDEFstackSize
                0x0011e208        0x4 mAbassiCfgA9.o
                0x0011e208                G_UNDEFstackSize
 .rodata.CmdEdit.str1.4
                0x0011e20c      0x1a9 Shell.o
 *fill*         0x0011e3b5        0x3 
 .rodata.CmdEvt.str1.4
                0x0011e3b8       0xf2 Shell.o
                                 0xf8 (size before relaxing)
 *fill*         0x0011e4aa        0x2 
 .rodata.CmdGrp.str1.4
                0x0011e4ac      0x38d Shell.o
                                0x391 (size before relaxing)
 *fill*         0x0011e839        0x3 
 .rodata.CmdHelp.str1.4
                0x0011e83c      0x1ec Shell.o
 .rodata.CmdLog.str1.4
                0x0011ea28       0x36 Shell.o
 *fill*         0x0011ea5e        0x2 
 .rodata.CmdMblk.str1.4
                0x0011ea60       0xc2 Shell.o
 *fill*         0x0011eb22        0x2 
 .rodata.CmdMbx.str1.4
                0x0011eb24      0x50f Shell.o
                                0x514 (size before relaxing)
 *fill*         0x0011f033        0x1 
 .rodata.CmdMem.str1.4
                0x0011f034      0x188 Shell.o
 .rodata.CmdMtx.str1.4
                0x0011f1bc      0x4e6 Shell.o
                                0x50a (size before relaxing)
 *fill*         0x0011f6a2        0x2 
 .rodata.CmdSem.str1.4
                0x0011f6a4      0x431 Shell.o
 *fill*         0x0011fad5        0x3 
 .rodata.CmdSys.str1.4
                0x0011fad8      0x11c Shell.o
                                0x120 (size before relaxing)
 .rodata.CmdTask.str1.4
                0x0011fbf4      0xc82 Shell.o
                                0xc9a (size before relaxing)
 *fill*         0x00120876        0x2 
 .rodata.CmdTim.str1.4
                0x00120878      0x785 Shell.o
                                0x78d (size before relaxing)
 *fill*         0x00120ffd        0x3 
 .rodata.CommandLst
                0x00121000       0x70 Shell.o
 .rodata.OSshell.str1.4
                0x00121070       0x55 Shell.o
 *fill*         0x001210c5        0x3 
 .rodata.PrtResult.str1.4
                0x001210c8      0x1b1 Shell.o
 *fill*         0x00121279        0x7 
 .rodata.G_OSnoName
                0x00121280        0x4 ../../mAbassi/Platform/lib/lib_mAbassi_EVAL_GCC_AR5_CY5.a(mAbassi_EVAL_A9_GCC_2_NR.o)
                0x00121280                G_OSnoName
 *fill*         0x00121284        0x4 
 .rodata.G_OSprivName
                0x00121288        0x5 ../../mAbassi/Platform/lib/lib_mAbassi_EVAL_GCC_AR5_CY5.a(mAbassi_EVAL_A9_GCC_2_NR.o)
                0x00121288                G_OSprivName
 *fill*         0x0012128d        0x3 
 .rodata.OSstart.str1.4
                0x00121290       0x14 ../../mAbassi/Platform/lib/lib_mAbassi_EVAL_GCC_AR5_CY5.a(mAbassi_EVAL_A9_GCC_2_NR.o)
 *fill*         0x001212a4        0x4 
 .rodata.g_OSMutexName
                0x001212a8        0x6 ../../mAbassi/Platform/lib/lib_mAbassi_EVAL_GCC_AR5_CY5.a(mAbassi_EVAL_A9_GCC_2_NR.o)
                0x001212a8                g_OSMutexName
 *fill*         0x001212ae        0x2 
 .rodata.str1.4
                0x001212b0       0x3f /home/westornd/intelFPGA_lite/18.1/embedded/host_tools/mentor/gnu/arm/baremetal/bin/../lib/gcc/arm-altera-eabi/6.2.0/../../../../arm-altera-eabi/lib/libc.a(lib_a-assert.o)
                                 0x43 (size before relaxing)
 *fill*         0x001212ef        0x1 
 .rodata        0x001212f0        0x4 /home/westornd/intelFPGA_lite/18.1/embedded/host_tools/mentor/gnu/arm/baremetal/bin/../lib/gcc/arm-altera-eabi/6.2.0/../../../../arm-altera-eabi/lib/libc.a(lib_a-impure.o)
                0x001212f0                _global_impure_ptr
 .rodata.str1.4
                0x001212f4       0x3f /home/westornd/intelFPGA_lite/18.1/embedded/host_tools/mentor/gnu/arm/baremetal/bin/../lib/gcc/arm-altera-eabi/6.2.0/../../../../arm-altera-eabi/lib/libc.a(lib_a-puts.o)
                                  0x2 (size before relaxing)
 .rodata        0x001212f4       0x20 /home/westornd/intelFPGA_lite/18.1/embedded/host_tools/mentor/gnu/arm/baremetal/bin/../lib/gcc/arm-altera-eabi/6.2.0/../../../../arm-altera-eabi/lib/libc.a(lib_a-vfiprintf.o)
 .rodata.str1.4
                0x00121314       0x2f /home/westornd/intelFPGA_lite/18.1/embedded/host_tools/mentor/gnu/arm/baremetal/bin/../lib/gcc/arm-altera-eabi/6.2.0/../../../../arm-altera-eabi/lib/libc.a(lib_a-vfiprintf.o)
 *fill*         0x00121343        0x1 
 .rodata        0x00121344       0x20 /home/westornd/intelFPGA_lite/18.1/embedded/host_tools/mentor/gnu/arm/baremetal/bin/../lib/gcc/arm-altera-eabi/6.2.0/../../../../arm-altera-eabi/lib/libc.a(lib_a-vfprintf.o)
 .rodata.str1.4
                0x00121364       0x10 /home/westornd/intelFPGA_lite/18.1/embedded/host_tools/mentor/gnu/arm/baremetal/bin/../lib/gcc/arm-altera-eabi/6.2.0/../../../../arm-altera-eabi/lib/libc.a(lib_a-vfprintf.o)
                                 0x42 (size before relaxing)
 .rodata.str1.4
                0x00121374       0x10 /home/westornd/intelFPGA_lite/18.1/embedded/host_tools/mentor/gnu/arm/baremetal/bin/../lib/gcc/arm-altera-eabi/6.2.0/../../../../arm-altera-eabi/lib/libc.a(lib_a-dtoa.o)
                                 0x12 (size before relaxing)
 .rodata.str1.4
                0x00121384       0x10 /home/westornd/intelFPGA_lite/18.1/embedded/host_tools/mentor/gnu/arm/baremetal/bin/../lib/gcc/arm-altera-eabi/6.2.0/../../../../arm-altera-eabi/lib/libc.a(lib_a-locale.o)
                                 0x12 (size before relaxing)
 *fill*         0x00121394        0x4 
 .rodata        0x00121398      0x128 /home/westornd/intelFPGA_lite/18.1/embedded/host_tools/mentor/gnu/arm/baremetal/bin/../lib/gcc/arm-altera-eabi/6.2.0/../../../../arm-altera-eabi/lib/libc.a(lib_a-mprec.o)
                0x001213a8                __mprec_tens
                0x00121470                __mprec_tinytens
                0x00121498                __mprec_bigtens
 .rodata        0x001214c0      0x101 /home/westornd/intelFPGA_lite/18.1/embedded/host_tools/mentor/gnu/arm/baremetal/bin/../lib/gcc/arm-altera-eabi/6.2.0/../../../../arm-altera-eabi/lib/libc.a(lib_a-ctype_.o)
                0x001214c0                _ctype_
                0x001215c4                . = ALIGN (0x4)
 *fill*         0x001215c1        0x3 
 *(.init)
 .init          0x001215c4        0xc /home/westornd/intelFPGA_lite/18.1/embedded/host_tools/mentor/gnu/arm/baremetal/bin/../lib/gcc/arm-altera-eabi/6.2.0/crti.o
                0x001215c4                _init
 .init          0x001215d0        0xc /home/westornd/intelFPGA_lite/18.1/embedded/host_tools/mentor/gnu/arm/baremetal/bin/../lib/gcc/arm-altera-eabi/6.2.0/crtn.o
                0x001215dc                . = ALIGN (0x4)
                0x001215dc                __preinit_array_start = .
 *(.preinit_array)
                0x001215dc                __preinit_array_end = .
                0x001215dc                . = ALIGN (0x4)
                0x001215dc                __init_array_start = .
 *(SORT(.init_array.*))
 .init_array.00000
                0x001215dc        0x4 /home/westornd/intelFPGA_lite/18.1/embedded/host_tools/mentor/gnu/arm/baremetal/bin/../lib/gcc/arm-altera-eabi/6.2.0/../../../../arm-altera-eabi/lib/libc.a(lib_a-mlock.o)
 .init_array.00000
                0x001215e0        0x8 /home/westornd/intelFPGA_lite/18.1/embedded/host_tools/mentor/gnu/arm/baremetal/bin/../lib/gcc/arm-altera-eabi/6.2.0/../../../../arm-altera-eabi/lib/libc.a(lib_a-findfp.o)
 *(.init_array)
 .init_array    0x001215e8        0x4 /home/westornd/intelFPGA_lite/18.1/embedded/host_tools/mentor/gnu/arm/baremetal/bin/../lib/gcc/arm-altera-eabi/6.2.0/crtbegin.o
                0x001215ec                __init_array_end = .
                0x001215ec                . = ALIGN (0x4)
 *(.fini)
 .fini          0x001215ec        0xc /home/westornd/intelFPGA_lite/18.1/embedded/host_tools/mentor/gnu/arm/baremetal/bin/../lib/gcc/arm-altera-eabi/6.2.0/crti.o
                0x001215ec                _fini
 .fini          0x001215f8        0xc /home/westornd/intelFPGA_lite/18.1/embedded/host_tools/mentor/gnu/arm/baremetal/bin/../lib/gcc/arm-altera-eabi/6.2.0/crtn.o
                0x00121604                . = ALIGN (0x4)
                0x00121604                __fini_array_start = .
 *(.fini_array)
 .fini_array    0x00121604        0x4 /home/westornd/intelFPGA_lite/18.1/embedded/host_tools/mentor/gnu/arm/baremetal/bin/../lib/gcc/arm-altera-eabi/6.2.0/crtbegin.o
 *(SORT(.fini_array.*))
                0x00121608                __fini_array_end = .
                0x00121608                . = ALIGN (0x4)
 *crtbegin.o(.ctors)
 *crtbegin?.o(.ctors)
 *(EXCLUDE_FILE(*crtend.o) .ctors)
 *(SORT(.ctors.*))
 *crtend.o(.ctors)
 *(.ctors)
                0x00121608                . = ALIGN (0x4)
 *crtbegin.o(.dtors)
 *crtbegin?.o(.dtors)
 *(EXCLUDE_FILE(*crtend.o) .dtors)
 *(SORT(.dtors.*))
 *crtend.o(.dtors)
 *(.dtors)
                0x00121608                . = ALIGN (0x4)
                0x00121608                __cs3_regions = .
                0x00121608        0x4 LONG 0x0
                0x0012160c        0x4 LONG 0x100040 __cs3_region_init_ram
                0x00121610        0x4 LONG 0x100040 __cs3_region_start_ram
                0x00121614        0x4 LONG 0x21ff0 __cs3_region_init_size_ram
                0x00121618        0x4 LONG 0x1002f318 __cs3_region_zero_size_ram
                0x0012161c                __cs3_regions_end = .
                0x00121620                . = ALIGN (0x8)
 *fill*         0x0012161c        0x4 
                0x00121620                _etext = .
                0x00000001                ASSERT (! ((__cs3_region_init_ram & 0x7)), __cs3_region_init_ram not aligned)
                0x00000001                ASSERT (! ((__cs3_region_start_ram & 0x7)), __cs3_region_start_ram not aligned)
                0x00000001                ASSERT (! ((__cs3_region_init_size_ram & 0x7)), __cs3_region_init_size_ram not aligned)
                0x00000001                ASSERT (! ((__cs3_region_zero_size_ram & 0x7)), __cs3_region_zero_size_ram not aligned)
                0x00121620                __etext = .

.data           0x00121620      0xa10
                0x00121620                _fdata = .
                0x00121620                __data_start__ = .
 *(vtable)
 *(.data*)
 .data.fpga_buttons
                0x00121620        0x4 MyApp_mAbassi.o
                0x00121620                fpga_buttons
 .data.fpga_leds
                0x00121624        0x4 MyApp_mAbassi.o
                0x00121624                fpga_leds
 .data.fpga_spi
                0x00121628        0x4 MyApp_mAbassi.o
                0x00121628                fpga_spi
 *fill*         0x0012162c        0x4 
 .data.ExpiryCnt.7521
                0x00121630        0x8 ../../mAbassi/Platform/lib/lib_mAbassi_EVAL_GCC_AR5_CY5.a(mAbassi_EVAL_A9_GCC_2_NR.o)
 .data.ExpiryPrv.7522
                0x00121638        0x8 ../../mAbassi/Platform/lib/lib_mAbassi_EVAL_GCC_AR5_CY5.a(mAbassi_EVAL_A9_GCC_2_NR.o)
 .data          0x00121640       0x3c ../../mAbassi/Platform/lib/lib_mAbassi_EVAL_GCC_AR5_CY5.a(mAbassi_EVAL_GCC_AR5_CY5_NR.o)
                0x00121644                __cs3_isr_dabort
                0x00121644                DATAabort_Handler
                0x00121658                __cs3_isr_fiq
                0x00121658                FIQ_Handler
                0x0012165c                PFabort_Handler
                0x0012165c                __cs3_isr_pabort
                0x0012166c                Undef_Handler
                0x0012166c                __cs3_isr_undef
 *fill*         0x0012167c        0x4 
 .data          0x00121680      0x430 /home/westornd/intelFPGA_lite/18.1/embedded/host_tools/mentor/gnu/arm/baremetal/bin/../lib/gcc/arm-altera-eabi/6.2.0/../../../../arm-altera-eabi/lib/libc.a(lib_a-impure.o)
                0x00121680                _impure_ptr
 .data          0x00121ab0      0x410 /home/westornd/intelFPGA_lite/18.1/embedded/host_tools/mentor/gnu/arm/baremetal/bin/../lib/gcc/arm-altera-eabi/6.2.0/../../../../arm-altera-eabi/lib/libc.a(lib_a-mallocr.o)
                0x00121ab0                __malloc_av_
                0x00121eb8                __malloc_sbrk_base
                0x00121ebc                __malloc_trim_threshold
 .data          0x00121ec0      0x16c /home/westornd/intelFPGA_lite/18.1/embedded/host_tools/mentor/gnu/arm/baremetal/bin/../lib/gcc/arm-altera-eabi/6.2.0/../../../../arm-altera-eabi/lib/libc.a(lib_a-locale.o)
                0x00121ec0                __global_locale
 *(.jcr*)
 .jcr           0x0012202c        0x0 /home/westornd/intelFPGA_lite/18.1/embedded/host_tools/mentor/gnu/arm/baremetal/bin/../lib/gcc/arm-altera-eabi/6.2.0/crtbegin.o
 .jcr           0x0012202c        0x4 /home/westornd/intelFPGA_lite/18.1/embedded/host_tools/mentor/gnu/arm/baremetal/bin/../lib/gcc/arm-altera-eabi/6.2.0/crtend.o
                0x00122030                . = ALIGN (0x8)
                0x00122030                __data_end__ = .
                0x00122030                _edata = .

.tm_clone_table
                0x00122030        0x0
 .tm_clone_table
                0x00122030        0x0 /home/westornd/intelFPGA_lite/18.1/embedded/host_tools/mentor/gnu/arm/baremetal/bin/../lib/gcc/arm-altera-eabi/6.2.0/crtbegin.o
 .tm_clone_table
                0x00122030        0x0 /home/westornd/intelFPGA_lite/18.1/embedded/host_tools/mentor/gnu/arm/baremetal/bin/../lib/gcc/arm-altera-eabi/6.2.0/crtend.o

.igot.plt       0x00122030        0x0
 .igot.plt      0x00122030        0x0 /home/westornd/intelFPGA_lite/18.1/embedded/host_tools/mentor/gnu/arm/baremetal/bin/../lib/gcc/arm-altera-eabi/6.2.0/crtbegin.o

.bss            0x00122100    0x2f248
                0x00122100                _fbss = .
                0x00122100                __bss_start__ = .
 *(.shbss)
 *(.bss .bss.* .gnu.linkonce.b.*)
 .bss           0x00122100       0x1c /home/westornd/intelFPGA_lite/18.1/embedded/host_tools/mentor/gnu/arm/baremetal/bin/../lib/gcc/arm-altera-eabi/6.2.0/crtbegin.o
 .bss.G_UartDevErr
                0x0012211c        0x4 Main_mAbassi.o
                0x0012211c                G_UartDevErr
 .bss.G_UartDevIn
                0x00122120        0x4 Main_mAbassi.o
                0x00122120                G_UartDevIn
 .bss.G_UartDevOut
                0x00122124        0x4 Main_mAbassi.o
                0x00122124                G_UartDevOut
 .bss._ZZ8Task_CANvE22my_message_transfer_id
                0x00122128        0x1 MyApp_mAbassi.o
 *fill*         0x00122129        0x3 
 .bss.g_CfgIsInit
                0x0012212c        0x4 dw_uart.o
 .bss.g_UARTcfg
                0x00122130     0x2088 dw_uart.o
 .bss.g_GPIOinit
                0x001241b8        0x4 alt_gpio.o
 .bss.g_CfgIsInit
                0x001241bc        0x4 dw_spi.o
 .bss.g_Dummy   0x001241c0        0x4 dw_spi.o
 .bss.g_SPIcfg  0x001241c4      0x280 dw_spi.o
 *fill*         0x00124444        0x4 
 .bss.G_ABORTstack
                0x00124448      0x800 mAbassiCfgA9.o
                0x00124448                G_ABORTstack
 .bss.G_FIQstack
                0x00124c48      0x800 mAbassiCfgA9.o
                0x00124c48                G_FIQstack
 .bss.G_IRQstack
                0x00125448     0x8000 mAbassiCfgA9.o
                0x00125448                G_IRQstack
 .bss.G_SUPERstack
                0x0012d448     0x8000 mAbassiCfgA9.o
                0x0012d448                G_SUPERstack
 .bss.G_UNDEFstack
                0x00135448      0x800 mAbassiCfgA9.o
                0x00135448                G_UNDEFstack
 .bss.Arg_V.8149
                0x00135c48       0x28 Shell.o
 .bss.CmdLine.8150
                0x00135c70       0x81 Shell.o
 *fill*         0x00135cf1        0x7 
 .bss.SetV.8151
                0x00135cf8        0x3 Shell.o
 *fill*         0x00135cfb        0x5 
 .bss.ValAsc.8283
                0x00135d00       0x80 Shell.o
 .bss.g_CmdHist
                0x00135d80     0x20c1 Shell.o
 *fill*         0x00137e41        0x3 
 .bss.g_EchoOff
                0x00137e44        0x4 Shell.o
 .bss.g_HistNew
                0x00137e48        0x4 Shell.o
 .bss.g_HistOld
                0x00137e4c        0x4 Shell.o
 .bss.g_StrIP   0x00137e50       0x20 Shell.o
 .bss.g_StrIPn  0x00137e70       0x20 Shell.o
 .bss.g_StrP    0x00137e90       0x20 Shell.o
 .bss.g_StrPn   0x00137eb0       0x20 Shell.o
 .bss.g_StrV    0x00137ed0       0x20 Shell.o
 .bss.g_StrVn   0x00137ef0       0x20 Shell.o
 .bss.ExpiryZap.7523
                0x00137f10        0x4 ../../mAbassi/Platform/lib/lib_mAbassi_EVAL_GCC_AR5_CY5.a(mAbassi_EVAL_A9_GCC_2_NR.o)
 *fill*         0x00137f14        0x4 
 .bss.G_CoreIdleDone
                0x00137f18        0x8 ../../mAbassi/Platform/lib/lib_mAbassi_EVAL_GCC_AR5_CY5.a(mAbassi_EVAL_A9_GCC_2_NR.o)
                0x00137f18                G_CoreIdleDone
 .bss.G_OSisrQrd
                0x00137f20        0x8 ../../mAbassi/Platform/lib/lib_mAbassi_EVAL_GCC_AR5_CY5.a(mAbassi_EVAL_A9_GCC_2_NR.o)
                0x00137f20                G_OSisrQrd
 .bss.G_OSisrQwrt
                0x00137f28        0x8 ../../mAbassi/Platform/lib/lib_mAbassi_EVAL_GCC_AR5_CY5.a(mAbassi_EVAL_A9_GCC_2_NR.o)
                0x00137f28                G_OSisrQwrt
 .bss.G_OSisrState
                0x00137f30       0x38 ../../mAbassi/Platform/lib/lib_mAbassi_EVAL_GCC_AR5_CY5.a(mAbassi_EVAL_A9_GCC_2_NR.o)
                0x00137f30                G_OSisrState
 .bss.G_OSisrTbl
                0x00137f68     0x1000 ../../mAbassi/Platform/lib/lib_mAbassi_EVAL_GCC_AR5_CY5.a(mAbassi_EVAL_A9_GCC_2_NR.o)
                0x00137f68                G_OSisrTbl
 .bss.G_OSmutex
                0x00138f68        0x4 ../../mAbassi/Platform/lib/lib_mAbassi_EVAL_GCC_AR5_CY5.a(mAbassi_EVAL_A9_GCC_2_NR.o)
                0x00138f68                G_OSmutex
 .bss.G_OSstate
                0x00138f6c        0x4 ../../mAbassi/Platform/lib/lib_mAbassi_EVAL_GCC_AR5_CY5.a(mAbassi_EVAL_A9_GCC_2_NR.o)
                0x00138f6c                G_OSstate
 .bss.G_OStaskNow
                0x00138f70        0x8 ../../mAbassi/Platform/lib/lib_mAbassi_EVAL_GCC_AR5_CY5.a(mAbassi_EVAL_A9_GCC_2_NR.o)
                0x00138f70                G_OStaskNow
 .bss.G_OStimCnt
                0x00138f78        0x4 ../../mAbassi/Platform/lib/lib_mAbassi_EVAL_GCC_AR5_CY5.a(mAbassi_EVAL_A9_GCC_2_NR.o)
                0x00138f78                G_OStimCnt
 *fill*         0x00138f7c        0x4 
 .bss.LoadBal.7508
                0x00138f80        0x8 ../../mAbassi/Platform/lib/lib_mAbassi_EVAL_GCC_AR5_CY5.a(mAbassi_EVAL_A9_GCC_2_NR.o)
 .bss.g_CoreInInit
                0x00138f88        0x4 ../../mAbassi/Platform/lib/lib_mAbassi_EVAL_GCC_AR5_CY5.a(mAbassi_EVAL_A9_GCC_2_NR.o)
 .bss.g_GrpList
                0x00138f8c        0x4 ../../mAbassi/Platform/lib/lib_mAbassi_EVAL_GCC_AR5_CY5.a(mAbassi_EVAL_A9_GCC_2_NR.o)
                0x00138f8c                g_GrpList
 .bss.g_KrnlReent
                0x00138f90        0x8 ../../mAbassi/Platform/lib/lib_mAbassi_EVAL_GCC_AR5_CY5.a(mAbassi_EVAL_A9_GCC_2_NR.o)
                0x00138f90                g_KrnlReent
 .bss.g_MblkList
                0x00138f98        0x4 ../../mAbassi/Platform/lib/lib_mAbassi_EVAL_GCC_AR5_CY5.a(mAbassi_EVAL_A9_GCC_2_NR.o)
                0x00138f98                g_MblkList
 .bss.g_MboxList
                0x00138f9c        0x4 ../../mAbassi/Platform/lib/lib_mAbassi_EVAL_GCC_AR5_CY5.a(mAbassi_EVAL_A9_GCC_2_NR.o)
                0x00138f9c                g_MboxList
 .bss.g_MutexList
                0x00138fa0        0x4 ../../mAbassi/Platform/lib/lib_mAbassi_EVAL_GCC_AR5_CY5.a(mAbassi_EVAL_A9_GCC_2_NR.o)
                0x00138fa0                g_MutexList
 *fill*         0x00138fa4        0x4 
 .bss.g_OStimCore
                0x00138fa8        0x8 ../../mAbassi/Platform/lib/lib_mAbassi_EVAL_GCC_AR5_CY5.a(mAbassi_EVAL_A9_GCC_2_NR.o)
 .bss.g_OStimSpin
                0x00138fb0        0x4 ../../mAbassi/Platform/lib/lib_mAbassi_EVAL_GCC_AR5_CY5.a(mAbassi_EVAL_A9_GCC_2_NR.o)
 .bss.g_PostQueue
                0x00138fb4    0x18000 ../../mAbassi/Platform/lib/lib_mAbassi_EVAL_GCC_AR5_CY5.a(mAbassi_EVAL_A9_GCC_2_NR.o)
 .bss.g_SemaList
                0x00150fb4        0x4 ../../mAbassi/Platform/lib/lib_mAbassi_EVAL_GCC_AR5_CY5.a(mAbassi_EVAL_A9_GCC_2_NR.o)
                0x00150fb4                g_SemaList
 .bss.g_StrvHoldCnt
                0x00150fb8        0x4 ../../mAbassi/Platform/lib/lib_mAbassi_EVAL_GCC_AR5_CY5.a(mAbassi_EVAL_A9_GCC_2_NR.o)
                0x00150fb8                g_StrvHoldCnt
 .bss.g_StrvList
                0x00150fbc        0x4 ../../mAbassi/Platform/lib/lib_mAbassi_EVAL_GCC_AR5_CY5.a(mAbassi_EVAL_A9_GCC_2_NR.o)
                0x00150fbc                g_StrvList
 .bss.g_StrvPreEmptCnt
                0x00150fc0        0x4 ../../mAbassi/Platform/lib/lib_mAbassi_EVAL_GCC_AR5_CY5.a(mAbassi_EVAL_A9_GCC_2_NR.o)
                0x00150fc0                g_StrvPreEmptCnt
 .bss.g_StrvRunCnt
                0x00150fc4        0x4 ../../mAbassi/Platform/lib/lib_mAbassi_EVAL_GCC_AR5_CY5.a(mAbassi_EVAL_A9_GCC_2_NR.o)
                0x00150fc4                g_StrvRunCnt
 .bss.g_StrvTick
                0x00150fc8        0x4 ../../mAbassi/Platform/lib/lib_mAbassi_EVAL_GCC_AR5_CY5.a(mAbassi_EVAL_A9_GCC_2_NR.o)
                0x00150fc8                g_StrvTick
 .bss.g_TaskList
                0x00150fcc        0x4 ../../mAbassi/Platform/lib/lib_mAbassi_EVAL_GCC_AR5_CY5.a(mAbassi_EVAL_A9_GCC_2_NR.o)
                0x00150fcc                g_TaskList
 .bss.g_TaskRdy
                0x00150fd0       0x84 ../../mAbassi/Platform/lib/lib_mAbassi_EVAL_GCC_AR5_CY5.a(mAbassi_EVAL_A9_GCC_2_NR.o)
                0x00150fd0                g_TaskRdy
 .bss.g_TimSrvChkBusy
                0x00151054        0x4 ../../mAbassi/Platform/lib/lib_mAbassi_EVAL_GCC_AR5_CY5.a(mAbassi_EVAL_A9_GCC_2_NR.o)
                0x00151054                g_TimSrvChkBusy
 .bss.g_TimSrvList
                0x00151058        0x4 ../../mAbassi/Platform/lib/lib_mAbassi_EVAL_GCC_AR5_CY5.a(mAbassi_EVAL_A9_GCC_2_NR.o)
                0x00151058                g_TimSrvList
 .bss.g_TimeOutChkBusy
                0x0015105c        0x4 ../../mAbassi/Platform/lib/lib_mAbassi_EVAL_GCC_AR5_CY5.a(mAbassi_EVAL_A9_GCC_2_NR.o)
                0x0015105c                g_TimeOutChkBusy
 .bss.g_TimeOutList
                0x00151060        0x4 ../../mAbassi/Platform/lib/lib_mAbassi_EVAL_GCC_AR5_CY5.a(mAbassi_EVAL_A9_GCC_2_NR.o)
                0x00151060                g_TimeOutList
 .bss.g_TimerList
                0x00151064        0x4 ../../mAbassi/Platform/lib/lib_mAbassi_EVAL_GCC_AR5_CY5.a(mAbassi_EVAL_A9_GCC_2_NR.o)
                0x00151064                g_TimerList
 .bss.g__OSmutex
                0x00151068       0x20 ../../mAbassi/Platform/lib/lib_mAbassi_EVAL_GCC_AR5_CY5.a(mAbassi_EVAL_A9_GCC_2_NR.o)
 *fill*         0x00151088       0x78 
 .bss           0x00151100      0x200 ../../mAbassi/Platform/lib/lib_mAbassi_EVAL_GCC_AR5_CY5.a(mAbassi_EVAL_GCC_AR5_CY5_NR.o)
 .bss           0x00151300        0x4 ../../mAbassi/Platform/lib/lib_mAbassi_EVAL_GCC_AR5_CY5.a(ARMv7_SMP_L1_L2_GCC_AR5_CY5.o)
 .bss           0x00151304       0x34 /home/westornd/intelFPGA_lite/18.1/embedded/host_tools/mentor/gnu/arm/baremetal/bin/../lib/gcc/arm-altera-eabi/6.2.0/../../../../arm-altera-eabi/lib/libc.a(lib_a-mallocr.o)
                0x00151304                __malloc_top_pad
                0x00151308                __malloc_current_mallinfo
                0x00151330                __malloc_max_sbrked_mem
                0x00151334                __malloc_max_total_mem
 .bss           0x00151338        0x4 /home/westornd/intelFPGA_lite/18.1/embedded/host_tools/mentor/gnu/arm/baremetal/bin/../lib/gcc/arm-altera-eabi/6.2.0/../../../../arm-altera-eabi/lib/libc.a(lib_a-mlock.o)
 .bss           0x0015133c        0x8 /home/westornd/intelFPGA_lite/18.1/embedded/host_tools/mentor/gnu/arm/baremetal/bin/../lib/gcc/arm-altera-eabi/6.2.0/../../../../arm-altera-eabi/lib/libc.a(lib_a-findfp.o)
 *(COMMON)
                0x00151348                . = ALIGN (0x8)
 *fill*         0x00151344        0x4 
 *(.ram.b .bss.ram)
                0x00151348                . = ALIGN (0x8)
                0x00151348                __bss_end__ = .
                0x00151348                _ebss = .

.memdrive       0x00151348 0x10000000
                0x00151348                . = ALIGN (0x8)
                0x00151348                G_MemDrvBase = .
                0x10151348                . = (. + _MDRV_SIZE)
 *fill*         0x00151348 0x10000000 
                0x10151348                G_MemDrvEnd = .

.stack_dummy
 *(.stack*)

.heap           0x10151348 0x2fea8cb8
                0x10151348                _end = .
                0x10151348                __end = .
                0x10151348                __end__ = .
                [!provide]                PROVIDE (end, .)
                0x10151348                PROVIDE (__cs3_heap_start, .)
 *(.heap*)
                0x3fffa000                . = (((((((__cs3_region_start_ram + LENGTH (ram)) - ((_SUPERVISOR_STACK_SIZE + 0x7) & 0xfffffff8)) - ((_ABORT_STACK_SIZE + 0x7) & 0xfffffff8)) - ((_FIQ_STACK_SIZE + 0x7) & 0xfffffff8)) - ((_IRQ_STACK_SIZE + 0x7) & 0xfffffff8)) - ((_UNDEF_STACK_SIZE + 0x7) & 0xfffffff8)) - ((_STACK_SIZE + 0x7) & 0xfffffff8))
 *fill*         0x10151348 0x2fea8cb8 
                0x3fffa000                __HeapLimit = .
                0x3fffa000                PROVIDE (__cs3_heap_end, .)

.stack          0x3fffa000     0x6000
                0x3fffa800                . = (. + _SUPERVISOR_STACK_SIZE)
 *fill*         0x3fffa000      0x800 
                0x3fffa800                . = ALIGN (0x8)
                0x3fffa800                __supervisor_stack = .
                0x3fffb000                . = (. + _ABORT_STACK_SIZE)
 *fill*         0x3fffa800      0x800 
                0x3fffb000                . = ALIGN (0x8)
                0x3fffb000                __abort_stack = .
                0x3fffb800                . = (. + _FIQ_STACK_SIZE)
 *fill*         0x3fffb000      0x800 
                0x3fffb800                . = ALIGN (0x8)
                0x3fffb800                __fiq_stack = .
                0x3fffd800                . = (. + _IRQ_STACK_SIZE)
 *fill*         0x3fffb800     0x2000 
                0x3fffd800                . = ALIGN (0x8)
                0x3fffd800                __irq_stack = .
                0x3fffe000                . = (. + _UNDEF_STACK_SIZE)
 *fill*         0x3fffd800      0x800 
                0x3fffe000                . = ALIGN (0x8)
                0x3fffe000                __undef_stack = .
                0x40000000                . = (. + _STACK_SIZE)
 *fill*         0x3fffe000     0x2000 
                0x40000000                __cs3_region_end_ram = (__cs3_region_start_ram + LENGTH (ram))
                0x3fefffc0                __cs3_region_size_ram = LENGTH (ram)
                0x00100040                __cs3_region_init_ram = LOADADDR (.text)
                0x00021ff0                __cs3_region_init_size_ram = (_edata - ADDR (.text))
                0x1002f318                __cs3_region_zero_size_ram = (_end - _edata)
                0x40000000                __StackTop = (ORIGIN (ram) + LENGTH (ram))
                0x3fffa000                __StackLimit = (__StackTop - SIZEOF (.stack))
                [!provide]                PROVIDE (__stack, __StackTop)
                0x40000000                PROVIDE (__cs3_stack, __StackTop)

.uncached       0xffff0000     0x8000
 *(.uncached)
 .uncached      0xffff0000     0x8000 ../../mAbassi/Platform/lib/lib_mAbassi_EVAL_GCC_AR5_CY5.a(ARMv7_SMP_L1_L2_GCC_AR5_CY5.o)
                0xffff0000                L1PageTbl
 *(.uncached.*)

.stab
 *(.stab)

.stabstr
 *(.stabstr)

.debug
 *(.debug)

.line
 *(.line)

.debug_srcinfo
 *(.debug_srcinfo)

.debug_sfnames
 *(.debug_sfnames)

.debug_aranges  0x00000000      0x628
 *(.debug_aranges)
 .debug_aranges
                0x00000000       0x28 Main_mAbassi.o
 .debug_aranges
                0x00000028       0x60 MyApp_mAbassi.o
 .debug_aranges
                0x00000088       0x20 test.o
 .debug_aranges
                0x000000a8       0x58 MyDriver_CAN.o
 .debug_aranges
                0x00000100      0x138 SysCall_noFS.o
 .debug_aranges
                0x00000238       0x20 TIMERinit.o
 .debug_aranges
                0x00000258       0x48 dw_uart.o
 .debug_aranges
                0x000002a0       0x48 alt_gpio.o
 .debug_aranges
                0x000002e8       0x60 dw_spi.o
 .debug_aranges
                0x00000348      0x118 alt_generalpurpose_io.o
 .debug_aranges
                0x00000460       0x88 canard.o
 .debug_aranges
                0x000004e8       0x50 o1heap.o
 .debug_aranges
                0x00000538       0x18 mAbassiCfgA9.o
 .debug_aranges
                0x00000550       0xa0 Shell.o
 .debug_aranges
                0x000005f0       0x38 SubShell.o

.debug_pubnames
 *(.debug_pubnames)

.debug_info     0x00000000    0x26ebf
 *(.debug_info .gnu.linkonce.wi.*)
 .debug_info    0x00000000     0x1624 Main_mAbassi.o
 .debug_info    0x00001624     0x2c47 MyApp_mAbassi.o
 .debug_info    0x0000426b      0x3cf test.o
 .debug_info    0x0000463a     0x47e2 MyDriver_CAN.o
 .debug_info    0x00008e1c     0x1e2c SysCall_noFS.o
 .debug_info    0x0000ac48      0xde5 TIMERinit.o
 .debug_info    0x0000ba2d     0x25c5 dw_uart.o
 .debug_info    0x0000dff2     0x10d0 alt_gpio.o
 .debug_info    0x0000f0c2     0x19c8 dw_spi.o
 .debug_info    0x00010a8a     0x23d6 alt_generalpurpose_io.o
 .debug_info    0x00012e60     0x2e06 canard.o
 .debug_info    0x00015c66     0x1a86 o1heap.o
 .debug_info    0x000176ec      0xed0 mAbassiCfgA9.o
 .debug_info    0x000185bc     0xd1d3 Shell.o
 .debug_info    0x0002578f     0x1730 SubShell.o

.debug_abbrev   0x00000000     0x2e55
 *(.debug_abbrev)
 .debug_abbrev  0x00000000      0x300 Main_mAbassi.o
 .debug_abbrev  0x00000300      0x477 MyApp_mAbassi.o
 .debug_abbrev  0x00000777       0xcb test.o
 .debug_abbrev  0x00000842      0x3dc MyDriver_CAN.o
 .debug_abbrev  0x00000c1e      0x374 SysCall_noFS.o
 .debug_abbrev  0x00000f92      0x1f3 TIMERinit.o
 .debug_abbrev  0x00001185      0x387 dw_uart.o
 .debug_abbrev  0x0000150c      0x2bc alt_gpio.o
 .debug_abbrev  0x000017c8      0x2e0 dw_spi.o
 .debug_abbrev  0x00001aa8      0x3a0 alt_generalpurpose_io.o
 .debug_abbrev  0x00001e48      0x47b canard.o
 .debug_abbrev  0x000022c3      0x2b8 o1heap.o
 .debug_abbrev  0x0000257b      0x1ac mAbassiCfgA9.o
 .debug_abbrev  0x00002727      0x3f1 Shell.o
 .debug_abbrev  0x00002b18      0x33d SubShell.o

.debug_line     0x00000000     0x9168
 *(.debug_line)
 .debug_line    0x00000000      0x4a8 Main_mAbassi.o
 .debug_line    0x000004a8      0x6cc MyApp_mAbassi.o
 .debug_line    0x00000b74      0x367 test.o
 .debug_line    0x00000edb      0x96b MyDriver_CAN.o
 .debug_line    0x00001846      0x665 SysCall_noFS.o
 .debug_line    0x00001eab      0x2a3 TIMERinit.o
 .debug_line    0x0000214e      0x7a1 dw_uart.o
 .debug_line    0x000028ef      0x390 alt_gpio.o
 .debug_line    0x00002c7f      0x8f6 dw_spi.o
 .debug_line    0x00003575      0xe0a alt_generalpurpose_io.o
 .debug_line    0x0000437f      0x837 canard.o
 .debug_line    0x00004bb6      0x6f2 o1heap.o
 .debug_line    0x000052a8      0x292 mAbassiCfgA9.o
 .debug_line    0x0000553a     0x3839 Shell.o
 .debug_line    0x00008d73      0x3f5 SubShell.o

.debug_frame    0x00000000     0x3750
 *(.debug_frame)
 .debug_frame   0x00000000       0x40 Main_mAbassi.o
 .debug_frame   0x00000040      0x128 MyApp_mAbassi.o
 .debug_frame   0x00000168       0x20 test.o
 .debug_frame   0x00000188      0x144 MyDriver_CAN.o
 .debug_frame   0x000002cc      0x2e8 SysCall_noFS.o
 .debug_frame   0x000005b4       0x28 TIMERinit.o
 .debug_frame   0x000005dc      0x144 dw_uart.o
 .debug_frame   0x00000720      0x108 alt_gpio.o
 .debug_frame   0x00000828      0x15c dw_spi.o
 .debug_frame   0x00000984      0x344 alt_generalpurpose_io.o
 .debug_frame   0x00000cc8      0x1c8 canard.o
 .debug_frame   0x00000e90       0xf4 o1heap.o
 .debug_frame   0x00000f84      0x2cc Shell.o
 .debug_frame   0x00001250       0xa4 SubShell.o
 .debug_frame   0x000012f4       0x20 /home/westornd/intelFPGA_lite/18.1/embedded/host_tools/mentor/gnu/arm/baremetal/bin/../lib/gcc/arm-altera-eabi/6.2.0/libgcc.a(_divsi3.o)
 .debug_frame   0x00001314      0x33c /home/westornd/intelFPGA_lite/18.1/embedded/host_tools/mentor/gnu/arm/baremetal/bin/../lib/gcc/arm-altera-eabi/6.2.0/libgcc.a(unwind-arm.o)
 .debug_frame   0x00001650      0x114 /home/westornd/intelFPGA_lite/18.1/embedded/host_tools/mentor/gnu/arm/baremetal/bin/../lib/gcc/arm-altera-eabi/6.2.0/libgcc.a(pr-support.o)
 .debug_frame   0x00001764      0x2d4 ../../mAbassi/Platform/lib/lib_mAbassi_EVAL_GCC_AR5_CY5.a(mAbassi_EVAL_GCC_AR5_CY5_NR.o)
 .debug_frame   0x00001a38       0xa8 ../../mAbassi/Platform/lib/lib_mAbassi_EVAL_GCC_AR5_CY5.a(ARMv7_SMP_L1_L2_GCC_AR5_CY5.o)
 .debug_frame   0x00001ae0       0x40 /home/westornd/intelFPGA_lite/18.1/embedded/host_tools/mentor/gnu/arm/baremetal/bin/../lib/gcc/arm-altera-eabi/6.2.0/../../../../arm-altera-eabi/lib/libcs3.a(start_c.o)
 .debug_frame   0x00001b20       0x20 /home/westornd/intelFPGA_lite/18.1/embedded/host_tools/mentor/gnu/arm/baremetal/bin/../lib/gcc/arm-altera-eabi/6.2.0/../../../../arm-altera-eabi/lib/libcs3unhosted.a(unhosted-abort.o)
 .debug_frame   0x00001b40       0x44 /home/westornd/intelFPGA_lite/18.1/embedded/host_tools/mentor/gnu/arm/baremetal/bin/../lib/gcc/arm-altera-eabi/6.2.0/../../../../arm-altera-eabi/lib/libc.a(lib_a-assert.o)
 .debug_frame   0x00001b84       0x34 /home/westornd/intelFPGA_lite/18.1/embedded/host_tools/mentor/gnu/arm/baremetal/bin/../lib/gcc/arm-altera-eabi/6.2.0/../../../../arm-altera-eabi/lib/libc.a(lib_a-calloc.o)
 .debug_frame   0x00001bb8       0x34 /home/westornd/intelFPGA_lite/18.1/embedded/host_tools/mentor/gnu/arm/baremetal/bin/../lib/gcc/arm-altera-eabi/6.2.0/../../../../arm-altera-eabi/lib/libc.a(lib_a-callocr.o)
 .debug_frame   0x00001bec       0x70 /home/westornd/intelFPGA_lite/18.1/embedded/host_tools/mentor/gnu/arm/baremetal/bin/../lib/gcc/arm-altera-eabi/6.2.0/../../../../arm-altera-eabi/lib/libc.a(lib_a-fiprintf.o)
 .debug_frame   0x00001c5c       0x20 /home/westornd/intelFPGA_lite/18.1/embedded/host_tools/mentor/gnu/arm/baremetal/bin/../lib/gcc/arm-altera-eabi/6.2.0/../../../../arm-altera-eabi/lib/libc.a(lib_a-getreent.o)
 .debug_frame   0x00001c7c       0x34 /home/westornd/intelFPGA_lite/18.1/embedded/host_tools/mentor/gnu/arm/baremetal/bin/../lib/gcc/arm-altera-eabi/6.2.0/../../../../arm-altera-eabi/lib/libc.a(lib_a-init.o)
 .debug_frame   0x00001cb0       0x48 /home/westornd/intelFPGA_lite/18.1/embedded/host_tools/mentor/gnu/arm/baremetal/bin/../lib/gcc/arm-altera-eabi/6.2.0/../../../../arm-altera-eabi/lib/libc.a(lib_a-malloc.o)
 .debug_frame   0x00001cf8       0x7c /home/westornd/intelFPGA_lite/18.1/embedded/host_tools/mentor/gnu/arm/baremetal/bin/../lib/gcc/arm-altera-eabi/6.2.0/../../../../arm-altera-eabi/lib/libc.a(lib_a-mallocr.o)
 .debug_frame   0x00001d74       0x44 /home/westornd/intelFPGA_lite/18.1/embedded/host_tools/mentor/gnu/arm/baremetal/bin/../lib/gcc/arm-altera-eabi/6.2.0/../../../../arm-altera-eabi/lib/libc.a(lib_a-memcpy-stub.o)
 .debug_frame   0x00001db8       0x40 /home/westornd/intelFPGA_lite/18.1/embedded/host_tools/mentor/gnu/arm/baremetal/bin/../lib/gcc/arm-altera-eabi/6.2.0/../../../../arm-altera-eabi/lib/libc.a(lib_a-memmove.o)
 .debug_frame   0x00001df8       0x30 /home/westornd/intelFPGA_lite/18.1/embedded/host_tools/mentor/gnu/arm/baremetal/bin/../lib/gcc/arm-altera-eabi/6.2.0/../../../../arm-altera-eabi/lib/libc.a(lib_a-memset.o)
 .debug_frame   0x00001e28       0x64 /home/westornd/intelFPGA_lite/18.1/embedded/host_tools/mentor/gnu/arm/baremetal/bin/../lib/gcc/arm-altera-eabi/6.2.0/../../../../arm-altera-eabi/lib/libc.a(lib_a-mlock.o)
 .debug_frame   0x00001e8c       0x74 /home/westornd/intelFPGA_lite/18.1/embedded/host_tools/mentor/gnu/arm/baremetal/bin/../lib/gcc/arm-altera-eabi/6.2.0/../../../../arm-altera-eabi/lib/libc.a(lib_a-printf.o)
 .debug_frame   0x00001f00       0x48 /home/westornd/intelFPGA_lite/18.1/embedded/host_tools/mentor/gnu/arm/baremetal/bin/../lib/gcc/arm-altera-eabi/6.2.0/../../../../arm-altera-eabi/lib/libc.a(lib_a-putchar.o)
 .debug_frame   0x00001f48       0x64 /home/westornd/intelFPGA_lite/18.1/embedded/host_tools/mentor/gnu/arm/baremetal/bin/../lib/gcc/arm-altera-eabi/6.2.0/../../../../arm-altera-eabi/lib/libc.a(lib_a-puts.o)
 .debug_frame   0x00001fac       0x58 /home/westornd/intelFPGA_lite/18.1/embedded/host_tools/mentor/gnu/arm/baremetal/bin/../lib/gcc/arm-altera-eabi/6.2.0/../../../../arm-altera-eabi/lib/libc.a(lib_a-setvbuf.o)
 .debug_frame   0x00002004       0x2c /home/westornd/intelFPGA_lite/18.1/embedded/host_tools/mentor/gnu/arm/baremetal/bin/../lib/gcc/arm-altera-eabi/6.2.0/../../../../arm-altera-eabi/lib/libc.a(lib_a-stpcpy.o)
 .debug_frame   0x00002030       0x40 /home/westornd/intelFPGA_lite/18.1/embedded/host_tools/mentor/gnu/arm/baremetal/bin/../lib/gcc/arm-altera-eabi/6.2.0/../../../../arm-altera-eabi/lib/libc.a(lib_a-strcmp.o)
 .debug_frame   0x00002070       0x20 /home/westornd/intelFPGA_lite/18.1/embedded/host_tools/mentor/gnu/arm/baremetal/bin/../lib/gcc/arm-altera-eabi/6.2.0/../../../../arm-altera-eabi/lib/libc.a(lib_a-strcpy.o)
 .debug_frame   0x00002090       0x20 /home/westornd/intelFPGA_lite/18.1/embedded/host_tools/mentor/gnu/arm/baremetal/bin/../lib/gcc/arm-altera-eabi/6.2.0/../../../../arm-altera-eabi/lib/libc.a(lib_a-strlen-stub.o)
 .debug_frame   0x000020b0       0xd0 /home/westornd/intelFPGA_lite/18.1/embedded/host_tools/mentor/gnu/arm/baremetal/bin/../lib/gcc/arm-altera-eabi/6.2.0/../../../../arm-altera-eabi/lib/libc.a(lib_a-strtol.o)
 .debug_frame   0x00002180       0xd0 /home/westornd/intelFPGA_lite/18.1/embedded/host_tools/mentor/gnu/arm/baremetal/bin/../lib/gcc/arm-altera-eabi/6.2.0/../../../../arm-altera-eabi/lib/libc.a(lib_a-strtoll.o)
 .debug_frame   0x00002250       0xd0 /home/westornd/intelFPGA_lite/18.1/embedded/host_tools/mentor/gnu/arm/baremetal/bin/../lib/gcc/arm-altera-eabi/6.2.0/../../../../arm-altera-eabi/lib/libc.a(lib_a-strtoul.o)
 .debug_frame   0x00002320       0xd0 /home/westornd/intelFPGA_lite/18.1/embedded/host_tools/mentor/gnu/arm/baremetal/bin/../lib/gcc/arm-altera-eabi/6.2.0/../../../../arm-altera-eabi/lib/libc.a(lib_a-strtoull.o)
 .debug_frame   0x000023f0      0x104 /home/westornd/intelFPGA_lite/18.1/embedded/host_tools/mentor/gnu/arm/baremetal/bin/../lib/gcc/arm-altera-eabi/6.2.0/../../../../arm-altera-eabi/lib/libc.a(lib_a-vfiprintf.o)
 .debug_frame   0x000024f4       0xcc /home/westornd/intelFPGA_lite/18.1/embedded/host_tools/mentor/gnu/arm/baremetal/bin/../lib/gcc/arm-altera-eabi/6.2.0/../../../../arm-altera-eabi/lib/libc.a(lib_a-vfprintf.o)
 .debug_frame   0x000025c0       0x60 /home/westornd/intelFPGA_lite/18.1/embedded/host_tools/mentor/gnu/arm/baremetal/bin/../lib/gcc/arm-altera-eabi/6.2.0/../../../../arm-altera-eabi/lib/libc.a(lib_a-wbuf.o)
 .debug_frame   0x00002620       0x40 /home/westornd/intelFPGA_lite/18.1/embedded/host_tools/mentor/gnu/arm/baremetal/bin/../lib/gcc/arm-altera-eabi/6.2.0/../../../../arm-altera-eabi/lib/libc.a(lib_a-wsetup.o)
 .debug_frame   0x00002660       0xac /home/westornd/intelFPGA_lite/18.1/embedded/host_tools/mentor/gnu/arm/baremetal/bin/../lib/gcc/arm-altera-eabi/6.2.0/../../../../arm-altera-eabi/lib/libc.a(lib_a-dtoa.o)
 .debug_frame   0x0000270c       0xac /home/westornd/intelFPGA_lite/18.1/embedded/host_tools/mentor/gnu/arm/baremetal/bin/../lib/gcc/arm-altera-eabi/6.2.0/../../../../arm-altera-eabi/lib/libc.a(lib_a-fflush.o)
 .debug_frame   0x000027b8      0x1f0 /home/westornd/intelFPGA_lite/18.1/embedded/host_tools/mentor/gnu/arm/baremetal/bin/../lib/gcc/arm-altera-eabi/6.2.0/../../../../arm-altera-eabi/lib/libc.a(lib_a-findfp.o)
 .debug_frame   0x000029a8       0xbc /home/westornd/intelFPGA_lite/18.1/embedded/host_tools/mentor/gnu/arm/baremetal/bin/../lib/gcc/arm-altera-eabi/6.2.0/../../../../arm-altera-eabi/lib/libc.a(lib_a-fputwc.o)
 .debug_frame   0x00002a64       0x70 /home/westornd/intelFPGA_lite/18.1/embedded/host_tools/mentor/gnu/arm/baremetal/bin/../lib/gcc/arm-altera-eabi/6.2.0/../../../../arm-altera-eabi/lib/libc.a(lib_a-freer.o)
 .debug_frame   0x00002ad4       0x80 /home/westornd/intelFPGA_lite/18.1/embedded/host_tools/mentor/gnu/arm/baremetal/bin/../lib/gcc/arm-altera-eabi/6.2.0/../../../../arm-altera-eabi/lib/libc.a(lib_a-fvwrite.o)
 .debug_frame   0x00002b54       0x80 /home/westornd/intelFPGA_lite/18.1/embedded/host_tools/mentor/gnu/arm/baremetal/bin/../lib/gcc/arm-altera-eabi/6.2.0/../../../../arm-altera-eabi/lib/libc.a(lib_a-fwalk.o)
 .debug_frame   0x00002bd4       0xb8 /home/westornd/intelFPGA_lite/18.1/embedded/host_tools/mentor/gnu/arm/baremetal/bin/../lib/gcc/arm-altera-eabi/6.2.0/../../../../arm-altera-eabi/lib/libc.a(lib_a-locale.o)
 .debug_frame   0x00002c8c       0x58 /home/westornd/intelFPGA_lite/18.1/embedded/host_tools/mentor/gnu/arm/baremetal/bin/../lib/gcc/arm-altera-eabi/6.2.0/../../../../arm-altera-eabi/lib/libc.a(lib_a-localeconv.o)
 .debug_frame   0x00002ce4       0x8c /home/westornd/intelFPGA_lite/18.1/embedded/host_tools/mentor/gnu/arm/baremetal/bin/../lib/gcc/arm-altera-eabi/6.2.0/../../../../arm-altera-eabi/lib/libc.a(lib_a-makebuf.o)
 .debug_frame   0x00002d70       0x58 /home/westornd/intelFPGA_lite/18.1/embedded/host_tools/mentor/gnu/arm/baremetal/bin/../lib/gcc/arm-altera-eabi/6.2.0/../../../../arm-altera-eabi/lib/libc.a(lib_a-mbtowc_r.o)
 .debug_frame   0x00002dc8       0x38 /home/westornd/intelFPGA_lite/18.1/embedded/host_tools/mentor/gnu/arm/baremetal/bin/../lib/gcc/arm-altera-eabi/6.2.0/../../../../arm-altera-eabi/lib/libc.a(lib_a-memchr-stub.o)
 .debug_frame   0x00002e00      0x304 /home/westornd/intelFPGA_lite/18.1/embedded/host_tools/mentor/gnu/arm/baremetal/bin/../lib/gcc/arm-altera-eabi/6.2.0/../../../../arm-altera-eabi/lib/libc.a(lib_a-mprec.o)
 .debug_frame   0x00003104       0x80 /home/westornd/intelFPGA_lite/18.1/embedded/host_tools/mentor/gnu/arm/baremetal/bin/../lib/gcc/arm-altera-eabi/6.2.0/../../../../arm-altera-eabi/lib/libc.a(lib_a-putc.o)
 .debug_frame   0x00003184       0x60 /home/westornd/intelFPGA_lite/18.1/embedded/host_tools/mentor/gnu/arm/baremetal/bin/../lib/gcc/arm-altera-eabi/6.2.0/../../../../arm-altera-eabi/lib/libc.a(lib_a-reallocr.o)
 .debug_frame   0x000031e4       0x9c /home/westornd/intelFPGA_lite/18.1/embedded/host_tools/mentor/gnu/arm/baremetal/bin/../lib/gcc/arm-altera-eabi/6.2.0/../../../../arm-altera-eabi/lib/libc.a(lib_a-stdio.o)
 .debug_frame   0x00003280       0x70 /home/westornd/intelFPGA_lite/18.1/embedded/host_tools/mentor/gnu/arm/baremetal/bin/../lib/gcc/arm-altera-eabi/6.2.0/../../../../arm-altera-eabi/lib/libc.a(lib_a-wcrtomb.o)