Archive member included to satisfy reference by file (symbol)

c:/intelfpga_pro/18.1/embedded/host_tools/mentor/gnu/arm/baremetal/bin/../lib/gcc/arm-altera-eabi/6.2.0\libgcc.a(_divsi3.o)
                              dw_uart.o (__aeabi_idiv)
c:/intelfpga_pro/18.1/embedded/host_tools/mentor/gnu/arm/baremetal/bin/../lib/gcc/arm-altera-eabi/6.2.0\libgcc.a(_dvmd_tls.o)
                              c:/intelfpga_pro/18.1/embedded/host_tools/mentor/gnu/arm/baremetal/bin/../lib/gcc/arm-altera-eabi/6.2.0\libgcc.a(_divsi3.o) (__aeabi_idiv0)
c:/intelfpga_pro/18.1/embedded/host_tools/mentor/gnu/arm/baremetal/bin/../lib/gcc/arm-altera-eabi/6.2.0\libgcc.a(unwind-arm.o)
                              Main_mAbassi.o (__aeabi_unwind_cpp_pr0)
c:/intelfpga_pro/18.1/embedded/host_tools/mentor/gnu/arm/baremetal/bin/../lib/gcc/arm-altera-eabi/6.2.0\libgcc.a(libunwind.o)
                              c:/intelfpga_pro/18.1/embedded/host_tools/mentor/gnu/arm/baremetal/bin/../lib/gcc/arm-altera-eabi/6.2.0\libgcc.a(unwind-arm.o) (restore_core_regs)
c:/intelfpga_pro/18.1/embedded/host_tools/mentor/gnu/arm/baremetal/bin/../lib/gcc/arm-altera-eabi/6.2.0\libgcc.a(pr-support.o)
                              c:/intelfpga_pro/18.1/embedded/host_tools/mentor/gnu/arm/baremetal/bin/../lib/gcc/arm-altera-eabi/6.2.0\libgcc.a(unwind-arm.o) (__gnu_unwind_execute)
../../mAbassi/Platform/lib\lib_mAbassi_EVAL_GCC_AR5_CY5.a(mAbassi_EVAL_A9_GCC_2_NR.o)
                              Shell.o (TSKgetID)
../../mAbassi/Platform/lib\lib_mAbassi_EVAL_GCC_AR5_CY5.a(mAbassi_EVAL_GCC_AR5_CY5_NR.o)
                              (_vector_table)
../../mAbassi/Platform/lib\lib_mAbassi_EVAL_GCC_AR5_CY5.a(ARMv7_SMP_L1_L2_GCC_AR5_CY5.o)
                              ../../mAbassi/Platform/lib\lib_mAbassi_EVAL_GCC_AR5_CY5.a(mAbassi_EVAL_GCC_AR5_CY5_NR.o) (COREcacheON)
c:/intelfpga_pro/18.1/embedded/host_tools/mentor/gnu/arm/baremetal/bin/../lib/gcc/arm-altera-eabi/6.2.0/../../../../arm-altera-eabi/lib\libcs3.a(start_c.o)
                              (__cs3_start_c)
c:/intelfpga_pro/18.1/embedded/host_tools/mentor/gnu/arm/baremetal/bin/../lib/gcc/arm-altera-eabi/6.2.0/../../../../arm-altera-eabi/lib\libcs3unhosted.a(unhosted-start.o)
                              ../../mAbassi/Platform/lib\lib_mAbassi_EVAL_GCC_AR5_CY5.a(mAbassi_EVAL_GCC_AR5_CY5_NR.o) (_start)
c:/intelfpga_pro/18.1/embedded/host_tools/mentor/gnu/arm/baremetal/bin/../lib/gcc/arm-altera-eabi/6.2.0/../../../../arm-altera-eabi/lib\libcs3unhosted.a(unhosted-abort.o)
                              c:/intelfpga_pro/18.1/embedded/host_tools/mentor/gnu/arm/baremetal/bin/../lib/gcc/arm-altera-eabi/6.2.0\libgcc.a(unwind-arm.o) (abort)
c:/intelfpga_pro/18.1/embedded/host_tools/mentor/gnu/arm/baremetal/bin/../lib/gcc/arm-altera-eabi/6.2.0/../../../../arm-altera-eabi/lib\libstdc++.a(new_op.o)
                              MyApp_mAbassi.o (operator new(unsigned int))
c:/intelfpga_pro/18.1/embedded/host_tools/mentor/gnu/arm/baremetal/bin/../lib/gcc/arm-altera-eabi/6.2.0/../../../../arm-altera-eabi/lib\libstdc++.a(eh_arm.o)
                              MyApp_mAbassi.o (__cxa_end_cleanup)
c:/intelfpga_pro/18.1/embedded/host_tools/mentor/gnu/arm/baremetal/bin/../lib/gcc/arm-altera-eabi/6.2.0/../../../../arm-altera-eabi/lib\libstdc++.a(eh_throw.o)
                              c:/intelfpga_pro/18.1/embedded/host_tools/mentor/gnu/arm/baremetal/bin/../lib/gcc/arm-altera-eabi/6.2.0/../../../../arm-altera-eabi/lib\libstdc++.a(new_op.o) (__cxa_throw)
c:/intelfpga_pro/18.1/embedded/host_tools/mentor/gnu/arm/baremetal/bin/../lib/gcc/arm-altera-eabi/6.2.0/../../../../arm-altera-eabi/lib\libstdc++.a(new_handler.o)
                              c:/intelfpga_pro/18.1/embedded/host_tools/mentor/gnu/arm/baremetal/bin/../lib/gcc/arm-altera-eabi/6.2.0/../../../../arm-altera-eabi/lib\libstdc++.a(new_op.o) (std::get_new_handler())
c:/intelfpga_pro/18.1/embedded/host_tools/mentor/gnu/arm/baremetal/bin/../lib/gcc/arm-altera-eabi/6.2.0/../../../../arm-altera-eabi/lib\libstdc++.a(eh_catch.o)
                              c:/intelfpga_pro/18.1/embedded/host_tools/mentor/gnu/arm/baremetal/bin/../lib/gcc/arm-altera-eabi/6.2.0/../../../../arm-altera-eabi/lib\libstdc++.a(eh_throw.o) (__cxa_begin_catch)
c:/intelfpga_pro/18.1/embedded/host_tools/mentor/gnu/arm/baremetal/bin/../lib/gcc/arm-altera-eabi/6.2.0/../../../../arm-altera-eabi/lib\libstdc++.a(eh_exception.o)
                              c:/intelfpga_pro/18.1/embedded/host_tools/mentor/gnu/arm/baremetal/bin/../lib/gcc/arm-altera-eabi/6.2.0/../../../../arm-altera-eabi/lib\libstdc++.a(new_handler.o) (std::exception::~exception())
c:/intelfpga_pro/18.1/embedded/host_tools/mentor/gnu/arm/baremetal/bin/../lib/gcc/arm-altera-eabi/6.2.0/../../../../arm-altera-eabi/lib\libstdc++.a(eh_alloc.o)
[...]
Memory Configuration

Name             Origin             Length             Attributes
ram              0x00100040         0x3fefffc0         xrw
uram             0xffff0000         0x00010000         xrw
*default*        0x00000000         0xffffffff

Linker script and memory map

LOAD c:/intelfpga_pro/18.1/embedded/host_tools/mentor/gnu/arm/baremetal/bin/../lib/gcc/arm-altera-eabi/6.2.0/crti.o
LOAD c:/intelfpga_pro/18.1/embedded/host_tools/mentor/gnu/arm/baremetal/bin/../lib/gcc/arm-altera-eabi/6.2.0/crtbegin.o
LOAD c:/intelfpga_pro/18.1/embedded/host_tools/mentor/gnu/arm/baremetal/bin/../lib/gcc/arm-altera-eabi/6.2.0/../../../../arm-altera-eabi/lib\libstdc++.a
LOAD Main_mAbassi.o
LOAD MyApp_mAbassi.o
LOAD motor_card.o
LOAD test.o
LOAD MyDriver_CAN.o
LOAD SysCall_noFS.o
LOAD TIMERinit.o
LOAD dw_uart.o
LOAD alt_gpio.o
LOAD dw_spi.o
LOAD alt_generalpurpose_io.o
LOAD canard.o
LOAD o1heap.o
LOAD mAbassiCfgA9.o
LOAD Shell.o
LOAD SubShell.o
LOAD c:/intelfpga_pro/18.1/embedded/host_tools/mentor/gnu/arm/baremetal/bin/../lib/gcc/arm-altera-eabi/6.2.0\libgcc.a
LOAD ../../mAbassi/Platform/lib\lib_mAbassi_EVAL_GCC_AR5_CY5.a
LOAD c:/intelfpga_pro/18.1/embedded/host_tools/mentor/gnu/arm/baremetal/bin/../lib/gcc/arm-altera-eabi/6.2.0/../../../../arm-altera-eabi/lib\libcs3.a
LOAD c:/intelfpga_pro/18.1/embedded/host_tools/mentor/gnu/arm/baremetal/bin/../lib/gcc/arm-altera-eabi/6.2.0/../../../../arm-altera-eabi/lib\libcs3unhosted.a
LOAD c:/intelfpga_pro/18.1/embedded/host_tools/mentor/gnu/arm/baremetal/bin/../lib/gcc/arm-altera-eabi/6.2.0/../../../../arm-altera-eabi/lib\libcs3arm.a
LOAD c:/intelfpga_pro/18.1/embedded/host_tools/mentor/gnu/arm/baremetal/bin/../lib/gcc/arm-altera-eabi/6.2.0/../../../../arm-altera-eabi/lib\libstdc++.a
LOAD c:/intelfpga_pro/18.1/embedded/host_tools/mentor/gnu/arm/baremetal/bin/../lib/gcc/arm-altera-eabi/6.2.0\libgcc.a
LOAD c:/intelfpga_pro/18.1/embedded/host_tools/mentor/gnu/arm/baremetal/bin/../lib/gcc/arm-altera-eabi/6.2.0/../../../../arm-altera-eabi/lib\libstdc++.a
LOAD c:/intelfpga_pro/18.1/embedded/host_tools/mentor/gnu/arm/baremetal/bin/../lib/gcc/arm-altera-eabi/6.2.0/../../../../arm-altera-eabi/lib\libstdc++.a
LOAD c:/intelfpga_pro/18.1/embedded/host_tools/mentor/gnu/arm/baremetal/bin/../lib/gcc/arm-altera-eabi/6.2.0/../../../../arm-altera-eabi/lib\libm.a
LOAD c:/intelfpga_pro/18.1/embedded/host_tools/mentor/gnu/arm/baremetal/bin/../lib/gcc/arm-altera-eabi/6.2.0/../../../../arm-altera-eabi/lib\libc.a
START GROUP
LOAD c:/intelfpga_pro/18.1/embedded/host_tools/mentor/gnu/arm/baremetal/bin/../lib/gcc/arm-altera-eabi/6.2.0\libgcc.a
LOAD c:/intelfpga_pro/18.1/embedded/host_tools/mentor/gnu/arm/baremetal/bin/../lib/gcc/arm-altera-eabi/6.2.0/../../../../arm-altera-eabi/lib\libc.a
END GROUP
LOAD c:/intelfpga_pro/18.1/embedded/host_tools/mentor/gnu/arm/baremetal/bin/../lib/gcc/arm-altera-eabi/6.2.0/crtend.o
LOAD c:/intelfpga_pro/18.1/embedded/host_tools/mentor/gnu/arm/baremetal/bin/../lib/gcc/arm-altera-eabi/6.2.0/crtn.o
                0x00002000                _STACK_SIZE = DEFINED (_STACK_SIZE)?_STACK_SIZE:0x2000
                0x10000000                _MDRV_SIZE = DEFINED (_MDRV_SIZE)?_MDRV_SIZE:0x10000000
                0x00000800                _SUPERVISOR_STACK_SIZE = DEFINED (_SUPERVISOR_STACK_SIZE)?_SUPERVISOR_STACK_SIZE:0x800
                0x00000800                _ABORT_STACK_SIZE = DEFINED (_ABORT_STACK_SIZE)?_ABORT_STACK_SIZE:0x800
                0x00000800                _FIQ_STACK_SIZE = DEFINED (_FIQ_STACK_SIZE)?_FIQ_STACK_SIZE:0x800
                0x00002000                _IRQ_STACK_SIZE = DEFINED (_IRQ_STACK_SIZE)?_IRQ_STACK_SIZE:0x2000
                0x00000800                _UNDEF_STACK_SIZE = DEFINED (_UNDEF_STACK_SIZE)?_UNDEF_STACK_SIZE:0x800
                0x00000001                PROVIDE (__cs3_region_num, ((__cs3_regions_end - __cs3_regions) / 0x14))
                0x00131998                __libc_fini = _fini

.text           0x00100040    0x2ccf4
 CREATE_OBJECT_SYMBOLS
                0x00100040                __cs3_region_start_ram = .
                0x00100040                _ftext = .
 *(.cs3.region-head.ram)
                0x00000001                ASSERT ((. == __cs3_region_start_ram), .cs3.region-head.ram not permitted)
                0x00100040                __cs3_interrupt_vector = __cs3_interrupt_vector_arm
 *(.cs3.interrupt_vector)
 .cs3.interrupt_vector
                0x00100040       0x3c ../../mAbassi/Platform/lib\lib_mAbassi_EVAL_GCC_AR5_CY5.a(mAbassi_EVAL_GCC_AR5_CY5_NR.o)
                0x00100040                Vectors
                0x00100040                __cs3_interrupt_vector_arm
                0x00100040                _vector_table
 *(.vectors)
                0x00110d58                PROVIDE (__cs3_reset, __cs3_reset_generic)
 *(.cs3.reset)
                [0x00100110]                _start = DEFINED (__cs3_start_asm)?__cs3_start_asm:_start
 *(.text.cs3.init)
 .text.cs3.init
                0x0010007c       0x94 c:/intelfpga_pro/18.1/embedded/host_tools/mentor/gnu/arm/baremetal/bin/../lib/gcc/arm-altera-eabi/6.2.0/../../../../arm-altera-eabi/lib\libcs3.a(start_c.o)
                0x0010007c                __cs3_start_c
 .text.cs3.init
                0x00100110        0xc c:/intelfpga_pro/18.1/embedded/host_tools/mentor/gnu/arm/baremetal/bin/../lib/gcc/arm-altera-eabi/6.2.0/../../../../arm-altera-eabi/lib\libcs3unhosted.a(unhosted-start.o)
 *(.text .text.* .gnu.linkonce.t.*)
 .text          0x0010011c      0x108 c:/intelfpga_pro/18.1/embedded/host_tools/mentor/gnu/arm/baremetal/bin/../lib/gcc/arm-altera-eabi/6.2.0/crtbegin.o
 .text.startup.main
                0x00100224      0x17c Main_mAbassi.o
                0x00100224                main
 .text.TIMcallBack
                0x001003a0        0x4 Main_mAbassi.o
                0x001003a0                TIMcallBack
 .text._Z24button_CallbackInterruptmPv
                0x001003a4       0x34 MyApp_mAbassi.o
                0x001003a4                button_CallbackInterrupt(unsigned long, void*)
 .text._Z13Task_FPGA_Ledv
                0x001003d8       0x30 MyApp_mAbassi.o
                0x001003d8                Task_FPGA_Led()
 .text._Z16Task_FPGA_Buttonv
                0x00100408       0x8c MyApp_mAbassi.o
                0x00100408                Task_FPGA_Button()
 .text._Z15setup_Interruptv
                0x00100494       0x58 MyApp_mAbassi.o
                0x00100494                setup_Interrupt()
 .text._Z14setup_hps_gpiov
                0x001004ec       0x58 MyApp_mAbassi.o
                0x001004ec                setup_hps_gpio()
 .text._Z12Task_HPS_Ledv
                0x00100544      0x1a8 MyApp_mAbassi.o
                0x00100544                Task_HPS_Led()
 *fill*         0x001006ec        0x4 
 .text._Z14Task_LOW_LEVELv
                0x001006f0      0x128 MyApp_mAbassi.o
                0x001006f0                Task_LOW_LEVEL()
 .text.startup._GLOBAL__sub_I_fpga_leds
                0x00100818       0x18 MyApp_mAbassi.o
 .text._ZN10motor_cardC2Emi
                0x00100830        0x8 motor_card.o
                0x00100830                motor_card::motor_card(unsigned long, int)
                0x00100830                motor_card::motor_card(unsigned long, int)
 .text._ZN10motor_card10ctrl_motorEi
                0x00100838       0x2c motor_card.o
                0x00100838                motor_card::ctrl_motor(int)
 *fill*         0x00100864        0x4 
 .text._ZN10motor_card11set_voltageEd
                0x00100868      0x1e0 motor_card.o
                0x00100868                motor_card::set_voltage(double)
 .text._ZN10motor_card4initEv
                0x00100a48       0xa0 motor_card.o
                0x00100a48                motor_card::init()
 .text.Test_func
                0x00100ae8       0x14 test.o
                0x00100ae8                Test_func
 .text._Z8CAN_initv
                0x00100afc      0x96c MyDriver_CAN.o
                0x00100afc                CAN_init()
 .text._Z11CAN_sendMsgmPhhh
                0x00101468      0x1c4 MyDriver_CAN.o
                0x00101468                CAN_sendMsg(unsigned long, unsigned char*, unsigned char, unsigned char)
 .text.SysCallInit
                0x0010162c        0x4 SysCall_noFS.o
                0x0010162c                SysCallInit
 .text._close_r
                0x00101630        0xc SysCall_noFS.o
                0x00101630                _close_r
 .text._read_r  0x0010163c       0x58 SysCall_noFS.o
                0x0010163c                _read_r
 .text._write_r
                0x00101694       0x58 SysCall_noFS.o
                0x00101694                _write_r
 .text._lseek_r
                0x001016ec        0xc SysCall_noFS.o
                0x001016ec                _lseek_r
 .text._fstat_r
                0x001016f8        0xc SysCall_noFS.o
                0x001016f8                _fstat_r
 .text._isatty_r
                0x00101704        0xc SysCall_noFS.o
                0x00101704                _isatty_r
 .text.GetKey   0x00101710       0x2c SysCall_noFS.o
                0x00101710                GetKey
 .text.TIMERinit
                0x0010173c       0x20 TIMERinit.o
                0x0010173c                TIMERinit
 .text.uart_send
                0x0010175c      0x5bc dw_uart.o
                0x0010175c                uart_send
 .text.uart_recv
                0x00101d18      0x540 dw_uart.o
                0x00101d18                uart_recv
 .text.uart_filt
                0x00102258       0x78 dw_uart.o
                0x00102258                uart_filt
 .text.uart_init
                0x001022d0      0x318 dw_uart.o
                0x001022d0                uart_init
 .text.UARTintHndl_0
                0x001025e8      0x118 dw_uart.o
                0x001025e8                UARTintHndl_0
 .text.UARTintHndl_1
                0x00102700      0x154 dw_uart.o
                0x00102700                UARTintHndl_1
 .text.gpio_dir
                0x00102854       0x84 alt_gpio.o
                0x00102854                gpio_dir
 .text.gpio_set
                0x001028d8       0x7c alt_gpio.o
                0x001028d8                gpio_set
 .text.gpio_init
                0x00102954       0x34 alt_gpio.o
                0x00102954                gpio_init
 .text.spi_send
                0x00102988      0x648 dw_spi.o
                0x00102988                spi_send
 .text.spi_send_recv
                0x00102fd0      0x8ac dw_spi.o
                0x00102fd0                spi_send_recv
 .text.spi_init
                0x0010387c      0x328 dw_spi.o
                0x0010387c                spi_init
 .text.alt_gpio_init
                0x00103ba4       0x1c alt_generalpurpose_io.o
                0x00103ba4                alt_gpio_init
 .text.alt_gpio_port_data_write
                0x00103bc0       0x50 alt_generalpurpose_io.o
                0x00103bc0                alt_gpio_port_data_write
 .text.alt_gpio_group_config
                0x00103c10      0x31c alt_generalpurpose_io.o
                0x00103c10                alt_gpio_group_config
 .text.alt_gpio_bit_to_pid
                0x00103f2c       0x1c alt_generalpurpose_io.o
                0x00103f2c                alt_gpio_bit_to_pid
 .text.alt_gpio_bit_to_port_pin
                0x00103f48       0x20 alt_generalpurpose_io.o
                0x00103f48                alt_gpio_bit_to_port_pin
 .text.PrtResult
                0x00103f68      0x1b4 Shell.o
 .text.CmdLog   0x0010411c       0x14 Shell.o
 .text.CmdEdit  0x00104130       0x7c Shell.o
 .text.CmdMblk  0x001041ac      0x108 Shell.o
 .text.CmdGrp   0x001042b4      0x634 Shell.o
 .text.CmdSys   0x001048e8      0x434 Shell.o
 .text.CmdHelp  0x00104d1c      0x220 Shell.o
 .text.CmdEvt   0x00104f3c      0x190 Shell.o
 .text.CmdMtx   0x001050cc      0xc40 Shell.o
 .text.CmdSem   0x00105d0c      0xd48 Shell.o
 .text.CmdMbx   0x00106a54     0x10a8 Shell.o
 .text.CmdTim   0x00107afc     0x15f0 Shell.o
 .text.CmdTask  0x001090ec     0x1abc Shell.o
 .text.OSshell  0x0010aba8      0xaa0 Shell.o
                0x0010aba8                OSshell
 .text.ShellGets
                0x0010b648      0x198 Shell.o
                0x0010b648                ShellGets
 .text.CmdMem   0x0010b7e0      0x3e8 Shell.o
 .text          0x0010bbc8      0x148 c:/intelfpga_pro/18.1/embedded/host_tools/mentor/gnu/arm/baremetal/bin/../lib/gcc/arm-altera-eabi/6.2.0\libgcc.a(_divsi3.o)
                0x0010bbc8                __divsi3
                0x0010bbc8                __aeabi_idiv
                0x0010bcf0                __aeabi_idivmod
 .text          0x0010bd10        0x4 c:/intelfpga_pro/18.1/embedded/host_tools/mentor/gnu/arm/baremetal/bin/../lib/gcc/arm-altera-eabi/6.2.0\libgcc.a(_dvmd_tls.o)
                0x0010bd10                __aeabi_idiv0
                0x0010bd10                __aeabi_ldiv0
 .text          0x0010bd14     0x1050 c:/intelfpga_pro/18.1/embedded/host_tools/mentor/gnu/arm/baremetal/bin/../lib/gcc/arm-altera-eabi/6.2.0\libgcc.a(unwind-arm.o)
                0x0010c1ac                _Unwind_GetCFA
                0x0010c1b4                __gnu_Unwind_RaiseException
                0x0010c264                __gnu_Unwind_ForcedUnwind
                0x0010c288                __gnu_Unwind_Resume
                0x0010c2fc                __gnu_Unwind_Resume_or_Rethrow
                0x0010c318                _Unwind_Complete
                0x0010c31c                _Unwind_DeleteException
                0x0010c334                _Unwind_VRS_Get
                0x0010c3c0                _Unwind_VRS_Set
                0x0010c44c                __gnu_Unwind_Backtrace
                0x0010c964                __aeabi_unwind_cpp_pr0
                0x0010c96c                __aeabi_unwind_cpp_pr1
                0x0010c974                __aeabi_unwind_cpp_pr2
                0x0010c97c                _Unwind_VRS_Pop
 .text          0x0010cd64      0x1b0 c:/intelfpga_pro/18.1/embedded/host_tools/mentor/gnu/arm/baremetal/bin/../lib/gcc/arm-altera-eabi/6.2.0\libgcc.a(libunwind.o)
                0x0010cd64                __restore_core_regs
                0x0010cd64                restore_core_regs
                0x0010cd80                __gnu_Unwind_Restore_VFP
                0x0010cd88                __gnu_Unwind_Save_VFP
                0x0010cd90                __gnu_Unwind_Restore_VFP_D
                0x0010cd98                __gnu_Unwind_Save_VFP_D
                0x0010cda0                __gnu_Unwind_Restore_VFP_D_16_to_31
                0x0010cda8                __gnu_Unwind_Save_VFP_D_16_to_31
                0x0010cdb0                __gnu_Unwind_Restore_WMMXD
                0x0010cdf4                __gnu_Unwind_Save_WMMXD
                0x0010ce38                __gnu_Unwind_Restore_WMMXC
                0x0010ce4c                __gnu_Unwind_Save_WMMXC
                0x0010ce60                ___Unwind_RaiseException
                0x0010ce60                _Unwind_RaiseException
                0x0010ce84                _Unwind_Resume
                0x0010ce84                ___Unwind_Resume
                0x0010cea8                _Unwind_Resume_or_Rethrow
                0x0010cea8                ___Unwind_Resume_or_Rethrow
                0x0010cecc                _Unwind_ForcedUnwind
                0x0010cecc                ___Unwind_ForcedUnwind
                0x0010cef0                ___Unwind_Backtrace
                0x0010cef0                _Unwind_Backtrace
 .text          0x0010cf14      0x51c c:/intelfpga_pro/18.1/embedded/host_tools/mentor/gnu/arm/baremetal/bin/../lib/gcc/arm-altera-eabi/6.2.0\libgcc.a(pr-support.o)
                0x0010cfa8                __gnu_unwind_execute
                0x0010d3a4                __gnu_unwind_frame
                0x0010d3ec                _Unwind_GetRegionStart
                0x0010d400                _Unwind_GetLanguageSpecificData
                0x0010d420                _Unwind_GetTextRelBase
                0x0010d428                _Unwind_GetDataRelBase
 .text.TSKcreate.constprop.0
                0x0010d430       0xf0 ../../mAbassi/Platform/lib\lib_mAbassi_EVAL_GCC_AR5_CY5.a(mAbassi_EVAL_A9_GCC_2_NR.o)
 .text.TSKgetID
                0x0010d520       0x60 ../../mAbassi/Platform/lib\lib_mAbassi_EVAL_GCC_AR5_CY5.a(mAbassi_EVAL_A9_GCC_2_NR.o)
                0x0010d520                TSKgetID
 .text.TSKstkChk
                0x0010d580       0x60 ../../mAbassi/Platform/lib\lib_mAbassi_EVAL_GCC_AR5_CY5.a(mAbassi_EVAL_A9_GCC_2_NR.o)
                0x0010d580                TSKstkChk
 .text.Abassi   0x0010d5e0     0x2850 ../../mAbassi/Platform/lib\lib_mAbassi_EVAL_GCC_AR5_CY5.a(mAbassi_EVAL_A9_GCC_2_NR.o)
                0x0010d5e0                Abassi
 .text.TSKcreate
                0x0010fe30      0x350 ../../mAbassi/Platform/lib\lib_mAbassi_EVAL_GCC_AR5_CY5.a(mAbassi_EVAL_A9_GCC_2_NR.o)
                0x0010fe30                TSKcreate
 .text.OSstart  0x00110180      0x17c ../../mAbassi/Platform/lib\lib_mAbassi_EVAL_GCC_AR5_CY5.a(mAbassi_EVAL_A9_GCC_2_NR.o)
                0x00110180                OSstart
 .text.TSKstart
                0x001102fc       0x60 ../../mAbassi/Platform/lib\lib_mAbassi_EVAL_GCC_AR5_CY5.a(mAbassi_EVAL_A9_GCC_2_NR.o)
                0x001102fc                TSKstart
 .text.SEM__open
                0x0011035c      0x144 ../../mAbassi/Platform/lib\lib_mAbassi_EVAL_GCC_AR5_CY5.a(mAbassi_EVAL_A9_GCC_2_NR.o)
                0x0011035c                SEM__open
 .text.MBX__open
                0x001104a0      0x154 ../../mAbassi/Platform/lib\lib_mAbassi_EVAL_GCC_AR5_CY5.a(mAbassi_EVAL_A9_GCC_2_NR.o)
                0x001104a0                MBX__open
 .text.MBXget   0x001105f4      0x128 ../../mAbassi/Platform/lib\lib_mAbassi_EVAL_GCC_AR5_CY5.a(mAbassi_EVAL_A9_GCC_2_NR.o)
                0x001105f4                MBXget
 .text.MBXput   0x0011071c       0xd8 ../../mAbassi/Platform/lib\lib_mAbassi_EVAL_GCC_AR5_CY5.a(mAbassi_EVAL_A9_GCC_2_NR.o)
                0x0011071c                MBXput
 .text.GroupRm  0x001107f4       0xb4 ../../mAbassi/Platform/lib\lib_mAbassi_EVAL_GCC_AR5_CY5.a(mAbassi_EVAL_A9_GCC_2_NR.o)
                0x001107f4                GroupRm
 .text.TIMtick  0x001108a8      0x4a0 ../../mAbassi/Platform/lib\lib_mAbassi_EVAL_GCC_AR5_CY5.a(mAbassi_EVAL_A9_GCC_2_NR.o)
                0x001108a8                TIMtick
 .text          0x00110d48      0xb48 ../../mAbassi/Platform/lib\lib_mAbassi_EVAL_GCC_AR5_CY5.a(mAbassi_EVAL_GCC_AR5_CY5_NR.o)
                0x00110d58                __cs3_reset_generic
                0x00110d58                Reset_Handler
                0x00110d58                boot
                0x00110d58                _prestart
                0x00111100                _exit
                0x00111108                _sbrk_r
                0x00111140                OStrap
                0x00111158                __cs3_isr_swi
                0x00111158                mySWI
                0x001111a0                SWI_Handler
                0x001111a4                OScontext
                0x001111c4                CoreContext
                0x001111d8                OSstack
                0x00111234                OSintCtrl
                0x00111254                OSintBack
                0x00111264                OSintOff
                0x00111270                OSintOn
                0x00111278                OSisrInfo
                0x00111288                __cs3_isr_irq
                0x00111288                ISRdispatch
                0x001113bc                OSinvalidISR
                0x001113c4                COREgetPeriph
                0x001113cc                COREgetID
                0x001113d8                GICinit
                0x0011147c                GICenable
                0x001115bc                COREstart1
                0x001115c8                COREstart2
                0x001115d4                COREstart3
                0x001115e0                COREstart0
                0x001115ec                CoreIdle
                0x0011161c                COREsafeGetID
                0x00111640                COREsendISR
                0x00111674                COREwakeISR
                0x001116a0                COREisInISR
                0x001116b4                COREtaskNow
                0x001116d8                COREchkRedo
                0x00111738                CORElock
                0x00111768                COREunlock
                0x0011177c                SPINlock
                0x0011178c                SPINtrylock
                0x0011179c                SPIN_lock
                0x00111824                SPINunlock
 .text          0x00111890      0x798 ../../mAbassi/Platform/lib\lib_mAbassi_EVAL_GCC_AR5_CY5.a(ARMv7_SMP_L1_L2_GCC_AR5_CY5.o)
                0x00111890                COREcacheON
                0x00111d1c                DCacheInvalRange
                0x00111e30                DCacheFlushRange
                0x00111f44                MMUlog2Phy
                0x00111fa4                MMUphy2Log
 .text          0x00112028       0x4c c:/intelfpga_pro/18.1/embedded/host_tools/mentor/gnu/arm/baremetal/bin/../lib/gcc/arm-altera-eabi/6.2.0/../../../../arm-altera-eabi/lib\libcs3.a(start_c.o)
                0x00112028                __cs3_premain
 .text          0x00112074        0x4 c:/intelfpga_pro/18.1/embedded/host_tools/mentor/gnu/arm/baremetal/bin/../lib/gcc/arm-altera-eabi/6.2.0/../../../../arm-altera-eabi/lib\libcs3unhosted.a(unhosted-abort.o)
                0x00112074                abort
 .text._Znwj    0x00112078       0x68 c:/intelfpga_pro/18.1/embedded/host_tools/mentor/gnu/arm/baremetal/bin/../lib/gcc/arm-altera-eabi/6.2.0/../../../../arm-altera-eabi/lib\libstdc++.a(new_op.o)
                0x00112078                operator new(unsigned int)
 .text.__cxa_end_cleanup
                0x001120e0       0x10 c:/intelfpga_pro/18.1/embedded/host_tools/mentor/gnu/arm/baremetal/bin/../lib/gcc/arm-altera-eabi/6.2.0/../../../../arm-altera-eabi/lib\libstdc++.a(eh_arm.o)
                0x001120e0                __cxa_end_cleanup
 .text.__cxa_type_match
                0x001120f0      0x158 c:/intelfpga_pro/18.1/embedded/host_tools/mentor/gnu/arm/baremetal/bin/../lib/gcc/arm-altera-eabi/6.2.0/../../../../arm-altera-eabi/lib\libstdc++.a(eh_arm.o)
                0x001120f0                __cxa_type_match
 .text.__cxa_begin_cleanup
                0x00112248       0xbc c:/intelfpga_pro/18.1/embedded/host_tools/mentor/gnu/arm/baremetal/bin/../lib/gcc/arm-altera-eabi/6.2.0/../../../../arm-altera-eabi/lib\libstdc++.a(eh_arm.o)
                0x00112248                __cxa_begin_cleanup
 .text.__gnu_end_cleanup
                0x00112304       0xbc c:/intelfpga_pro/18.1/embedded/host_tools/mentor/gnu/arm/baremetal/bin/../lib/gcc/arm-altera-eabi/6.2.0/../../../../arm-altera-eabi/lib\libstdc++.a(eh_arm.o)
                0x00112304                __gnu_end_cleanup
 .text._ZL23__gxx_exception_cleanup19_Unwind_Reason_CodeP21_Unwind_Control_Block
                0x001123c0       0x3c c:/intelfpga_pro/18.1/embedded/host_tools/mentor/gnu/arm/baremetal/bin/../lib/gcc/arm-altera-eabi/6.2.0/../../../../arm-altera-eabi/lib\libstdc++.a(eh_throw.o)
 .text.__cxa_throw
                0x001123fc       0x9c c:/intelfpga_pro/18.1/embedded/host_tools/mentor/gnu/arm/baremetal/bin/../lib/gcc/arm-altera-eabi/6.2.0/../../../../arm-altera-eabi/lib\libstdc++.a(eh_throw.o)
                0x001123fc                __cxa_throw
 .text.__cxa_rethrow
                0x00112498       0xb0 c:/intelfpga_pro/18.1/embedded/host_tools/mentor/gnu/arm/baremetal/bin/../lib/gcc/arm-altera-eabi/6.2.0/../../../../arm-altera-eabi/lib\libstdc++.a(eh_throw.o)
                0x00112498                __cxa_rethrow
 .text._ZNK9__gnu_cxx24__concurrence_lock_error4whatEv
                0x00112548        0xc c:/intelfpga_pro/18.1/embedded/host_tools/mentor/gnu/arm/baremetal/bin/../lib/gcc/arm-altera-eabi/6.2.0/../../../../arm-altera-eabi/lib\libstdc++.a(new_handler.o)
                0x00112548                __gnu_cxx::__concurrence_lock_error::what() const
 .text._ZNK9__gnu_cxx26__concurrence_unlock_error4whatEv
                0x00112554        0xc c:/intelfpga_pro/18.1/embedded/host_tools/mentor/gnu/arm/baremetal/bin/../lib/gcc/arm-altera-eabi/6.2.0/../../../../arm-altera-eabi/lib\libstdc++.a(new_handler.o)
                0x00112554                __gnu_cxx::__concurrence_unlock_error::what() const
 .text._ZN9__gnu_cxx24__concurrence_lock_errorD2Ev
                0x00112560       0x24 c:/intelfpga_pro/18.1/embedded/host_tools/mentor/gnu/arm/baremetal/bin/../lib/gcc/arm-altera-eabi/6.2.0/../../../../arm-altera-eabi/lib\libstdc++.a(new_handler.o)
                0x00112560                __gnu_cxx::__concurrence_lock_error::~__concurrence_lock_error()
                0x00112560                __gnu_cxx::__concurrence_lock_error::~__concurrence_lock_error()
 .text._ZN9__gnu_cxx26__concurrence_unlock_errorD2Ev
                0x00112584       0x24 c:/intelfpga_pro/18.1/embedded/host_tools/mentor/gnu/arm/baremetal/bin/../lib/gcc/arm-altera-eabi/6.2.0/../../../../arm-altera-eabi/lib\libstdc++.a(new_handler.o)
                0x00112584                __gnu_cxx::__concurrence_unlock_error::~__concurrence_unlock_error()
                0x00112584                __gnu_cxx::__concurrence_unlock_error::~__concurrence_unlock_error()
 .text._ZN9__gnu_cxx24__concurrence_lock_errorD0Ev
                0x001125a8       0x2c c:/intelfpga_pro/18.1/embedded/host_tools/mentor/gnu/arm/baremetal/bin/../lib/gcc/arm-altera-eabi/6.2.0/../../../../arm-altera-eabi/lib\libstdc++.a(new_handler.o)
                0x001125a8                __gnu_cxx::__concurrence_lock_error::~__concurrence_lock_error()
 .text._ZN9__gnu_cxx26__concurrence_unlock_errorD0Ev
                0x001125d4       0x2c c:/intelfpga_pro/18.1/embedded/host_tools/mentor/gnu/arm/baremetal/bin/../lib/gcc/arm-altera-eabi/6.2.0/../../../../arm-altera-eabi/lib\libstdc++.a(new_handler.o)
                0x001125d4                __gnu_cxx::__concurrence_unlock_error::~__concurrence_unlock_error()
 .text._ZN9__gnu_cxx7__mutexD2Ev
                0x00112600       0x24 c:/intelfpga_pro/18.1/embedded/host_tools/mentor/gnu/arm/baremetal/bin/../lib/gcc/arm-altera-eabi/6.2.0/../../../../arm-altera-eabi/lib\libstdc++.a(new_handler.o)
                0x00112600                __gnu_cxx::__mutex::~__mutex()
                0x00112600                __gnu_cxx::__mutex::~__mutex()
 .text._ZN9__gnu_cxx30__throw_concurrence_lock_errorEv
                0x00112624       0x2c c:/intelfpga_pro/18.1/embedded/host_tools/mentor/gnu/arm/baremetal/bin/../lib/gcc/arm-altera-eabi/6.2.0/../../../../arm-altera-eabi/lib\libstdc++.a(new_handler.o)
                0x00112624                __gnu_cxx::__throw_concurrence_lock_error()
 .text._ZN9__gnu_cxx32__throw_concurrence_unlock_errorEv
                0x00112650       0x2c c:/intelfpga_pro/18.1/embedded/host_tools/mentor/gnu/arm/baremetal/bin/../lib/gcc/arm-altera-eabi/6.2.0/../../../../arm-altera-eabi/lib\libstdc++.a(new_handler.o)
                0x00112650                __gnu_cxx::__throw_concurrence_unlock_error()
 .text._ZSt15get_new_handlerv
                0x0011267c       0x6c c:/intelfpga_pro/18.1/embedded/host_tools/mentor/gnu/arm/baremetal/bin/../lib/gcc/arm-altera-eabi/6.2.0/../../../../arm-altera-eabi/lib\libstdc++.a(new_handler.o)
                0x0011267c                std::get_new_handler()
 .text.startup._GLOBAL__sub_I__ZSt7nothrow
                0x001126e8       0x40 c:/intelfpga_pro/18.1/embedded/host_tools/mentor/gnu/arm/baremetal/bin/../lib/gcc/arm-altera-eabi/6.2.0/../../../../arm-altera-eabi/lib\libstdc++.a(new_handler.o)
 .text.__cxa_begin_catch
                0x00112728       0xe0 c:/intelfpga_pro/18.1/embedded/host_tools/mentor/gnu/arm/baremetal/bin/../lib/gcc/arm-altera-eabi/6.2.0/../../../../arm-altera-eabi/lib\libstdc++.a(eh_catch.o)
                0x00112728                __cxa_begin_catch
 .text.__cxa_end_catch
                0x00112808       0xe4 c:/intelfpga_pro/18.1/embedded/host_tools/mentor/gnu/arm/baremetal/bin/../lib/gcc/arm-altera-eabi/6.2.0/../../../../arm-altera-eabi/lib\libstdc++.a(eh_catch.o)
                0x00112808                __cxa_end_catch
 .text._ZNSt9exceptionD2Ev
                0x001128ec        0x4 c:/intelfpga_pro/18.1/embedded/host_tools/mentor/gnu/arm/baremetal/bin/../lib/gcc/arm-altera-eabi/6.2.0/../../../../arm-altera-eabi/lib\libstdc++.a(eh_exception.o)
                0x001128ec                std::exception::~exception()
                0x001128ec                std::exception::~exception()
 .text._ZNSt13bad_exceptionD2Ev
                0x001128f0        0x4 c:/intelfpga_pro/18.1/embedded/host_tools/mentor/gnu/arm/baremetal/bin/../lib/gcc/arm-altera-eabi/6.2.0/../../../../arm-altera-eabi/lib\libstdc++.a(eh_exception.o)
                0x001128f0                std::bad_exception::~bad_exception()
                0x001128f0                std::bad_exception::~bad_exception()
 .text._ZGTtNKSt13bad_exception4whatEv
                0x001128f4        0xc c:/intelfpga_pro/18.1/embedded/host_tools/mentor/gnu/arm/baremetal/bin/../lib/gcc/arm-altera-eabi/6.2.0/../../../../arm-altera-eabi/lib\libstdc++.a(eh_exception.o)
                0x001128f4                std::bad_exception::what() const
                0x001128f4                transaction clone for std::bad_exception::what() const
 .text._ZNSt13bad_exceptionD0Ev
                0x00112900       0x1c c:/intelfpga_pro/18.1/embedded/host_tools/mentor/gnu/arm/baremetal/bin/../lib/gcc/arm-altera-eabi/6.2.0/../../../../arm-altera-eabi/lib\libstdc++.a(eh_exception.o)
                0x00112900                std::bad_exception::~bad_exception()
 .text._ZN12_GLOBAL__N_14poolD2Ev
                0x0011291c       0x24 c:/intelfpga_pro/18.1/embedded/host_tools/mentor/gnu/arm/baremetal/bin/../lib/gcc/arm-altera-eabi/6.2.0/../../../../arm-altera-eabi/lib\libstdc++.a(eh_alloc.o)
 .text._ZN12_GLOBAL__N_14pool4freeEPv.constprop.2
                0x00112940      0x144 c:/intelfpga_pro/18.1/embedded/host_tools/mentor/gnu/arm/baremetal/bin/../lib/gcc/arm-altera-eabi/6.2.0/../../../../arm-altera-eabi/lib\libstdc++.a(eh_alloc.o)
 .text._ZN12_GLOBAL__N_14pool8allocateEj.constprop.3
                0x00112a84      0x130 c:/intelfpga_pro/18.1/embedded/host_tools/mentor/gnu/arm/baremetal/bin/../lib/gcc/arm-altera-eabi/6.2.0/../../../../arm-altera-eabi/lib\libstdc++.a(eh_alloc.o)
 .text.__cxa_allocate_exception
                0x00112bb4       0x48 c:/intelfpga_pro/18.1/embedded/host_tools/mentor/gnu/arm/baremetal/bin/../lib/gcc/arm-altera-eabi/6.2.0/../../../../arm-altera-eabi/lib\libstdc++.a(eh_alloc.o)
                0x00112bb4                __cxa_allocate_exception
 .text.__cxa_free_exception
                0x00112bfc       0x38 c:/intelfpga_pro/18.1/embedded/host_tools/mentor/gnu/arm/baremetal/bin/../lib/gcc/arm-altera-eabi/6.2.0/../../../../arm-altera-eabi/lib\libstdc++.a(eh_alloc.o)
                0x00112bfc                __cxa_free_exception
 .text.startup._GLOBAL__sub_I__ZN9__gnu_cxx9__freeresEv
                0x00112c34       0x74 c:/intelfpga_pro/18.1/embedded/host_tools/mentor/gnu/arm/baremetal/bin/../lib/gcc/arm-altera-eabi/6.2.0/../../../../arm-altera-eabi/lib\libstdc++.a(eh_alloc.o)
 .text._ZL28read_encoded_value_with_basehjPKhPj
                0x00112ca8      0x17c c:/intelfpga_pro/18.1/embedded/host_tools/mentor/gnu/arm/baremetal/bin/../lib/gcc/arm-altera-eabi/6.2.0/../../../../arm-altera-eabi/lib\libstdc++.a(eh_personality.o)
 .text._ZL21base_of_encoded_valuehP15_Unwind_Context
                0x00112e24       0x8c c:/intelfpga_pro/18.1/embedded/host_tools/mentor/gnu/arm/baremetal/bin/../lib/gcc/arm-altera-eabi/6.2.0/../../../../arm-altera-eabi/lib\libstdc++.a(eh_personality.o)
 .text._ZL17parse_lsda_headerP15_Unwind_ContextPKhP16lsda_header_info
                0x00112eb0       0xe0 c:/intelfpga_pro/18.1/embedded/host_tools/mentor/gnu/arm/baremetal/bin/../lib/gcc/arm-altera-eabi/6.2.0/../../../../arm-altera-eabi/lib\libstdc++.a(eh_personality.o)
 .text.__gxx_personality_v0
                0x00112f90      0x6fc c:/intelfpga_pro/18.1/embedded/host_tools/mentor/gnu/arm/baremetal/bin/../lib/gcc/arm-altera-eabi/6.2.0/../../../../arm-altera-eabi/lib\libstdc++.a(eh_personality.o)
                0x00112f90                __gxx_personality_v0
 .text._ZdlPvj  0x0011368c       0x10 c:/intelfpga_pro/18.1/embedded/host_tools/mentor/gnu/arm/baremetal/bin/../lib/gcc/arm-altera-eabi/6.2.0/../../../../arm-altera-eabi/lib\libstdc++.a(del_ops.o)
                0x0011368c                operator delete(void*, unsigned int)
 .text._ZN10__cxxabiv120__si_class_type_infoD2Ev
                0x0011369c       0x24 c:/intelfpga_pro/18.1/embedded/host_tools/mentor/gnu/arm/baremetal/bin/../lib/gcc/arm-altera-eabi/6.2.0/../../../../arm-altera-eabi/lib\libstdc++.a(si_class_type_info.o)
                0x0011369c                __cxxabiv1::__si_class_type_info::~__si_class_type_info()
                0x0011369c                __cxxabiv1::__si_class_type_info::~__si_class_type_info()
 .text._ZN10__cxxabiv120__si_class_type_infoD0Ev
                0x001136c0       0x30 c:/intelfpga_pro/18.1/embedded/host_tools/mentor/gnu/arm/baremetal/bin/../lib/gcc/arm-altera-eabi/6.2.0/../../../../arm-altera-eabi/lib\libstdc++.a(si_class_type_info.o)
                0x001136c0                __cxxabiv1::__si_class_type_info::~__si_class_type_info()
 .text._ZNK10__cxxabiv120__si_class_type_info20__do_find_public_srcEiPKvPKNS_17__class_type_infoES2_
                0x001136f0       0x70 c:/intelfpga_pro/18.1/embedded/host_tools/mentor/gnu/arm/baremetal/bin/../lib/gcc/arm-altera-eabi/6.2.0/../../../../arm-altera-eabi/lib\libstdc++.a(si_class_type_info.o)
                0x001136f0                __cxxabiv1::__si_class_type_info::__do_find_public_src(int, void const*, __cxxabiv1::__class_type_info const*, void const*) const
 .text._ZNK10__cxxabiv120__si_class_type_info12__do_dyncastEiNS_17__class_type_info10__sub_kindEPKS1_PKvS4_S6_RNS1_16__dyncast_resultE
                0x00113760       0xf8 c:/intelfpga_pro/18.1/embedded/host_tools/mentor/gnu/arm/baremetal/bin/../lib/gcc/arm-altera-eabi/6.2.0/../../../../arm-altera-eabi/lib\libstdc++.a(si_class_type_info.o)
                0x00113760                __cxxabiv1::__si_class_type_info::__do_dyncast(int, __cxxabiv1::__class_type_info::__sub_kind, __cxxabiv1::__class_type_info const*, void const*, __cxxabiv1::__class_type_info const*, void const*, __cxxabiv1::__class_type_info::__dyncast_result&) const
 .text._ZNK10__cxxabiv120__si_class_type_info11__do_upcastEPKNS_17__class_type_infoEPKvRNS1_15__upcast_resultE
                0x00113858       0x4c c:/intelfpga_pro/18.1/embedded/host_tools/mentor/gnu/arm/baremetal/bin/../lib/gcc/arm-altera-eabi/6.2.0/../../../../arm-altera-eabi/lib\libstdc++.a(si_class_type_info.o)
                0x00113858                __cxxabiv1::__si_class_type_info::__do_upcast(__cxxabiv1::__class_type_info const*, void const*, __cxxabiv1::__class_type_info::__upcast_result&) const
 .text._ZNKSt9bad_alloc4whatEv
                0x001138a4        0xc c:/intelfpga_pro/18.1/embedded/host_tools/mentor/gnu/arm/baremetal/bin/../lib/gcc/arm-altera-eabi/6.2.0/../../../../arm-altera-eabi/lib\libstdc++.a(bad_alloc.o)
                0x001138a4                std::bad_alloc::what() const
 .text._ZNSt9bad_allocD2Ev
                0x001138b0       0x24 c:/intelfpga_pro/18.1/embedded/host_tools/mentor/gnu/arm/baremetal/bin/../lib/gcc/arm-altera-eabi/6.2.0/../../../../arm-altera-eabi/lib\libstdc++.a(bad_alloc.o)
                0x001138b0                std::bad_alloc::~bad_alloc()
                0x001138b0                std::bad_alloc::~bad_alloc()
 .text._ZNSt9bad_allocD0Ev
                0x001138d4       0x30 c:/intelfpga_pro/18.1/embedded/host_tools/mentor/gnu/arm/baremetal/bin/../lib/gcc/arm-altera-eabi/6.2.0/../../../../arm-altera-eabi/lib\libstdc++.a(bad_alloc.o)
                0x001138d4                std::bad_alloc::~bad_alloc()
 .text._ZN9__gnu_cxx7__mutex4lockEv
                0x00113904       0x54 c:/intelfpga_pro/18.1/embedded/host_tools/mentor/gnu/arm/baremetal/bin/../lib/gcc/arm-altera-eabi/6.2.0/../../../../arm-altera-eabi/lib\libstdc++.a(eh_terminate.o)
                0x00113904                __gnu_cxx::__mutex::lock()
 .text._ZN9__gnu_cxx13__scoped_lockD2Ev
                0x00113958       0x68 c:/intelfpga_pro/18.1/embedded/host_tools/mentor/gnu/arm/baremetal/bin/../lib/gcc/arm-altera-eabi/6.2.0/../../../../arm-altera-eabi/lib\libstdc++.a(eh_terminate.o)
                0x00113958                __gnu_cxx::__scoped_lock::~__scoped_lock()
                0x00113958                __gnu_cxx::__scoped_lock::~__scoped_lock()
 .text._ZN10__cxxabiv111__terminateEPFvvE
                0x001139c0       0x34 c:/intelfpga_pro/18.1/embedded/host_tools/mentor/gnu/arm/baremetal/bin/../lib/gcc/arm-altera-eabi/6.2.0/../../../../arm-altera-eabi/lib\libstdc++.a(eh_terminate.o)
                0x001139c0                __cxxabiv1::__terminate(void (*)())
 .text._ZSt9terminatev
                0x001139f4       0x3c c:/intelfpga_pro/18.1/embedded/host_tools/mentor/gnu/arm/baremetal/bin/../lib/gcc/arm-altera-eabi/6.2.0/../../../../arm-altera-eabi/lib\libstdc++.a(eh_terminate.o)
                0x001139f4                std::terminate()
 .text._ZN10__cxxabiv112__unexpectedEPFvvE
                0x00113a30       0x10 c:/intelfpga_pro/18.1/embedded/host_tools/mentor/gnu/arm/baremetal/bin/../lib/gcc/arm-altera-eabi/6.2.0/../../../../arm-altera-eabi/lib\libstdc++.a(eh_terminate.o)
                0x00113a30                __cxxabiv1::__unexpected(void (*)())
 .text._ZSt10unexpectedv
                0x00113a40       0x3c c:/intelfpga_pro/18.1/embedded/host_tools/mentor/gnu/arm/baremetal/bin/../lib/gcc/arm-altera-eabi/6.2.0/../../../../arm-altera-eabi/lib\libstdc++.a(eh_terminate.o)
                0x00113a40                std::unexpected()
 .text._ZSt13get_terminatev
                0x00113a7c       0xb4 c:/intelfpga_pro/18.1/embedded/host_tools/mentor/gnu/arm/baremetal/bin/../lib/gcc/arm-altera-eabi/6.2.0/../../../../arm-altera-eabi/lib\libstdc++.a(eh_terminate.o)
                0x00113a7c                std::get_terminate()
 .text._ZSt14get_unexpectedv
                0x00113b30       0xb4 c:/intelfpga_pro/18.1/embedded/host_tools/mentor/gnu/arm/baremetal/bin/../lib/gcc/arm-altera-eabi/6.2.0/../../../../arm-altera-eabi/lib\libstdc++.a(eh_terminate.o)
                0x00113b30                std::get_unexpected()
 .text.startup._GLOBAL__sub_I__ZN10__cxxabiv111__terminateEPFvvE
                0x00113be4       0x40 c:/intelfpga_pro/18.1/embedded/host_tools/mentor/gnu/arm/baremetal/bin/../lib/gcc/arm-altera-eabi/6.2.0/../../../../arm-altera-eabi/lib\libstdc++.a(eh_terminate.o)
 .text._ZN10__cxxabiv1L24__is_gxx_exception_classEPc
                0x00113c24       0x70 c:/intelfpga_pro/18.1/embedded/host_tools/mentor/gnu/arm/baremetal/bin/../lib/gcc/arm-altera-eabi/6.2.0/../../../../arm-altera-eabi/lib\libstdc++.a(eh_call.o)
 .text.__cxa_call_terminate
                0x00113c94       0x2c c:/intelfpga_pro/18.1/embedded/host_tools/mentor/gnu/arm/baremetal/bin/../lib/gcc/arm-altera-eabi/6.2.0/../../../../arm-altera-eabi/lib\libstdc++.a(eh_call.o)
                0x00113c94                __cxa_call_terminate
 .text.__cxa_call_unexpected
                0x00113cc0      0x140 c:/intelfpga_pro/18.1/embedded/host_tools/mentor/gnu/arm/baremetal/bin/../lib/gcc/arm-altera-eabi/6.2.0/../../../../arm-altera-eabi/lib\libstdc++.a(eh_call.o)
                0x00113cc0                __cxa_call_unexpected
 .text._ZNSt9type_infoD2Ev
                0x00113e00        0x4 c:/intelfpga_pro/18.1/embedded/host_tools/mentor/gnu/arm/baremetal/bin/../lib/gcc/arm-altera-eabi/6.2.0/../../../../arm-altera-eabi/lib\libstdc++.a(tinfo.o)
                0x00113e00                std::type_info::~type_info()
                0x00113e00                std::type_info::~type_info()
 .text._ZNKSt9type_info15__is_function_pEv
                0x00113e04        0x8 c:/intelfpga_pro/18.1/embedded/host_tools/mentor/gnu/arm/baremetal/bin/../lib/gcc/arm-altera-eabi/6.2.0/../../../../arm-altera-eabi/lib\libstdc++.a(tinfo.o)
                0x00113e04                std::type_info::__is_pointer_p() const
                0x00113e04                std::type_info::__is_function_p() const
 .text._ZNKSt9type_infoeqERKS_
                0x00113e0c       0x50 c:/intelfpga_pro/18.1/embedded/host_tools/mentor/gnu/arm/baremetal/bin/../lib/gcc/arm-altera-eabi/6.2.0/../../../../arm-altera-eabi/lib\libstdc++.a(tinfo.o)
                0x00113e0c                std::type_info::operator==(std::type_info const&) const
 .text._ZdlPv   0x00113e5c       0x10 c:/intelfpga_pro/18.1/embedded/host_tools/mentor/gnu/arm/baremetal/bin/../lib/gcc/arm-altera-eabi/6.2.0/../../../../arm-altera-eabi/lib\libstdc++.a(del_op.o)
                0x00113e5c                operator delete(void*)
 .text._ZNK10__cxxabiv117__class_type_info11__do_upcastEPKS0_PPv
                0x00113e6c       0x64 c:/intelfpga_pro/18.1/embedded/host_tools/mentor/gnu/arm/baremetal/bin/../lib/gcc/arm-altera-eabi/6.2.0/../../../../arm-altera-eabi/lib\libstdc++.a(class_type_info.o)
                0x00113e6c                __cxxabiv1::__class_type_info::__do_upcast(__cxxabiv1::__class_type_info const*, void**) const
 .text._ZNK10__cxxabiv117__class_type_info20__do_find_public_srcEiPKvPKS0_S2_
                0x00113ed0       0x14 c:/intelfpga_pro/18.1/embedded/host_tools/mentor/gnu/arm/baremetal/bin/../lib/gcc/arm-altera-eabi/6.2.0/../../../../arm-altera-eabi/lib\libstdc++.a(class_type_info.o)
                0x00113ed0                __cxxabiv1::__class_type_info::__do_find_public_src(int, void const*, __cxxabiv1::__class_type_info const*, void const*) const
 .text._ZN10__cxxabiv117__class_type_infoD2Ev
                0x00113ee4       0x24 c:/intelfpga_pro/18.1/embedded/host_tools/mentor/gnu/arm/baremetal/bin/../lib/gcc/arm-altera-eabi/6.2.0/../../../../arm-altera-eabi/lib\libstdc++.a(class_type_info.o)
                0x00113ee4                __cxxabiv1::__class_type_info::~__class_type_info()
                0x00113ee4                __cxxabiv1::__class_type_info::~__class_type_info()
 .text._ZN10__cxxabiv117__class_type_infoD0Ev
                0x00113f08       0x30 c:/intelfpga_pro/18.1/embedded/host_tools/mentor/gnu/arm/baremetal/bin/../lib/gcc/arm-altera-eabi/6.2.0/../../../../arm-altera-eabi/lib\libstdc++.a(class_type_info.o)
                0x00113f08                __cxxabiv1::__class_type_info::~__class_type_info()
 .text._ZNK10__cxxabiv117__class_type_info11__do_upcastEPKS0_PKvRNS0_15__upcast_resultE
                0x00113f38       0x30 c:/intelfpga_pro/18.1/embedded/host_tools/mentor/gnu/arm/baremetal/bin/../lib/gcc/arm-altera-eabi/6.2.0/../../../../arm-altera-eabi/lib\libstdc++.a(class_type_info.o)
                0x00113f38                __cxxabiv1::__class_type_info::__do_upcast(__cxxabiv1::__class_type_info const*, void const*, __cxxabiv1::__class_type_info::__upcast_result&) const
 .text._ZNK10__cxxabiv117__class_type_info10__do_catchEPKSt9type_infoPPvj
                0x00113f68       0x4c c:/intelfpga_pro/18.1/embedded/host_tools/mentor/gnu/arm/baremetal/bin/../lib/gcc/arm-altera-eabi/6.2.0/../../../../arm-altera-eabi/lib\libstdc++.a(class_type_info.o)
                0x00113f68                __cxxabiv1::__class_type_info::__do_catch(std::type_info const*, void**, unsigned int) const
 .text._ZNK10__cxxabiv117__class_type_info12__do_dyncastEiNS0_10__sub_kindEPKS0_PKvS3_S5_RNS0_16__dyncast_resultE
                0x00113fb4       0x74 c:/intelfpga_pro/18.1/embedded/host_tools/mentor/gnu/arm/baremetal/bin/../lib/gcc/arm-altera-eabi/6.2.0/../../../../arm-altera-eabi/lib\libstdc++.a(class_type_info.o)
                0x00113fb4                __cxxabiv1::__class_type_info::__do_dyncast(int, __cxxabiv1::__class_type_info::__sub_kind, __cxxabiv1::__class_type_info const*, void const*, __cxxabiv1::__class_type_info const*, void const*, __cxxabiv1::__class_type_info::__dyncast_result&) const
 .text.__aeabi_atexit
                0x00114028       0x1c c:/intelfpga_pro/18.1/embedded/host_tools/mentor/gnu/arm/baremetal/bin/../lib/gcc/arm-altera-eabi/6.2.0/../../../../arm-altera-eabi/lib\libstdc++.a(atexit_arm.o)
                0x00114028                __aeabi_atexit
 .text._ZN17__eh_globals_initD2Ev
                0x00114044       0x24 c:/intelfpga_pro/18.1/embedded/host_tools/mentor/gnu/arm/baremetal/bin/../lib/gcc/arm-altera-eabi/6.2.0/../../../../arm-altera-eabi/lib\libstdc++.a(eh_globals.o)
                0x00114044                __eh_globals_init::~__eh_globals_init()
                0x00114044                __eh_globals_init::~__eh_globals_init()
 .text._ZL15eh_globals_dtorPv
                0x00114068       0x3c c:/intelfpga_pro/18.1/embedded/host_tools/mentor/gnu/arm/baremetal/bin/../lib/gcc/arm-altera-eabi/6.2.0/../../../../arm-altera-eabi/lib\libstdc++.a(eh_globals.o)
 .text.__cxa_get_globals_fast
                0x001140a4       0x34 c:/intelfpga_pro/18.1/embedded/host_tools/mentor/gnu/arm/baremetal/bin/../lib/gcc/arm-altera-eabi/6.2.0/../../../../arm-altera-eabi/lib\libstdc++.a(eh_globals.o)
                0x001140a4                __cxa_get_globals_fast
 .text.__cxa_get_globals
                0x001140d8       0x74 c:/intelfpga_pro/18.1/embedded/host_tools/mentor/gnu/arm/baremetal/bin/../lib/gcc/arm-altera-eabi/6.2.0/../../../../arm-altera-eabi/lib\libstdc++.a(eh_globals.o)
                0x001140d8                __cxa_get_globals
 .text.startup._GLOBAL__sub_I___cxa_get_globals_fast
                0x0011414c       0x5c c:/intelfpga_pro/18.1/embedded/host_tools/mentor/gnu/arm/baremetal/bin/../lib/gcc/arm-altera-eabi/6.2.0/../../../../arm-altera-eabi/lib\libstdc++.a(eh_globals.o)
 .text._ZN9__gnu_cxx27__verbose_terminate_handlerEv
                0x001141a8      0x19c c:/intelfpga_pro/18.1/embedded/host_tools/mentor/gnu/arm/baremetal/bin/../lib/gcc/arm-altera-eabi/6.2.0/../../../../arm-altera-eabi/lib\libstdc++.a(vterminate.o)
                0x001141a8                __gnu_cxx::__verbose_terminate_handler()
 .text.__cxa_current_exception_type
                0x00114344       0x30 c:/intelfpga_pro/18.1/embedded/host_tools/mentor/gnu/arm/baremetal/bin/../lib/gcc/arm-altera-eabi/6.2.0/../../../../arm-altera-eabi/lib\libstdc++.a(eh_type.o)
                0x00114344                __cxa_current_exception_type
 .text          0x00114374     0x9e68 c:/intelfpga_pro/18.1/embedded/host_tools/mentor/gnu/arm/baremetal/bin/../lib/gcc/arm-altera-eabi/6.2.0/../../../../arm-altera-eabi/lib\libstdc++.a(cp-demangle.o)
                0x0011e054                __cxa_demangle
                0x0011e1ac                __gcclibcxx_demangle_callback
 .text          0x0011e1dc       0x58 c:/intelfpga_pro/18.1/embedded/host_tools/mentor/gnu/arm/baremetal/bin/../lib/gcc/arm-altera-eabi/6.2.0\libgcc.a(gthr-generic.o)
                0x0011e1dc                __generic_gxx_active_p
                0x0011e1e4                __generic_gxx_key_create
                0x0011e1ec                __generic_gxx_once
                0x0011e1f0                __generic_gxx_key_delete
                0x0011e1f8                __generic_gxx_getspecific
                0x0011e200                __generic_gxx_setspecific
                0x0011e208                __generic_gxx_recursive_mutex_init_function
                0x0011e20c                __generic_gxx_mutex_init_function
                0x0011e210                __generic_gxx_recursive_mutex_destroy
                0x0011e218                __generic_gxx_recursive_mutex_unlock
                0x0011e21c                __generic_gxx_recursive_mutex_trylock
                0x0011e220                __generic_gxx_recursive_mutex_lock
                0x0011e224                __generic_gxx_mutex_unlock
                0x0011e228                __generic_gxx_mutex_trylock
                0x0011e22c                __generic_gxx_mutex_lock
                0x0011e230                __generic_gxx_mutex_destroy
 .text          0x0011e234       0x24 c:/intelfpga_pro/18.1/embedded/host_tools/mentor/gnu/arm/baremetal/bin/../lib/gcc/arm-altera-eabi/6.2.0/../../../../arm-altera-eabi/lib\libc.a(lib_a-calloc.o)
                0x0011e234                calloc
 .text          0x0011e258       0x98 c:/intelfpga_pro/18.1/embedded/host_tools/mentor/gnu/arm/baremetal/bin/../lib/gcc/arm-altera-eabi/6.2.0/../../../../arm-altera-eabi/lib\libc.a(lib_a-callocr.o)
                0x0011e258                _calloc_r
 .text          0x0011e2f0       0x20 c:/intelfpga_pro/18.1/embedded/host_tools/mentor/gnu/arm/baremetal/bin/../lib/gcc/arm-altera-eabi/6.2.0/../../../../arm-altera-eabi/lib\libc.a(lib_a-cxa_atexit.o)
                0x0011e2f0                __cxa_atexit
 .text          0x0011e310      0x148 c:/intelfpga_pro/18.1/embedded/host_tools/mentor/gnu/arm/baremetal/bin/../lib/gcc/arm-altera-eabi/6.2.0/../../../../arm-altera-eabi/lib\libc.a(lib_a-fputc.o)
                0x0011e310                _fputc_r
                0x0011e3bc                fputc
 .text          0x0011e458      0x118 c:/intelfpga_pro/18.1/embedded/host_tools/mentor/gnu/arm/baremetal/bin/../lib/gcc/arm-altera-eabi/6.2.0/../../../../arm-altera-eabi/lib\libc.a(lib_a-fputs.o)
                0x0011e458                _fputs_r
                0x0011e550                fputs
 .text          0x0011e570      0x4dc c:/intelfpga_pro/18.1/embedded/host_tools/mentor/gnu/arm/baremetal/bin/../lib/gcc/arm-altera-eabi/6.2.0/../../../../arm-altera-eabi/lib\libc.a(lib_a-fvwrite.o)
                0x0011e570                __sfvwrite_r
 .text          0x0011ea4c      0x164 c:/intelfpga_pro/18.1/embedded/host_tools/mentor/gnu/arm/baremetal/bin/../lib/gcc/arm-altera-eabi/6.2.0/../../../../arm-altera-eabi/lib\libc.a(lib_a-fwrite.o)
                0x0011ea4c                _fwrite_r
                0x0011eb74                fwrite
 .text          0x0011ebb0       0x10 c:/intelfpga_pro/18.1/embedded/host_tools/mentor/gnu/arm/baremetal/bin/../lib/gcc/arm-altera-eabi/6.2.0/../../../../arm-altera-eabi/lib\libc.a(lib_a-getreent.o)
                0x0011ebb0                __getreent
 .text          0x0011ebc0       0x80 c:/intelfpga_pro/18.1/embedded/host_tools/mentor/gnu/arm/baremetal/bin/../lib/gcc/arm-altera-eabi/6.2.0/../../../../arm-altera-eabi/lib\libc.a(lib_a-init.o)
                0x0011ebc0                __libc_init_array
 .text          0x0011ec40       0x38 c:/intelfpga_pro/18.1/embedded/host_tools/mentor/gnu/arm/baremetal/bin/../lib/gcc/arm-altera-eabi/6.2.0/../../../../arm-altera-eabi/lib\libc.a(lib_a-malloc.o)
                0x0011ec40                malloc
                0x0011ec5c                free
 .text          0x0011ec78      0x750 c:/intelfpga_pro/18.1/embedded/host_tools/mentor/gnu/arm/baremetal/bin/../lib/gcc/arm-altera-eabi/6.2.0/../../../../arm-altera-eabi/lib\libc.a(lib_a-mallocr.o)
                0x0011ec78                _malloc_r
 .text          0x0011f3c8      0x110 c:/intelfpga_pro/18.1/embedded/host_tools/mentor/gnu/arm/baremetal/bin/../lib/gcc/arm-altera-eabi/6.2.0/../../../../arm-altera-eabi/lib\libc.a(lib_a-memchr-stub.o)
                0x0011f3c8                memchr
 .text          0x0011f4d8       0xf0 c:/intelfpga_pro/18.1/embedded/host_tools/mentor/gnu/arm/baremetal/bin/../lib/gcc/arm-altera-eabi/6.2.0/../../../../arm-altera-eabi/lib\libc.a(lib_a-memcmp.o)
                0x0011f4d8                memcmp
 .text          0x0011f5c8      0x114 c:/intelfpga_pro/18.1/embedded/host_tools/mentor/gnu/arm/baremetal/bin/../lib/gcc/arm-altera-eabi/6.2.0/../../../../arm-altera-eabi/lib\libc.a(lib_a-memcpy-stub.o)
                0x0011f5c8                memcpy
 .text          0x0011f6dc      0x148 c:/intelfpga_pro/18.1/embedded/host_tools/mentor/gnu/arm/baremetal/bin/../lib/gcc/arm-altera-eabi/6.2.0/../../../../arm-altera-eabi/lib\libc.a(lib_a-memmove.o)
                0x0011f6dc                memmove
 .text          0x0011f824      0x114 c:/intelfpga_pro/18.1/embedded/host_tools/mentor/gnu/arm/baremetal/bin/../lib/gcc/arm-altera-eabi/6.2.0/../../../../arm-altera-eabi/lib\libc.a(lib_a-memset.o)
                0x0011f824                memset
 .text          0x0011f938       0x30 c:/intelfpga_pro/18.1/embedded/host_tools/mentor/gnu/arm/baremetal/bin/../lib/gcc/arm-altera-eabi/6.2.0/../../../../arm-altera-eabi/lib\libc.a(lib_a-mlock.o)
                0x0011f938                __malloc_lock
                0x0011f950                __malloc_unlock
 .text.startup  0x0011f968       0x18 c:/intelfpga_pro/18.1/embedded/host_tools/mentor/gnu/arm/baremetal/bin/../lib/gcc/arm-altera-eabi/6.2.0/../../../../arm-altera-eabi/lib\libc.a(lib_a-mlock.o)
 .text          0x0011f980       0x6c c:/intelfpga_pro/18.1/embedded/host_tools/mentor/gnu/arm/baremetal/bin/../lib/gcc/arm-altera-eabi/6.2.0/../../../../arm-altera-eabi/lib\libc.a(lib_a-printf.o)
                0x0011f980                _printf_r
                0x0011f9b4                printf
 .text          0x0011f9ec      0x1bc c:/intelfpga_pro/18.1/embedded/host_tools/mentor/gnu/arm/baremetal/bin/../lib/gcc/arm-altera-eabi/6.2.0/../../../../arm-altera-eabi/lib\libc.a(lib_a-putc.o)
                0x0011f9ec                _putc_r
                0x0011fac8                putc
 .text          0x0011fba8      0x12c c:/intelfpga_pro/18.1/embedded/host_tools/mentor/gnu/arm/baremetal/bin/../lib/gcc/arm-altera-eabi/6.2.0/../../../../arm-altera-eabi/lib\libc.a(lib_a-puts.o)
                0x0011fba8                _puts_r
                0x0011fcbc                puts
 .text          0x0011fcd4       0x24 c:/intelfpga_pro/18.1/embedded/host_tools/mentor/gnu/arm/baremetal/bin/../lib/gcc/arm-altera-eabi/6.2.0/../../../../arm-altera-eabi/lib\libc.a(lib_a-realloc.o)
                0x0011fcd4                realloc
 .text          0x0011fcf8      0x4d4 c:/intelfpga_pro/18.1/embedded/host_tools/mentor/gnu/arm/baremetal/bin/../lib/gcc/arm-altera-eabi/6.2.0/../../../../arm-altera-eabi/lib\libc.a(lib_a-reallocr.o)
                0x0011fcf8                _realloc_r
 .text          0x001201cc      0x258 c:/intelfpga_pro/18.1/embedded/host_tools/mentor/gnu/arm/baremetal/bin/../lib/gcc/arm-altera-eabi/6.2.0/../../../../arm-altera-eabi/lib\libc.a(lib_a-setvbuf.o)
                0x001201cc                setvbuf
 .text          0x00120424       0xcc c:/intelfpga_pro/18.1/embedded/host_tools/mentor/gnu/arm/baremetal/bin/../lib/gcc/arm-altera-eabi/6.2.0/../../../../arm-altera-eabi/lib\libc.a(lib_a-sprintf.o)
                0x00120424                _sprintf_r
                0x00120488                sprintf
 .text          0x001204f0       0x74 c:/intelfpga_pro/18.1/embedded/host_tools/mentor/gnu/arm/baremetal/bin/../lib/gcc/arm-altera-eabi/6.2.0/../../../../arm-altera-eabi/lib\libc.a(lib_a-stpcpy.o)
                0x001204f0                stpcpy
 .text          0x00120564      0x224 c:/intelfpga_pro/18.1/embedded/host_tools/mentor/gnu/arm/baremetal/bin/../lib/gcc/arm-altera-eabi/6.2.0/../../../../arm-altera-eabi/lib\libc.a(lib_a-strcmp.o)
                0x00120564                strcmp
 .text          0x00120788       0xf0 c:/intelfpga_pro/18.1/embedded/host_tools/mentor/gnu/arm/baremetal/bin/../lib/gcc/arm-altera-eabi/6.2.0/../../../../arm-altera-eabi/lib\libc.a(lib_a-strcpy.o)
                0x00120788                strcpy
 .text          0x00120878       0x60 c:/intelfpga_pro/18.1/embedded/host_tools/mentor/gnu/arm/baremetal/bin/../lib/gcc/arm-altera-eabi/6.2.0/../../../../arm-altera-eabi/lib\libc.a(lib_a-strlen-stub.o)
                0x00120878                strlen
 .text          0x001208d8      0x110 c:/intelfpga_pro/18.1/embedded/host_tools/mentor/gnu/arm/baremetal/bin/../lib/gcc/arm-altera-eabi/6.2.0/../../../../arm-altera-eabi/lib\libc.a(lib_a-strncmp.o)
                0x001208d8                strncmp
 .text          0x001209e8      0x3c8 c:/intelfpga_pro/18.1/embedded/host_tools/mentor/gnu/arm/baremetal/bin/../lib/gcc/arm-altera-eabi/6.2.0/../../../../arm-altera-eabi/lib\libc.a(lib_a-strtoll.o)
                0x00120cc8                _strtoll_r
                0x00120d1c                strtoll_l
                0x00120d58                strtoll
 .text          0x00120db0      0x2d0 c:/intelfpga_pro/18.1/embedded/host_tools/mentor/gnu/arm/baremetal/bin/../lib/gcc/arm-altera-eabi/6.2.0/../../../../arm-altera-eabi/lib\libc.a(lib_a-strtoul.o)
                0x00120f98                _strtoul_r
                0x00120fec                strtoul_l
                0x00121028                strtoul
 .text          0x00121080      0x360 c:/intelfpga_pro/18.1/embedded/host_tools/mentor/gnu/arm/baremetal/bin/../lib/gcc/arm-altera-eabi/6.2.0/../../../../arm-altera-eabi/lib\libc.a(lib_a-strtoull.o)
                0x001212f8                _strtoull_r
                0x0012134c                strtoull_l
                0x00121388                strtoull
 .text          0x001213e0     0x2030 c:/intelfpga_pro/18.1/embedded/host_tools/mentor/gnu/arm/baremetal/bin/../lib/gcc/arm-altera-eabi/6.2.0/../../../../arm-altera-eabi/lib\libc.a(lib_a-svfprintf.o)
                0x001213e0                _svfprintf_r
 .text          0x00123410     0x14c4 c:/intelfpga_pro/18.1/embedded/host_tools/mentor/gnu/arm/baremetal/bin/../lib/gcc/arm-altera-eabi/6.2.0/../../../../arm-altera-eabi/lib\libc.a(lib_a-vfiprintf.o)
                0x001234c0                __sprint_r
                0x001234d8                _vfiprintf_r
                0x001247dc                vfiprintf
 .text          0x001248d4     0x22ec c:/intelfpga_pro/18.1/embedded/host_tools/mentor/gnu/arm/baremetal/bin/../lib/gcc/arm-altera-eabi/6.2.0/../../../../arm-altera-eabi/lib\libc.a(lib_a-vfprintf.o)
                0x001248d4                _vfprintf_r
                0x00126ac8                vfprintf
 .text          0x00126bc0      0x154 c:/intelfpga_pro/18.1/embedded/host_tools/mentor/gnu/arm/baremetal/bin/../lib/gcc/arm-altera-eabi/6.2.0/../../../../arm-altera-eabi/lib\libc.a(lib_a-wbuf.o)
                0x00126bc0                __swbuf_r
                0x00126cf4                __swbuf
 .text          0x00126d14      0x158 c:/intelfpga_pro/18.1/embedded/host_tools/mentor/gnu/arm/baremetal/bin/../lib/gcc/arm-altera-eabi/6.2.0/../../../../arm-altera-eabi/lib\libc.a(lib_a-wsetup.o)
                0x00126d14                __swsetup_r
 .text          0x00126e6c       0xfc c:/intelfpga_pro/18.1/embedded/host_tools/mentor/gnu/arm/baremetal/bin/../lib/gcc/arm-altera-eabi/6.2.0/../../../../arm-altera-eabi/lib\libc.a(lib_a-__atexit.o)
                0x00126e6c                __register_exitproc
 .text.startup  0x00126f68       0x40 c:/intelfpga_pro/18.1/embedded/host_tools/mentor/gnu/arm/baremetal/bin/../lib/gcc/arm-altera-eabi/6.2.0/../../../../arm-altera-eabi/lib\libc.a(lib_a-__call_atexit.o)
 .text          0x00126fa8       0x20 c:/intelfpga_pro/18.1/embedded/host_tools/mentor/gnu/arm/baremetal/bin/../lib/gcc/arm-altera-eabi/6.2.0/../../../../arm-altera-eabi/lib\libc.a(lib_a-atexit.o)
                0x00126fa8                atexit
 .text          0x00126fc8     0x181c c:/intelfpga_pro/18.1/embedded/host_tools/mentor/gnu/arm/baremetal/bin/../lib/gcc/arm-altera-eabi/6.2.0/../../../../arm-altera-eabi/lib\libc.a(lib_a-dtoa.o)
                0x001271a8                _dtoa_r
 .text          0x001287e4      0x314 c:/intelfpga_pro/18.1/embedded/host_tools/mentor/gnu/arm/baremetal/bin/../lib/gcc/arm-altera-eabi/6.2.0/../../../../arm-altera-eabi/lib\libc.a(lib_a-fflush.o)
                0x001287e4                __sflush_r
                0x00128a20                _fflush_r
                0x00128abc                fflush
 .text          0x00128af8      0x3e4 c:/intelfpga_pro/18.1/embedded/host_tools/mentor/gnu/arm/baremetal/bin/../lib/gcc/arm-altera-eabi/6.2.0/../../../../arm-altera-eabi/lib\libc.a(lib_a-findfp.o)
                0x00128af8                _cleanup_r
                0x00128c04                __sfmoreglue
                0x00128c54                _cleanup
                0x00128c78                __sinit
                0x00128d0c                __sfp
                0x00128e2c                __sfp_lock_acquire
                0x00128e44                __sfp_lock_release
                0x00128e5c                __sinit_lock_acquire
                0x00128e74                __sinit_lock_release
                0x00128e8c                __fp_lock_all
                0x00128eb4                __fp_unlock_all
 .text.startup  0x00128edc       0x30 c:/intelfpga_pro/18.1/embedded/host_tools/mentor/gnu/arm/baremetal/bin/../lib/gcc/arm-altera-eabi/6.2.0/../../../../arm-altera-eabi/lib\libc.a(lib_a-findfp.o)
 .text          0x00128f0c       0x48 c:/intelfpga_pro/18.1/embedded/host_tools/mentor/gnu/arm/baremetal/bin/../lib/gcc/arm-altera-eabi/6.2.0/../../../../arm-altera-eabi/lib\libc.a(lib_a-fini.o)
                0x00128f0c                __libc_fini_array
 .text          0x00128f54      0x204 c:/intelfpga_pro/18.1/embedded/host_tools/mentor/gnu/arm/baremetal/bin/../lib/gcc/arm-altera-eabi/6.2.0/../../../../arm-altera-eabi/lib\libc.a(lib_a-fputwc.o)
                0x00128f54                __fputwc
                0x00129064                _fputwc_r
                0x00129120                fputwc
 .text          0x00129158      0x3e0 c:/intelfpga_pro/18.1/embedded/host_tools/mentor/gnu/arm/baremetal/bin/../lib/gcc/arm-altera-eabi/6.2.0/../../../../arm-altera-eabi/lib\libc.a(lib_a-freer.o)
                0x00129158                _malloc_trim_r
                0x00129258                _free_r
 .text          0x00129538      0x110 c:/intelfpga_pro/18.1/embedded/host_tools/mentor/gnu/arm/baremetal/bin/../lib/gcc/arm-altera-eabi/6.2.0/../../../../arm-altera-eabi/lib\libc.a(lib_a-fwalk.o)
                0x00129538                _fwalk
                0x001295bc                _fwalk_reent
 .text          0x00129648       0xf4 c:/intelfpga_pro/18.1/embedded/host_tools/mentor/gnu/arm/baremetal/bin/../lib/gcc/arm-altera-eabi/6.2.0/../../../../arm-altera-eabi/lib\libc.a(lib_a-locale.o)
                0x0012966c                _setlocale_r
                0x001296d4                __locale_mb_cur_max
                0x001296fc                __locale_ctype_ptr_l
                0x00129704                __locale_ctype_ptr
                0x0012971c                setlocale
 .text          0x0012973c       0x58 c:/intelfpga_pro/18.1/embedded/host_tools/mentor/gnu/arm/baremetal/bin/../lib/gcc/arm-altera-eabi/6.2.0/../../../../arm-altera-eabi/lib\libc.a(lib_a-localeconv.o)
                0x0012973c                __localeconv_l
                0x00129744                _localeconv_r
                0x0012976c                localeconv
 .text          0x00129794      0x18c c:/intelfpga_pro/18.1/embedded/host_tools/mentor/gnu/arm/baremetal/bin/../lib/gcc/arm-altera-eabi/6.2.0/../../../../arm-altera-eabi/lib\libc.a(lib_a-makebuf.o)
                0x00129794                __swhatbuf_r
                0x00129834                __smakebuf_r
 .text          0x00129920       0xa0 c:/intelfpga_pro/18.1/embedded/host_tools/mentor/gnu/arm/baremetal/bin/../lib/gcc/arm-altera-eabi/6.2.0/../../../../arm-altera-eabi/lib\libc.a(lib_a-mbtowc_r.o)
                0x00129920                _mbtowc_r
                0x00129974                __ascii_mbtowc
 .text          0x001299c0      0xd98 c:/intelfpga_pro/18.1/embedded/host_tools/mentor/gnu/arm/baremetal/bin/../lib/gcc/arm-altera-eabi/6.2.0/../../../../arm-altera-eabi/lib\libc.a(lib_a-mprec.o)
                0x001299c0                _Balloc
                0x00129a4c                _Bfree
                0x00129a68                __multadd
                0x00129b44                __s2b
                0x00129c34                __hi0bits
                0x00129c8c                __lo0bits
                0x00129d2c                __i2b
                0x00129d50                __multiply
                0x00129f20                __pow5mult
                0x0012a024                __lshift
                0x0012a10c                __mcmp
                0x0012a16c                __mdiff
                0x0012a314                __ulp
                0x0012a37c                __b2d
                0x0012a468                __d2b
                0x0012a578                __ratio
                0x0012a608                _mprec_log10
                0x0012a668                __copybits
                0x0012a6d8                __any_on
 .text          0x0012a758       0xd8 c:/intelfpga_pro/18.1/embedded/host_tools/mentor/gnu/arm/baremetal/bin/../lib/gcc/arm-altera-eabi/6.2.0/../../../../arm-altera-eabi/lib\libc.a(lib_a-stdio.o)
                0x0012a758                __sread
                0x0012a78c                __seofread
                0x0012a794                __swrite
                0x0012a7ec                __sseek
                0x0012a81c                __sclose
 .text          0x0012a830     0x11e0 c:/intelfpga_pro/18.1/embedded/host_tools/mentor/gnu/arm/baremetal/bin/../lib/gcc/arm-altera-eabi/6.2.0/../../../../arm-altera-eabi/lib\libc.a(lib_a-svfiprintf.o)
                0x0012a830                __ssprint_r
                0x0012a9c0                _svfiprintf_r
 .text          0x0012ba10      0x150 c:/intelfpga_pro/18.1/embedded/host_tools/mentor/gnu/arm/baremetal/bin/../lib/gcc/arm-altera-eabi/6.2.0/../../../../arm-altera-eabi/lib\libc.a(lib_a-wcrtomb.o)
                0x0012ba10                _wcrtomb_r
                0x0012bab4                wcrtomb
 .text          0x0012bb60       0x74 c:/intelfpga_pro/18.1/embedded/host_tools/mentor/gnu/arm/baremetal/bin/../lib/gcc/arm-altera-eabi/6.2.0/../../../../arm-altera-eabi/lib\libc.a(lib_a-wctomb_r.o)
                0x0012bb60                _wctomb_r
                0x0012bbac                __ascii_wctomb
 .text          0x0012bbd4      0x180 c:/intelfpga_pro/18.1/embedded/host_tools/mentor/gnu/arm/baremetal/bin/../lib/gcc/arm-altera-eabi/6.2.0/../../../../arm-altera-eabi/lib\libc.a(lib_a-fclose.o)
                0x0012bbd4                _fclose_r
                0x0012bd3c                fclose
 .text          0x0012bd54      0x114 c:/intelfpga_pro/18.1/embedded/host_tools/mentor/gnu/arm/baremetal/bin/../lib/gcc/arm-altera-eabi/6.2.0\libgcc.a(_udivsi3.o)
                0x0012bd54                __aeabi_uidiv
                0x0012bd54                __udivsi3
                0x0012be48                __aeabi_uidivmod
 .text          0x0012be68      0x41c c:/intelfpga_pro/18.1/embedded/host_tools/mentor/gnu/arm/baremetal/bin/../lib/gcc/arm-altera-eabi/6.2.0\libgcc.a(_arm_addsubdf3.o)
                0x0012be68                __aeabi_drsub
                0x0012be70                __aeabi_dsub
                0x0012be70                __subdf3
                0x0012be74                __aeabi_dadd
                0x0012be74                __adddf3
                0x0012c184                __floatunsidf
                0x0012c184                __aeabi_ui2d
                0x0012c1a8                __floatsidf
                0x0012c1a8                __aeabi_i2d
                0x0012c1d0                __aeabi_f2d
                0x0012c1d0                __extendsfdf2
                0x0012c210                __floatundidf
                0x0012c210                __aeabi_ul2d
                0x0012c224                __floatdidf
                0x0012c224                __aeabi_l2d
 .text          0x0012c284      0x49c c:/intelfpga_pro/18.1/embedded/host_tools/mentor/gnu/arm/baremetal/bin/../lib/gcc/arm-altera-eabi/6.2.0\libgcc.a(_arm_muldivdf3.o)
                0x0012c284                __aeabi_dmul
                0x0012c284                __muldf3
                0x0012c514                __divdf3
                0x0012c514                __aeabi_ddiv
 .text          0x0012c720      0x144 c:/intelfpga_pro/18.1/embedded/host_tools/mentor/gnu/arm/baremetal/bin/../lib/gcc/arm-altera-eabi/6.2.0\libgcc.a(_arm_cmpdf2.o)
                0x0012c720                __gtdf2
                0x0012c720                __gedf2
                0x0012c728                __ltdf2
                0x0012c728                __ledf2
                0x0012c730                __nedf2
                0x0012c730                __eqdf2
                0x0012c730                __cmpdf2
                0x0012c7b8                __aeabi_cdrcmple
                0x0012c7d4                __aeabi_cdcmpeq
                0x0012c7d4                __aeabi_cdcmple
                0x0012c7ec                __aeabi_dcmpeq
                0x0012c804                __aeabi_dcmplt
                0x0012c81c                __aeabi_dcmple
                0x0012c834                __aeabi_dcmpge
                0x0012c84c                __aeabi_dcmpgt
 .text          0x0012c864       0x38 c:/intelfpga_pro/18.1/embedded/host_tools/mentor/gnu/arm/baremetal/bin/../lib/gcc/arm-altera-eabi/6.2.0\libgcc.a(_arm_unorddf2.o)
                0x0012c864                __unorddf2
                0x0012c864                __aeabi_dcmpun
 .text          0x0012c89c       0x5c c:/intelfpga_pro/18.1/embedded/host_tools/mentor/gnu/arm/baremetal/bin/../lib/gcc/arm-altera-eabi/6.2.0\libgcc.a(_arm_fixdfsi.o)
                0x0012c89c                __aeabi_d2iz
                0x0012c89c                __fixdfsi
 .text          0x0012c8f8       0x3c c:/intelfpga_pro/18.1/embedded/host_tools/mentor/gnu/arm/baremetal/bin/../lib/gcc/arm-altera-eabi/6.2.0\libgcc.a(_aeabi_uldivmod.o)
                0x0012c8f8                __aeabi_uldivmod
 .text          0x0012c934      0x12c c:/intelfpga_pro/18.1/embedded/host_tools/mentor/gnu/arm/baremetal/bin/../lib/gcc/arm-altera-eabi/6.2.0\libgcc.a(_udivmoddi4.o)
                0x0012c934                __udivmoddi4
 .text          0x0012ca60       0x28 c:/intelfpga_pro/18.1/embedded/host_tools/mentor/gnu/arm/baremetal/bin/../lib/gcc/arm-altera-eabi/6.2.0\libgcc.a(_clzdi2.o)
                0x0012ca60                __clzdi2
 .text          0x0012ca88       0x48 c:/intelfpga_pro/18.1/embedded/host_tools/mentor/gnu/arm/baremetal/bin/../lib/gcc/arm-altera-eabi/6.2.0\libgcc.a(_clzsi2.o)
                0x0012ca88                __clzsi2
 .text.__stub   0x0012cad0       0x20 linker stubs
 *(.plt)
 *(.gnu.warning)
 *(.glue_7t)
 .glue_7t       0x0012caf0        0x0 linker stubs
 *(.glue_7)
 .glue_7        0x0012caf0        0x0 linker stubs
 *(.vfp11_veneer)
 .vfp11_veneer  0x0012caf0        0x0 linker stubs
 *(.ARM.extab* .gnu.linkonce.armextab.*)
 .ARM.extab.text._Z12Task_HPS_Ledv
                0x0012caf0       0x35 MyApp_mAbassi.o
 *fill*         0x0012cb25        0x3 
 .ARM.extab.text._Z14Task_LOW_LEVELv
                0x0012cb28        0xc MyApp_mAbassi.o
 .ARM.extab.text._ZNK9__gnu_cxx24__concurrence_lock_error4whatEv
                0x0012cb34        0x0 c:/intelfpga_pro/18.1/embedded/host_tools/mentor/gnu/arm/baremetal/bin/../lib/gcc/arm-altera-eabi/6.2.0/../../../../arm-altera-eabi/lib\libstdc++.a(new_handler.o)
 .ARM.extab.text._ZNK9__gnu_cxx26__concurrence_unlock_error4whatEv
                0x0012cb34        0x0 c:/intelfpga_pro/18.1/embedded/host_tools/mentor/gnu/arm/baremetal/bin/../lib/gcc/arm-altera-eabi/6.2.0/../../../../arm-altera-eabi/lib\libstdc++.a(new_handler.o)
 .ARM.extab.text._ZN9__gnu_cxx24__concurrence_lock_errorD2Ev
                0x0012cb34        0x0 c:/intelfpga_pro/18.1/embedded/host_tools/mentor/gnu/arm/baremetal/bin/../lib/gcc/arm-altera-eabi/6.2.0/../../../../arm-altera-eabi/lib\libstdc++.a(new_handler.o)
 .ARM.extab.text._ZN9__gnu_cxx26__concurrence_unlock_errorD2Ev
                0x0012cb34        0x0 c:/intelfpga_pro/18.1/embedded/host_tools/mentor/gnu/arm/baremetal/bin/../lib/gcc/arm-altera-eabi/6.2.0/../../../../arm-altera-eabi/lib\libstdc++.a(new_handler.o)
 .ARM.extab.text._ZN9__gnu_cxx24__concurrence_lock_errorD0Ev
                0x0012cb34        0x0 c:/intelfpga_pro/18.1/embedded/host_tools/mentor/gnu/arm/baremetal/bin/../lib/gcc/arm-altera-eabi/6.2.0/../../../../arm-altera-eabi/lib\libstdc++.a(new_handler.o)
 .ARM.extab.text._ZN9__gnu_cxx26__concurrence_unlock_errorD0Ev
                0x0012cb34        0x0 c:/intelfpga_pro/18.1/embedded/host_tools/mentor/gnu/arm/baremetal/bin/../lib/gcc/arm-altera-eabi/6.2.0/../../../../arm-altera-eabi/lib\libstdc++.a(new_handler.o)
 .ARM.extab.text._ZN9__gnu_cxx7__mutexD2Ev
                0x0012cb34        0xc c:/intelfpga_pro/18.1/embedded/host_tools/mentor/gnu/arm/baremetal/bin/../lib/gcc/arm-altera-eabi/6.2.0/../../../../arm-altera-eabi/lib\libstdc++.a(new_handler.o)
 .ARM.extab.text._ZN9__gnu_cxx30__throw_concurrence_lock_errorEv
                0x0012cb40        0x0 c:/intelfpga_pro/18.1/embedded/host_tools/mentor/gnu/arm/baremetal/bin/../lib/gcc/arm-altera-eabi/6.2.0/../../../../arm-altera-eabi/lib\libstdc++.a(new_handler.o)
 .ARM.extab.text._ZN9__gnu_cxx32__throw_concurrence_unlock_errorEv
                0x0012cb40        0x0 c:/intelfpga_pro/18.1/embedded/host_tools/mentor/gnu/arm/baremetal/bin/../lib/gcc/arm-altera-eabi/6.2.0/../../../../arm-altera-eabi/lib\libstdc++.a(new_handler.o)
 .ARM.extab.text._ZSt15get_new_handlerv
                0x0012cb40       0x20 c:/intelfpga_pro/18.1/embedded/host_tools/mentor/gnu/arm/baremetal/bin/../lib/gcc/arm-altera-eabi/6.2.0/../../../../arm-altera-eabi/lib\libstdc++.a(new_handler.o)
 .ARM.extab.text.__cxa_begin_catch
                0x0012cb60        0xc c:/intelfpga_pro/18.1/embedded/host_tools/mentor/gnu/arm/baremetal/bin/../lib/gcc/arm-altera-eabi/6.2.0/../../../../arm-altera-eabi/lib\libstdc++.a(eh_catch.o)
 .ARM.extab.text._ZN12_GLOBAL__N_14poolD2Ev
                0x0012cb6c        0xc c:/intelfpga_pro/18.1/embedded/host_tools/mentor/gnu/arm/baremetal/bin/../lib/gcc/arm-altera-eabi/6.2.0/../../../../arm-altera-eabi/lib\libstdc++.a(eh_alloc.o)
 .ARM.extab.text._ZN12_GLOBAL__N_14pool4freeEPv.constprop.2
                0x0012cb78       0x30 c:/intelfpga_pro/18.1/embedded/host_tools/mentor/gnu/arm/baremetal/bin/../lib/gcc/arm-altera-eabi/6.2.0/../../../../arm-altera-eabi/lib\libstdc++.a(eh_alloc.o)
 .ARM.extab.text._ZN12_GLOBAL__N_14pool8allocateEj.constprop.3
                0x0012cba8       0x2c c:/intelfpga_pro/18.1/embedded/host_tools/mentor/gnu/arm/baremetal/bin/../lib/gcc/arm-altera-eabi/6.2.0/../../../../arm-altera-eabi/lib\libstdc++.a(eh_alloc.o)
 .ARM.extab.text.__cxa_allocate_exception
                0x0012cbd4        0xc c:/intelfpga_pro/18.1/embedded/host_tools/mentor/gnu/arm/baremetal/bin/../lib/gcc/arm-altera-eabi/6.2.0/../../../../arm-altera-eabi/lib\libstdc++.a(eh_alloc.o)
 .ARM.extab.text.__cxa_free_exception
                0x0012cbe0        0xc c:/intelfpga_pro/18.1/embedded/host_tools/mentor/gnu/arm/baremetal/bin/../lib/gcc/arm-altera-eabi/6.2.0/../../../../arm-altera-eabi/lib\libstdc++.a(eh_alloc.o)
 .ARM.extab.text.__gxx_personality_v0
                0x0012cbec       0x20 c:/intelfpga_pro/18.1/embedded/host_tools/mentor/gnu/arm/baremetal/bin/../lib/gcc/arm-altera-eabi/6.2.0/../../../../arm-altera-eabi/lib\libstdc++.a(eh_personality.o)
 .ARM.extab.text._ZN9__gnu_cxx7__mutex4lockEv
                0x0012cc0c        0x0 c:/intelfpga_pro/18.1/embedded/host_tools/mentor/gnu/arm/baremetal/bin/../lib/gcc/arm-altera-eabi/6.2.0/../../../../arm-altera-eabi/lib\libstdc++.a(eh_terminate.o)
 .ARM.extab.text._ZN9__gnu_cxx13__scoped_lockD2Ev
                0x0012cc0c       0x1c c:/intelfpga_pro/18.1/embedded/host_tools/mentor/gnu/arm/baremetal/bin/../lib/gcc/arm-altera-eabi/6.2.0/../../../../arm-altera-eabi/lib\libstdc++.a(eh_terminate.o)
 .ARM.extab.text._ZN10__cxxabiv111__terminateEPFvvE
                0x0012cc28       0x28 c:/intelfpga_pro/18.1/embedded/host_tools/mentor/gnu/arm/baremetal/bin/../lib/gcc/arm-altera-eabi/6.2.0/../../../../arm-altera-eabi/lib\libstdc++.a(eh_terminate.o)
 .ARM.extab.text._ZSt9terminatev
                0x0012cc50        0xc c:/intelfpga_pro/18.1/embedded/host_tools/mentor/gnu/arm/baremetal/bin/../lib/gcc/arm-altera-eabi/6.2.0/../../../../arm-altera-eabi/lib\libstdc++.a(eh_terminate.o)
 .ARM.extab.text._ZSt10unexpectedv
                0x0012cc5c       0x10 c:/intelfpga_pro/18.1/embedded/host_tools/mentor/gnu/arm/baremetal/bin/../lib/gcc/arm-altera-eabi/6.2.0/../../../../arm-altera-eabi/lib\libstdc++.a(eh_terminate.o)
 .ARM.extab.text._ZSt13get_terminatev
                0x0012cc6c       0x24 c:/intelfpga_pro/18.1/embedded/host_tools/mentor/gnu/arm/baremetal/bin/../lib/gcc/arm-altera-eabi/6.2.0/../../../../arm-altera-eabi/lib\libstdc++.a(eh_terminate.o)
 .ARM.extab.text._ZSt14get_unexpectedv
                0x0012cc90       0x24 c:/intelfpga_pro/18.1/embedded/host_tools/mentor/gnu/arm/baremetal/bin/../lib/gcc/arm-altera-eabi/6.2.0/../../../../arm-altera-eabi/lib\libstdc++.a(eh_terminate.o)
 .ARM.extab.text.__cxa_call_unexpected
                0x0012ccb4       0x28 c:/intelfpga_pro/18.1/embedded/host_tools/mentor/gnu/arm/baremetal/bin/../lib/gcc/arm-altera-eabi/6.2.0/../../../../arm-altera-eabi/lib\libstdc++.a(eh_call.o)
 .ARM.extab.text._ZN17__eh_globals_initD2Ev
                0x0012ccdc        0xc c:/intelfpga_pro/18.1/embedded/host_tools/mentor/gnu/arm/baremetal/bin/../lib/gcc/arm-altera-eabi/6.2.0/../../../../arm-altera-eabi/lib\libstdc++.a(eh_globals.o)
 .ARM.extab.text.__cxa_get_globals_fast
                0x0012cce8        0xc c:/intelfpga_pro/18.1/embedded/host_tools/mentor/gnu/arm/baremetal/bin/../lib/gcc/arm-altera-eabi/6.2.0/../../../../arm-altera-eabi/lib\libstdc++.a(eh_globals.o)
 .ARM.extab.text.__cxa_get_globals
                0x0012ccf4        0xc c:/intelfpga_pro/18.1/embedded/host_tools/mentor/gnu/arm/baremetal/bin/../lib/gcc/arm-altera-eabi/6.2.0/../../../../arm-altera-eabi/lib\libstdc++.a(eh_globals.o)
 .ARM.extab.text._ZN9__gnu_cxx27__verbose_terminate_handlerEv
                0x0012cd00       0x34 c:/intelfpga_pro/18.1/embedded/host_tools/mentor/gnu/arm/baremetal/bin/../lib/gcc/arm-altera-eabi/6.2.0/../../../../arm-altera-eabi/lib\libstdc++.a(vterminate.o)
 *(.gcc_except_table)

.v4_bx          0x0012cd34        0x0
 .v4_bx         0x0012cd34        0x0 linker stubs

.iplt           0x0012cd34        0x0
 .iplt          0x0012cd34        0x0 c:/intelfpga_pro/18.1/embedded/host_tools/mentor/gnu/arm/baremetal/bin/../lib/gcc/arm-altera-eabi/6.2.0/crtbegin.o

.eh_frame_hdr
 *(.eh_frame_hdr)
 *(.eh_frame_entry .eh_frame_entry.*)

.eh_frame       0x0012cd34        0x4
 *(.eh_frame)
 .eh_frame      0x0012cd34        0x0 c:/intelfpga_pro/18.1/embedded/host_tools/mentor/gnu/arm/baremetal/bin/../lib/gcc/arm-altera-eabi/6.2.0/crtbegin.o
 .eh_frame      0x0012cd34        0x4 c:/intelfpga_pro/18.1/embedded/host_tools/mentor/gnu/arm/baremetal/bin/../lib/gcc/arm-altera-eabi/6.2.0/crtend.o
 *(.eh_frame.*)
                0x0012cd38                PROVIDE (__exidx_start, .)

.ARM.exidx      0x0012cd38      0x2a8
 *(.ARM.exidx* .gnu.linkonce.armexidx.*)
 .ARM.exidx.text.startup.main
                0x0012cd38        0x8 Main_mAbassi.o
 .ARM.exidx.text.TIMcallBack
                0x0012cd40        0x8 Main_mAbassi.o
 .ARM.exidx.text._Z24button_CallbackInterruptmPv
                0x0012cd48        0x8 MyApp_mAbassi.o
 .ARM.exidx.text._Z13Task_FPGA_Ledv
                0x0012cd50        0x0 MyApp_mAbassi.o
                                  0x8 (size before relaxing)
 .ARM.exidx.text._Z16Task_FPGA_Buttonv
                0x0012cd50        0x8 MyApp_mAbassi.o
 .ARM.exidx.text._Z15setup_Interruptv
                0x0012cd58        0x8 MyApp_mAbassi.o
 .ARM.exidx.text._Z14setup_hps_gpiov
                0x0012cd60        0x8 MyApp_mAbassi.o
 .ARM.exidx.text._Z12Task_HPS_Ledv
                0x0012cd68        0x8 MyApp_mAbassi.o
 .ARM.exidx.text._Z14Task_LOW_LEVELv
                0x0012cd70        0x8 MyApp_mAbassi.o
 .ARM.exidx.text.startup._GLOBAL__sub_I_fpga_leds
                0x0012cd78        0x8 MyApp_mAbassi.o
 .ARM.exidx.text._ZN10motor_cardC2Emi
                0x0012cd80        0x0 motor_card.o
                                  0x8 (size before relaxing)
 .ARM.exidx.text._ZN10motor_card10ctrl_motorEi
                0x0012cd80        0x8 motor_card.o
 .ARM.exidx.text._ZN10motor_card11set_voltageEd
                0x0012cd88        0x8 motor_card.o
 .ARM.exidx.text._ZN10motor_card4initEv
                0x0012cd90        0x8 motor_card.o
 .ARM.exidx.text.Test_func
                0x0012cd98        0x8 test.o
 .ARM.exidx.text._Z8CAN_initv
                0x0012cda0        0x8 MyDriver_CAN.o
 .ARM.exidx.text._Z11CAN_sendMsgmPhhh
                0x0012cda8       0x10 MyDriver_CAN.o
                                  0x8 (size before relaxing)
 .ARM.exidx     0x0012cdb8       0x78 c:/intelfpga_pro/18.1/embedded/host_tools/mentor/gnu/arm/baremetal/bin/../lib/gcc/arm-altera-eabi/6.2.0\libgcc.a(unwind-arm.o)
                                 0xd8 (size before relaxing)
 .ARM.exidx     0x0012ce30       0x30 c:/intelfpga_pro/18.1/embedded/host_tools/mentor/gnu/arm/baremetal/bin/../lib/gcc/arm-altera-eabi/6.2.0\libgcc.a(pr-support.o)
                                 0x48 (size before relaxing)
 .ARM.exidx.text._Znwj
                0x0012ce60       0x10 c:/intelfpga_pro/18.1/embedded/host_tools/mentor/gnu/arm/baremetal/bin/../lib/gcc/arm-altera-eabi/6.2.0/../../../../arm-altera-eabi/lib\libstdc++.a(new_op.o)
                                  0x8 (size before relaxing)
 .ARM.exidx.text.__cxa_type_match
                0x0012ce70        0x8 c:/intelfpga_pro/18.1/embedded/host_tools/mentor/gnu/arm/baremetal/bin/../lib/gcc/arm-altera-eabi/6.2.0/../../../../arm-altera-eabi/lib\libstdc++.a(eh_arm.o)
 .ARM.exidx.text.__cxa_begin_cleanup
                0x0012ce78        0x8 c:/intelfpga_pro/18.1/embedded/host_tools/mentor/gnu/arm/baremetal/bin/../lib/gcc/arm-altera-eabi/6.2.0/../../../../arm-altera-eabi/lib\libstdc++.a(eh_arm.o)
 .ARM.exidx.text.__gnu_end_cleanup
                0x0012ce80        0x0 c:/intelfpga_pro/18.1/embedded/host_tools/mentor/gnu/arm/baremetal/bin/../lib/gcc/arm-altera-eabi/6.2.0/../../../../arm-altera-eabi/lib\libstdc++.a(eh_arm.o)
                                  0x8 (size before relaxing)
 .ARM.exidx.text._ZL23__gxx_exception_cleanup19_Unwind_Reason_CodeP21_Unwind_Control_Block
                0x0012ce80        0x8 c:/intelfpga_pro/18.1/embedded/host_tools/mentor/gnu/arm/baremetal/bin/../lib/gcc/arm-altera-eabi/6.2.0/../../../../arm-altera-eabi/lib\libstdc++.a(eh_throw.o)
 .ARM.exidx.text.__cxa_throw
                0x0012ce88        0x8 c:/intelfpga_pro/18.1/embedded/host_tools/mentor/gnu/arm/baremetal/bin/../lib/gcc/arm-altera-eabi/6.2.0/../../../../arm-altera-eabi/lib\libstdc++.a(eh_throw.o)
 .ARM.exidx.text.__cxa_rethrow
                0x0012ce90        0x8 c:/intelfpga_pro/18.1/embedded/host_tools/mentor/gnu/arm/baremetal/bin/../lib/gcc/arm-altera-eabi/6.2.0/../../../../arm-altera-eabi/lib\libstdc++.a(eh_throw.o)
 .ARM.exidx.text._ZNK9__gnu_cxx24__concurrence_lock_error4whatEv
                0x0012ce98        0x8 c:/intelfpga_pro/18.1/embedded/host_tools/mentor/gnu/arm/baremetal/bin/../lib/gcc/arm-altera-eabi/6.2.0/../../../../arm-altera-eabi/lib\libstdc++.a(new_handler.o)
 .ARM.exidx.text._ZNK9__gnu_cxx26__concurrence_unlock_error4whatEv
                0x0012cea0        0x0 c:/intelfpga_pro/18.1/embedded/host_tools/mentor/gnu/arm/baremetal/bin/../lib/gcc/arm-altera-eabi/6.2.0/../../../../arm-altera-eabi/lib\libstdc++.a(new_handler.o)
                                  0x8 (size before relaxing)
 .ARM.exidx.text._ZN9__gnu_cxx24__concurrence_lock_errorD2Ev
                0x0012cea0        0x0 c:/intelfpga_pro/18.1/embedded/host_tools/mentor/gnu/arm/baremetal/bin/../lib/gcc/arm-altera-eabi/6.2.0/../../../../arm-altera-eabi/lib\libstdc++.a(new_handler.o)
                                  0x8 (size before relaxing)
 .ARM.exidx.text._ZN9__gnu_cxx26__concurrence_unlock_errorD2Ev
                0x0012cea0        0x0 c:/intelfpga_pro/18.1/embedded/host_tools/mentor/gnu/arm/baremetal/bin/../lib/gcc/arm-altera-eabi/6.2.0/../../../../arm-altera-eabi/lib\libstdc++.a(new_handler.o)
                                  0x8 (size before relaxing)
 .ARM.exidx.text._ZN9__gnu_cxx24__concurrence_lock_errorD0Ev
                0x0012cea0        0x0 c:/intelfpga_pro/18.1/embedded/host_tools/mentor/gnu/arm/baremetal/bin/../lib/gcc/arm-altera-eabi/6.2.0/../../../../arm-altera-eabi/lib\libstdc++.a(new_handler.o)
                                  0x8 (size before relaxing)
 .ARM.exidx.text._ZN9__gnu_cxx26__concurrence_unlock_errorD0Ev
                0x0012cea0        0x0 c:/intelfpga_pro/18.1/embedded/host_tools/mentor/gnu/arm/baremetal/bin/../lib/gcc/arm-altera-eabi/6.2.0/../../../../arm-altera-eabi/lib\libstdc++.a(new_handler.o)
                                  0x8 (size before relaxing)
 .ARM.exidx.text._ZN9__gnu_cxx7__mutexD2Ev
                0x0012cea0        0x8 c:/intelfpga_pro/18.1/embedded/host_tools/mentor/gnu/arm/baremetal/bin/../lib/gcc/arm-altera-eabi/6.2.0/../../../../arm-altera-eabi/lib\libstdc++.a(new_handler.o)
 .ARM.exidx.text._ZN9__gnu_cxx30__throw_concurrence_lock_errorEv
                0x0012cea8        0x8 c:/intelfpga_pro/18.1/embedded/host_tools/mentor/gnu/arm/baremetal/bin/../lib/gcc/arm-altera-eabi/6.2.0/../../../../arm-altera-eabi/lib\libstdc++.a(new_handler.o)
 .ARM.exidx.text._ZN9__gnu_cxx32__throw_concurrence_unlock_errorEv
                0x0012ceb0        0x0 c:/intelfpga_pro/18.1/embedded/host_tools/mentor/gnu/arm/baremetal/bin/../lib/gcc/arm-altera-eabi/6.2.0/../../../../arm-altera-eabi/lib\libstdc++.a(new_handler.o)
                                  0x8 (size before relaxing)
 .ARM.exidx.text._ZSt15get_new_handlerv
                0x0012ceb0        0x8 c:/intelfpga_pro/18.1/embedded/host_tools/mentor/gnu/arm/baremetal/bin/../lib/gcc/arm-altera-eabi/6.2.0/../../../../arm-altera-eabi/lib\libstdc++.a(new_handler.o)
 .ARM.exidx.text.startup._GLOBAL__sub_I__ZSt7nothrow
                0x0012ceb8        0x8 c:/intelfpga_pro/18.1/embedded/host_tools/mentor/gnu/arm/baremetal/bin/../lib/gcc/arm-altera-eabi/6.2.0/../../../../arm-altera-eabi/lib\libstdc++.a(new_handler.o)
 .ARM.exidx.text.__cxa_begin_catch
                0x0012cec0        0x8 c:/intelfpga_pro/18.1/embedded/host_tools/mentor/gnu/arm/baremetal/bin/../lib/gcc/arm-altera-eabi/6.2.0/../../../../arm-altera-eabi/lib\libstdc++.a(eh_catch.o)
 .ARM.exidx.text.__cxa_end_catch
                0x0012cec8        0x8 c:/intelfpga_pro/18.1/embedded/host_tools/mentor/gnu/arm/baremetal/bin/../lib/gcc/arm-altera-eabi/6.2.0/../../../../arm-altera-eabi/lib\libstdc++.a(eh_catch.o)
 .ARM.exidx.text._ZNSt9exceptionD2Ev
                0x0012ced0        0x8 c:/intelfpga_pro/18.1/embedded/host_tools/mentor/gnu/arm/baremetal/bin/../lib/gcc/arm-altera-eabi/6.2.0/../../../../arm-altera-eabi/lib\libstdc++.a(eh_exception.o)
 .ARM.exidx.text._ZNSt13bad_exceptionD2Ev
                0x0012ced8        0x0 c:/intelfpga_pro/18.1/embedded/host_tools/mentor/gnu/arm/baremetal/bin/../lib/gcc/arm-altera-eabi/6.2.0/../../../../arm-altera-eabi/lib\libstdc++.a(eh_exception.o)
                                  0x8 (size before relaxing)
 .ARM.exidx.text._ZGTtNKSt13bad_exception4whatEv
                0x0012ced8        0x0 c:/intelfpga_pro/18.1/embedded/host_tools/mentor/gnu/arm/baremetal/bin/../lib/gcc/arm-altera-eabi/6.2.0/../../../../arm-altera-eabi/lib\libstdc++.a(eh_exception.o)
                                  0x8 (size before relaxing)
 .ARM.exidx.text._ZNSt13bad_exceptionD0Ev
                0x0012ced8        0x0 c:/intelfpga_pro/18.1/embedded/host_tools/mentor/gnu/arm/baremetal/bin/../lib/gcc/arm-altera-eabi/6.2.0/../../../../arm-altera-eabi/lib\libstdc++.a(eh_exception.o)
                                  0x8 (size before relaxing)
 .ARM.exidx.text._ZN12_GLOBAL__N_14poolD2Ev
                0x0012ced8        0x8 c:/intelfpga_pro/18.1/embedded/host_tools/mentor/gnu/arm/baremetal/bin/../lib/gcc/arm-altera-eabi/6.2.0/../../../../arm-altera-eabi/lib\libstdc++.a(eh_alloc.o)
 .ARM.exidx.text._ZN12_GLOBAL__N_14pool4freeEPv.constprop.2
                0x0012cee0        0x8 c:/intelfpga_pro/18.1/embedded/host_tools/mentor/gnu/arm/baremetal/bin/../lib/gcc/arm-altera-eabi/6.2.0/../../../../arm-altera-eabi/lib\libstdc++.a(eh_alloc.o)
 .ARM.exidx.text._ZN12_GLOBAL__N_14pool8allocateEj.constprop.3
                0x0012cee8        0x8 c:/intelfpga_pro/18.1/embedded/host_tools/mentor/gnu/arm/baremetal/bin/../lib/gcc/arm-altera-eabi/6.2.0/../../../../arm-altera-eabi/lib\libstdc++.a(eh_alloc.o)
 .ARM.exidx.text.__cxa_allocate_exception
                0x0012cef0        0x8 c:/intelfpga_pro/18.1/embedded/host_tools/mentor/gnu/arm/baremetal/bin/../lib/gcc/arm-altera-eabi/6.2.0/../../../../arm-altera-eabi/lib\libstdc++.a(eh_alloc.o)
 .ARM.exidx.text.__cxa_free_exception
                0x0012cef8        0x8 c:/intelfpga_pro/18.1/embedded/host_tools/mentor/gnu/arm/baremetal/bin/../lib/gcc/arm-altera-eabi/6.2.0/../../../../arm-altera-eabi/lib\libstdc++.a(eh_alloc.o)
 .ARM.exidx.text.startup._GLOBAL__sub_I__ZN9__gnu_cxx9__freeresEv
                0x0012cf00        0x8 c:/intelfpga_pro/18.1/embedded/host_tools/mentor/gnu/arm/baremetal/bin/../lib/gcc/arm-altera-eabi/6.2.0/../../../../arm-altera-eabi/lib\libstdc++.a(eh_alloc.o)
 .ARM.exidx.text._ZL28read_encoded_value_with_basehjPKhPj
                0x0012cf08        0x8 c:/intelfpga_pro/18.1/embedded/host_tools/mentor/gnu/arm/baremetal/bin/../lib/gcc/arm-altera-eabi/6.2.0/../../../../arm-altera-eabi/lib\libstdc++.a(eh_personality.o)
 .ARM.exidx.text._ZL21base_of_encoded_valuehP15_Unwind_Context
                0x0012cf10        0x8 c:/intelfpga_pro/18.1/embedded/host_tools/mentor/gnu/arm/baremetal/bin/../lib/gcc/arm-altera-eabi/6.2.0/../../../../arm-altera-eabi/lib\libstdc++.a(eh_personality.o)
 .ARM.exidx.text._ZL17parse_lsda_headerP15_Unwind_ContextPKhP16lsda_header_info
                0x0012cf18        0x8 c:/intelfpga_pro/18.1/embedded/host_tools/mentor/gnu/arm/baremetal/bin/../lib/gcc/arm-altera-eabi/6.2.0/../../../../arm-altera-eabi/lib\libstdc++.a(eh_personality.o)
 .ARM.exidx.text.__gxx_personality_v0
                0x0012cf20        0x8 c:/intelfpga_pro/18.1/embedded/host_tools/mentor/gnu/arm/baremetal/bin/../lib/gcc/arm-altera-eabi/6.2.0/../../../../arm-altera-eabi/lib\libstdc++.a(eh_personality.o)
 .ARM.exidx.text._ZdlPvj
                0x0012cf28        0x8 c:/intelfpga_pro/18.1/embedded/host_tools/mentor/gnu/arm/baremetal/bin/../lib/gcc/arm-altera-eabi/6.2.0/../../../../arm-altera-eabi/lib\libstdc++.a(del_ops.o)
 .ARM.exidx.text._ZN10__cxxabiv120__si_class_type_infoD2Ev
                0x0012cf30        0x0 c:/intelfpga_pro/18.1/embedded/host_tools/mentor/gnu/arm/baremetal/bin/../lib/gcc/arm-altera-eabi/6.2.0/../../../../arm-altera-eabi/lib\libstdc++.a(si_class_type_info.o)
                                  0x8 (size before relaxing)
 .ARM.exidx.text._ZN10__cxxabiv120__si_class_type_infoD0Ev
                0x0012cf30        0x0 c:/intelfpga_pro/18.1/embedded/host_tools/mentor/gnu/arm/baremetal/bin/../lib/gcc/arm-altera-eabi/6.2.0/../../../../arm-altera-eabi/lib\libstdc++.a(si_class_type_info.o)
                                  0x8 (size before relaxing)
 .ARM.exidx.text._ZNK10__cxxabiv120__si_class_type_info20__do_find_public_srcEiPKvPKNS_17__class_type_infoES2_
                0x0012cf30        0x0 c:/intelfpga_pro/18.1/embedded/host_tools/mentor/gnu/arm/baremetal/bin/../lib/gcc/arm-altera-eabi/6.2.0/../../../../arm-altera-eabi/lib\libstdc++.a(si_class_type_info.o)
                                  0x8 (size before relaxing)
 .ARM.exidx.text._ZNK10__cxxabiv120__si_class_type_info12__do_dyncastEiNS_17__class_type_info10__sub_kindEPKS1_PKvS4_S6_RNS1_16__dyncast_resultE
                0x0012cf30        0x0 c:/intelfpga_pro/18.1/embedded/host_tools/mentor/gnu/arm/baremetal/bin/../lib/gcc/arm-altera-eabi/6.2.0/../../../../arm-altera-eabi/lib\libstdc++.a(si_class_type_info.o)
                                  0x8 (size before relaxing)
 .ARM.exidx.text._ZNK10__cxxabiv120__si_class_type_info11__do_upcastEPKNS_17__class_type_infoEPKvRNS1_15__upcast_resultE
                0x0012cf30        0x8 c:/intelfpga_pro/18.1/embedded/host_tools/mentor/gnu/arm/baremetal/bin/../lib/gcc/arm-altera-eabi/6.2.0/../../../../arm-altera-eabi/lib\libstdc++.a(si_class_type_info.o)
 .ARM.exidx.text._ZNKSt9bad_alloc4whatEv
                0x0012cf38        0x8 c:/intelfpga_pro/18.1/embedded/host_tools/mentor/gnu/arm/baremetal/bin/../lib/gcc/arm-altera-eabi/6.2.0/../../../../arm-altera-eabi/lib\libstdc++.a(bad_alloc.o)
 .ARM.exidx.text._ZNSt9bad_allocD2Ev
                0x0012cf40        0x0 c:/intelfpga_pro/18.1/embedded/host_tools/mentor/gnu/arm/baremetal/bin/../lib/gcc/arm-altera-eabi/6.2.0/../../../../arm-altera-eabi/lib\libstdc++.a(bad_alloc.o)
                                  0x8 (size before relaxing)
 .ARM.exidx.text._ZNSt9bad_allocD0Ev
                0x0012cf40        0x0 c:/intelfpga_pro/18.1/embedded/host_tools/mentor/gnu/arm/baremetal/bin/../lib/gcc/arm-altera-eabi/6.2.0/../../../../arm-altera-eabi/lib\libstdc++.a(bad_alloc.o)
                                  0x8 (size before relaxing)
 .ARM.exidx.text._ZN9__gnu_cxx7__mutex4lockEv
                0x0012cf40        0x8 c:/intelfpga_pro/18.1/embedded/host_tools/mentor/gnu/arm/baremetal/bin/../lib/gcc/arm-altera-eabi/6.2.0/../../../../arm-altera-eabi/lib\libstdc++.a(eh_terminate.o)
 .ARM.exidx.text._ZN9__gnu_cxx13__scoped_lockD2Ev
                0x0012cf48        0x8 c:/intelfpga_pro/18.1/embedded/host_tools/mentor/gnu/arm/baremetal/bin/../lib/gcc/arm-altera-eabi/6.2.0/../../../../arm-altera-eabi/lib\libstdc++.a(eh_terminate.o)
 .ARM.exidx.text._ZN10__cxxabiv111__terminateEPFvvE
                0x0012cf50        0x8 c:/intelfpga_pro/18.1/embedded/host_tools/mentor/gnu/arm/baremetal/bin/../lib/gcc/arm-altera-eabi/6.2.0/../../../../arm-altera-eabi/lib\libstdc++.a(eh_terminate.o)
 .ARM.exidx.text._ZSt9terminatev
                0x0012cf58        0x8 c:/intelfpga_pro/18.1/embedded/host_tools/mentor/gnu/arm/baremetal/bin/../lib/gcc/arm-altera-eabi/6.2.0/../../../../arm-altera-eabi/lib\libstdc++.a(eh_terminate.o)
 .ARM.exidx.text._ZN10__cxxabiv112__unexpectedEPFvvE
                0x0012cf60        0x8 c:/intelfpga_pro/18.1/embedded/host_tools/mentor/gnu/arm/baremetal/bin/../lib/gcc/arm-altera-eabi/6.2.0/../../../../arm-altera-eabi/lib\libstdc++.a(eh_terminate.o)
 .ARM.exidx.text._ZSt10unexpectedv