Archive member included to satisfy reference by file (symbol)

../../mAbassi/Platform/lib\lib_mAbassi_EVAL_GCC_AR5_CY5.a(mAbassi_EVAL_A9_GCC_2_NR.o)
                              Demo_9_CORTEXA9.o (Abassi)
../../mAbassi/Platform/lib\lib_mAbassi_EVAL_GCC_AR5_CY5.a(mAbassi_EVAL_GCC_AR5_CY5_NR.o)
                              (_vector_table)
../../mAbassi/Platform/lib\lib_mAbassi_EVAL_GCC_AR5_CY5.a(ARMv7_SMP_L1_L2_GCC_AR5_CY5.o)
                              ../../mAbassi/Platform/lib\lib_mAbassi_EVAL_GCC_AR5_CY5.a(mAbassi_EVAL_GCC_AR5_CY5_NR.o) (COREcacheON)
c:/intelfpga/18.0/embedded/host_tools/mentor/gnu/arm/baremetal/bin/../lib/gcc/arm-altera-eabi/6.2.0/../../../../arm-altera-eabi/lib\libcs3.a(start_c.o)
                              (__cs3_start_c)
c:/intelfpga/18.0/embedded/host_tools/mentor/gnu/arm/baremetal/bin/../lib/gcc/arm-altera-eabi/6.2.0/../../../../arm-altera-eabi/lib\libcs3unhosted.a(unhosted-start.o)
                              ../../mAbassi/Platform/lib\lib_mAbassi_EVAL_GCC_AR5_CY5.a(mAbassi_EVAL_GCC_AR5_CY5_NR.o) (_start)
c:/intelfpga/18.0/embedded/host_tools/mentor/gnu/arm/baremetal/bin/../lib/gcc/arm-altera-eabi/6.2.0\libgcc.a(_udivsi3.o)
                              arm_pl330.o (__aeabi_uidiv)
c:/intelfpga/18.0/embedded/host_tools/mentor/gnu/arm/baremetal/bin/../lib/gcc/arm-altera-eabi/6.2.0\libgcc.a(_divsi3.o)
                              arm_pl330.o (__aeabi_idiv)
c:/intelfpga/18.0/embedded/host_tools/mentor/gnu/arm/baremetal/bin/../lib/gcc/arm-altera-eabi/6.2.0\libgcc.a(_dvmd_tls.o)
                              c:/intelfpga/18.0/embedded/host_tools/mentor/gnu/arm/baremetal/bin/../lib/gcc/arm-altera-eabi/6.2.0\libgcc.a(_udivsi3.o) (__aeabi_idiv0)
c:/intelfpga/18.0/embedded/host_tools/mentor/gnu/arm/baremetal/bin/../lib/gcc/arm-altera-eabi/6.2.0\libgcc.a(_aeabi_ldivmod.o)
                              Media_FatFS.o (__aeabi_ldivmod)
c:/intelfpga/18.0/embedded/host_tools/mentor/gnu/arm/baremetal/bin/../lib/gcc/arm-altera-eabi/6.2.0\libgcc.a(_aeabi_uldivmod.o)
                              ff.o (__aeabi_uldivmod)
c:/intelfpga/18.0/embedded/host_tools/mentor/gnu/arm/baremetal/bin/../lib/gcc/arm-altera-eabi/6.2.0\libgcc.a(_udivmoddi4.o)
                              c:/intelfpga/18.0/embedded/host_tools/mentor/gnu/arm/baremetal/bin/../lib/gcc/arm-altera-eabi/6.2.0\libgcc.a(_aeabi_ldivmod.o) (__udivmoddi4)
c:/intelfpga/18.0/embedded/host_tools/mentor/gnu/arm/baremetal/bin/../lib/gcc/arm-altera-eabi/6.2.0\libgcc.a(_clzdi2.o)
                              c:/intelfpga/18.0/embedded/host_tools/mentor/gnu/arm/baremetal/bin/../lib/gcc/arm-altera-eabi/6.2.0\libgcc.a(_udivmoddi4.o) (__clzdi2)
c:/intelfpga/18.0/embedded/host_tools/mentor/gnu/arm/baremetal/bin/../lib/gcc/arm-altera-eabi/6.2.0\libgcc.a(_clzsi2.o)
                              c:/intelfpga/18.0/embedded/host_tools/mentor/gnu/arm/baremetal/bin/../lib/gcc/arm-altera-eabi/6.2.0\libgcc.a(_clzdi2.o) (__clzsi2)
c:/intelfpga/18.0/embedded/host_tools/mentor/gnu/arm/baremetal/bin/../lib/gcc/arm-altera-eabi/6.2.0/../../../../arm-altera-eabi/lib\libc.a(lib_a-calloc.o)
                              ../../mAbassi/Platform/lib\lib_mAbassi_EVAL_GCC_AR5_CY5.a(mAbassi_EVAL_A9_GCC_2_NR.o) (calloc)
c:/intelfpga/18.0/embedded/host_tools/mentor/gnu/arm/baremetal/bin/../lib/gcc/arm-altera-eabi/6.2.0/../../../../arm-altera-eabi/lib\libc.a(lib_a-callocr.o)
                              c:/intelfpga/18.0/embedded/host_tools/mentor/gnu/arm/baremetal/bin/../lib/gcc/arm-altera-eabi/6.2.0/../../../../arm-altera-eabi/lib\libc.a(lib_a-calloc.o) (_calloc_r)
c:/intelfpga/18.0/embedded/host_tools/mentor/gnu/arm/baremetal/bin/../lib/gcc/arm-altera-eabi/6.2.0/../../../../arm-altera-eabi/lib\libc.a(lib_a-errno.o)
                              SysCall_CY5.o (__errno)
c:/intelfpga/18.0/embedded/host_tools/mentor/gnu/arm/baremetal/bin/../lib/gcc/arm-altera-eabi/6.2.0/../../../../arm-altera-eabi/lib\libc.a(lib_a-getreent.o)
                              Demo_9_CORTEXA9.o (__getreent)
c:/intelfpga/18.0/embedded/host_tools/mentor/gnu/arm/baremetal/bin/../lib/gcc/arm-altera-eabi/6.2.0/../../../../arm-altera-eabi/lib\libc.a(lib_a-gets.o)
                              Demo_9_CORTEXA9.o (gets)
c:/intelfpga/18.0/embedded/host_tools/mentor/gnu/arm/baremetal/bin/../lib/gcc/arm-altera-eabi/6.2.0/../../../../arm-altera-eabi/lib\libc.a(lib_a-impure.o)
                              SysCall_noFS.o (_impure_ptr)
c:/intelfpga/18.0/embedded/host_tools/mentor/gnu/arm/baremetal/bin/../lib/gcc/arm-altera-eabi/6.2.0/../../../../arm-altera-eabi/lib\libc.a(lib_a-init.o)
                              c:/intelfpga/18.0/embedded/host_tools/mentor/gnu/arm/baremetal/bin/../lib/gcc/arm-altera-eabi/6.2.0/../../../../arm-altera-eabi/lib\libcs3.a(start_c.o) (__libc_init_array)
c:/intelfpga/18.0/embedded/host_tools/mentor/gnu/arm/baremetal/bin/../lib/gcc/arm-altera-eabi/6.2.0/../../../../arm-altera-eabi/lib\libc.a(lib_a-malloc.o)
[...]
Memory Configuration

Name             Origin             Length             Attributes
ram              0x02000000         0x1e000000         xrw
uram             0xffff0000         0x00010000         xrw
*default*        0x00000000         0xffffffff

Linker script and memory map

LOAD c:/intelfpga/18.0/embedded/host_tools/mentor/gnu/arm/baremetal/bin/../lib/gcc/arm-altera-eabi/6.2.0/crti.o
LOAD c:/intelfpga/18.0/embedded/host_tools/mentor/gnu/arm/baremetal/bin/../lib/gcc/arm-altera-eabi/6.2.0/crtbegin.o
LOAD Demo_9_CORTEXA9.o
LOAD SysCall_noFS.o
LOAD TIMERinit.o
LOAD arm_acp.o
LOAD arm_pl330.o
LOAD alt_gpio.o
LOAD dw_i2c.o
LOAD dw_sdmmc.o
LOAD dw_uart.o
LOAD Abassi_FatFS.o
LOAD Media_FatFS.o
LOAD MediaIF.o
LOAD SysCall_CY5.o
LOAD ff.o
LOAD ffunicode.o
LOAD mAbassiCfgA9.o
LOAD ../../mAbassi/Platform/lib\lib_mAbassi_EVAL_GCC_AR5_CY5.a
LOAD c:/intelfpga/18.0/embedded/host_tools/mentor/gnu/arm/baremetal/bin/../lib/gcc/arm-altera-eabi/6.2.0/../../../../arm-altera-eabi/lib\libcs3.a
LOAD c:/intelfpga/18.0/embedded/host_tools/mentor/gnu/arm/baremetal/bin/../lib/gcc/arm-altera-eabi/6.2.0/../../../../arm-altera-eabi/lib\libcs3unhosted.a
LOAD c:/intelfpga/18.0/embedded/host_tools/mentor/gnu/arm/baremetal/bin/../lib/gcc/arm-altera-eabi/6.2.0/../../../../arm-altera-eabi/lib\libcs3arm.a
LOAD c:/intelfpga/18.0/embedded/host_tools/mentor/gnu/arm/baremetal/bin/../lib/gcc/arm-altera-eabi/6.2.0\libgcc.a
LOAD c:/intelfpga/18.0/embedded/host_tools/mentor/gnu/arm/baremetal/bin/../lib/gcc/arm-altera-eabi/6.2.0/../../../../arm-altera-eabi/lib\libc.a
LOAD c:/intelfpga/18.0/embedded/host_tools/mentor/gnu/arm/baremetal/bin/../lib/gcc/arm-altera-eabi/6.2.0/../../../../arm-altera-eabi/lib\libstdc++.a
LOAD c:/intelfpga/18.0/embedded/host_tools/mentor/gnu/arm/baremetal/bin/../lib/gcc/arm-altera-eabi/6.2.0/../../../../arm-altera-eabi/lib\libm.a
START GROUP
LOAD c:/intelfpga/18.0/embedded/host_tools/mentor/gnu/arm/baremetal/bin/../lib/gcc/arm-altera-eabi/6.2.0\libgcc.a
LOAD c:/intelfpga/18.0/embedded/host_tools/mentor/gnu/arm/baremetal/bin/../lib/gcc/arm-altera-eabi/6.2.0/../../../../arm-altera-eabi/lib\libc.a
END GROUP
LOAD c:/intelfpga/18.0/embedded/host_tools/mentor/gnu/arm/baremetal/bin/../lib/gcc/arm-altera-eabi/6.2.0/crtend.o
LOAD c:/intelfpga/18.0/embedded/host_tools/mentor/gnu/arm/baremetal/bin/../lib/gcc/arm-altera-eabi/6.2.0/crtn.o
                0x00002000                _STACK_SIZE = DEFINED (_STACK_SIZE)?_STACK_SIZE:0x2000
                0x10000000                _MDRV_SIZE = DEFINED (_MDRV_SIZE)?_MDRV_SIZE:0x10000000
                0x00000800                _SUPERVISOR_STACK_SIZE = DEFINED (_SUPERVISOR_STACK_SIZE)?_SUPERVISOR_STACK_SIZE:0x800
                0x00000800                _ABORT_STACK_SIZE = DEFINED (_ABORT_STACK_SIZE)?_ABORT_STACK_SIZE:0x800
                0x00000800                _FIQ_STACK_SIZE = DEFINED (_FIQ_STACK_SIZE)?_FIQ_STACK_SIZE:0x800
                0x00002000                _IRQ_STACK_SIZE = DEFINED (_IRQ_STACK_SIZE)?_IRQ_STACK_SIZE:0x2000
                0x00000800                _UNDEF_STACK_SIZE = DEFINED (_UNDEF_STACK_SIZE)?_UNDEF_STACK_SIZE:0x800
                0x00000001                PROVIDE (__cs3_region_num, ((__cs3_regions_end - __cs3_regions) / 0x14))
                0x020253ac                __libc_fini = _fini

.text           0x02000000    0x23354
 CREATE_OBJECT_SYMBOLS
                0x02000000                __cs3_region_start_ram = .
                0x02000000                _ftext = .
 *(.cs3.region-head.ram)
                0x00000001                ASSERT ((. == __cs3_region_start_ram), .cs3.region-head.ram not permitted)
                0x02000000                __cs3_interrupt_vector = __cs3_interrupt_vector_arm
 *(.cs3.interrupt_vector)
 .cs3.interrupt_vector
                0x02000000       0x3c ../../mAbassi/Platform/lib\lib_mAbassi_EVAL_GCC_AR5_CY5.a(mAbassi_EVAL_GCC_AR5_CY5_NR.o)
                0x02000000                Vectors
                0x02000000                __cs3_interrupt_vector_arm
                0x02000000                _vector_table
 *(.vectors)
                0x02016e08                PROVIDE (__cs3_reset, __cs3_reset_generic)
 *(.cs3.reset)
                [0x020000d0]                _start = DEFINED (__cs3_start_asm)?__cs3_start_asm:_start
 *(.text.cs3.init)
 .text.cs3.init
                0x0200003c       0x94 c:/intelfpga/18.0/embedded/host_tools/mentor/gnu/arm/baremetal/bin/../lib/gcc/arm-altera-eabi/6.2.0/../../../../arm-altera-eabi/lib\libcs3.a(start_c.o)
                0x0200003c                __cs3_start_c
 .text.cs3.init
                0x020000d0        0xc c:/intelfpga/18.0/embedded/host_tools/mentor/gnu/arm/baremetal/bin/../lib/gcc/arm-altera-eabi/6.2.0/../../../../arm-altera-eabi/lib\libcs3unhosted.a(unhosted-start.o)
 *(.text .text.* .gnu.linkonce.t.*)
 .text          0x020000dc      0x108 c:/intelfpga/18.0/embedded/host_tools/mentor/gnu/arm/baremetal/bin/../lib/gcc/arm-altera-eabi/6.2.0/crtbegin.o
 .text.cmd_pwd  0x020001e4       0x84 Demo_9_CORTEXA9.o
                0x020001e4                cmd_pwd
 .text.cmd_cp   0x02000268      0x1e0 Demo_9_CORTEXA9.o
                0x02000268                cmd_cp
 .text.cmd_cd   0x02000448       0x64 Demo_9_CORTEXA9.o
                0x02000448                cmd_cd
 .text.cmd_chmod
                0x020004ac       0xd8 Demo_9_CORTEXA9.o
                0x020004ac                cmd_chmod
 .text.cmd_du   0x02000584      0x350 Demo_9_CORTEXA9.o
                0x02000584                cmd_du
 .text.cmd_fmt  0x020008d4       0xa0 Demo_9_CORTEXA9.o
                0x020008d4                cmd_fmt
 .text.cmd_mkdir
                0x02000974       0x64 Demo_9_CORTEXA9.o
                0x02000974                cmd_mkdir
 .text.cmd_mnt  0x020009d8      0x14c Demo_9_CORTEXA9.o
                0x020009d8                cmd_mnt
 .text.cmd_mv   0x02000b24       0xc4 Demo_9_CORTEXA9.o
                0x02000b24                cmd_mv
 .text.cmd_rm   0x02000be8       0xec Demo_9_CORTEXA9.o
                0x02000be8                cmd_rm
 .text.cmd_rmdir
                0x02000cd4       0xec Demo_9_CORTEXA9.o
                0x02000cd4                cmd_rmdir
 .text.cmd_perf
                0x02000dc0      0x468 Demo_9_CORTEXA9.o
                0x02000dc0                cmd_perf
 .text.cmd_umnt
                0x02001228       0xdc Demo_9_CORTEXA9.o
                0x02001228                cmd_umnt
 .text.cmd_cat  0x02001304      0x374 Demo_9_CORTEXA9.o
                0x02001304                cmd_cat
 .text.cmd_ls   0x02001678      0x268 Demo_9_CORTEXA9.o
                0x02001678                cmd_ls
 .text.cmd_help
                0x020018e0      0x2e4 Demo_9_CORTEXA9.o
                0x020018e0                cmd_help
 .text.startup.main
                0x02001bc4      0x764 Demo_9_CORTEXA9.o
                0x02001bc4                main
 .text.TIMcallBack
                0x02002328        0x4 Demo_9_CORTEXA9.o
                0x02002328                TIMcallBack
 .text.SysCallInit
                0x0200232c        0x4 SysCall_noFS.o
                0x0200232c                SysCallInit
 .text._close_r
                0x02002330       0x10 SysCall_noFS.o
                0x02002330                _close_r
 .text._read_r  0x02002340       0x88 SysCall_noFS.o
                0x02002340                _read_r
 .text._write_r
                0x020023c8       0x88 SysCall_noFS.o
                0x020023c8                _write_r
 .text._lseek_r
                0x02002450       0x10 SysCall_noFS.o
                0x02002450                _lseek_r
 .text._fstat_r
                0x02002460       0x10 SysCall_noFS.o
                0x02002460                _fstat_r
 .text._isatty_r
                0x02002470       0x10 SysCall_noFS.o
                0x02002470                _isatty_r
 .text.TIMERinit
                0x02002480       0x28 TIMERinit.o
                0x02002480                TIMERinit
 .text.dma_init
                0x020024a8      0x340 arm_pl330.o
                0x020024a8                dma_init
 .text.DMAintHndl_0
                0x020027e8      0x140 arm_pl330.o
                0x020027e8                DMAintHndl_0
 .text.DMAintHndl_1
                0x02002928      0x148 arm_pl330.o
                0x02002928                DMAintHndl_1
 .text.DMAintHndl_2
                0x02002a70      0x148 arm_pl330.o
                0x02002a70                DMAintHndl_2
 .text.DMAintHndl_3
                0x02002bb8      0x14c arm_pl330.o
                0x02002bb8                DMAintHndl_3
 .text.DMAintHndl_4
                0x02002d04      0x148 arm_pl330.o
                0x02002d04                DMAintHndl_4
 .text.DMAintHndl_5
                0x02002e4c      0x14c arm_pl330.o
                0x02002e4c                DMAintHndl_5
 .text.DMAintHndl_6
                0x02002f98      0x148 arm_pl330.o
                0x02002f98                DMAintHndl_6
 .text.DMAintHndl_7
                0x020030e0      0x14c arm_pl330.o
                0x020030e0                DMAintHndl_7
 .text.mmc_sendcmd.constprop.5
                0x0200322c      0x38c dw_sdmmc.o
 .text.SDprepData.isra.1.constprop.6
                0x020035b8      0x16c dw_sdmmc.o
 .text.mmc_sendcmd.constprop.3
                0x02003724      0x434 dw_sdmmc.o
 .text.mmc_sendcmd.constprop.2
                0x02003b58      0x434 dw_sdmmc.o
 .text.mmc_sendstatus
                0x02003f8c      0x2cc dw_sdmmc.o
                0x02003f8c                mmc_sendstatus
 .text.mmc_read
                0x02004258      0x354 dw_sdmmc.o
                0x02004258                mmc_read
 .text.mmc_write
                0x020045ac      0x3d0 dw_sdmmc.o
                0x020045ac                mmc_write
 *fill*         0x0200497c        0x4 
 .text.mmc_init
                0x02004980     0x123c dw_sdmmc.o
                0x02004980                mmc_init
 .text.mmc_blklen
                0x02005bbc       0x10 dw_sdmmc.o
                0x02005bbc                mmc_blklen
 .text.mmc_capacity
                0x02005bcc       0x10 dw_sdmmc.o
                0x02005bcc                mmc_capacity
 .text.MMCintHndl_0
                0x02005bdc       0xa8 dw_sdmmc.o
                0x02005bdc                MMCintHndl_0
 .text.uart_send
                0x02005c84      0x8a8 dw_uart.o
                0x02005c84                uart_send
 .text.uart_recv
                0x0200652c      0x794 dw_uart.o
                0x0200652c                uart_recv
 .text.uart_init
                0x02006cc0      0x3f4 dw_uart.o
                0x02006cc0                uart_init
 .text.UARTintHndl_0
                0x020070b4      0x1a0 dw_uart.o
                0x020070b4                UARTintHndl_0
 .text.UARTintHndl_1
                0x02007254      0x1a0 dw_uart.o
                0x02007254                UARTintHndl_1
 .text.ff_cre_syncobj
                0x020073f4       0xc0 Abassi_FatFS.o
                0x020073f4                ff_cre_syncobj
 .text.ff_del_syncobj
                0x020074b4       0x14 Abassi_FatFS.o
                0x020074b4                ff_del_syncobj
 .text.ff_req_grant
                0x020074c8       0x20 Abassi_FatFS.o
                0x020074c8                ff_req_grant
 .text.ff_rel_grant
                0x020074e8       0x10 Abassi_FatFS.o
                0x020074e8                ff_rel_grant
 .text.ff_memalloc
                0x020074f8       0x50 Abassi_FatFS.o
                0x020074f8                ff_memalloc
 .text.ff_memfree
                0x02007548       0x4c Abassi_FatFS.o
                0x02007548                ff_memfree
 .text.disk_status
                0x02007594       0x24 Media_FatFS.o
                0x02007594                disk_status
 .text.disk_initialize
                0x020075b8       0x20 Media_FatFS.o
                0x020075b8                disk_initialize
 .text.disk_read
                0x020075d8       0x38 Media_FatFS.o
                0x020075d8                disk_read
 .text.disk_write
                0x02007610       0x38 Media_FatFS.o
                0x02007610                disk_write
 .text.disk_ioctl
                0x02007648       0xbc Media_FatFS.o
                0x02007648                disk_ioctl
 .text.MEDIAstatus
                0x02007704       0x50 MediaIF.o
                0x02007704                MEDIAstatus
 .text.MEDIAinit
                0x02007754       0x9c MediaIF.o
                0x02007754                MEDIAinit
 .text.MEDIAread
                0x020077f0      0x118 MediaIF.o
                0x020077f0                MEDIAread
 .text.MEDIAwrite
                0x02007908      0x118 MediaIF.o
                0x02007908                MEDIAwrite
 .text.MEDIAsize
                0x02007a20       0x64 MediaIF.o
                0x02007a20                MEDIAsize
 .text.MEDIAblksize
                0x02007a84       0x50 MediaIF.o
                0x02007a84                MEDIAblksize
 .text.MEDIAsectsz
                0x02007ad4       0x48 MediaIF.o
                0x02007ad4                MEDIAsectsz
 .text.MEDIAinfo
                0x02007b1c       0x2c MediaIF.o
                0x02007b1c                MEDIAinfo
 .text.mem_cpy.part.0
                0x02007b48      0x198 ff.o
 .text.init_alloc_info.isra.5
                0x02007ce0       0xd0 ff.o
 .text.get_fileinfo
                0x02007db0      0x554 ff.o
 .text.move_window
                0x02008304       0xbc ff.o
 .text.get_fat  0x020083c0      0x274 ff.o
 .text.dir_next.constprop.16
                0x02008634      0x124 ff.o
 .text.sync_fs  0x02008758      0x16c ff.o
 .text.dir_clear
                0x020088c4      0x1bc ff.o
 .text.check_fs
                0x02008a80      0x18c ff.o
 .text.find_volume
                0x02008c0c      0x964 ff.o
 .text.load_xdir
                0x02009570      0x354 ff.o
 .text.dir_read.constprop.15
                0x020098c4      0x72c ff.o
 .text.put_fat.part.9
                0x02009ff0      0x444 ff.o
 .text.create_chain
                0x0200a434      0x850 ff.o
 .text.remove_chain
                0x0200ac84      0x778 ff.o
 .text.dir_sdi  0x0200b3fc      0x564 ff.o
 .text.dir_alloc
                0x0200b960      0x2fc ff.o
 .text.store_xdir
                0x0200bc5c      0x318 ff.o
 .text.dir_remove
                0x0200bf74      0x264 ff.o
 .text.dir_find
                0x0200c1d8      0x68c ff.o
 .text.dir_register
                0x0200c864      0xec0 ff.o
 .text.follow_path
                0x0200d724      0x73c ff.o
 .text.f_mount  0x0200de60      0x1b4 ff.o
                0x0200de60                f_mount
 .text.f_open   0x0200e014      0xa94 ff.o
                0x0200e014                f_open
 .text.f_read   0x0200eaa8      0x730 ff.o
                0x0200eaa8                f_read
 .text.f_write  0x0200f1d8      0x784 ff.o
                0x0200f1d8                f_write
 .text.f_close  0x0200f95c      0x5f4 ff.o
                0x0200f95c                f_close
 .text.f_chdrive
                0x0200ff50       0x80 ff.o
                0x0200ff50                f_chdrive
 .text.f_chdir  0x0200ffd0      0x1bc ff.o
                0x0200ffd0                f_chdir
 .text.f_getcwd
                0x0201018c      0x4a4 ff.o
                0x0201018c                f_getcwd
 .text.f_opendir
                0x02010630      0x454 ff.o
                0x02010630                f_opendir
 .text.f_readdir
                0x02010a84      0x150 ff.o
                0x02010a84                f_readdir
 .text.f_stat   0x02010bd4       0xe8 ff.o
                0x02010bd4                f_stat
 .text.f_getfree
                0x02010cbc      0x3a0 ff.o
                0x02010cbc                f_getfree
 .text.f_unlink
                0x0201105c      0x380 ff.o
                0x0201105c                f_unlink
 .text.f_mkdir  0x020113dc      0x420 ff.o
                0x020113dc                f_mkdir
 .text.f_rename
                0x020117fc      0x61c ff.o
                0x020117fc                f_rename
 .text.f_chmod  0x02011e18      0x14c ff.o
                0x02011e18                f_chmod
 *fill*         0x02011f64        0x4 
 .text.f_mkfs   0x02011f68     0x178c ff.o
                0x02011f68                f_mkfs
 .text.ff_uni2oem
                0x020136f4       0x68 ffunicode.o
                0x020136f4                ff_uni2oem
 .text.ff_oem2uni
                0x0201375c       0x3c ffunicode.o
                0x0201375c                ff_oem2uni
 .text.ff_wtoupper
                0x02013798      0x134 ffunicode.o
                0x02013798                ff_wtoupper
 .text.TSKcreate.constprop.0
                0x020138cc       0xf0 ../../mAbassi/Platform/lib\lib_mAbassi_EVAL_GCC_AR5_CY5.a(mAbassi_EVAL_A9_GCC_2_NR.o)
 *fill*         0x020139bc        0x4 
 .text.Abassi   0x020139c0     0x2850 ../../mAbassi/Platform/lib\lib_mAbassi_EVAL_GCC_AR5_CY5.a(mAbassi_EVAL_A9_GCC_2_NR.o)
                0x020139c0                Abassi
 .text.TSKcreate
                0x02016210      0x350 ../../mAbassi/Platform/lib\lib_mAbassi_EVAL_GCC_AR5_CY5.a(mAbassi_EVAL_A9_GCC_2_NR.o)
                0x02016210                TSKcreate
 .text.OSstart  0x02016560      0x17c ../../mAbassi/Platform/lib\lib_mAbassi_EVAL_GCC_AR5_CY5.a(mAbassi_EVAL_A9_GCC_2_NR.o)
                0x02016560                OSstart
 .text.TSKstart
                0x020166dc       0x60 ../../mAbassi/Platform/lib\lib_mAbassi_EVAL_GCC_AR5_CY5.a(mAbassi_EVAL_A9_GCC_2_NR.o)
                0x020166dc                TSKstart
 .text.SEM__open
                0x0201673c      0x144 ../../mAbassi/Platform/lib\lib_mAbassi_EVAL_GCC_AR5_CY5.a(mAbassi_EVAL_A9_GCC_2_NR.o)
                0x0201673c                SEM__open
 .text.MBXput   0x02016880       0xd8 ../../mAbassi/Platform/lib\lib_mAbassi_EVAL_GCC_AR5_CY5.a(mAbassi_EVAL_A9_GCC_2_NR.o)
                0x02016880                MBXput
 .text.TIMtick  0x02016958      0x4a0 ../../mAbassi/Platform/lib\lib_mAbassi_EVAL_GCC_AR5_CY5.a(mAbassi_EVAL_A9_GCC_2_NR.o)
                0x02016958                TIMtick
 .text          0x02016df8      0xb48 ../../mAbassi/Platform/lib\lib_mAbassi_EVAL_GCC_AR5_CY5.a(mAbassi_EVAL_GCC_AR5_CY5_NR.o)
                0x02016e08                __cs3_reset_generic
                0x02016e08                Reset_Handler
                0x02016e08                boot
                0x02016e08                _prestart
                0x020171b0                _exit
                0x020171b8                _sbrk_r
                0x020171f0                OStrap
                0x02017208                __cs3_isr_swi
                0x02017208                mySWI
                0x02017250                SWI_Handler
                0x02017254                OScontext
                0x02017274                CoreContext
                0x02017288                OSstack
                0x020172e4                OSintCtrl
                0x02017304                OSintBack
                0x02017314                OSintOff
                0x02017320                OSintOn
                0x02017328                OSisrInfo
                0x02017338                __cs3_isr_irq
                0x02017338                ISRdispatch
                0x0201746c                OSinvalidISR
                0x02017474                COREgetPeriph
                0x0201747c                COREgetID
                0x02017488                GICinit
                0x0201752c                GICenable
                0x0201766c                COREstart1
                0x02017678                COREstart2
                0x02017684                COREstart3
                0x02017690                COREstart0
                0x0201769c                CoreIdle
                0x020176cc                COREsafeGetID
                0x020176f0                COREsendISR
                0x02017724                COREwakeISR
                0x02017750                COREisInISR
                0x02017764                COREtaskNow
                0x02017788                COREchkRedo
                0x020177e8                CORElock
                0x02017818                COREunlock
                0x0201782c                SPINlock
                0x0201783c                SPINtrylock
                0x0201784c                SPIN_lock
                0x020178d4                SPINunlock
 .text          0x02017940      0x798 ../../mAbassi/Platform/lib\lib_mAbassi_EVAL_GCC_AR5_CY5.a(ARMv7_SMP_L1_L2_GCC_AR5_CY5.o)
                0x02017940                COREcacheON
                0x02017dcc                DCacheInvalRange
                0x02017ee0                DCacheFlushRange
                0x02017ff4                MMUlog2Phy
                0x02018054                MMUphy2Log
 .text          0x020180d8       0x4c c:/intelfpga/18.0/embedded/host_tools/mentor/gnu/arm/baremetal/bin/../lib/gcc/arm-altera-eabi/6.2.0/../../../../arm-altera-eabi/lib\libcs3.a(start_c.o)
                0x020180d8                __cs3_premain
 .text          0x02018124      0x114 c:/intelfpga/18.0/embedded/host_tools/mentor/gnu/arm/baremetal/bin/../lib/gcc/arm-altera-eabi/6.2.0\libgcc.a(_udivsi3.o)
                0x02018124                __aeabi_uidiv
                0x02018124                __udivsi3
                0x02018218                __aeabi_uidivmod
 .text          0x02018238      0x148 c:/intelfpga/18.0/embedded/host_tools/mentor/gnu/arm/baremetal/bin/../lib/gcc/arm-altera-eabi/6.2.0\libgcc.a(_divsi3.o)
                0x02018238                __divsi3
                0x02018238                __aeabi_idiv
                0x02018360                __aeabi_idivmod
 .text          0x02018380        0x4 c:/intelfpga/18.0/embedded/host_tools/mentor/gnu/arm/baremetal/bin/../lib/gcc/arm-altera-eabi/6.2.0\libgcc.a(_dvmd_tls.o)
                0x02018380                __aeabi_idiv0
                0x02018380                __aeabi_ldiv0
 .text          0x02018384       0xd4 c:/intelfpga/18.0/embedded/host_tools/mentor/gnu/arm/baremetal/bin/../lib/gcc/arm-altera-eabi/6.2.0\libgcc.a(_aeabi_ldivmod.o)
                0x02018384                __aeabi_ldivmod
 .text          0x02018458       0x3c c:/intelfpga/18.0/embedded/host_tools/mentor/gnu/arm/baremetal/bin/../lib/gcc/arm-altera-eabi/6.2.0\libgcc.a(_aeabi_uldivmod.o)
                0x02018458                __aeabi_uldivmod
 .text          0x02018494      0x12c c:/intelfpga/18.0/embedded/host_tools/mentor/gnu/arm/baremetal/bin/../lib/gcc/arm-altera-eabi/6.2.0\libgcc.a(_udivmoddi4.o)
                0x02018494                __udivmoddi4
 .text          0x020185c0       0x28 c:/intelfpga/18.0/embedded/host_tools/mentor/gnu/arm/baremetal/bin/../lib/gcc/arm-altera-eabi/6.2.0\libgcc.a(_clzdi2.o)
                0x020185c0                __clzdi2
 .text          0x020185e8       0x48 c:/intelfpga/18.0/embedded/host_tools/mentor/gnu/arm/baremetal/bin/../lib/gcc/arm-altera-eabi/6.2.0\libgcc.a(_clzsi2.o)
                0x020185e8                __clzsi2
 .text          0x02018630       0x24 c:/intelfpga/18.0/embedded/host_tools/mentor/gnu/arm/baremetal/bin/../lib/gcc/arm-altera-eabi/6.2.0/../../../../arm-altera-eabi/lib\libc.a(lib_a-calloc.o)
                0x02018630                calloc
 .text          0x02018654       0x98 c:/intelfpga/18.0/embedded/host_tools/mentor/gnu/arm/baremetal/bin/../lib/gcc/arm-altera-eabi/6.2.0/../../../../arm-altera-eabi/lib\libc.a(lib_a-callocr.o)
                0x02018654                _calloc_r
 .text          0x020186ec       0x10 c:/intelfpga/18.0/embedded/host_tools/mentor/gnu/arm/baremetal/bin/../lib/gcc/arm-altera-eabi/6.2.0/../../../../arm-altera-eabi/lib\libc.a(lib_a-getreent.o)
                0x020186ec                __getreent
 .text          0x020186fc      0x12c c:/intelfpga/18.0/embedded/host_tools/mentor/gnu/arm/baremetal/bin/../lib/gcc/arm-altera-eabi/6.2.0/../../../../arm-altera-eabi/lib\libc.a(lib_a-gets.o)
                0x020186fc                _gets_r
                0x02018810                gets
 .text          0x02018828       0x80 c:/intelfpga/18.0/embedded/host_tools/mentor/gnu/arm/baremetal/bin/../lib/gcc/arm-altera-eabi/6.2.0/../../../../arm-altera-eabi/lib\libc.a(lib_a-init.o)
                0x02018828                __libc_init_array
 .text          0x020188a8       0x38 c:/intelfpga/18.0/embedded/host_tools/mentor/gnu/arm/baremetal/bin/../lib/gcc/arm-altera-eabi/6.2.0/../../../../arm-altera-eabi/lib\libc.a(lib_a-malloc.o)
                0x020188a8                malloc
                0x020188c4                free
 .text          0x020188e0      0x750 c:/intelfpga/18.0/embedded/host_tools/mentor/gnu/arm/baremetal/bin/../lib/gcc/arm-altera-eabi/6.2.0/../../../../arm-altera-eabi/lib\libc.a(lib_a-mallocr.o)
                0x020188e0                _malloc_r
 .text          0x02019030      0x114 c:/intelfpga/18.0/embedded/host_tools/mentor/gnu/arm/baremetal/bin/../lib/gcc/arm-altera-eabi/6.2.0/../../../../arm-altera-eabi/lib\libc.a(lib_a-memcpy-stub.o)
                0x02019030                memcpy
 .text          0x02019144      0x148 c:/intelfpga/18.0/embedded/host_tools/mentor/gnu/arm/baremetal/bin/../lib/gcc/arm-altera-eabi/6.2.0/../../../../arm-altera-eabi/lib\libc.a(lib_a-memmove.o)
                0x02019144                memmove
 .text          0x0201928c      0x114 c:/intelfpga/18.0/embedded/host_tools/mentor/gnu/arm/baremetal/bin/../lib/gcc/arm-altera-eabi/6.2.0/../../../../arm-altera-eabi/lib\libc.a(lib_a-memset.o)
                0x0201928c                memset
 .text          0x020193a0       0x30 c:/intelfpga/18.0/embedded/host_tools/mentor/gnu/arm/baremetal/bin/../lib/gcc/arm-altera-eabi/6.2.0/../../../../arm-altera-eabi/lib\libc.a(lib_a-mlock.o)
                0x020193a0                __malloc_lock
                0x020193b8                __malloc_unlock
 .text.startup  0x020193d0       0x18 c:/intelfpga/18.0/embedded/host_tools/mentor/gnu/arm/baremetal/bin/../lib/gcc/arm-altera-eabi/6.2.0/../../../../arm-altera-eabi/lib\libc.a(lib_a-mlock.o)
 .text          0x020193e8       0x6c c:/intelfpga/18.0/embedded/host_tools/mentor/gnu/arm/baremetal/bin/../lib/gcc/arm-altera-eabi/6.2.0/../../../../arm-altera-eabi/lib\libc.a(lib_a-printf.o)
                0x020193e8                _printf_r
                0x0201941c                printf
 .text          0x02019454       0x34 c:/intelfpga/18.0/embedded/host_tools/mentor/gnu/arm/baremetal/bin/../lib/gcc/arm-altera-eabi/6.2.0/../../../../arm-altera-eabi/lib\libc.a(lib_a-putchar.o)
                0x02019454                _putchar_r
                0x02019468                putchar
 .text          0x02019488      0x12c c:/intelfpga/18.0/embedded/host_tools/mentor/gnu/arm/baremetal/bin/../lib/gcc/arm-altera-eabi/6.2.0/../../../../arm-altera-eabi/lib\libc.a(lib_a-puts.o)
                0x02019488                _puts_r
                0x0201959c                puts
 .text          0x020195b4       0x6c c:/intelfpga/18.0/embedded/host_tools/mentor/gnu/arm/baremetal/bin/../lib/gcc/arm-altera-eabi/6.2.0/../../../../arm-altera-eabi/lib\libc.a(lib_a-rget.o)
                0x020195b4                __srget_r
                0x02019608                __srget
 .text          0x02019620      0x258 c:/intelfpga/18.0/embedded/host_tools/mentor/gnu/arm/baremetal/bin/../lib/gcc/arm-altera-eabi/6.2.0/../../../../arm-altera-eabi/lib\libc.a(lib_a-setvbuf.o)
                0x02019620                setvbuf
 .text          0x02019878       0x74 c:/intelfpga/18.0/embedded/host_tools/mentor/gnu/arm/baremetal/bin/../lib/gcc/arm-altera-eabi/6.2.0/../../../../arm-altera-eabi/lib\libc.a(lib_a-stpcpy.o)
                0x02019878                stpcpy
 .text          0x020198ec      0x1ac c:/intelfpga/18.0/embedded/host_tools/mentor/gnu/arm/baremetal/bin/../lib/gcc/arm-altera-eabi/6.2.0/../../../../arm-altera-eabi/lib\libc.a(lib_a-strchr.o)
                0x020198ec                strchr
 .text          0x02019a98      0x224 c:/intelfpga/18.0/embedded/host_tools/mentor/gnu/arm/baremetal/bin/../lib/gcc/arm-altera-eabi/6.2.0/../../../../arm-altera-eabi/lib\libc.a(lib_a-strcmp.o)
                0x02019a98                strcmp
 .text          0x02019cbc       0xf0 c:/intelfpga/18.0/embedded/host_tools/mentor/gnu/arm/baremetal/bin/../lib/gcc/arm-altera-eabi/6.2.0/../../../../arm-altera-eabi/lib\libc.a(lib_a-strcpy.o)
                0x02019cbc                strcpy
 .text          0x02019dac       0x60 c:/intelfpga/18.0/embedded/host_tools/mentor/gnu/arm/baremetal/bin/../lib/gcc/arm-altera-eabi/6.2.0/../../../../arm-altera-eabi/lib\libc.a(lib_a-strlen-stub.o)
                0x02019dac                strlen
 .text          0x02019e0c      0x308 c:/intelfpga/18.0/embedded/host_tools/mentor/gnu/arm/baremetal/bin/../lib/gcc/arm-altera-eabi/6.2.0/../../../../arm-altera-eabi/lib\libc.a(lib_a-strtol.o)
                0x0201a02c                _strtol_r
                0x0201a080                strtol_l
                0x0201a0bc                strtol
 .text          0x0201a114      0x2d0 c:/intelfpga/18.0/embedded/host_tools/mentor/gnu/arm/baremetal/bin/../lib/gcc/arm-altera-eabi/6.2.0/../../../../arm-altera-eabi/lib\libc.a(lib_a-strtoul.o)
                0x0201a2fc                _strtoul_r
                0x0201a350                strtoul_l
                0x0201a38c                strtoul
 .text.startup  0x0201a3e4       0x18 c:/intelfpga/18.0/embedded/host_tools/mentor/gnu/arm/baremetal/bin/../lib/gcc/arm-altera-eabi/6.2.0/../../../../arm-altera-eabi/lib\libc.a(lib_a-tzlock.o)
 .text          0x0201a3fc     0x22ec c:/intelfpga/18.0/embedded/host_tools/mentor/gnu/arm/baremetal/bin/../lib/gcc/arm-altera-eabi/6.2.0/../../../../arm-altera-eabi/lib\libc.a(lib_a-vfprintf.o)
                0x0201a3fc                _vfprintf_r
                0x0201c5f0                vfprintf
 .text          0x0201c6e8      0x154 c:/intelfpga/18.0/embedded/host_tools/mentor/gnu/arm/baremetal/bin/../lib/gcc/arm-altera-eabi/6.2.0/../../../../arm-altera-eabi/lib\libc.a(lib_a-wbuf.o)
                0x0201c6e8                __swbuf_r
                0x0201c81c                __swbuf
 .text          0x0201c83c      0x158 c:/intelfpga/18.0/embedded/host_tools/mentor/gnu/arm/baremetal/bin/../lib/gcc/arm-altera-eabi/6.2.0/../../../../arm-altera-eabi/lib\libc.a(lib_a-wsetup.o)
                0x0201c83c                __swsetup_r
 *fill*         0x0201c994        0x4 
 .text          0x0201c998     0x181c c:/intelfpga/18.0/embedded/host_tools/mentor/gnu/arm/baremetal/bin/../lib/gcc/arm-altera-eabi/6.2.0/../../../../arm-altera-eabi/lib\libc.a(lib_a-dtoa.o)
                0x0201cb78                _dtoa_r
 .text          0x0201e1b4      0x314 c:/intelfpga/18.0/embedded/host_tools/mentor/gnu/arm/baremetal/bin/../lib/gcc/arm-altera-eabi/6.2.0/../../../../arm-altera-eabi/lib\libc.a(lib_a-fflush.o)
                0x0201e1b4                __sflush_r
                0x0201e3f0                _fflush_r
                0x0201e48c                fflush
 .text          0x0201e4c8      0x3e4 c:/intelfpga/18.0/embedded/host_tools/mentor/gnu/arm/baremetal/bin/../lib/gcc/arm-altera-eabi/6.2.0/../../../../arm-altera-eabi/lib\libc.a(lib_a-findfp.o)
                0x0201e4c8                _cleanup_r
                0x0201e5d4                __sfmoreglue
                0x0201e624                _cleanup
                0x0201e648                __sinit
                0x0201e6dc                __sfp
                0x0201e7fc                __sfp_lock_acquire
                0x0201e814                __sfp_lock_release
                0x0201e82c                __sinit_lock_acquire
                0x0201e844                __sinit_lock_release
                0x0201e85c                __fp_lock_all
                0x0201e884                __fp_unlock_all
 .text.startup  0x0201e8ac       0x30 c:/intelfpga/18.0/embedded/host_tools/mentor/gnu/arm/baremetal/bin/../lib/gcc/arm-altera-eabi/6.2.0/../../../../arm-altera-eabi/lib\libc.a(lib_a-findfp.o)
 .text          0x0201e8dc      0x3e0 c:/intelfpga/18.0/embedded/host_tools/mentor/gnu/arm/baremetal/bin/../lib/gcc/arm-altera-eabi/6.2.0/../../../../arm-altera-eabi/lib\libc.a(lib_a-freer.o)
                0x0201e8dc                _malloc_trim_r
                0x0201e9dc                _free_r
 .text          0x0201ecbc      0x4dc c:/intelfpga/18.0/embedded/host_tools/mentor/gnu/arm/baremetal/bin/../lib/gcc/arm-altera-eabi/6.2.0/../../../../arm-altera-eabi/lib\libc.a(lib_a-fvwrite.o)
                0x0201ecbc                __sfvwrite_r
 .text          0x0201f198      0x110 c:/intelfpga/18.0/embedded/host_tools/mentor/gnu/arm/baremetal/bin/../lib/gcc/arm-altera-eabi/6.2.0/../../../../arm-altera-eabi/lib\libc.a(lib_a-fwalk.o)
                0x0201f198                _fwalk
                0x0201f21c                _fwalk_reent
 .text          0x0201f2a8       0xf4 c:/intelfpga/18.0/embedded/host_tools/mentor/gnu/arm/baremetal/bin/../lib/gcc/arm-altera-eabi/6.2.0/../../../../arm-altera-eabi/lib\libc.a(lib_a-locale.o)
                0x0201f2cc                _setlocale_r
                0x0201f334                __locale_mb_cur_max
                0x0201f35c                __locale_ctype_ptr_l
                0x0201f364                __locale_ctype_ptr
                0x0201f37c                setlocale
 .text          0x0201f39c       0x58 c:/intelfpga/18.0/embedded/host_tools/mentor/gnu/arm/baremetal/bin/../lib/gcc/arm-altera-eabi/6.2.0/../../../../arm-altera-eabi/lib\libc.a(lib_a-localeconv.o)
                0x0201f39c                __localeconv_l
                0x0201f3a4                _localeconv_r
                0x0201f3cc                localeconv
 .text          0x0201f3f4      0x18c c:/intelfpga/18.0/embedded/host_tools/mentor/gnu/arm/baremetal/bin/../lib/gcc/arm-altera-eabi/6.2.0/../../../../arm-altera-eabi/lib\libc.a(lib_a-makebuf.o)
                0x0201f3f4                __swhatbuf_r
                0x0201f494                __smakebuf_r
 .text          0x0201f580       0xa0 c:/intelfpga/18.0/embedded/host_tools/mentor/gnu/arm/baremetal/bin/../lib/gcc/arm-altera-eabi/6.2.0/../../../../arm-altera-eabi/lib\libc.a(lib_a-mbtowc_r.o)
                0x0201f580                _mbtowc_r
                0x0201f5d4                __ascii_mbtowc
 .text          0x0201f620      0x110 c:/intelfpga/18.0/embedded/host_tools/mentor/gnu/arm/baremetal/bin/../lib/gcc/arm-altera-eabi/6.2.0/../../../../arm-altera-eabi/lib\libc.a(lib_a-memchr-stub.o)
                0x0201f620                memchr
 .text          0x0201f730      0xd98 c:/intelfpga/18.0/embedded/host_tools/mentor/gnu/arm/baremetal/bin/../lib/gcc/arm-altera-eabi/6.2.0/../../../../arm-altera-eabi/lib\libc.a(lib_a-mprec.o)
                0x0201f730                _Balloc
                0x0201f7bc                _Bfree
                0x0201f7d8                __multadd
                0x0201f8b4                __s2b
                0x0201f9a4                __hi0bits
                0x0201f9fc                __lo0bits
                0x0201fa9c                __i2b
                0x0201fac0                __multiply
                0x0201fc90                __pow5mult
                0x0201fd94                __lshift
                0x0201fe7c                __mcmp
                0x0201fedc                __mdiff
                0x02020084                __ulp
                0x020200ec                __b2d
                0x020201d8                __d2b
                0x020202e8                __ratio
                0x02020378                _mprec_log10
                0x020203d8                __copybits
                0x02020448                __any_on
 .text          0x020204c8      0x1bc c:/intelfpga/18.0/embedded/host_tools/mentor/gnu/arm/baremetal/bin/../lib/gcc/arm-altera-eabi/6.2.0/../../../../arm-altera-eabi/lib\libc.a(lib_a-putc.o)
                0x020204c8                _putc_r
                0x020205a4                putc
 .text          0x02020684      0x4d4 c:/intelfpga/18.0/embedded/host_tools/mentor/gnu/arm/baremetal/bin/../lib/gcc/arm-altera-eabi/6.2.0/../../../../arm-altera-eabi/lib\libc.a(lib_a-reallocr.o)
                0x02020684                _realloc_r
 .text          0x02020b58      0x218 c:/intelfpga/18.0/embedded/host_tools/mentor/gnu/arm/baremetal/bin/../lib/gcc/arm-altera-eabi/6.2.0/../../../../arm-altera-eabi/lib\libc.a(lib_a-refill.o)
                0x02020b80                __srefill_r
 .text          0x02020d70       0xd8 c:/intelfpga/18.0/embedded/host_tools/mentor/gnu/arm/baremetal/bin/../lib/gcc/arm-altera-eabi/6.2.0/../../../../arm-altera-eabi/lib\libc.a(lib_a-stdio.o)
                0x02020d70                __sread
                0x02020da4                __seofread
                0x02020dac                __swrite
                0x02020e04                __sseek
                0x02020e34                __sclose
 .text          0x02020e48     0x14c4 c:/intelfpga/18.0/embedded/host_tools/mentor/gnu/arm/baremetal/bin/../lib/gcc/arm-altera-eabi/6.2.0/../../../../arm-altera-eabi/lib\libc.a(lib_a-vfiprintf.o)
                0x02020ef8                __sprint_r
                0x02020f10                _vfiprintf_r
                0x02022214                vfiprintf
 .text          0x0202230c       0x74 c:/intelfpga/18.0/embedded/host_tools/mentor/gnu/arm/baremetal/bin/../lib/gcc/arm-altera-eabi/6.2.0/../../../../arm-altera-eabi/lib\libc.a(lib_a-wctomb_r.o)
                0x0202230c                _wctomb_r
                0x02022358                __ascii_wctomb
 .text.startup  0x02022380       0x18 c:/intelfpga/18.0/embedded/host_tools/mentor/gnu/arm/baremetal/bin/../lib/gcc/arm-altera-eabi/6.2.0/../../../../arm-altera-eabi/lib\libc.a(lib_a-envlock.o)
 .text          0x02022398      0x180 c:/intelfpga/18.0/embedded/host_tools/mentor/gnu/arm/baremetal/bin/../lib/gcc/arm-altera-eabi/6.2.0/../../../../arm-altera-eabi/lib\libc.a(lib_a-fclose.o)
                0x02022398                _fclose_r
                0x02022500                fclose
 .text          0x02022518      0x204 c:/intelfpga/18.0/embedded/host_tools/mentor/gnu/arm/baremetal/bin/../lib/gcc/arm-altera-eabi/6.2.0/../../../../arm-altera-eabi/lib\libc.a(lib_a-fputwc.o)
                0x02022518                __fputwc
                0x02022628                _fputwc_r
                0x020226e4                fputwc
 .text          0x0202271c      0x150 c:/intelfpga/18.0/embedded/host_tools/mentor/gnu/arm/baremetal/bin/../lib/gcc/arm-altera-eabi/6.2.0/../../../../arm-altera-eabi/lib\libc.a(lib_a-wcrtomb.o)
                0x0202271c                _wcrtomb_r
                0x020227c0                wcrtomb
 .text          0x0202286c      0x41c c:/intelfpga/18.0/embedded/host_tools/mentor/gnu/arm/baremetal/bin/../lib/gcc/arm-altera-eabi/6.2.0\libgcc.a(_arm_addsubdf3.o)
                0x0202286c                __aeabi_drsub
                0x02022874                __aeabi_dsub
                0x02022874                __subdf3
                0x02022878                __aeabi_dadd
                0x02022878                __adddf3
                0x02022b88                __floatunsidf
                0x02022b88                __aeabi_ui2d
                0x02022bac                __floatsidf
                0x02022bac                __aeabi_i2d
                0x02022bd4                __aeabi_f2d
                0x02022bd4                __extendsfdf2
                0x02022c14                __floatundidf
                0x02022c14                __aeabi_ul2d
                0x02022c28                __floatdidf
                0x02022c28                __aeabi_l2d
 .text          0x02022c88      0x49c c:/intelfpga/18.0/embedded/host_tools/mentor/gnu/arm/baremetal/bin/../lib/gcc/arm-altera-eabi/6.2.0\libgcc.a(_arm_muldivdf3.o)
                0x02022c88                __aeabi_dmul
                0x02022c88                __muldf3
                0x02022f18                __divdf3
                0x02022f18                __aeabi_ddiv
 .text          0x02023124      0x144 c:/intelfpga/18.0/embedded/host_tools/mentor/gnu/arm/baremetal/bin/../lib/gcc/arm-altera-eabi/6.2.0\libgcc.a(_arm_cmpdf2.o)
                0x02023124                __gtdf2
                0x02023124                __gedf2
                0x0202312c                __ltdf2
                0x0202312c                __ledf2
                0x02023134                __nedf2
                0x02023134                __eqdf2
                0x02023134                __cmpdf2
                0x020231bc                __aeabi_cdrcmple
                0x020231d8                __aeabi_cdcmpeq
                0x020231d8                __aeabi_cdcmple
                0x020231f0                __aeabi_dcmpeq
                0x02023208                __aeabi_dcmplt
                0x02023220                __aeabi_dcmple
                0x02023238                __aeabi_dcmpge
                0x02023250                __aeabi_dcmpgt
 .text          0x02023268       0x38 c:/intelfpga/18.0/embedded/host_tools/mentor/gnu/arm/baremetal/bin/../lib/gcc/arm-altera-eabi/6.2.0\libgcc.a(_arm_unorddf2.o)
                0x02023268                __unorddf2
                0x02023268                __aeabi_dcmpun
 .text          0x020232a0       0x5c c:/intelfpga/18.0/embedded/host_tools/mentor/gnu/arm/baremetal/bin/../lib/gcc/arm-altera-eabi/6.2.0\libgcc.a(_arm_fixdfsi.o)
                0x020232a0                __aeabi_d2iz
                0x020232a0                __fixdfsi
 .text          0x020232fc       0x58 c:/intelfpga/18.0/embedded/host_tools/mentor/gnu/arm/baremetal/bin/../lib/gcc/arm-altera-eabi/6.2.0\libgcc.a(gthr-generic.o)
                0x020232fc                __generic_gxx_active_p
                0x02023304                __generic_gxx_key_create
                0x0202330c                __generic_gxx_once
                0x02023310                __generic_gxx_key_delete
                0x02023318                __generic_gxx_getspecific
                0x02023320                __generic_gxx_setspecific
                0x02023328                __generic_gxx_recursive_mutex_init_function
                0x0202332c                __generic_gxx_mutex_init_function
                0x02023330                __generic_gxx_recursive_mutex_destroy
                0x02023338                __generic_gxx_recursive_mutex_unlock
                0x0202333c                __generic_gxx_recursive_mutex_trylock
                0x02023340                __generic_gxx_recursive_mutex_lock
                0x02023344                __generic_gxx_mutex_unlock
                0x02023348                __generic_gxx_mutex_trylock
                0x0202334c                __generic_gxx_mutex_lock
                0x02023350                __generic_gxx_mutex_destroy
 *(.plt)
 *(.gnu.warning)
 *(.glue_7t)
 .glue_7t       0x02023354        0x0 linker stubs
 *(.glue_7)
 .glue_7        0x02023354        0x0 linker stubs
 *(.vfp11_veneer)
 .vfp11_veneer  0x02023354        0x0 linker stubs
 *(.ARM.extab* .gnu.linkonce.armextab.*)
 *(.gcc_except_table)

.v4_bx          0x02023354        0x0
 .v4_bx         0x02023354        0x0 linker stubs

.iplt           0x02023354        0x0
 .iplt          0x02023354        0x0 c:/intelfpga/18.0/embedded/host_tools/mentor/gnu/arm/baremetal/bin/../lib/gcc/arm-altera-eabi/6.2.0/crtbegin.o

.eh_frame_hdr
 *(.eh_frame_hdr)
 *(.eh_frame_entry .eh_frame_entry.*)

.eh_frame       0x02023354        0x4
 *(.eh_frame)
 .eh_frame      0x02023354        0x0 c:/intelfpga/18.0/embedded/host_tools/mentor/gnu/arm/baremetal/bin/../lib/gcc/arm-altera-eabi/6.2.0/crtbegin.o
 .eh_frame      0x02023354        0x4 c:/intelfpga/18.0/embedded/host_tools/mentor/gnu/arm/baremetal/bin/../lib/gcc/arm-altera-eabi/6.2.0/crtend.o
 *(.eh_frame.*)
                [!provide]                PROVIDE (__exidx_start, .)

.ARM.exidx      0x02023358        0x8
 *(.ARM.exidx* .gnu.linkonce.armexidx.*)
 .ARM.exidx     0x02023358        0x8 c:/intelfpga/18.0/embedded/host_tools/mentor/gnu/arm/baremetal/bin/../lib/gcc/arm-altera-eabi/6.2.0\libgcc.a(_udivmoddi4.o)
                [!provide]                PROVIDE (__exidx_end, .)

.rel.dyn        0x02023360        0x0
 .rel.iplt      0x02023360        0x0 c:/intelfpga/18.0/embedded/host_tools/mentor/gnu/arm/baremetal/bin/../lib/gcc/arm-altera-eabi/6.2.0/crtbegin.o

.rodata         0x02023360     0x2080
 *(.rodata .rodata.* .gnu.linkonce.r.*)
 .rodata.Fname.8765
                0x02023360        0x9 Demo_9_CORTEXA9.o
 *fill*         0x02023369        0x3 
 .rodata.cmd_cat.str1.4
                0x0202336c      0x155 Demo_9_CORTEXA9.o
 *fill*         0x020234c1        0x3 
 .rodata.cmd_cd.str1.4
                0x020234c4       0x92 Demo_9_CORTEXA9.o
 *fill*         0x02023556        0x2 
 .rodata.cmd_chmod.str1.4
                0x02023558       0xeb Demo_9_CORTEXA9.o
 *fill*         0x02023643        0x1 
 .rodata.cmd_cp.str1.4
                0x02023644       0xfd Demo_9_CORTEXA9.o
 *fill*         0x02023741        0x3 
 .rodata.cmd_du.str1.4
                0x02023744       0xf3 Demo_9_CORTEXA9.o
 *fill*         0x02023837        0x1 
 .rodata.cmd_fmt.str1.4
                0x02023838       0x70 Demo_9_CORTEXA9.o
 .rodata.cmd_help.str1.4
                0x020238a8       0x93 Demo_9_CORTEXA9.o
 *fill*         0x0202393b        0x1 
 .rodata.cmd_ls.str1.4
                0x0202393c       0x96 Demo_9_CORTEXA9.o
 *fill*         0x020239d2        0x2 
 .rodata.cmd_mkdir.str1.4
                0x020239d4       0x8e Demo_9_CORTEXA9.o
 *fill*         0x02023a62        0x2 
 .rodata.cmd_mnt.str1.4
                0x02023a64       0xf2 Demo_9_CORTEXA9.o
 *fill*         0x02023b56        0x2 
 .rodata.cmd_mv.str1.4
                0x02023b58       0x79 Demo_9_CORTEXA9.o
 *fill*         0x02023bd1        0x3 
 .rodata.cmd_perf.str1.4
                0x02023bd4      0x1de Demo_9_CORTEXA9.o
 *fill*         0x02023db2        0x2 
 .rodata.cmd_pwd.str1.4
                0x02023db4       0xa7 Demo_9_CORTEXA9.o
 *fill*         0x02023e5b        0x1 
 .rodata.cmd_rm.str1.4
                0x02023e5c       0xe0 Demo_9_CORTEXA9.o
 .rodata.cmd_rmdir.str1.4
                0x02023f3c       0xd3 Demo_9_CORTEXA9.o
 *fill*         0x0202400f        0x1 
 .rodata.cmd_umnt.str1.4
                0x02024010       0x82 Demo_9_CORTEXA9.o
 *fill*         0x02024092        0x2 
 .rodata.main.str1.4
                0x02024094      0x149 Demo_9_CORTEXA9.o
 *fill*         0x020241dd        0x3 
 .rodata.str1.4
                0x020241e0       0x4e Demo_9_CORTEXA9.o
                                 0x5a (size before relaxing)
 *fill*         0x0202422e        0x2 
 .rodata.dma_init.str1.4
                0x02024230        0x4 arm_pl330.o
 *fill*         0x02024234        0x4 
 .rodata.g_DmaNames
                0x02024238        0x5 arm_pl330.o
 *fill*         0x0202423d        0x3 
 .rodata.g_SemNames
                0x02024240       0x38 arm_pl330.o
 .rodata.SDprepData.isra.1.constprop.6.str1.4
                0x02024278       0x9e dw_sdmmc.o
 *fill*         0x02024316        0x2 
 .rodata.g_FreqBase
                0x02024318       0x10 dw_sdmmc.o
 .rodata.g_Names
                0x02024328        0x8 dw_sdmmc.o
 .rodata.g_SpeedMult
                0x02024330       0x40 dw_sdmmc.o
 .rodata.mmc_init.str1.4
                0x02024370      0x53e dw_sdmmc.o
 *fill*         0x020248ae        0x2 
 .rodata.mmc_sendcmd.constprop.3.str1.4
                0x020248b0       0x8f dw_sdmmc.o
 *fill*         0x0202493f        0x1 
 .rodata.mmc_sendcmd.constprop.5.str1.4
                0x02024940      0x159 dw_sdmmc.o
 *fill*         0x02024a99        0x3 
 .rodata.mmc_sendstatus.str1.4
                0x02024a9c       0x67 dw_sdmmc.o
 *fill*         0x02024b03        0x5 
 .rodata.BSecho.7309
                0x02024b08        0x2 dw_uart.o
 *fill*         0x02024b0a        0x6 
 .rodata.g_DevReMap
                0x02024b10        0x8 dw_uart.o
 .rodata.g_HWaddr
                0x02024b18        0x8 dw_uart.o
 .rodata.g_Names
                0x02024b20       0x40 dw_uart.o
 .rodata.g_Names
                0x02024b60       0x10 Abassi_FatFS.o
 .rodata.disk_status.str1.4
                0x02024b70        0x6 Media_FatFS.o
 *fill*         0x02024b76        0x2 
 .rodata.MEDIAinfo.str1.4
                0x02024b78       0x14 MediaIF.o
 *fill*         0x02024b8c        0x4 
 .rodata.ExCvt  0x02024b90       0x80 ff.o
 .rodata.LfnOfs
                0x02024c10        0xd ff.o
 *fill*         0x02024c1d        0x3 
 .rodata.f_mkfs.str1.4
                0x02024c20       0x34 ff.o
 .rodata.follow_path.str1.4
                0x02024c54       0x13 ff.o
 *fill*         0x02024c67        0x1 
 .rodata.cvt1.7491
                0x02024c68      0x1f2 ffunicode.o
 *fill*         0x02024e5a        0x6 
 .rodata.cvt2.7492
                0x02024e60       0xbc ffunicode.o
 *fill*         0x02024f1c        0x4 
 .rodata.uc437  0x02024f20      0x100 ffunicode.o
 .rodata.G_ABORTstackSize
                0x02025020        0x4 mAbassiCfgA9.o
                0x02025020                G_ABORTstackSize
 .rodata.G_FIQstackSize
                0x02025024        0x4 mAbassiCfgA9.o
                0x02025024                G_FIQstackSize
 .rodata.G_IRQstackSize
                0x02025028        0x4 mAbassiCfgA9.o
                0x02025028                G_IRQstackSize
 *fill*         0x0202502c        0x4 
 .rodata.G_MMUnonCachedTbl
                0x02025030        0xc mAbassiCfgA9.o
                0x02025030                G_MMUnonCachedTbl
 *fill*         0x0202503c        0x4 
 .rodata.G_MMUnonCprivTbl
                0x02025040       0x10 mAbassiCfgA9.o
                0x02025040                G_MMUnonCprivTbl
 .rodata.G_MMUprivateTbl
                0x02025050       0x10 mAbassiCfgA9.o
                0x02025050                G_MMUprivateTbl
 .rodata.G_MMUsharedTbl
                0x02025060        0xc mAbassiCfgA9.o
                0x02025060                G_MMUsharedTbl
 .rodata.G_SUPERstackSize
                0x0202506c        0x4 mAbassiCfgA9.o
                0x0202506c                G_SUPERstackSize
 .rodata.G_UNDEFstackSize
                0x02025070        0x4 mAbassiCfgA9.o
                0x02025070                G_UNDEFstackSize
 *fill*         0x02025074        0x4 
 .rodata.G_OSnoName
                0x02025078        0x4 ../../mAbassi/Platform/lib\lib_mAbassi_EVAL_GCC_AR5_CY5.a(mAbassi_EVAL_A9_GCC_2_NR.o)
                0x02025078                G_OSnoName
 *fill*         0x0202507c        0x4 
 .rodata.G_OSprivName
                0x02025080        0x5 ../../mAbassi/Platform/lib\lib_mAbassi_EVAL_GCC_AR5_CY5.a(mAbassi_EVAL_A9_GCC_2_NR.o)
                0x02025080                G_OSprivName
 *fill*         0x02025085        0x3 
 .rodata.OSstart.str1.4
                0x02025088       0x14 ../../mAbassi/Platform/lib\lib_mAbassi_EVAL_GCC_AR5_CY5.a(mAbassi_EVAL_A9_GCC_2_NR.o)
 *fill*         0x0202509c        0x4 
 .rodata.g_OSMutexName
                0x020250a0        0x6 ../../mAbassi/Platform/lib\lib_mAbassi_EVAL_GCC_AR5_CY5.a(mAbassi_EVAL_A9_GCC_2_NR.o)
                0x020250a0                g_OSMutexName
 *fill*         0x020250a6        0x2 
 .rodata        0x020250a8        0x4 c:/intelfpga/18.0/embedded/host_tools/mentor/gnu/arm/baremetal/bin/../lib/gcc/arm-altera-eabi/6.2.0/../../../../arm-altera-eabi/lib\libc.a(lib_a-impure.o)
                0x020250a8                _global_impure_ptr
 .rodata.str1.4
                0x020250ac       0x14 c:/intelfpga/18.0/embedded/host_tools/mentor/gnu/arm/baremetal/bin/../lib/gcc/arm-altera-eabi/6.2.0/../../../../arm-altera-eabi/lib\libc.a(lib_a-puts.o)
                                  0x2 (size before relaxing)
 .rodata        0x020250ac       0x20 c:/intelfpga/18.0/embedded/host_tools/mentor/gnu/arm/baremetal/bin/../lib/gcc/arm-altera-eabi/6.2.0/../../../../arm-altera-eabi/lib\libc.a(lib_a-vfprintf.o)
 .rodata.str1.4
                0x020250cc       0x42 c:/intelfpga/18.0/embedded/host_tools/mentor/gnu/arm/baremetal/bin/../lib/gcc/arm-altera-eabi/6.2.0/../../../../arm-altera-eabi/lib\libc.a(lib_a-vfprintf.o)
 *fill*         0x0202510e        0x2 
 .rodata.str1.4
                0x02025110       0x10 c:/intelfpga/18.0/embedded/host_tools/mentor/gnu/arm/baremetal/bin/../lib/gcc/arm-altera-eabi/6.2.0/../../../../arm-altera-eabi/lib\libc.a(lib_a-dtoa.o)
                                 0x12 (size before relaxing)
 .rodata.str1.4
                0x02025120        0xc c:/intelfpga/18.0/embedded/host_tools/mentor/gnu/arm/baremetal/bin/../lib/gcc/arm-altera-eabi/6.2.0/../../../../arm-altera-eabi/lib\libc.a(lib_a-locale.o)
                                 0x12 (size before relaxing)
 *fill*         0x0202512c        0x4 
 .rodata        0x02025130      0x128 c:/intelfpga/18.0/embedded/host_tools/mentor/gnu/arm/baremetal/bin/../lib/gcc/arm-altera-eabi/6.2.0/../../../../arm-altera-eabi/lib\libc.a(lib_a-mprec.o)
                0x02025140                __mprec_tens
                0x02025208                __mprec_tinytens
                0x02025230                __mprec_bigtens
 .rodata        0x02025258       0x20 c:/intelfpga/18.0/embedded/host_tools/mentor/gnu/arm/baremetal/bin/../lib/gcc/arm-altera-eabi/6.2.0/../../../../arm-altera-eabi/lib\libc.a(lib_a-vfiprintf.o)
 .rodata.str1.4
                0x02025278       0x2f c:/intelfpga/18.0/embedded/host_tools/mentor/gnu/arm/baremetal/bin/../lib/gcc/arm-altera-eabi/6.2.0/../../../../arm-altera-eabi/lib\libc.a(lib_a-vfiprintf.o)
 .rodata        0x02025278      0x101 c:/intelfpga/18.0/embedded/host_tools/mentor/gnu/arm/baremetal/bin/../lib/gcc/arm-altera-eabi/6.2.0/../../../../arm-altera-eabi/lib\libc.a(lib_a-ctype_.o)
                0x02025278                _ctype_
                0x0202537c                . = ALIGN (0x4)
 *fill*         0x02025379        0x3 
 *(.init)
 .init          0x0202537c        0xc c:/intelfpga/18.0/embedded/host_tools/mentor/gnu/arm/baremetal/bin/../lib/gcc/arm-altera-eabi/6.2.0/crti.o
                0x0202537c                _init
 .init          0x02025388        0xc c:/intelfpga/18.0/embedded/host_tools/mentor/gnu/arm/baremetal/bin/../lib/gcc/arm-altera-eabi/6.2.0/crtn.o
                0x02025394                . = ALIGN (0x4)
                0x02025394                __preinit_array_start = .
 *(.preinit_array)
                0x02025394                __preinit_array_end = .
                0x02025394                . = ALIGN (0x4)
                0x02025394                __init_array_start = .
 *(SORT(.init_array.*))
 .init_array.00000
                0x02025394        0x4 c:/intelfpga/18.0/embedded/host_tools/mentor/gnu/arm/baremetal/bin/../lib/gcc/arm-altera-eabi/6.2.0/../../../../arm-altera-eabi/lib\libc.a(lib_a-mlock.o)
 .init_array.00000
                0x02025398        0x4 c:/intelfpga/18.0/embedded/host_tools/mentor/gnu/arm/baremetal/bin/../lib/gcc/arm-altera-eabi/6.2.0/../../../../arm-altera-eabi/lib\libc.a(lib_a-tzlock.o)
 .init_array.00000
                0x0202539c        0x8 c:/intelfpga/18.0/embedded/host_tools/mentor/gnu/arm/baremetal/bin/../lib/gcc/arm-altera-eabi/6.2.0/../../../../arm-altera-eabi/lib\libc.a(lib_a-findfp.o)
 .init_array.00000
                0x020253a4        0x4 c:/intelfpga/18.0/embedded/host_tools/mentor/gnu/arm/baremetal/bin/../lib/gcc/arm-altera-eabi/6.2.0/../../../../arm-altera-eabi/lib\libc.a(lib_a-envlock.o)
 *(.init_array)
 .init_array    0x020253a8        0x4 c:/intelfpga/18.0/embedded/host_tools/mentor/gnu/arm/baremetal/bin/../lib/gcc/arm-altera-eabi/6.2.0/crtbegin.o
                0x020253ac                __init_array_end = .
                0x020253ac                . = ALIGN (0x4)
 *(.fini)
 .fini          0x020253ac        0xc c:/intelfpga/18.0/embedded/host_tools/mentor/gnu/arm/baremetal/bin/../lib/gcc/arm-altera-eabi/6.2.0/crti.o
                0x020253ac                _fini
 .fini          0x020253b8        0xc c:/intelfpga/18.0/embedded/host_tools/mentor/gnu/arm/baremetal/bin/../lib/gcc/arm-altera-eabi/6.2.0/crtn.o
                0x020253c4                . = ALIGN (0x4)
                0x020253c4                __fini_array_start = .
 *(.fini_array)
 .fini_array    0x020253c4        0x4 c:/intelfpga/18.0/embedded/host_tools/mentor/gnu/arm/baremetal/bin/../lib/gcc/arm-altera-eabi/6.2.0/crtbegin.o
 *(SORT(.fini_array.*))
                0x020253c8                __fini_array_end = .
                0x020253c8                . = ALIGN (0x4)
 *crtbegin.o(.ctors)
 *crtbegin?.o(.ctors)
 *(EXCLUDE_FILE(*crtend.o) .ctors)
 *(SORT(.ctors.*))
 *crtend.o(.ctors)
 *(.ctors)
                0x020253c8                . = ALIGN (0x4)
 *crtbegin.o(.dtors)
 *crtbegin?.o(.dtors)
 *(EXCLUDE_FILE(*crtend.o) .dtors)
 *(SORT(.dtors.*))
 *crtend.o(.dtors)
 *(.dtors)
                0x020253c8                . = ALIGN (0x4)
                0x020253c8                __cs3_regions = .
                0x020253c8        0x4 LONG 0x0
                0x020253cc        0x4 LONG 0x2000000 __cs3_region_init_ram
                0x020253d0        0x4 LONG 0x2000000 __cs3_region_start_ram
                0x020253d4        0x4 LONG 0x25e68 __cs3_region_init_size_ram
                0x020253d8        0x4 LONG 0x10037de8 __cs3_region_zero_size_ram
                0x020253dc                __cs3_regions_end = .
                0x020253e0                . = ALIGN (0x8)
 *fill*         0x020253dc        0x4 
                0x020253e0                _etext = .
                0x00000001                ASSERT (! ((__cs3_region_init_ram & 0x7)), __cs3_region_init_ram not aligned)
                0x00000001                ASSERT (! ((__cs3_region_start_ram & 0x7)), __cs3_region_start_ram not aligned)
                0x00000001                ASSERT (! ((__cs3_region_init_size_ram & 0x7)), __cs3_region_init_size_ram not aligned)
                0x00000001                ASSERT (! ((__cs3_region_zero_size_ram & 0x7)), __cs3_region_zero_size_ram not aligned)
                0x020253e0                __etext = .

.data           0x020253e0      0xa88
                0x020253e0                _fdata = .
                0x020253e0                __data_start__ = .
 *(vtable)
 *(.data*)
 .data.CommandLst
                0x020253e0       0x88 Demo_9_CORTEXA9.o
                0x020253e0                CommandLst
 .data.ExpiryCnt.7521
                0x02025468        0x8 ../../mAbassi/Platform/lib\lib_mAbassi_EVAL_GCC_AR5_CY5.a(mAbassi_EVAL_A9_GCC_2_NR.o)
 .data.ExpiryPrv.7522
                0x02025470        0x8 ../../mAbassi/Platform/lib\lib_mAbassi_EVAL_GCC_AR5_CY5.a(mAbassi_EVAL_A9_GCC_2_NR.o)
 .data          0x02025478       0x3c ../../mAbassi/Platform/lib\lib_mAbassi_EVAL_GCC_AR5_CY5.a(mAbassi_EVAL_GCC_AR5_CY5_NR.o)
                0x0202547c                DATAabort_Handler
                0x0202547c                __cs3_isr_dabort
                0x02025490                FIQ_Handler
                0x02025490                __cs3_isr_fiq
                0x02025494                __cs3_isr_pabort
                0x02025494                PFabort_Handler
                0x020254a4                __cs3_isr_undef
                0x020254a4                Undef_Handler
 *fill*         0x020254b4        0x4 
 .data          0x020254b8      0x430 c:/intelfpga/18.0/embedded/host_tools/mentor/gnu/arm/baremetal/bin/../lib/gcc/arm-altera-eabi/6.2.0/../../../../arm-altera-eabi/lib\libc.a(lib_a-impure.o)
                0x020254b8                _impure_ptr
 .data          0x020258e8      0x410 c:/intelfpga/18.0/embedded/host_tools/mentor/gnu/arm/baremetal/bin/../lib/gcc/arm-altera-eabi/6.2.0/../../../../arm-altera-eabi/lib\libc.a(lib_a-mallocr.o)
                0x020258e8                __malloc_av_
                0x02025cf0                __malloc_sbrk_base
                0x02025cf4                __malloc_trim_threshold
 .data          0x02025cf8      0x16c c:/intelfpga/18.0/embedded/host_tools/mentor/gnu/arm/baremetal/bin/../lib/gcc/arm-altera-eabi/6.2.0/../../../../arm-altera-eabi/lib\libc.a(lib_a-locale.o)
                0x02025cf8                __global_locale
 *(.jcr*)
 .jcr           0x02025e64        0x0 c:/intelfpga/18.0/embedded/host_tools/mentor/gnu/arm/baremetal/bin/../lib/gcc/arm-altera-eabi/6.2.0/crtbegin.o
 .jcr           0x02025e64        0x4 c:/intelfpga/18.0/embedded/host_tools/mentor/gnu/arm/baremetal/bin/../lib/gcc/arm-altera-eabi/6.2.0/crtend.o
                0x02025e68                . = ALIGN (0x8)
                0x02025e68                __data_end__ = .
                0x02025e68                _edata = .

.tm_clone_table
                0x02025e68        0x0
 .tm_clone_table
                0x02025e68        0x0 c:/intelfpga/18.0/embedded/host_tools/mentor/gnu/arm/baremetal/bin/../lib/gcc/arm-altera-eabi/6.2.0/crtbegin.o
 .tm_clone_table
                0x02025e68        0x0 c:/intelfpga/18.0/embedded/host_tools/mentor/gnu/arm/baremetal/bin/../lib/gcc/arm-altera-eabi/6.2.0/crtend.o

.igot.plt       0x02025e68        0x0
 .igot.plt      0x02025e68        0x0 c:/intelfpga/18.0/embedded/host_tools/mentor/gnu/arm/baremetal/bin/../lib/gcc/arm-altera-eabi/6.2.0/crtbegin.o

.bss            0x02025f00    0x37d50
                0x02025f00                _fbss = .
                0x02025f00                __bss_start__ = .
 *(.shbss)
 *(.bss .bss.* .gnu.linkonce.b.*)
 .bss           0x02025f00       0x1c c:/intelfpga/18.0/embedded/host_tools/mentor/gnu/arm/baremetal/bin/../lib/gcc/arm-altera-eabi/6.2.0/crtbegin.o
 *fill*         0x02025f1c        0x4 
 .bss.Arg_V.8613
                0x02025f20       0x28 Demo_9_CORTEXA9.o
 .bss.Buf.8705  0x02025f48     0x1000 Demo_9_CORTEXA9.o
 .bss.CmdLine.8612
                0x02026f48      0x100 Demo_9_CORTEXA9.o
 .bss.G_UartDevErr
                0x02027048        0x4 Demo_9_CORTEXA9.o
                0x02027048                G_UartDevErr
 .bss.G_UartDevIn
                0x0202704c        0x4 Demo_9_CORTEXA9.o
                0x0202704c                G_UartDevIn
 .bss.G_UartDevOut
                0x02027050        0x4 Demo_9_CORTEXA9.o
                0x02027050                G_UartDevOut
 *fill*         0x02027054        0xc 
 .bss.g_Buffer  0x02027060     0x4000 Demo_9_CORTEXA9.o
 .bss.g_Dir     0x0202b060       0x58 Demo_9_CORTEXA9.o
 *fill*         0x0202b0b8        0x8 
 .bss.g_DirNowPath
                0x0202b0c0      0x200 Demo_9_CORTEXA9.o
 .bss.g_Drive   0x0202b2c0        0x3 Demo_9_CORTEXA9.o
 *fill*         0x0202b2c3       0x1d 
 .bss.gg_FileSys
                0x0202b2e0     0x1070 Demo_9_CORTEXA9.o
 .bss.g_CfgIsInit
                0x0202c350        0x4 arm_pl330.o
 .bss.g_DMAcfg  0x0202c354     0x46a0 arm_pl330.o
                0x0202c354                g_DMAcfg
 .bss.g_MyMutex
                0x020309f4        0x4 arm_pl330.o
                0x020309f4                g_MyMutex
 .bss.g_CfgIsInit
                0x020309f8        0x4 dw_sdmmc.o
 *fill*         0x020309fc        0x4 
 .bss.g_DMAdesc
                0x02030a00      0x400 dw_sdmmc.o
 .bss.g_DMAscratch
                0x02030e00       0x40 dw_sdmmc.o
 .bss.g_MMCcfg  0x02030e40       0x78 dw_sdmmc.o
 .bss.g_CfgIsInit
                0x02030eb8        0x4 dw_uart.o
 .bss.g_UARTcfg
                0x02030ebc     0x2088 dw_uart.o
 .bss.g_IsInitPark
                0x02032f44        0x4 Abassi_FatFS.o
 .bss.g_Parking
                0x02032f48        0x8 Abassi_FatFS.o
 .bss.g_MediaIsOK
                0x02032f50       0x10 MediaIF.o
 .bss.g_MemDrvSize
                0x02032f60        0x4 MediaIF.o
 .bss.CurrVol   0x02032f64        0x1 ff.o
 *fill*         0x02032f65        0x3 
 .bss.FatFs     0x02032f68        0x8 ff.o
 .bss.Files     0x02032f70       0x80 ff.o
 .bss.Fsid      0x02032ff0        0x2 ff.o
 *fill*         0x02032ff2        0x6 
 .bss.G_ABORTstack
                0x02032ff8      0x800 mAbassiCfgA9.o
                0x02032ff8                G_ABORTstack
 .bss.G_FIQstack
                0x020337f8      0x800 mAbassiCfgA9.o
                0x020337f8                G_FIQstack
 .bss.G_IRQstack
                0x02033ff8     0x8000 mAbassiCfgA9.o
                0x02033ff8                G_IRQstack
 .bss.G_SUPERstack
                0x0203bff8     0x8000 mAbassiCfgA9.o
                0x0203bff8                G_SUPERstack
 .bss.G_UNDEFstack
                0x02043ff8      0x800 mAbassiCfgA9.o
                0x02043ff8                G_UNDEFstack
 .bss.ExpiryZap.7523
                0x020447f8        0x4 ../../mAbassi/Platform/lib\lib_mAbassi_EVAL_GCC_AR5_CY5.a(mAbassi_EVAL_A9_GCC_2_NR.o)
 *fill*         0x020447fc        0x4 
 .bss.G_CoreIdleDone
                0x02044800        0x8 ../../mAbassi/Platform/lib\lib_mAbassi_EVAL_GCC_AR5_CY5.a(mAbassi_EVAL_A9_GCC_2_NR.o)
                0x02044800                G_CoreIdleDone
 .bss.G_OSisrQrd
                0x02044808        0x8 ../../mAbassi/Platform/lib\lib_mAbassi_EVAL_GCC_AR5_CY5.a(mAbassi_EVAL_A9_GCC_2_NR.o)
                0x02044808                G_OSisrQrd
 .bss.G_OSisrQwrt
                0x02044810        0x8 ../../mAbassi/Platform/lib\lib_mAbassi_EVAL_GCC_AR5_CY5.a(mAbassi_EVAL_A9_GCC_2_NR.o)
                0x02044810                G_OSisrQwrt
 .bss.G_OSisrState
                0x02044818       0x38 ../../mAbassi/Platform/lib\lib_mAbassi_EVAL_GCC_AR5_CY5.a(mAbassi_EVAL_A9_GCC_2_NR.o)
                0x02044818                G_OSisrState
 .bss.G_OSisrTbl
                0x02044850     0x1000 ../../mAbassi/Platform/lib\lib_mAbassi_EVAL_GCC_AR5_CY5.a(mAbassi_EVAL_A9_GCC_2_NR.o)
                0x02044850                G_OSisrTbl
 .bss.G_OSmutex
                0x02045850        0x4 ../../mAbassi/Platform/lib\lib_mAbassi_EVAL_GCC_AR5_CY5.a(mAbassi_EVAL_A9_GCC_2_NR.o)
                0x02045850                G_OSmutex
 .bss.G_OSstate
                0x02045854        0x4 ../../mAbassi/Platform/lib\lib_mAbassi_EVAL_GCC_AR5_CY5.a(mAbassi_EVAL_A9_GCC_2_NR.o)
                0x02045854                G_OSstate
 .bss.G_OStaskNow
                0x02045858        0x8 ../../mAbassi/Platform/lib\lib_mAbassi_EVAL_GCC_AR5_CY5.a(mAbassi_EVAL_A9_GCC_2_NR.o)
                0x02045858                G_OStaskNow
 .bss.G_OStimCnt
                0x02045860        0x4 ../../mAbassi/Platform/lib\lib_mAbassi_EVAL_GCC_AR5_CY5.a(mAbassi_EVAL_A9_GCC_2_NR.o)
                0x02045860                G_OStimCnt
 *fill*         0x02045864        0x4 
 .bss.LoadBal.7508
                0x02045868        0x8 ../../mAbassi/Platform/lib\lib_mAbassi_EVAL_GCC_AR5_CY5.a(mAbassi_EVAL_A9_GCC_2_NR.o)
 .bss.g_CoreInInit
                0x02045870        0x4 ../../mAbassi/Platform/lib\lib_mAbassi_EVAL_GCC_AR5_CY5.a(mAbassi_EVAL_A9_GCC_2_NR.o)
 .bss.g_GrpList
                0x02045874        0x4 ../../mAbassi/Platform/lib\lib_mAbassi_EVAL_GCC_AR5_CY5.a(mAbassi_EVAL_A9_GCC_2_NR.o)
                0x02045874                g_GrpList
 .bss.g_KrnlReent
                0x02045878        0x8 ../../mAbassi/Platform/lib\lib_mAbassi_EVAL_GCC_AR5_CY5.a(mAbassi_EVAL_A9_GCC_2_NR.o)
                0x02045878                g_KrnlReent
 .bss.g_MutexList
                0x02045880        0x4 ../../mAbassi/Platform/lib\lib_mAbassi_EVAL_GCC_AR5_CY5.a(mAbassi_EVAL_A9_GCC_2_NR.o)
                0x02045880                g_MutexList
 *fill*         0x02045884        0x4 
 .bss.g_OStimCore
                0x02045888        0x8 ../../mAbassi/Platform/lib\lib_mAbassi_EVAL_GCC_AR5_CY5.a(mAbassi_EVAL_A9_GCC_2_NR.o)
 .bss.g_OStimSpin
                0x02045890        0x4 ../../mAbassi/Platform/lib\lib_mAbassi_EVAL_GCC_AR5_CY5.a(mAbassi_EVAL_A9_GCC_2_NR.o)
 .bss.g_PostQueue
                0x02045894    0x18000 ../../mAbassi/Platform/lib\lib_mAbassi_EVAL_GCC_AR5_CY5.a(mAbassi_EVAL_A9_GCC_2_NR.o)
 .bss.g_SemaList
                0x0205d894        0x4 ../../mAbassi/Platform/lib\lib_mAbassi_EVAL_GCC_AR5_CY5.a(mAbassi_EVAL_A9_GCC_2_NR.o)
                0x0205d894                g_SemaList
 .bss.g_StrvHoldCnt
                0x0205d898        0x4 ../../mAbassi/Platform/lib\lib_mAbassi_EVAL_GCC_AR5_CY5.a(mAbassi_EVAL_A9_GCC_2_NR.o)
                0x0205d898                g_StrvHoldCnt
 .bss.g_StrvList
                0x0205d89c        0x4 ../../mAbassi/Platform/lib\lib_mAbassi_EVAL_GCC_AR5_CY5.a(mAbassi_EVAL_A9_GCC_2_NR.o)
                0x0205d89c                g_StrvList
 .bss.g_StrvPreEmptCnt
                0x0205d8a0        0x4 ../../mAbassi/Platform/lib\lib_mAbassi_EVAL_GCC_AR5_CY5.a(mAbassi_EVAL_A9_GCC_2_NR.o)
                0x0205d8a0                g_StrvPreEmptCnt
 .bss.g_StrvRunCnt
                0x0205d8a4        0x4 ../../mAbassi/Platform/lib\lib_mAbassi_EVAL_GCC_AR5_CY5.a(mAbassi_EVAL_A9_GCC_2_NR.o)
                0x0205d8a4                g_StrvRunCnt
 .bss.g_StrvTick
                0x0205d8a8        0x4 ../../mAbassi/Platform/lib\lib_mAbassi_EVAL_GCC_AR5_CY5.a(mAbassi_EVAL_A9_GCC_2_NR.o)
                0x0205d8a8                g_StrvTick
 .bss.g_TaskList
                0x0205d8ac        0x4 ../../mAbassi/Platform/lib\lib_mAbassi_EVAL_GCC_AR5_CY5.a(mAbassi_EVAL_A9_GCC_2_NR.o)
                0x0205d8ac                g_TaskList
 .bss.g_TaskRdy
                0x0205d8b0       0x84 ../../mAbassi/Platform/lib\lib_mAbassi_EVAL_GCC_AR5_CY5.a(mAbassi_EVAL_A9_GCC_2_NR.o)
                0x0205d8b0                g_TaskRdy
 .bss.g_TimSrvChkBusy
                0x0205d934        0x4 ../../mAbassi/Platform/lib\lib_mAbassi_EVAL_GCC_AR5_CY5.a(mAbassi_EVAL_A9_GCC_2_NR.o)
                0x0205d934                g_TimSrvChkBusy
 .bss.g_TimSrvList
                0x0205d938        0x4 ../../mAbassi/Platform/lib\lib_mAbassi_EVAL_GCC_AR5_CY5.a(mAbassi_EVAL_A9_GCC_2_NR.o)
                0x0205d938                g_TimSrvList
 .bss.g_TimeOutChkBusy
                0x0205d93c        0x4 ../../mAbassi/Platform/lib\lib_mAbassi_EVAL_GCC_AR5_CY5.a(mAbassi_EVAL_A9_GCC_2_NR.o)
                0x0205d93c                g_TimeOutChkBusy
 .bss.g_TimeOutList
                0x0205d940        0x4 ../../mAbassi/Platform/lib\lib_mAbassi_EVAL_GCC_AR5_CY5.a(mAbassi_EVAL_A9_GCC_2_NR.o)
                0x0205d940                g_TimeOutList
 .bss.g__OSmutex
                0x0205d944       0x20 ../../mAbassi/Platform/lib\lib_mAbassi_EVAL_GCC_AR5_CY5.a(mAbassi_EVAL_A9_GCC_2_NR.o)
 *fill*         0x0205d964       0x9c 
 .bss           0x0205da00      0x200 ../../mAbassi/Platform/lib\lib_mAbassi_EVAL_GCC_AR5_CY5.a(mAbassi_EVAL_GCC_AR5_CY5_NR.o)
 .bss           0x0205dc00        0x4 ../../mAbassi/Platform/lib\lib_mAbassi_EVAL_GCC_AR5_CY5.a(ARMv7_SMP_L1_L2_GCC_AR5_CY5.o)
 .bss           0x0205dc04       0x34 c:/intelfpga/18.0/embedded/host_tools/mentor/gnu/arm/baremetal/bin/../lib/gcc/arm-altera-eabi/6.2.0/../../../../arm-altera-eabi/lib\libc.a(lib_a-mallocr.o)
                0x0205dc04                __malloc_top_pad
                0x0205dc08                __malloc_current_mallinfo
                0x0205dc30                __malloc_max_sbrked_mem
                0x0205dc34                __malloc_max_total_mem
 .bss           0x0205dc38        0x4 c:/intelfpga/18.0/embedded/host_tools/mentor/gnu/arm/baremetal/bin/../lib/gcc/arm-altera-eabi/6.2.0/../../../../arm-altera-eabi/lib\libc.a(lib_a-mlock.o)
 .bss           0x0205dc3c        0x4 c:/intelfpga/18.0/embedded/host_tools/mentor/gnu/arm/baremetal/bin/../lib/gcc/arm-altera-eabi/6.2.0/../../../../arm-altera-eabi/lib\libc.a(lib_a-tzlock.o)
 .bss           0x0205dc40        0x8 c:/intelfpga/18.0/embedded/host_tools/mentor/gnu/arm/baremetal/bin/../lib/gcc/arm-altera-eabi/6.2.0/../../../../arm-altera-eabi/lib\libc.a(lib_a-findfp.o)
 .bss           0x0205dc48        0x4 c:/intelfpga/18.0/embedded/host_tools/mentor/gnu/arm/baremetal/bin/../lib/gcc/arm-altera-eabi/6.2.0/../../../../arm-altera-eabi/lib\libc.a(lib_a-envlock.o)
 *(COMMON)
                0x0205dc50                . = ALIGN (0x8)
 *fill*         0x0205dc4c        0x4 
 *(.ram.b .bss.ram)
                0x0205dc50                . = ALIGN (0x8)
                0x0205dc50                __bss_end__ = .
                0x0205dc50                _ebss = .

.memdrive       0x0205dc50 0x10000000
                0x0205dc50                . = ALIGN (0x8)
                0x0205dc50                G_MemDrvBase = .
                0x1205dc50                . = (. + _MDRV_SIZE)
 *fill*         0x0205dc50 0x10000000 
                0x1205dc50                G_MemDrvEnd = .

.stack_dummy
 *(.stack*)

.heap           0x1205dc50  0xdf9c3b0
                0x1205dc50                _end = .
                0x1205dc50                __end = .
                0x1205dc50                __end__ = .
                [!provide]                PROVIDE (end, .)
                0x1205dc50                PROVIDE (__cs3_heap_start, .)
 *(.heap*)
                0x1fffa000                . = (((((((__cs3_region_start_ram + LENGTH (ram)) - ((_SUPERVISOR_STACK_SIZE + 0x7) & 0xfffffff8)) - ((_ABORT_STACK_SIZE + 0x7) & 0xfffffff8)) - ((_FIQ_STACK_SIZE + 0x7) & 0xfffffff8)) - ((_IRQ_STACK_SIZE + 0x7) & 0xfffffff8)) - ((_UNDEF_STACK_SIZE + 0x7) & 0xfffffff8)) - ((_STACK_SIZE + 0x7) & 0xfffffff8))
 *fill*         0x1205dc50  0xdf9c3b0 
                0x1fffa000                __HeapLimit = .
                0x1fffa000                PROVIDE (__cs3_heap_end, .)

.stack          0x1fffa000     0x6000
                0x1fffa800                . = (. + _SUPERVISOR_STACK_SIZE)
 *fill*         0x1fffa000      0x800 
                0x1fffa800                . = ALIGN (0x8)
                0x1fffa800                __supervisor_stack = .
                0x1fffb000                . = (. + _ABORT_STACK_SIZE)
 *fill*         0x1fffa800      0x800 
                0x1fffb000                . = ALIGN (0x8)
                0x1fffb000                __abort_stack = .
                0x1fffb800                . = (. + _FIQ_STACK_SIZE)
 *fill*         0x1fffb000      0x800 
                0x1fffb800                . = ALIGN (0x8)
                0x1fffb800                __fiq_stack = .
                0x1fffd800                . = (. + _IRQ_STACK_SIZE)
 *fill*         0x1fffb800     0x2000 
                0x1fffd800                . = ALIGN (0x8)
                0x1fffd800                __irq_stack = .
                0x1fffe000                . = (. + _UNDEF_STACK_SIZE)
 *fill*         0x1fffd800      0x800 
                0x1fffe000                . = ALIGN (0x8)
                0x1fffe000                __undef_stack = .
                0x20000000                . = (. + _STACK_SIZE)
 *fill*         0x1fffe000     0x2000 
                0x20000000                __cs3_region_end_ram = (__cs3_region_start_ram + LENGTH (ram))
                0x1e000000                __cs3_region_size_ram = LENGTH (ram)
                0x02000000                __cs3_region_init_ram = LOADADDR (.text)
                0x00025e68                __cs3_region_init_size_ram = (_edata - ADDR (.text))
                0x10037de8                __cs3_region_zero_size_ram = (_end - _edata)
                0x20000000                __StackTop = (ORIGIN (ram) + LENGTH (ram))
                0x1fffa000                __StackLimit = (__StackTop - SIZEOF (.stack))
                [!provide]                PROVIDE (__stack, __StackTop)
                0x20000000                PROVIDE (__cs3_stack, __StackTop)

.uncached       0xffff0000     0x8000
 *(.uncached)
 .uncached      0xffff0000     0x8000 ../../mAbassi/Platform/lib\lib_mAbassi_EVAL_GCC_AR5_CY5.a(ARMv7_SMP_L1_L2_GCC_AR5_CY5.o)
                0xffff0000                L1PageTbl
 *(.uncached.*)

.stab
 *(.stab)

.stabstr
 *(.stabstr)

.debug
 *(.debug)

.line
 *(.line)

.debug_srcinfo
 *(.debug_srcinfo)

.debug_sfnames
 *(.debug_sfnames)

.debug_aranges  0x00000000      0x7d0
 *(.debug_aranges)
 .debug_aranges
                0x00000000       0xb8 Demo_9_CORTEXA9.o
 .debug_aranges
                0x000000b8      0x138 SysCall_noFS.o
 .debug_aranges
                0x000001f0       0x20 TIMERinit.o
 .debug_aranges
                0x00000210       0x20 arm_acp.o
 .debug_aranges
                0x00000230       0xd0 arm_pl330.o
 .debug_aranges
                0x00000300       0x48 alt_gpio.o
 .debug_aranges
                0x00000348       0x68 dw_i2c.o
 .debug_aranges
                0x000003b0       0x90 dw_sdmmc.o
 .debug_aranges
                0x00000440       0x48 dw_uart.o
 .debug_aranges
                0x00000488       0x48 Abassi_FatFS.o
 .debug_aranges
                0x000004d0       0x68 Media_FatFS.o
 .debug_aranges
                0x00000538       0x58 MediaIF.o
 .debug_aranges
                0x00000590       0x28 SysCall_CY5.o
 .debug_aranges
                0x000005b8      0x1d0 ff.o
 .debug_aranges
                0x00000788       0x30 ffunicode.o
 .debug_aranges
                0x000007b8       0x18 mAbassiCfgA9.o

.debug_pubnames
 *(.debug_pubnames)

.debug_info     0x00000000    0x28528
 *(.debug_info .gnu.linkonce.wi.*)
 .debug_info    0x00000000     0x3ad7 Demo_9_CORTEXA9.o
 .debug_info    0x00003ad7     0x1e1e SysCall_noFS.o
 .debug_info    0x000058f5      0xde5 TIMERinit.o
 .debug_info    0x000066da      0x11a arm_acp.o
 .debug_info    0x000067f4     0x4737 arm_pl330.o
 .debug_info    0x0000af2b     0x10d4 alt_gpio.o
 .debug_info    0x0000bfff     0x29f6 dw_i2c.o
 .debug_info    0x0000e9f5     0x3642 dw_sdmmc.o
 .debug_info    0x00012037     0x25b0 dw_uart.o
 .debug_info    0x000145e7     0x107d Abassi_FatFS.o
 .debug_info    0x00015664     0x1273 Media_FatFS.o
 .debug_info    0x000168d7      0xf56 MediaIF.o
 .debug_info    0x0001782d     0x1008 SysCall_CY5.o
 .debug_info    0x00018835     0xdebe ff.o
 .debug_info    0x000266f3      0xf65 ffunicode.o
 .debug_info    0x00027658      0xed0 mAbassiCfgA9.o

.debug_abbrev   0x00000000     0x3064
 *(.debug_abbrev)
 .debug_abbrev  0x00000000      0x47f Demo_9_CORTEXA9.o
 .debug_abbrev  0x0000047f      0x374 SysCall_noFS.o
 .debug_abbrev  0x000007f3      0x1f3 TIMERinit.o
 .debug_abbrev  0x000009e6       0xac arm_acp.o
 .debug_abbrev  0x00000a92      0x469 arm_pl330.o
 .debug_abbrev  0x00000efb      0x2be alt_gpio.o
 .debug_abbrev  0x000011b9      0x3c8 dw_i2c.o
 .debug_abbrev  0x00001581      0x3e8 dw_sdmmc.o
 .debug_abbrev  0x00001969      0x387 dw_uart.o
 .debug_abbrev  0x00001cf0      0x299 Abassi_FatFS.o
 .debug_abbrev  0x00001f89      0x2e7 Media_FatFS.o
 .debug_abbrev  0x00002270      0x2ff MediaIF.o
 .debug_abbrev  0x0000256f      0x24d SysCall_CY5.o
 .debug_abbrev  0x000027bc      0x4eb ff.o
 .debug_abbrev  0x00002ca7      0x211 ffunicode.o
 .debug_abbrev  0x00002eb8      0x1ac mAbassiCfgA9.o

.debug_line     0x00000000     0xa2c0
 *(.debug_line)
 .debug_line    0x00000000      0x985 Demo_9_CORTEXA9.o
 .debug_line    0x00000985      0x62d SysCall_noFS.o
 .debug_line    0x00000fb2      0x25f TIMERinit.o
 .debug_line    0x00001211      0x187 arm_acp.o
 .debug_line    0x00001398     0x1069 arm_pl330.o
 .debug_line    0x00002401      0x342 alt_gpio.o
 .debug_line    0x00002743      0xd7d dw_i2c.o
 .debug_line    0x000034c0      0xe42 dw_sdmmc.o
 .debug_line    0x00004302      0x775 dw_uart.o
 .debug_line    0x00004a77      0x2f8 Abassi_FatFS.o
 .debug_line    0x00004d6f      0x38d Media_FatFS.o
 .debug_line    0x000050fc      0x3f6 MediaIF.o
 .debug_line    0x000054f2      0x2b9 SysCall_CY5.o
 .debug_line    0x000057ab     0x45cd ff.o
 .debug_line    0x00009d78      0x2fa ffunicode.o
 .debug_line    0x0000a072      0x24e mAbassiCfgA9.o

.debug_frame    0x00000000     0x45b8
 *(.debug_frame)
 .debug_frame   0x00000000      0x314 Demo_9_CORTEXA9.o
 .debug_frame   0x00000314      0x2e0 SysCall_noFS.o
 .debug_frame   0x000005f4       0x28 TIMERinit.o
 .debug_frame   0x0000061c       0x28 arm_acp.o
 .debug_frame   0x00000644      0x3e8 arm_pl330.o
 .debug_frame   0x00000a2c       0xe4 alt_gpio.o
 .debug_frame   0x00000b10      0x1d0 dw_i2c.o
 .debug_frame   0x00000ce0      0x268 dw_sdmmc.o
 .debug_frame   0x00000f48      0x120 dw_uart.o
 .debug_frame   0x00001068       0xa8 Abassi_FatFS.o
 .debug_frame   0x00001110       0xf0 Media_FatFS.o
 .debug_frame   0x00001200       0xd4 MediaIF.o
 .debug_frame   0x000012d4       0x40 SysCall_CY5.o
 .debug_frame   0x00001314      0xac4 ff.o
 .debug_frame   0x00001dd8       0x4c ffunicode.o
 .debug_frame   0x00001e24      0x2d4 ../../mAbassi/Platform/lib\lib_mAbassi_EVAL_GCC_AR5_CY5.a(mAbassi_EVAL_GCC_AR5_CY5_NR.o)
 .debug_frame   0x000020f8       0xa8 ../../mAbassi/Platform/lib\lib_mAbassi_EVAL_GCC_AR5_CY5.a(ARMv7_SMP_L1_L2_GCC_AR5_CY5.o)
 .debug_frame   0x000021a0       0x40 c:/intelfpga/18.0/embedded/host_tools/mentor/gnu/arm/baremetal/bin/../lib/gcc/arm-altera-eabi/6.2.0/../../../../arm-altera-eabi/lib\libcs3.a(start_c.o)
 .debug_frame   0x000021e0       0x20 c:/intelfpga/18.0/embedded/host_tools/mentor/gnu/arm/baremetal/bin/../lib/gcc/arm-altera-eabi/6.2.0\libgcc.a(_udivsi3.o)
 .debug_frame   0x00002200       0x20 c:/intelfpga/18.0/embedded/host_tools/mentor/gnu/arm/baremetal/bin/../lib/gcc/arm-altera-eabi/6.2.0\libgcc.a(_divsi3.o)
 .debug_frame   0x00002220       0x44 c:/intelfpga/18.0/embedded/host_tools/mentor/gnu/arm/baremetal/bin/../lib/gcc/arm-altera-eabi/6.2.0\libgcc.a(_aeabi_ldivmod.o)
 .debug_frame   0x00002264       0x2c c:/intelfpga/18.0/embedded/host_tools/mentor/gnu/arm/baremetal/bin/../lib/gcc/arm-altera-eabi/6.2.0\libgcc.a(_aeabi_uldivmod.o)
 .debug_frame   0x00002290       0x48 c:/intelfpga/18.0/embedded/host_tools/mentor/gnu/arm/baremetal/bin/../lib/gcc/arm-altera-eabi/6.2.0\libgcc.a(_udivmoddi4.o)
 .debug_frame   0x000022d8       0x34 c:/intelfpga/18.0/embedded/host_tools/mentor/gnu/arm/baremetal/bin/../lib/gcc/arm-altera-eabi/6.2.0/../../../../arm-altera-eabi/lib\libc.a(lib_a-calloc.o)
 .debug_frame   0x0000230c       0x34 c:/intelfpga/18.0/embedded/host_tools/mentor/gnu/arm/baremetal/bin/../lib/gcc/arm-altera-eabi/6.2.0/../../../../arm-altera-eabi/lib\libc.a(lib_a-callocr.o)
 .debug_frame   0x00002340       0x2c c:/intelfpga/18.0/embedded/host_tools/mentor/gnu/arm/baremetal/bin/../lib/gcc/arm-altera-eabi/6.2.0/../../../../arm-altera-eabi/lib\libc.a(lib_a-errno.o)
 .debug_frame   0x0000236c       0x20 c:/intelfpga/18.0/embedded/host_tools/mentor/gnu/arm/baremetal/bin/../lib/gcc/arm-altera-eabi/6.2.0/../../../../arm-altera-eabi/lib\libc.a(lib_a-getreent.o)
 .debug_frame   0x0000238c       0x64 c:/intelfpga/18.0/embedded/host_tools/mentor/gnu/arm/baremetal/bin/../lib/gcc/arm-altera-eabi/6.2.0/../../../../arm-altera-eabi/lib\libc.a(lib_a-gets.o)
 .debug_frame   0x000023f0       0x34 c:/intelfpga/18.0/embedded/host_tools/mentor/gnu/arm/baremetal/bin/../lib/gcc/arm-altera-eabi/6.2.0/../../../../arm-altera-eabi/lib\libc.a(lib_a-init.o)
 .debug_frame   0x00002424       0x48 c:/intelfpga/18.0/embedded/host_tools/mentor/gnu/arm/baremetal/bin/../lib/gcc/arm-altera-eabi/6.2.0/../../../../arm-altera-eabi/lib\libc.a(lib_a-malloc.o)
 .debug_frame   0x0000246c       0x7c c:/intelfpga/18.0/embedded/host_tools/mentor/gnu/arm/baremetal/bin/../lib/gcc/arm-altera-eabi/6.2.0/../../../../arm-altera-eabi/lib\libc.a(lib_a-mallocr.o)
 .debug_frame   0x000024e8       0x44 c:/intelfpga/18.0/embedded/host_tools/mentor/gnu/arm/baremetal/bin/../lib/gcc/arm-altera-eabi/6.2.0/../../../../arm-altera-eabi/lib\libc.a(lib_a-memcpy-stub.o)
 .debug_frame   0x0000252c       0x40 c:/intelfpga/18.0/embedded/host_tools/mentor/gnu/arm/baremetal/bin/../lib/gcc/arm-altera-eabi/6.2.0/../../../../arm-altera-eabi/lib\libc.a(lib_a-memmove.o)
 .debug_frame   0x0000256c       0x30 c:/intelfpga/18.0/embedded/host_tools/mentor/gnu/arm/baremetal/bin/../lib/gcc/arm-altera-eabi/6.2.0/../../../../arm-altera-eabi/lib\libc.a(lib_a-memset.o)
 .debug_frame   0x0000259c       0x80 c:/intelfpga/18.0/embedded/host_tools/mentor/gnu/arm/baremetal/bin/../lib/gcc/arm-altera-eabi/6.2.0/../../../../arm-altera-eabi/lib\libc.a(lib_a-mktime.o)
 .debug_frame   0x0000261c       0x64 c:/intelfpga/18.0/embedded/host_tools/mentor/gnu/arm/baremetal/bin/../lib/gcc/arm-altera-eabi/6.2.0/../../../../arm-altera-eabi/lib\libc.a(lib_a-mlock.o)
 .debug_frame   0x00002680       0x74 c:/intelfpga/18.0/embedded/host_tools/mentor/gnu/arm/baremetal/bin/../lib/gcc/arm-altera-eabi/6.2.0/../../../../arm-altera-eabi/lib\libc.a(lib_a-printf.o)
 .debug_frame   0x000026f4       0x48 c:/intelfpga/18.0/embedded/host_tools/mentor/gnu/arm/baremetal/bin/../lib/gcc/arm-altera-eabi/6.2.0/../../../../arm-altera-eabi/lib\libc.a(lib_a-putchar.o)
 .debug_frame   0x0000273c       0x64 c:/intelfpga/18.0/embedded/host_tools/mentor/gnu/arm/baremetal/bin/../lib/gcc/arm-altera-eabi/6.2.0/../../../../arm-altera-eabi/lib\libc.a(lib_a-puts.o)
 .debug_frame   0x000027a0       0x54 c:/intelfpga/18.0/embedded/host_tools/mentor/gnu/arm/baremetal/bin/../lib/gcc/arm-altera-eabi/6.2.0/../../../../arm-altera-eabi/lib\libc.a(lib_a-rget.o)
 .debug_frame   0x000027f4       0x58 c:/intelfpga/18.0/embedded/host_tools/mentor/gnu/arm/baremetal/bin/../lib/gcc/arm-altera-eabi/6.2.0/../../../../arm-altera-eabi/lib\libc.a(lib_a-setvbuf.o)
 .debug_frame   0x0000284c       0x2c c:/intelfpga/18.0/embedded/host_tools/mentor/gnu/arm/baremetal/bin/../lib/gcc/arm-altera-eabi/6.2.0/../../../../arm-altera-eabi/lib\libc.a(lib_a-stpcpy.o)
 .debug_frame   0x00002878       0x54 c:/intelfpga/18.0/embedded/host_tools/mentor/gnu/arm/baremetal/bin/../lib/gcc/arm-altera-eabi/6.2.0/../../../../arm-altera-eabi/lib\libc.a(lib_a-strchr.o)
 .debug_frame   0x000028cc       0x40 c:/intelfpga/18.0/embedded/host_tools/mentor/gnu/arm/baremetal/bin/../lib/gcc/arm-altera-eabi/6.2.0/../../../../arm-altera-eabi/lib\libc.a(lib_a-strcmp.o)
 .debug_frame   0x0000290c       0x20 c:/intelfpga/18.0/embedded/host_tools/mentor/gnu/arm/baremetal/bin/../lib/gcc/arm-altera-eabi/6.2.0/../../../../arm-altera-eabi/lib\libc.a(lib_a-strcpy.o)
 .debug_frame   0x0000292c       0x20 c:/intelfpga/18.0/embedded/host_tools/mentor/gnu/arm/baremetal/bin/../lib/gcc/arm-altera-eabi/6.2.0/../../../../arm-altera-eabi/lib\libc.a(lib_a-strlen-stub.o)
 .debug_frame   0x0000294c       0xd0 c:/intelfpga/18.0/embedded/host_tools/mentor/gnu/arm/baremetal/bin/../lib/gcc/arm-altera-eabi/6.2.0/../../../../arm-altera-eabi/lib\libc.a(lib_a-strtol.o)
 .debug_frame   0x00002a1c       0xd0 c:/intelfpga/18.0/embedded/host_tools/mentor/gnu/arm/baremetal/bin/../lib/gcc/arm-altera-eabi/6.2.0/../../../../arm-altera-eabi/lib\libc.a(lib_a-strtoul.o)
 .debug_frame   0x00002aec       0x4c c:/intelfpga/18.0/embedded/host_tools/mentor/gnu/arm/baremetal/bin/../lib/gcc/arm-altera-eabi/6.2.0/../../../../arm-altera-eabi/lib\libc.a(lib_a-tzcalc_limits.o)
 .debug_frame   0x00002b38       0x64 c:/intelfpga/18.0/embedded/host_tools/mentor/gnu/arm/baremetal/bin/../lib/gcc/arm-altera-eabi/6.2.0/../../../../arm-altera-eabi/lib\libc.a(lib_a-tzlock.o)
 .debug_frame   0x00002b9c       0x48 c:/intelfpga/18.0/embedded/host_tools/mentor/gnu/arm/baremetal/bin/../lib/gcc/arm-altera-eabi/6.2.0/../../../../arm-altera-eabi/lib\libc.a(lib_a-tzset.o)
 .debug_frame   0x00002be4       0x7c c:/intelfpga/18.0/embedded/host_tools/mentor/gnu/arm/baremetal/bin/../lib/gcc/arm-altera-eabi/6.2.0/../../../../arm-altera-eabi/lib\libc.a(lib_a-tzset_r.o)
 .debug_frame   0x00002c60       0xcc c:/intelfpga/18.0/embedded/host_tools/mentor/gnu/arm/baremetal/bin/../lib/gcc/arm-altera-eabi/6.2.0/../../../../arm-altera-eabi/lib\libc.a(lib_a-vfprintf.o)
 .debug_frame   0x00002d2c       0x60 c:/intelfpga/18.0/embedded/host_tools/mentor/gnu/arm/baremetal/bin/../lib/gcc/arm-altera-eabi/6.2.0/../../../../arm-altera-eabi/lib\libc.a(lib_a-wbuf.o)
 .debug_frame   0x00002d8c       0x40 c:/intelfpga/18.0/embedded/host_tools/mentor/gnu/arm/baremetal/bin/../lib/gcc/arm-altera-eabi/6.2.0/../../../../arm-altera-eabi/lib\libc.a(lib_a-wsetup.o)
 .debug_frame   0x00002dcc       0x3c c:/intelfpga/18.0/embedded/host_tools/mentor/gnu/arm/baremetal/bin/../lib/gcc/arm-altera-eabi/6.2.0/../../../../arm-altera-eabi/lib\libc.a(lib_a-div.o)
 .debug_frame   0x00002e08       0xac c:/intelfpga/18.0/embedded/host_tools/mentor/gnu/arm/baremetal/bin/../lib/gcc/arm-altera-eabi/6.2.0/../../../../arm-altera-eabi/lib\libc.a(lib_a-dtoa.o)
 .debug_frame   0x00002eb4       0xac c:/intelfpga/18.0/embedded/host_tools/mentor/gnu/arm/baremetal/bin/../lib/gcc/arm-altera-eabi/6.2.0/../../../../arm-altera-eabi/lib\libc.a(lib_a-fflush.o)
 .debug_frame   0x00002f60      0x1f0 c:/intelfpga/18.0/embedded/host_tools/mentor/gnu/arm/baremetal/bin/../lib/gcc/arm-altera-eabi/6.2.0/../../../../arm-altera-eabi/lib\libc.a(lib_a-findfp.o)
 .debug_frame   0x00003150       0x70 c:/intelfpga/18.0/embedded/host_tools/mentor/gnu/arm/baremetal/bin/../lib/gcc/arm-altera-eabi/6.2.0/../../../../arm-altera-eabi/lib\libc.a(lib_a-freer.o)
 .debug_frame   0x000031c0       0x80 c:/intelfpga/18.0/embedded/host_tools/mentor/gnu/arm/baremetal/bin/../lib/gcc/arm-altera-eabi/6.2.0/../../../../arm-altera-eabi/lib\libc.a(lib_a-fvwrite.o)
 .debug_frame   0x00003240       0x80 c:/intelfpga/18.0/embedded/host_tools/mentor/gnu/arm/baremetal/bin/../lib/gcc/arm-altera-eabi/6.2.0/../../../../arm-altera-eabi/lib\libc.a(lib_a-fwalk.o)
 .debug_frame   0x000032c0       0x70 c:/intelfpga/18.0/embedded/host_tools/mentor/gnu/arm/baremetal/bin/../lib/gcc/arm-altera-eabi/6.2.0/../../../../arm-altera-eabi/lib\libc.a(lib_a-getenv_r.o)
 .debug_frame   0x00003330       0x20 c:/intelfpga/18.0/embedded/host_tools/mentor/gnu/arm/baremetal/bin/../lib/gcc/arm-altera-eabi/6.2.0/../../../../arm-altera-eabi/lib\libc.a(lib_a-gettzinfo.o)
 .debug_frame   0x00003350       0xb8 c:/intelfpga/18.0/embedded/host_tools/mentor/gnu/arm/baremetal/bin/../lib/gcc/arm-altera-eabi/6.2.0/../../../../arm-altera-eabi/lib\libc.a(lib_a-locale.o)
 .debug_frame   0x00003408       0x58 c:/intelfpga/18.0/embedded/host_tools/mentor/gnu/arm/baremetal/bin/../lib/gcc/arm-altera-eabi/6.2.0/../../../../arm-altera-eabi/lib\libc.a(lib_a-localeconv.o)
 .debug_frame   0x00003460       0x8c c:/intelfpga/18.0/embedded/host_tools/mentor/gnu/arm/baremetal/bin/../lib/gcc/arm-altera-eabi/6.2.0/../../../../arm-altera-eabi/lib\libc.a(lib_a-makebuf.o)
 .debug_frame   0x000034ec       0x58 c:/intelfpga/18.0/embedded/host_tools/mentor/gnu/arm/baremetal/bin/../lib/gcc/arm-altera-eabi/6.2.0/../../../../arm-altera-eabi/lib\libc.a(lib_a-mbtowc_r.o)
 .debug_frame   0x00003544       0x38 c:/intelfpga/18.0/embedded/host_tools/mentor/gnu/arm/baremetal/bin/../lib/gcc/arm-altera-eabi/6.2.0/../../../../arm-altera-eabi/lib\libc.a(lib_a-memchr-stub.o)
 .debug_frame   0x0000357c      0x304 c:/intelfpga/18.0/embedded/host_tools/mentor/gnu/arm/baremetal/bin/../lib/gcc/arm-altera-eabi/6.2.0/../../../../arm-altera-eabi/lib\libc.a(lib_a-mprec.o)
 .debug_frame   0x00003880       0x80 c:/intelfpga/18.0/embedded/host_tools/mentor/gnu/arm/baremetal/bin/../lib/gcc/arm-altera-eabi/6.2.0/../../../../arm-altera-eabi/lib\libc.a(lib_a-putc.o)
 .debug_frame   0x00003900       0x60 c:/intelfpga/18.0/embedded/host_tools/mentor/gnu/arm/baremetal/bin/../lib/gcc/arm-altera-eabi/6.2.0/../../../../arm-altera-eabi/lib\libc.a(lib_a-reallocr.o)
 .debug_frame   0x00003960       0x7c c:/intelfpga/18.0/embedded/host_tools/mentor/gnu/arm/baremetal/bin/../lib/gcc/arm-altera-eabi/6.2.0/../../../../arm-altera-eabi/lib\libc.a(lib_a-refill.o)
 .debug_frame   0x000039dc       0x78 c:/intelfpga/18.0/embedded/host_tools/mentor/gnu/arm/baremetal/bin/../lib/gcc/arm-altera-eabi/6.2.0/../../../../arm-altera-eabi/lib\libc.a(lib_a-siscanf.o)
 .debug_frame   0x00003a54       0x9c c:/intelfpga/18.0/embedded/host_tools/mentor/gnu/arm/baremetal/bin/../lib/gcc/arm-altera-eabi/6.2.0/../../../../arm-altera-eabi/lib\libc.a(lib_a-stdio.o)
 .debug_frame   0x00003af0       0x50 c:/intelfpga/18.0/embedded/host_tools/mentor/gnu/arm/baremetal/bin/../lib/gcc/arm-altera-eabi/6.2.0/../../../../arm-altera-eabi/lib\libc.a(lib_a-strncmp.o)
 .debug_frame   0x00003b40      0x100 c:/intelfpga/18.0/embedded/host_tools/mentor/gnu/arm/baremetal/bin/../lib/gcc/arm-altera-eabi/6.2.0/../../../../arm-altera-eabi/lib\libc.a(lib_a-svfiscanf.o)
 .debug_frame   0x00003c40       0xa0 c:/intelfpga/18.0/embedded/host_tools/mentor/gnu/arm/baremetal/bin/../lib/gcc/arm-altera-eabi/6.2.0/../../../../arm-altera-eabi/lib\libc.a(lib_a-ungetc.o)
 .debug_frame   0x00003ce0      0x104 c:/intelfpga/18.0/embedded/host_tools/mentor/gnu/arm/baremetal/bin/../lib/gcc/arm-altera-eabi/6.2.0/../../../../arm-altera-eabi/lib\libc.a(lib_a-vfiprintf.o)
 .debug_frame   0x00003de4       0x48 c:/intelfpga/18.0/embedded/host_tools/mentor/gnu/arm/baremetal/bin/../lib/gcc/arm-altera-eabi/6.2.0/../../../../arm-altera-eabi/lib\libc.a(lib_a-wctomb_r.o)
 .debug_frame   0x00003e2c       0x64 c:/intelfpga/18.0/embedded/host_tools/mentor/gnu/arm/baremetal/bin/../lib/gcc/arm-altera-eabi/6.2.0/../../../../arm-altera-eabi/lib\libc.a(lib_a-envlock.o)
 .debug_frame   0x00003e90       0x70 c:/intelfpga/18.0/embedded/host_tools/mentor/gnu/arm/baremetal/bin/../lib/gcc/arm-altera-eabi/6.2.0/../../../../arm-altera-eabi/lib\libc.a(lib_a-fclose.o)
 .debug_frame   0x00003f00       0xbc c:/intelfpga/18.0/embedded/host_tools/mentor/gnu/arm/baremetal/bin/../lib/gcc/arm-altera-eabi/6.2.0/../../../../arm-altera-eabi/lib\libc.a(lib_a-fputwc.o)