Archive member included to satisfy reference by file (symbol)

../../mAbassi/Platform/lib/lib_mAbassi_EVAL_GCC_AR5_CY5.a(mAbassi_EVAL_A9_GCC_2_NR.o)
                              Shell.o (TSKgetID)
../../mAbassi/Platform/lib/lib_mAbassi_EVAL_GCC_AR5_CY5.a(mAbassi_EVAL_GCC_AR5_CY5_NR.o)
                              (_vector_table)
../../mAbassi/Platform/lib/lib_mAbassi_EVAL_GCC_AR5_CY5.a(ARMv7_SMP_L1_L2_GCC_AR5_CY5.o)
                              ../../mAbassi/Platform/lib/lib_mAbassi_EVAL_GCC_AR5_CY5.a(mAbassi_EVAL_GCC_AR5_CY5_NR.o) (COREcacheON)
/home/westornd/intelFPGA_lite/18.1/embedded/host_tools/mentor/gnu/arm/baremetal/bin/../lib/gcc/arm-altera-eabi/6.2.0/../../../../arm-altera-eabi/lib/libcs3.a(start_c.o)
                              (__cs3_start_c)
/home/westornd/intelFPGA_lite/18.1/embedded/host_tools/mentor/gnu/arm/baremetal/bin/../lib/gcc/arm-altera-eabi/6.2.0/../../../../arm-altera-eabi/lib/libcs3unhosted.a(unhosted-start.o)
                              ../../mAbassi/Platform/lib/lib_mAbassi_EVAL_GCC_AR5_CY5.a(mAbassi_EVAL_GCC_AR5_CY5_NR.o) (_start)
/home/westornd/intelFPGA_lite/18.1/embedded/host_tools/mentor/gnu/arm/baremetal/bin/../lib/gcc/arm-altera-eabi/6.2.0/libgcc.a(_divsi3.o)
                              dw_uart.o (__aeabi_idiv)
/home/westornd/intelFPGA_lite/18.1/embedded/host_tools/mentor/gnu/arm/baremetal/bin/../lib/gcc/arm-altera-eabi/6.2.0/libgcc.a(_dvmd_tls.o)
                              /home/westornd/intelFPGA_lite/18.1/embedded/host_tools/mentor/gnu/arm/baremetal/bin/../lib/gcc/arm-altera-eabi/6.2.0/libgcc.a(_divsi3.o) (__aeabi_idiv0)
/home/westornd/intelFPGA_lite/18.1/embedded/host_tools/mentor/gnu/arm/baremetal/bin/../lib/gcc/arm-altera-eabi/6.2.0/../../../../arm-altera-eabi/lib/libc.a(lib_a-calloc.o)
                              ../../mAbassi/Platform/lib/lib_mAbassi_EVAL_GCC_AR5_CY5.a(mAbassi_EVAL_A9_GCC_2_NR.o) (calloc)
/home/westornd/intelFPGA_lite/18.1/embedded/host_tools/mentor/gnu/arm/baremetal/bin/../lib/gcc/arm-altera-eabi/6.2.0/../../../../arm-altera-eabi/lib/libc.a(lib_a-callocr.o)
                              /home/westornd/intelFPGA_lite/18.1/embedded/host_tools/mentor/gnu/arm/baremetal/bin/../lib/gcc/arm-altera-eabi/6.2.0/../../../../arm-altera-eabi/lib/libc.a(lib_a-calloc.o) (_calloc_r)
/home/westornd/intelFPGA_lite/18.1/embedded/host_tools/mentor/gnu/arm/baremetal/bin/../lib/gcc/arm-altera-eabi/6.2.0/../../../../arm-altera-eabi/lib/libc.a(lib_a-getreent.o)
                              Main_mAbassi.o (__getreent)
/home/westornd/intelFPGA_lite/18.1/embedded/host_tools/mentor/gnu/arm/baremetal/bin/../lib/gcc/arm-altera-eabi/6.2.0/../../../../arm-altera-eabi/lib/libc.a(lib_a-impure.o)
                              SysCall_noFS.o (_impure_ptr)
/home/westornd/intelFPGA_lite/18.1/embedded/host_tools/mentor/gnu/arm/baremetal/bin/../lib/gcc/arm-altera-eabi/6.2.0/../../../../arm-altera-eabi/lib/libc.a(lib_a-init.o)
                              /home/westornd/intelFPGA_lite/18.1/embedded/host_tools/mentor/gnu/arm/baremetal/bin/../lib/gcc/arm-altera-eabi/6.2.0/../../../../arm-altera-eabi/lib/libcs3.a(start_c.o) (__libc_init_array)
/home/westornd/intelFPGA_lite/18.1/embedded/host_tools/mentor/gnu/arm/baremetal/bin/../lib/gcc/arm-altera-eabi/6.2.0/../../../../arm-altera-eabi/lib/libc.a(lib_a-malloc.o)
                              ../../mAbassi/Platform/lib/lib_mAbassi_EVAL_GCC_AR5_CY5.a(mAbassi_EVAL_A9_GCC_2_NR.o) (malloc)
/home/westornd/intelFPGA_lite/18.1/embedded/host_tools/mentor/gnu/arm/baremetal/bin/../lib/gcc/arm-altera-eabi/6.2.0/../../../../arm-altera-eabi/lib/libc.a(lib_a-mallocr.o)
                              /home/westornd/intelFPGA_lite/18.1/embedded/host_tools/mentor/gnu/arm/baremetal/bin/../lib/gcc/arm-altera-eabi/6.2.0/../../../../arm-altera-eabi/lib/libc.a(lib_a-callocr.o) (_malloc_r)
/home/westornd/intelFPGA_lite/18.1/embedded/host_tools/mentor/gnu/arm/baremetal/bin/../lib/gcc/arm-altera-eabi/6.2.0/../../../../arm-altera-eabi/lib/libc.a(lib_a-memcpy-stub.o)
                              MyApp_CAN.o (memcpy)
/home/westornd/intelFPGA_lite/18.1/embedded/host_tools/mentor/gnu/arm/baremetal/bin/../lib/gcc/arm-altera-eabi/6.2.0/../../../../arm-altera-eabi/lib/libc.a(lib_a-memmove.o)
                              Shell.o (memmove)
/home/westornd/intelFPGA_lite/18.1/embedded/host_tools/mentor/gnu/arm/baremetal/bin/../lib/gcc/arm-altera-eabi/6.2.0/../../../../arm-altera-eabi/lib/libc.a(lib_a-memset.o)
                              dw_uart.o (memset)
/home/westornd/intelFPGA_lite/18.1/embedded/host_tools/mentor/gnu/arm/baremetal/bin/../lib/gcc/arm-altera-eabi/6.2.0/../../../../arm-altera-eabi/lib/libc.a(lib_a-mlock.o)
                              /home/westornd/intelFPGA_lite/18.1/embedded/host_tools/mentor/gnu/arm/baremetal/bin/../lib/gcc/arm-altera-eabi/6.2.0/../../../../arm-altera-eabi/lib/libc.a(lib_a-mallocr.o) (__malloc_lock)
[...]
Memory Configuration

Name             Origin             Length             Attributes
ram              0x00100040         0x3fefffc0         xrw
uram             0xffff0000         0x00010000         xrw
*default*        0x00000000         0xffffffff

Linker script and memory map

LOAD /home/westornd/intelFPGA_lite/18.1/embedded/host_tools/mentor/gnu/arm/baremetal/bin/../lib/gcc/arm-altera-eabi/6.2.0/crti.o
LOAD /home/westornd/intelFPGA_lite/18.1/embedded/host_tools/mentor/gnu/arm/baremetal/bin/../lib/gcc/arm-altera-eabi/6.2.0/crtbegin.o
LOAD Main_mAbassi.o
LOAD MyApp_CAN.o
LOAD MyDriver_CAN.o
LOAD SysCall_noFS.o
LOAD TIMERinit.o
LOAD dw_uart.o
LOAD alt_gpio.o
LOAD dw_spi.o
LOAD alt_generalpurpose_io.o
LOAD mAbassiCfgA9.o
LOAD Shell.o
LOAD SubShell.o
LOAD ../../mAbassi/Platform/lib/lib_mAbassi_EVAL_GCC_AR5_CY5.a
LOAD /home/westornd/intelFPGA_lite/18.1/embedded/host_tools/mentor/gnu/arm/baremetal/bin/../lib/gcc/arm-altera-eabi/6.2.0/../../../../arm-altera-eabi/lib/libcs3.a
LOAD /home/westornd/intelFPGA_lite/18.1/embedded/host_tools/mentor/gnu/arm/baremetal/bin/../lib/gcc/arm-altera-eabi/6.2.0/../../../../arm-altera-eabi/lib/libcs3unhosted.a
LOAD /home/westornd/intelFPGA_lite/18.1/embedded/host_tools/mentor/gnu/arm/baremetal/bin/../lib/gcc/arm-altera-eabi/6.2.0/../../../../arm-altera-eabi/lib/libcs3arm.a
LOAD /home/westornd/intelFPGA_lite/18.1/embedded/host_tools/mentor/gnu/arm/baremetal/bin/../lib/gcc/arm-altera-eabi/6.2.0/libgcc.a
LOAD /home/westornd/intelFPGA_lite/18.1/embedded/host_tools/mentor/gnu/arm/baremetal/bin/../lib/gcc/arm-altera-eabi/6.2.0/../../../../arm-altera-eabi/lib/libc.a
LOAD /home/westornd/intelFPGA_lite/18.1/embedded/host_tools/mentor/gnu/arm/baremetal/bin/../lib/gcc/arm-altera-eabi/6.2.0/../../../../arm-altera-eabi/lib/libstdc++.a
LOAD /home/westornd/intelFPGA_lite/18.1/embedded/host_tools/mentor/gnu/arm/baremetal/bin/../lib/gcc/arm-altera-eabi/6.2.0/../../../../arm-altera-eabi/lib/libm.a
START GROUP
LOAD /home/westornd/intelFPGA_lite/18.1/embedded/host_tools/mentor/gnu/arm/baremetal/bin/../lib/gcc/arm-altera-eabi/6.2.0/libgcc.a
LOAD /home/westornd/intelFPGA_lite/18.1/embedded/host_tools/mentor/gnu/arm/baremetal/bin/../lib/gcc/arm-altera-eabi/6.2.0/../../../../arm-altera-eabi/lib/libc.a
END GROUP
LOAD /home/westornd/intelFPGA_lite/18.1/embedded/host_tools/mentor/gnu/arm/baremetal/bin/../lib/gcc/arm-altera-eabi/6.2.0/crtend.o
LOAD /home/westornd/intelFPGA_lite/18.1/embedded/host_tools/mentor/gnu/arm/baremetal/bin/../lib/gcc/arm-altera-eabi/6.2.0/crtn.o
                0x00002000                _STACK_SIZE = DEFINED (_STACK_SIZE)?_STACK_SIZE:0x2000
                0x10000000                _MDRV_SIZE = DEFINED (_MDRV_SIZE)?_MDRV_SIZE:0x10000000
                0x00000800                _SUPERVISOR_STACK_SIZE = DEFINED (_SUPERVISOR_STACK_SIZE)?_SUPERVISOR_STACK_SIZE:0x800
                0x00000800                _ABORT_STACK_SIZE = DEFINED (_ABORT_STACK_SIZE)?_ABORT_STACK_SIZE:0x800
                0x00000800                _FIQ_STACK_SIZE = DEFINED (_FIQ_STACK_SIZE)?_FIQ_STACK_SIZE:0x800
                0x00002000                _IRQ_STACK_SIZE = DEFINED (_IRQ_STACK_SIZE)?_IRQ_STACK_SIZE:0x2000
                0x00000800                _UNDEF_STACK_SIZE = DEFINED (_UNDEF_STACK_SIZE)?_UNDEF_STACK_SIZE:0x800
                0x00000001                PROVIDE (__cs3_region_num, ((__cs3_regions_end - __cs3_regions) / 0x14))
                0x00123c2c                __libc_fini = _fini

.text           0x00100040    0x20588
 CREATE_OBJECT_SYMBOLS
                0x00100040                __cs3_region_start_ram = .
                0x00100040                _ftext = .
 *(.cs3.region-head.ram)
                0x00000001                ASSERT ((. == __cs3_region_start_ram), .cs3.region-head.ram not permitted)
                0x00100040                __cs3_interrupt_vector = __cs3_interrupt_vector_arm
 *(.cs3.interrupt_vector)
 .cs3.interrupt_vector
                0x00100040       0x3c ../../mAbassi/Platform/lib/lib_mAbassi_EVAL_GCC_AR5_CY5.a(mAbassi_EVAL_GCC_AR5_CY5_NR.o)
                0x00100040                _vector_table
                0x00100040                Vectors
                0x00100040                __cs3_interrupt_vector_arm
 *(.vectors)
                0x001142c0                PROVIDE (__cs3_reset, __cs3_reset_generic)
 *(.cs3.reset)
                [0x00100110]                _start = DEFINED (__cs3_start_asm)?__cs3_start_asm:_start
 *(.text.cs3.init)
 .text.cs3.init
                0x0010007c       0x94 /home/westornd/intelFPGA_lite/18.1/embedded/host_tools/mentor/gnu/arm/baremetal/bin/../lib/gcc/arm-altera-eabi/6.2.0/../../../../arm-altera-eabi/lib/libcs3.a(start_c.o)
                0x0010007c                __cs3_start_c
 .text.cs3.init
                0x00100110        0xc /home/westornd/intelFPGA_lite/18.1/embedded/host_tools/mentor/gnu/arm/baremetal/bin/../lib/gcc/arm-altera-eabi/6.2.0/../../../../arm-altera-eabi/lib/libcs3unhosted.a(unhosted-start.o)
 *(.text .text.* .gnu.linkonce.t.*)
 .text          0x0010011c      0x108 /home/westornd/intelFPGA_lite/18.1/embedded/host_tools/mentor/gnu/arm/baremetal/bin/../lib/gcc/arm-altera-eabi/6.2.0/crtbegin.o
 .text.startup.main
                0x00100224      0x1e4 Main_mAbassi.o
                0x00100224                main
 .text.TIMcallBack
                0x00100408        0x4 Main_mAbassi.o
                0x00100408                TIMcallBack
 .text.button_CallbackInterrupt
                0x0010040c       0x48 MyApp_CAN.o
                0x0010040c                button_CallbackInterrupt
 .text.spi_CallbackInterrupt
                0x00100454       0x68 MyApp_CAN.o
                0x00100454                spi_CallbackInterrupt
 *fill*         0x001004bc        0x4 
 .text.Task_CAN
                0x001004c0      0x120 MyApp_CAN.o
                0x001004c0                Task_CAN
 .text.Task_FPGA_Led
                0x001005e0       0x48 MyApp_CAN.o
                0x001005e0                Task_FPGA_Led
 .text.Task_FPGA_Button
                0x00100628       0xb8 MyApp_CAN.o
                0x00100628                Task_FPGA_Button
 .text.setup_Interrupt
                0x001006e0       0x8c MyApp_CAN.o
                0x001006e0                setup_Interrupt
 .text.setup_hps_gpio
                0x0010076c       0x78 MyApp_CAN.o
                0x0010076c                setup_hps_gpio
 .text.Task_HPS_Led
                0x001007e4      0x154 MyApp_CAN.o
                0x001007e4                Task_HPS_Led
 .text.CAN_init
                0x00100938      0xd44 MyDriver_CAN.o
                0x00100938                CAN_init
 .text.CAN_sendMsg
                0x0010167c      0x280 MyDriver_CAN.o
                0x0010167c                CAN_sendMsg
 .text.CAN_readMsg
                0x001018fc      0x4dc MyDriver_CAN.o
                0x001018fc                CAN_readMsg
 .text.SysCallInit
                0x00101dd8        0x4 SysCall_noFS.o
                0x00101dd8                SysCallInit
 .text._close_r
                0x00101ddc       0x10 SysCall_noFS.o
                0x00101ddc                _close_r
 .text._read_r  0x00101dec       0x88 SysCall_noFS.o
                0x00101dec                _read_r
 .text._write_r
                0x00101e74       0x88 SysCall_noFS.o
                0x00101e74                _write_r
 .text._lseek_r
                0x00101efc       0x10 SysCall_noFS.o
                0x00101efc                _lseek_r
 .text._fstat_r
                0x00101f0c       0x10 SysCall_noFS.o
                0x00101f0c                _fstat_r
 .text._isatty_r
                0x00101f1c       0x10 SysCall_noFS.o
                0x00101f1c                _isatty_r
 .text.GetKey   0x00101f2c       0x3c SysCall_noFS.o
                0x00101f2c                GetKey
 .text.TIMERinit
                0x00101f68       0x28 TIMERinit.o
                0x00101f68                TIMERinit
 .text.uart_send
                0x00101f90      0x8a8 dw_uart.o
                0x00101f90                uart_send
 .text.uart_recv
                0x00102838      0x794 dw_uart.o
                0x00102838                uart_recv
 .text.uart_filt
                0x00102fcc       0x90 dw_uart.o
                0x00102fcc                uart_filt
 .text.uart_init
                0x0010305c      0x3f4 dw_uart.o
                0x0010305c                uart_init
 .text.UARTintHndl_0
                0x00103450      0x1a0 dw_uart.o
                0x00103450                UARTintHndl_0
 .text.UARTintHndl_1
                0x001035f0      0x1a0 dw_uart.o
                0x001035f0                UARTintHndl_1
 .text.gpio_dir
                0x00103790       0xc0 alt_gpio.o
                0x00103790                gpio_dir
 .text.gpio_set
                0x00103850       0x9c alt_gpio.o
                0x00103850                gpio_set
 .text.gpio_init
                0x001038ec       0x54 alt_gpio.o
                0x001038ec                gpio_init
 .text.spi_send
                0x00103940      0xb94 dw_spi.o
                0x00103940                spi_send
 .text.spi_send_recv
                0x001044d4     0x12cc dw_spi.o
                0x001044d4                spi_send_recv
 .text.spi_init
                0x001057a0      0x3fc dw_spi.o
                0x001057a0                spi_init
 .text.alt_gpio_init
                0x00105b9c       0x28 alt_generalpurpose_io.o
                0x00105b9c                alt_gpio_init
 .text.alt_gpio_port_data_write
                0x00105bc4       0x70 alt_generalpurpose_io.o
                0x00105bc4                alt_gpio_port_data_write
 .text.alt_gpio_group_config
                0x00105c34      0x41c alt_generalpurpose_io.o
                0x00105c34                alt_gpio_group_config
 .text.alt_gpio_bit_to_pid
                0x00106050       0x30 alt_generalpurpose_io.o
                0x00106050                alt_gpio_bit_to_pid
 .text.alt_gpio_bit_to_port_pin
                0x00106080       0x30 alt_generalpurpose_io.o
                0x00106080                alt_gpio_bit_to_port_pin
 .text.PrtResult
                0x001060b0      0x298 Shell.o
 .text.CmdLog   0x00106348       0x18 Shell.o
 .text.CmdEdit  0x00106360       0x88 Shell.o
 .text.CmdMblk  0x001063e8      0x160 Shell.o
 .text.CmdGrp   0x00106548      0x864 Shell.o
 .text.CmdSys   0x00106dac      0x5dc Shell.o
 .text.CmdHelp  0x00107388      0x2d0 Shell.o
 .text.CmdEvt   0x00107658      0x208 Shell.o
 .text.CmdMtx   0x00107860     0x1100 Shell.o
 .text.CmdSem   0x00108960     0x1190 Shell.o
 .text.CmdMbx   0x00109af0     0x15d0 Shell.o
 .text.CmdTim   0x0010b0c0     0x1d28 Shell.o
 .text.CmdTask  0x0010cde8     0x246c Shell.o
 .text.OSshell  0x0010f254      0xf70 Shell.o
                0x0010f254                OSshell
 .text.ShellGets
                0x001101c4      0x2a0 Shell.o
                0x001101c4                ShellGets
 .text.CmdMem   0x00110464      0x530 Shell.o
 .text.TSKcreate.constprop.0
                0x00110994       0xf0 ../../mAbassi/Platform/lib/lib_mAbassi_EVAL_GCC_AR5_CY5.a(mAbassi_EVAL_A9_GCC_2_NR.o)
 .text.TSKgetID
                0x00110a84       0x60 ../../mAbassi/Platform/lib/lib_mAbassi_EVAL_GCC_AR5_CY5.a(mAbassi_EVAL_A9_GCC_2_NR.o)
                0x00110a84                TSKgetID
 .text.TSKstkChk
                0x00110ae4       0x60 ../../mAbassi/Platform/lib/lib_mAbassi_EVAL_GCC_AR5_CY5.a(mAbassi_EVAL_A9_GCC_2_NR.o)
                0x00110ae4                TSKstkChk
 *fill*         0x00110b44        0x4 
 .text.Abassi   0x00110b48     0x2850 ../../mAbassi/Platform/lib/lib_mAbassi_EVAL_GCC_AR5_CY5.a(mAbassi_EVAL_A9_GCC_2_NR.o)
                0x00110b48                Abassi
 .text.TSKcreate
                0x00113398      0x350 ../../mAbassi/Platform/lib/lib_mAbassi_EVAL_GCC_AR5_CY5.a(mAbassi_EVAL_A9_GCC_2_NR.o)
                0x00113398                TSKcreate
 .text.OSstart  0x001136e8      0x17c ../../mAbassi/Platform/lib/lib_mAbassi_EVAL_GCC_AR5_CY5.a(mAbassi_EVAL_A9_GCC_2_NR.o)
                0x001136e8                OSstart
 .text.TSKstart
                0x00113864       0x60 ../../mAbassi/Platform/lib/lib_mAbassi_EVAL_GCC_AR5_CY5.a(mAbassi_EVAL_A9_GCC_2_NR.o)
                0x00113864                TSKstart
 .text.SEM__open
                0x001138c4      0x144 ../../mAbassi/Platform/lib/lib_mAbassi_EVAL_GCC_AR5_CY5.a(mAbassi_EVAL_A9_GCC_2_NR.o)
                0x001138c4                SEM__open
 .text.MBX__open
                0x00113a08      0x154 ../../mAbassi/Platform/lib/lib_mAbassi_EVAL_GCC_AR5_CY5.a(mAbassi_EVAL_A9_GCC_2_NR.o)
                0x00113a08                MBX__open
 .text.MBXget   0x00113b5c      0x128 ../../mAbassi/Platform/lib/lib_mAbassi_EVAL_GCC_AR5_CY5.a(mAbassi_EVAL_A9_GCC_2_NR.o)
                0x00113b5c                MBXget
 .text.MBXput   0x00113c84       0xd8 ../../mAbassi/Platform/lib/lib_mAbassi_EVAL_GCC_AR5_CY5.a(mAbassi_EVAL_A9_GCC_2_NR.o)
                0x00113c84                MBXput
 .text.GroupRm  0x00113d5c       0xb4 ../../mAbassi/Platform/lib/lib_mAbassi_EVAL_GCC_AR5_CY5.a(mAbassi_EVAL_A9_GCC_2_NR.o)
                0x00113d5c                GroupRm
 .text.TIMtick  0x00113e10      0x4a0 ../../mAbassi/Platform/lib/lib_mAbassi_EVAL_GCC_AR5_CY5.a(mAbassi_EVAL_A9_GCC_2_NR.o)
                0x00113e10                TIMtick
 .text          0x001142b0      0xb48 ../../mAbassi/Platform/lib/lib_mAbassi_EVAL_GCC_AR5_CY5.a(mAbassi_EVAL_GCC_AR5_CY5_NR.o)
                0x001142c0                __cs3_reset_generic
                0x001142c0                boot
                0x001142c0                Reset_Handler
                0x001142c0                _prestart
                0x00114668                _exit
                0x00114670                _sbrk_r
                0x001146a8                OStrap
                0x001146c0                __cs3_isr_swi
                0x001146c0                mySWI
                0x00114708                SWI_Handler
                0x0011470c                OScontext
                0x0011472c                CoreContext
                0x00114740                OSstack
                0x0011479c                OSintCtrl
                0x001147bc                OSintBack
                0x001147cc                OSintOff
                0x001147d8                OSintOn
                0x001147e0                OSisrInfo
                0x001147f0                ISRdispatch
                0x001147f0                __cs3_isr_irq
                0x00114924                OSinvalidISR
                0x0011492c                COREgetPeriph
                0x00114934                COREgetID
                0x00114940                GICinit
                0x001149e4                GICenable
                0x00114b24                COREstart1
                0x00114b30                COREstart2
                0x00114b3c                COREstart3
                0x00114b48                COREstart0
                0x00114b54                CoreIdle
                0x00114b84                COREsafeGetID
                0x00114ba8                COREsendISR
                0x00114bdc                COREwakeISR
                0x00114c08                COREisInISR
                0x00114c1c                COREtaskNow
                0x00114c40                COREchkRedo
                0x00114ca0                CORElock
                0x00114cd0                COREunlock
                0x00114ce4                SPINlock
                0x00114cf4                SPINtrylock
                0x00114d04                SPIN_lock
                0x00114d8c                SPINunlock
 .text          0x00114df8      0x798 ../../mAbassi/Platform/lib/lib_mAbassi_EVAL_GCC_AR5_CY5.a(ARMv7_SMP_L1_L2_GCC_AR5_CY5.o)
                0x00114df8                COREcacheON
                0x00115284                DCacheInvalRange
                0x00115398                DCacheFlushRange
                0x001154ac                MMUlog2Phy
                0x0011550c                MMUphy2Log
 .text          0x00115590       0x4c /home/westornd/intelFPGA_lite/18.1/embedded/host_tools/mentor/gnu/arm/baremetal/bin/../lib/gcc/arm-altera-eabi/6.2.0/../../../../arm-altera-eabi/lib/libcs3.a(start_c.o)
                0x00115590                __cs3_premain
 .text          0x001155dc      0x148 /home/westornd/intelFPGA_lite/18.1/embedded/host_tools/mentor/gnu/arm/baremetal/bin/../lib/gcc/arm-altera-eabi/6.2.0/libgcc.a(_divsi3.o)
                0x001155dc                __aeabi_idiv
                0x001155dc                __divsi3
                0x00115704                __aeabi_idivmod
 .text          0x00115724        0x4 /home/westornd/intelFPGA_lite/18.1/embedded/host_tools/mentor/gnu/arm/baremetal/bin/../lib/gcc/arm-altera-eabi/6.2.0/libgcc.a(_dvmd_tls.o)
                0x00115724                __aeabi_ldiv0
                0x00115724                __aeabi_idiv0
 .text          0x00115728       0x24 /home/westornd/intelFPGA_lite/18.1/embedded/host_tools/mentor/gnu/arm/baremetal/bin/../lib/gcc/arm-altera-eabi/6.2.0/../../../../arm-altera-eabi/lib/libc.a(lib_a-calloc.o)
                0x00115728                calloc
 .text          0x0011574c       0x98 /home/westornd/intelFPGA_lite/18.1/embedded/host_tools/mentor/gnu/arm/baremetal/bin/../lib/gcc/arm-altera-eabi/6.2.0/../../../../arm-altera-eabi/lib/libc.a(lib_a-callocr.o)
                0x0011574c                _calloc_r
 .text          0x001157e4       0x10 /home/westornd/intelFPGA_lite/18.1/embedded/host_tools/mentor/gnu/arm/baremetal/bin/../lib/gcc/arm-altera-eabi/6.2.0/../../../../arm-altera-eabi/lib/libc.a(lib_a-getreent.o)
                0x001157e4                __getreent
 .text          0x001157f4       0x80 /home/westornd/intelFPGA_lite/18.1/embedded/host_tools/mentor/gnu/arm/baremetal/bin/../lib/gcc/arm-altera-eabi/6.2.0/../../../../arm-altera-eabi/lib/libc.a(lib_a-init.o)
                0x001157f4                __libc_init_array
 .text          0x00115874       0x38 /home/westornd/intelFPGA_lite/18.1/embedded/host_tools/mentor/gnu/arm/baremetal/bin/../lib/gcc/arm-altera-eabi/6.2.0/../../../../arm-altera-eabi/lib/libc.a(lib_a-malloc.o)
                0x00115874                malloc
                0x00115890                free
 .text          0x001158ac      0x750 /home/westornd/intelFPGA_lite/18.1/embedded/host_tools/mentor/gnu/arm/baremetal/bin/../lib/gcc/arm-altera-eabi/6.2.0/../../../../arm-altera-eabi/lib/libc.a(lib_a-mallocr.o)
                0x001158ac                _malloc_r
 .text          0x00115ffc      0x114 /home/westornd/intelFPGA_lite/18.1/embedded/host_tools/mentor/gnu/arm/baremetal/bin/../lib/gcc/arm-altera-eabi/6.2.0/../../../../arm-altera-eabi/lib/libc.a(lib_a-memcpy-stub.o)
                0x00115ffc                memcpy
 .text          0x00116110      0x148 /home/westornd/intelFPGA_lite/18.1/embedded/host_tools/mentor/gnu/arm/baremetal/bin/../lib/gcc/arm-altera-eabi/6.2.0/../../../../arm-altera-eabi/lib/libc.a(lib_a-memmove.o)
                0x00116110                memmove
 .text          0x00116258      0x114 /home/westornd/intelFPGA_lite/18.1/embedded/host_tools/mentor/gnu/arm/baremetal/bin/../lib/gcc/arm-altera-eabi/6.2.0/../../../../arm-altera-eabi/lib/libc.a(lib_a-memset.o)
                0x00116258                memset
 .text          0x0011636c       0x30 /home/westornd/intelFPGA_lite/18.1/embedded/host_tools/mentor/gnu/arm/baremetal/bin/../lib/gcc/arm-altera-eabi/6.2.0/../../../../arm-altera-eabi/lib/libc.a(lib_a-mlock.o)
                0x0011636c                __malloc_lock
                0x00116384                __malloc_unlock
 .text.startup  0x0011639c       0x18 /home/westornd/intelFPGA_lite/18.1/embedded/host_tools/mentor/gnu/arm/baremetal/bin/../lib/gcc/arm-altera-eabi/6.2.0/../../../../arm-altera-eabi/lib/libc.a(lib_a-mlock.o)
 .text          0x001163b4       0x6c /home/westornd/intelFPGA_lite/18.1/embedded/host_tools/mentor/gnu/arm/baremetal/bin/../lib/gcc/arm-altera-eabi/6.2.0/../../../../arm-altera-eabi/lib/libc.a(lib_a-printf.o)
                0x001163b4                _printf_r
                0x001163e8                printf
 .text          0x00116420       0x34 /home/westornd/intelFPGA_lite/18.1/embedded/host_tools/mentor/gnu/arm/baremetal/bin/../lib/gcc/arm-altera-eabi/6.2.0/../../../../arm-altera-eabi/lib/libc.a(lib_a-putchar.o)
                0x00116420                _putchar_r
                0x00116434                putchar
 .text          0x00116454      0x12c /home/westornd/intelFPGA_lite/18.1/embedded/host_tools/mentor/gnu/arm/baremetal/bin/../lib/gcc/arm-altera-eabi/6.2.0/../../../../arm-altera-eabi/lib/libc.a(lib_a-puts.o)
                0x00116454                _puts_r
                0x00116568                puts
 .text          0x00116580      0x258 /home/westornd/intelFPGA_lite/18.1/embedded/host_tools/mentor/gnu/arm/baremetal/bin/../lib/gcc/arm-altera-eabi/6.2.0/../../../../arm-altera-eabi/lib/libc.a(lib_a-setvbuf.o)
                0x00116580                setvbuf
 .text          0x001167d8       0x74 /home/westornd/intelFPGA_lite/18.1/embedded/host_tools/mentor/gnu/arm/baremetal/bin/../lib/gcc/arm-altera-eabi/6.2.0/../../../../arm-altera-eabi/lib/libc.a(lib_a-stpcpy.o)
                0x001167d8                stpcpy
 .text          0x0011684c      0x224 /home/westornd/intelFPGA_lite/18.1/embedded/host_tools/mentor/gnu/arm/baremetal/bin/../lib/gcc/arm-altera-eabi/6.2.0/../../../../arm-altera-eabi/lib/libc.a(lib_a-strcmp.o)
                0x0011684c                strcmp
 .text          0x00116a70       0xf0 /home/westornd/intelFPGA_lite/18.1/embedded/host_tools/mentor/gnu/arm/baremetal/bin/../lib/gcc/arm-altera-eabi/6.2.0/../../../../arm-altera-eabi/lib/libc.a(lib_a-strcpy.o)
                0x00116a70                strcpy
 .text          0x00116b60       0x60 /home/westornd/intelFPGA_lite/18.1/embedded/host_tools/mentor/gnu/arm/baremetal/bin/../lib/gcc/arm-altera-eabi/6.2.0/../../../../arm-altera-eabi/lib/libc.a(lib_a-strlen-stub.o)
                0x00116b60                strlen
 .text          0x00116bc0      0x3c8 /home/westornd/intelFPGA_lite/18.1/embedded/host_tools/mentor/gnu/arm/baremetal/bin/../lib/gcc/arm-altera-eabi/6.2.0/../../../../arm-altera-eabi/lib/libc.a(lib_a-strtoll.o)
                0x00116ea0                _strtoll_r
                0x00116ef4                strtoll_l
                0x00116f30                strtoll
 .text          0x00116f88      0x2d0 /home/westornd/intelFPGA_lite/18.1/embedded/host_tools/mentor/gnu/arm/baremetal/bin/../lib/gcc/arm-altera-eabi/6.2.0/../../../../arm-altera-eabi/lib/libc.a(lib_a-strtoul.o)
                0x00117170                _strtoul_r
                0x001171c4                strtoul_l
                0x00117200                strtoul
 .text          0x00117258      0x360 /home/westornd/intelFPGA_lite/18.1/embedded/host_tools/mentor/gnu/arm/baremetal/bin/../lib/gcc/arm-altera-eabi/6.2.0/../../../../arm-altera-eabi/lib/libc.a(lib_a-strtoull.o)
                0x001174d0                _strtoull_r
                0x00117524                strtoull_l
                0x00117560                strtoull
 .text          0x001175b8     0x22ec /home/westornd/intelFPGA_lite/18.1/embedded/host_tools/mentor/gnu/arm/baremetal/bin/../lib/gcc/arm-altera-eabi/6.2.0/../../../../arm-altera-eabi/lib/libc.a(lib_a-vfprintf.o)
                0x001175b8                _vfprintf_r
                0x001197ac                vfprintf
 .text          0x001198a4      0x154 /home/westornd/intelFPGA_lite/18.1/embedded/host_tools/mentor/gnu/arm/baremetal/bin/../lib/gcc/arm-altera-eabi/6.2.0/../../../../arm-altera-eabi/lib/libc.a(lib_a-wbuf.o)
                0x001198a4                __swbuf_r
                0x001199d8                __swbuf
 .text          0x001199f8      0x158 /home/westornd/intelFPGA_lite/18.1/embedded/host_tools/mentor/gnu/arm/baremetal/bin/../lib/gcc/arm-altera-eabi/6.2.0/../../../../arm-altera-eabi/lib/libc.a(lib_a-wsetup.o)
                0x001199f8                __swsetup_r
 .text          0x00119b50     0x181c /home/westornd/intelFPGA_lite/18.1/embedded/host_tools/mentor/gnu/arm/baremetal/bin/../lib/gcc/arm-altera-eabi/6.2.0/../../../../arm-altera-eabi/lib/libc.a(lib_a-dtoa.o)
                0x00119d30                _dtoa_r
 .text          0x0011b36c      0x314 /home/westornd/intelFPGA_lite/18.1/embedded/host_tools/mentor/gnu/arm/baremetal/bin/../lib/gcc/arm-altera-eabi/6.2.0/../../../../arm-altera-eabi/lib/libc.a(lib_a-fflush.o)
                0x0011b36c                __sflush_r
                0x0011b5a8                _fflush_r
                0x0011b644                fflush
 .text          0x0011b680      0x3e4 /home/westornd/intelFPGA_lite/18.1/embedded/host_tools/mentor/gnu/arm/baremetal/bin/../lib/gcc/arm-altera-eabi/6.2.0/../../../../arm-altera-eabi/lib/libc.a(lib_a-findfp.o)
                0x0011b680                _cleanup_r
                0x0011b78c                __sfmoreglue
                0x0011b7dc                _cleanup
                0x0011b800                __sinit
                0x0011b894                __sfp
                0x0011b9b4                __sfp_lock_acquire
                0x0011b9cc                __sfp_lock_release
                0x0011b9e4                __sinit_lock_acquire
                0x0011b9fc                __sinit_lock_release
                0x0011ba14                __fp_lock_all
                0x0011ba3c                __fp_unlock_all
 .text.startup  0x0011ba64       0x30 /home/westornd/intelFPGA_lite/18.1/embedded/host_tools/mentor/gnu/arm/baremetal/bin/../lib/gcc/arm-altera-eabi/6.2.0/../../../../arm-altera-eabi/lib/libc.a(lib_a-findfp.o)
 .text          0x0011ba94      0x3e0 /home/westornd/intelFPGA_lite/18.1/embedded/host_tools/mentor/gnu/arm/baremetal/bin/../lib/gcc/arm-altera-eabi/6.2.0/../../../../arm-altera-eabi/lib/libc.a(lib_a-freer.o)
                0x0011ba94                _malloc_trim_r
                0x0011bb94                _free_r
 .text          0x0011be74      0x4dc /home/westornd/intelFPGA_lite/18.1/embedded/host_tools/mentor/gnu/arm/baremetal/bin/../lib/gcc/arm-altera-eabi/6.2.0/../../../../arm-altera-eabi/lib/libc.a(lib_a-fvwrite.o)
                0x0011be74                __sfvwrite_r
 .text          0x0011c350      0x110 /home/westornd/intelFPGA_lite/18.1/embedded/host_tools/mentor/gnu/arm/baremetal/bin/../lib/gcc/arm-altera-eabi/6.2.0/../../../../arm-altera-eabi/lib/libc.a(lib_a-fwalk.o)
                0x0011c350                _fwalk
                0x0011c3d4                _fwalk_reent
 .text          0x0011c460       0xf4 /home/westornd/intelFPGA_lite/18.1/embedded/host_tools/mentor/gnu/arm/baremetal/bin/../lib/gcc/arm-altera-eabi/6.2.0/../../../../arm-altera-eabi/lib/libc.a(lib_a-locale.o)
                0x0011c484                _setlocale_r
                0x0011c4ec                __locale_mb_cur_max
                0x0011c514                __locale_ctype_ptr_l
                0x0011c51c                __locale_ctype_ptr
                0x0011c534                setlocale
 .text          0x0011c554       0x58 /home/westornd/intelFPGA_lite/18.1/embedded/host_tools/mentor/gnu/arm/baremetal/bin/../lib/gcc/arm-altera-eabi/6.2.0/../../../../arm-altera-eabi/lib/libc.a(lib_a-localeconv.o)
                0x0011c554                __localeconv_l
                0x0011c55c                _localeconv_r
                0x0011c584                localeconv
 .text          0x0011c5ac      0x18c /home/westornd/intelFPGA_lite/18.1/embedded/host_tools/mentor/gnu/arm/baremetal/bin/../lib/gcc/arm-altera-eabi/6.2.0/../../../../arm-altera-eabi/lib/libc.a(lib_a-makebuf.o)
                0x0011c5ac                __swhatbuf_r
                0x0011c64c                __smakebuf_r
 .text          0x0011c738       0xa0 /home/westornd/intelFPGA_lite/18.1/embedded/host_tools/mentor/gnu/arm/baremetal/bin/../lib/gcc/arm-altera-eabi/6.2.0/../../../../arm-altera-eabi/lib/libc.a(lib_a-mbtowc_r.o)
                0x0011c738                _mbtowc_r
                0x0011c78c                __ascii_mbtowc
 .text          0x0011c7d8      0x110 /home/westornd/intelFPGA_lite/18.1/embedded/host_tools/mentor/gnu/arm/baremetal/bin/../lib/gcc/arm-altera-eabi/6.2.0/../../../../arm-altera-eabi/lib/libc.a(lib_a-memchr-stub.o)
                0x0011c7d8                memchr
 .text          0x0011c8e8      0xd98 /home/westornd/intelFPGA_lite/18.1/embedded/host_tools/mentor/gnu/arm/baremetal/bin/../lib/gcc/arm-altera-eabi/6.2.0/../../../../arm-altera-eabi/lib/libc.a(lib_a-mprec.o)
                0x0011c8e8                _Balloc
                0x0011c974                _Bfree
                0x0011c990                __multadd
                0x0011ca6c                __s2b
                0x0011cb5c                __hi0bits
                0x0011cbb4                __lo0bits
                0x0011cc54                __i2b
                0x0011cc78                __multiply
                0x0011ce48                __pow5mult
                0x0011cf4c                __lshift
                0x0011d034                __mcmp
                0x0011d094                __mdiff
                0x0011d23c                __ulp
                0x0011d2a4                __b2d
                0x0011d390                __d2b
                0x0011d4a0                __ratio
                0x0011d530                _mprec_log10
                0x0011d590                __copybits
                0x0011d600                __any_on
 .text          0x0011d680      0x1bc /home/westornd/intelFPGA_lite/18.1/embedded/host_tools/mentor/gnu/arm/baremetal/bin/../lib/gcc/arm-altera-eabi/6.2.0/../../../../arm-altera-eabi/lib/libc.a(lib_a-putc.o)
                0x0011d680                _putc_r
                0x0011d75c                putc
 .text          0x0011d83c      0x4d4 /home/westornd/intelFPGA_lite/18.1/embedded/host_tools/mentor/gnu/arm/baremetal/bin/../lib/gcc/arm-altera-eabi/6.2.0/../../../../arm-altera-eabi/lib/libc.a(lib_a-reallocr.o)
                0x0011d83c                _realloc_r
 .text          0x0011dd10       0xd8 /home/westornd/intelFPGA_lite/18.1/embedded/host_tools/mentor/gnu/arm/baremetal/bin/../lib/gcc/arm-altera-eabi/6.2.0/../../../../arm-altera-eabi/lib/libc.a(lib_a-stdio.o)
                0x0011dd10                __sread
                0x0011dd44                __seofread
                0x0011dd4c                __swrite
                0x0011dda4                __sseek
                0x0011ddd4                __sclose
 .text          0x0011dde8     0x14c4 /home/westornd/intelFPGA_lite/18.1/embedded/host_tools/mentor/gnu/arm/baremetal/bin/../lib/gcc/arm-altera-eabi/6.2.0/../../../../arm-altera-eabi/lib/libc.a(lib_a-vfiprintf.o)
                0x0011de98                __sprint_r
                0x0011deb0                _vfiprintf_r
                0x0011f1b4                vfiprintf
 .text          0x0011f2ac       0x74 /home/westornd/intelFPGA_lite/18.1/embedded/host_tools/mentor/gnu/arm/baremetal/bin/../lib/gcc/arm-altera-eabi/6.2.0/../../../../arm-altera-eabi/lib/libc.a(lib_a-wctomb_r.o)
                0x0011f2ac                _wctomb_r
                0x0011f2f8                __ascii_wctomb
 .text          0x0011f320      0x180 /home/westornd/intelFPGA_lite/18.1/embedded/host_tools/mentor/gnu/arm/baremetal/bin/../lib/gcc/arm-altera-eabi/6.2.0/../../../../arm-altera-eabi/lib/libc.a(lib_a-fclose.o)
                0x0011f320                _fclose_r
                0x0011f488                fclose
 .text          0x0011f4a0      0x204 /home/westornd/intelFPGA_lite/18.1/embedded/host_tools/mentor/gnu/arm/baremetal/bin/../lib/gcc/arm-altera-eabi/6.2.0/../../../../arm-altera-eabi/lib/libc.a(lib_a-fputwc.o)
                0x0011f4a0                __fputwc
                0x0011f5b0                _fputwc_r
                0x0011f66c                fputwc
 .text          0x0011f6a4      0x150 /home/westornd/intelFPGA_lite/18.1/embedded/host_tools/mentor/gnu/arm/baremetal/bin/../lib/gcc/arm-altera-eabi/6.2.0/../../../../arm-altera-eabi/lib/libc.a(lib_a-wcrtomb.o)
                0x0011f6a4                _wcrtomb_r
                0x0011f748                wcrtomb
 .text          0x0011f7f4      0x114 /home/westornd/intelFPGA_lite/18.1/embedded/host_tools/mentor/gnu/arm/baremetal/bin/../lib/gcc/arm-altera-eabi/6.2.0/libgcc.a(_udivsi3.o)
                0x0011f7f4                __udivsi3
                0x0011f7f4                __aeabi_uidiv
                0x0011f8e8                __aeabi_uidivmod
 .text          0x0011f908      0x41c /home/westornd/intelFPGA_lite/18.1/embedded/host_tools/mentor/gnu/arm/baremetal/bin/../lib/gcc/arm-altera-eabi/6.2.0/libgcc.a(_arm_addsubdf3.o)
                0x0011f908                __aeabi_drsub
                0x0011f910                __aeabi_dsub
                0x0011f910                __subdf3
                0x0011f914                __adddf3
                0x0011f914                __aeabi_dadd
                0x0011fc24                __aeabi_ui2d
                0x0011fc24                __floatunsidf
                0x0011fc48                __floatsidf
                0x0011fc48                __aeabi_i2d
                0x0011fc70                __extendsfdf2
                0x0011fc70                __aeabi_f2d
                0x0011fcb0                __aeabi_ul2d
                0x0011fcb0                __floatundidf
                0x0011fcc4                __floatdidf
                0x0011fcc4                __aeabi_l2d
 .text          0x0011fd24      0x49c /home/westornd/intelFPGA_lite/18.1/embedded/host_tools/mentor/gnu/arm/baremetal/bin/../lib/gcc/arm-altera-eabi/6.2.0/libgcc.a(_arm_muldivdf3.o)
                0x0011fd24                __aeabi_dmul
                0x0011fd24                __muldf3
                0x0011ffb4                __aeabi_ddiv
                0x0011ffb4                __divdf3
 .text          0x001201c0      0x144 /home/westornd/intelFPGA_lite/18.1/embedded/host_tools/mentor/gnu/arm/baremetal/bin/../lib/gcc/arm-altera-eabi/6.2.0/libgcc.a(_arm_cmpdf2.o)
                0x001201c0                __gtdf2
                0x001201c0                __gedf2
                0x001201c8                __ltdf2
                0x001201c8                __ledf2
                0x001201d0                __cmpdf2
                0x001201d0                __eqdf2
                0x001201d0                __nedf2
                0x00120258                __aeabi_cdrcmple
                0x00120274                __aeabi_cdcmple
                0x00120274                __aeabi_cdcmpeq
                0x0012028c                __aeabi_dcmpeq
                0x001202a4                __aeabi_dcmplt
                0x001202bc                __aeabi_dcmple
                0x001202d4                __aeabi_dcmpge
                0x001202ec                __aeabi_dcmpgt
 .text          0x00120304       0x38 /home/westornd/intelFPGA_lite/18.1/embedded/host_tools/mentor/gnu/arm/baremetal/bin/../lib/gcc/arm-altera-eabi/6.2.0/libgcc.a(_arm_unorddf2.o)
                0x00120304                __aeabi_dcmpun
                0x00120304                __unorddf2
 .text          0x0012033c       0x5c /home/westornd/intelFPGA_lite/18.1/embedded/host_tools/mentor/gnu/arm/baremetal/bin/../lib/gcc/arm-altera-eabi/6.2.0/libgcc.a(_arm_fixdfsi.o)
                0x0012033c                __fixdfsi
                0x0012033c                __aeabi_d2iz
 .text          0x00120398       0x3c /home/westornd/intelFPGA_lite/18.1/embedded/host_tools/mentor/gnu/arm/baremetal/bin/../lib/gcc/arm-altera-eabi/6.2.0/libgcc.a(_aeabi_uldivmod.o)
                0x00120398                __aeabi_uldivmod
 .text          0x001203d4      0x12c /home/westornd/intelFPGA_lite/18.1/embedded/host_tools/mentor/gnu/arm/baremetal/bin/../lib/gcc/arm-altera-eabi/6.2.0/libgcc.a(_udivmoddi4.o)
                0x001203d4                __udivmoddi4
 .text          0x00120500       0x58 /home/westornd/intelFPGA_lite/18.1/embedded/host_tools/mentor/gnu/arm/baremetal/bin/../lib/gcc/arm-altera-eabi/6.2.0/libgcc.a(gthr-generic.o)
                0x00120500                __generic_gxx_active_p
                0x00120508                __generic_gxx_key_create
                0x00120510                __generic_gxx_once
                0x00120514                __generic_gxx_key_delete
                0x0012051c                __generic_gxx_getspecific
                0x00120524                __generic_gxx_setspecific
                0x0012052c                __generic_gxx_recursive_mutex_init_function
                0x00120530                __generic_gxx_mutex_init_function
                0x00120534                __generic_gxx_recursive_mutex_destroy
                0x0012053c                __generic_gxx_recursive_mutex_unlock
                0x00120540                __generic_gxx_recursive_mutex_trylock
                0x00120544                __generic_gxx_recursive_mutex_lock
                0x00120548                __generic_gxx_mutex_unlock
                0x0012054c                __generic_gxx_mutex_trylock
                0x00120550                __generic_gxx_mutex_lock
                0x00120554                __generic_gxx_mutex_destroy
 .text          0x00120558       0x28 /home/westornd/intelFPGA_lite/18.1/embedded/host_tools/mentor/gnu/arm/baremetal/bin/../lib/gcc/arm-altera-eabi/6.2.0/libgcc.a(_clzdi2.o)
                0x00120558                __clzdi2
 .text          0x00120580       0x48 /home/westornd/intelFPGA_lite/18.1/embedded/host_tools/mentor/gnu/arm/baremetal/bin/../lib/gcc/arm-altera-eabi/6.2.0/libgcc.a(_clzsi2.o)
                0x00120580                __clzsi2
 *(.plt)
 *(.gnu.warning)
 *(.glue_7t)
 .glue_7t       0x001205c8        0x0 linker stubs
 *(.glue_7)
 .glue_7        0x001205c8        0x0 linker stubs
 *(.vfp11_veneer)
 .vfp11_veneer  0x001205c8        0x0 linker stubs
 *(.ARM.extab* .gnu.linkonce.armextab.*)
 *(.gcc_except_table)

.v4_bx          0x001205c8        0x0
 .v4_bx         0x001205c8        0x0 linker stubs

.iplt           0x001205c8        0x0
 .iplt          0x001205c8        0x0 /home/westornd/intelFPGA_lite/18.1/embedded/host_tools/mentor/gnu/arm/baremetal/bin/../lib/gcc/arm-altera-eabi/6.2.0/crtbegin.o

.eh_frame_hdr
 *(.eh_frame_hdr)
 *(.eh_frame_entry .eh_frame_entry.*)

.eh_frame       0x001205c8        0x4
 *(.eh_frame)
 .eh_frame      0x001205c8        0x0 /home/westornd/intelFPGA_lite/18.1/embedded/host_tools/mentor/gnu/arm/baremetal/bin/../lib/gcc/arm-altera-eabi/6.2.0/crtbegin.o
 .eh_frame      0x001205c8        0x4 /home/westornd/intelFPGA_lite/18.1/embedded/host_tools/mentor/gnu/arm/baremetal/bin/../lib/gcc/arm-altera-eabi/6.2.0/crtend.o
 *(.eh_frame.*)
                [!provide]                PROVIDE (__exidx_start, .)

.ARM.exidx      0x001205cc        0x8
 *(.ARM.exidx* .gnu.linkonce.armexidx.*)
 .ARM.exidx     0x001205cc        0x8 /home/westornd/intelFPGA_lite/18.1/embedded/host_tools/mentor/gnu/arm/baremetal/bin/../lib/gcc/arm-altera-eabi/6.2.0/libgcc.a(_udivmoddi4.o)
                [!provide]                PROVIDE (__exidx_end, .)

.rel.dyn        0x001205d4        0x0
 .rel.iplt      0x001205d4        0x0 /home/westornd/intelFPGA_lite/18.1/embedded/host_tools/mentor/gnu/arm/baremetal/bin/../lib/gcc/arm-altera-eabi/6.2.0/crtbegin.o

.rodata         0x001205d8     0x3688
 *(.rodata .rodata.* .gnu.linkonce.r.*)
 .rodata.main.str1.4
                0x001205d8       0x32 Main_mAbassi.o
 *fill*         0x0012060a        0x2 
 .rodata        0x0012060c        0xc MyApp_CAN.o
 .rodata.Task_CAN.str1.4
                0x00120618       0x3e MyApp_CAN.o
 *fill*         0x00120656        0x2 
 .rodata.Task_FPGA_Button.str1.4
                0x00120658       0x45 MyApp_CAN.o
 *fill*         0x0012069d        0x3 
 .rodata.Task_HPS_Led.str1.4
                0x001206a0       0x5d MyApp_CAN.o
 *fill*         0x001206fd        0x3 
 .rodata.button_CallbackInterrupt.str1.4
                0x00120700        0xc MyApp_CAN.o
 .rodata.setup_hps_gpio.str1.4
                0x0012070c       0x2d MyApp_CAN.o
 *fill*         0x00120739        0x3 
 .rodata.spi_CallbackInterrupt.str1.4
                0x0012073c       0x2a MyApp_CAN.o
 *fill*         0x00120766        0x2 
 .rodata.CAN_writeCommand.str1.4
                0x00120768       0x16 MyDriver_CAN.o
                                 0x31 (size before relaxing)
 *fill*         0x0012077e        0x2 
 .rodata.BSecho.7309
                0x00120780        0x2 dw_uart.o
 *fill*         0x00120782        0x6 
 .rodata.g_DevReMap
                0x00120788        0x8 dw_uart.o
 .rodata.g_HWaddr
                0x00120790        0x8 dw_uart.o
 .rodata.g_Names
                0x00120798       0x40 dw_uart.o
 .rodata.g_DevReMap
                0x001207d8       0x10 dw_spi.o
 .rodata.g_HWaddr
                0x001207e8       0x10 dw_spi.o
 .rodata.g_IsMaster
                0x001207f8        0x4 dw_spi.o
 *fill*         0x001207fc        0x4 
 .rodata.g_Names
                0x00120800       0x40 dw_spi.o
 .rodata.G_ABORTstackSize
                0x00120840        0x4 mAbassiCfgA9.o
                0x00120840                G_ABORTstackSize
 .rodata.G_FIQstackSize
                0x00120844        0x4 mAbassiCfgA9.o
                0x00120844                G_FIQstackSize
 .rodata.G_IRQstackSize
                0x00120848        0x4 mAbassiCfgA9.o
                0x00120848                G_IRQstackSize
 *fill*         0x0012084c        0x4 
 .rodata.G_MMUnonCachedTbl
                0x00120850        0xc mAbassiCfgA9.o
                0x00120850                G_MMUnonCachedTbl
 *fill*         0x0012085c        0x4 
 .rodata.G_MMUnonCprivTbl
                0x00120860       0x10 mAbassiCfgA9.o
                0x00120860                G_MMUnonCprivTbl
 .rodata.G_MMUprivateTbl
                0x00120870       0x10 mAbassiCfgA9.o
                0x00120870                G_MMUprivateTbl
 .rodata.G_MMUsharedTbl
                0x00120880        0xc mAbassiCfgA9.o
                0x00120880                G_MMUsharedTbl
 .rodata.G_SUPERstackSize
                0x0012088c        0x4 mAbassiCfgA9.o
                0x0012088c                G_SUPERstackSize
 .rodata.G_UNDEFstackSize
                0x00120890        0x4 mAbassiCfgA9.o
                0x00120890                G_UNDEFstackSize
 .rodata.CmdEdit.str1.4
                0x00120894      0x1a9 Shell.o
 *fill*         0x00120a3d        0x3 
 .rodata.CmdEvt.str1.4
                0x00120a40       0xf2 Shell.o
                                 0xf8 (size before relaxing)
 *fill*         0x00120b32        0x2 
 .rodata.CmdGrp.str1.4
                0x00120b34      0x38d Shell.o
                                0x391 (size before relaxing)
 *fill*         0x00120ec1        0x3 
 .rodata.CmdHelp.str1.4
                0x00120ec4      0x1ec Shell.o
 .rodata.CmdLog.str1.4
                0x001210b0       0x36 Shell.o
 *fill*         0x001210e6        0x2 
 .rodata.CmdMblk.str1.4
                0x001210e8       0xc2 Shell.o
 *fill*         0x001211aa        0x2 
 .rodata.CmdMbx.str1.4
                0x001211ac      0x50f Shell.o
                                0x514 (size before relaxing)
 *fill*         0x001216bb        0x1 
 .rodata.CmdMem.str1.4
                0x001216bc      0x184 Shell.o
                                0x188 (size before relaxing)
 .rodata.CmdMtx.str1.4
                0x00121840      0x4e6 Shell.o
                                0x50a (size before relaxing)
 *fill*         0x00121d26        0x2 
 .rodata.CmdSem.str1.4
                0x00121d28      0x431 Shell.o
 *fill*         0x00122159        0x3 
 .rodata.CmdSys.str1.4
                0x0012215c      0x11c Shell.o
                                0x120 (size before relaxing)
 .rodata.CmdTask.str1.4
                0x00122278      0xc82 Shell.o
                                0xc9a (size before relaxing)
 *fill*         0x00122efa        0x2 
 .rodata.CmdTim.str1.4
                0x00122efc      0x785 Shell.o
                                0x78d (size before relaxing)
 *fill*         0x00123681        0x3 
 .rodata.CommandLst
                0x00123684       0x70 Shell.o
 .rodata.OSshell.str1.4
                0x001236f4       0x55 Shell.o
 *fill*         0x00123749        0x3 
 .rodata.PrtResult.str1.4
                0x0012374c      0x1b1 Shell.o
 *fill*         0x001238fd        0x3 
 .rodata.G_OSnoName
                0x00123900        0x4 ../../mAbassi/Platform/lib/lib_mAbassi_EVAL_GCC_AR5_CY5.a(mAbassi_EVAL_A9_GCC_2_NR.o)
                0x00123900                G_OSnoName
 *fill*         0x00123904        0x4 
 .rodata.G_OSprivName
                0x00123908        0x5 ../../mAbassi/Platform/lib/lib_mAbassi_EVAL_GCC_AR5_CY5.a(mAbassi_EVAL_A9_GCC_2_NR.o)
                0x00123908                G_OSprivName
 *fill*         0x0012390d        0x3 
 .rodata.OSstart.str1.4
                0x00123910       0x14 ../../mAbassi/Platform/lib/lib_mAbassi_EVAL_GCC_AR5_CY5.a(mAbassi_EVAL_A9_GCC_2_NR.o)
 *fill*         0x00123924        0x4 
 .rodata.g_OSMutexName
                0x00123928        0x6 ../../mAbassi/Platform/lib/lib_mAbassi_EVAL_GCC_AR5_CY5.a(mAbassi_EVAL_A9_GCC_2_NR.o)
                0x00123928                g_OSMutexName
 *fill*         0x0012392e        0x2 
 .rodata        0x00123930        0x4 /home/westornd/intelFPGA_lite/18.1/embedded/host_tools/mentor/gnu/arm/baremetal/bin/../lib/gcc/arm-altera-eabi/6.2.0/../../../../arm-altera-eabi/lib/libc.a(lib_a-impure.o)
                0x00123930                _global_impure_ptr
 .rodata.str1.4
                0x00123934       0x14 /home/westornd/intelFPGA_lite/18.1/embedded/host_tools/mentor/gnu/arm/baremetal/bin/../lib/gcc/arm-altera-eabi/6.2.0/../../../../arm-altera-eabi/lib/libc.a(lib_a-puts.o)
                                  0x2 (size before relaxing)
 .rodata        0x00123934       0x20 /home/westornd/intelFPGA_lite/18.1/embedded/host_tools/mentor/gnu/arm/baremetal/bin/../lib/gcc/arm-altera-eabi/6.2.0/../../../../arm-altera-eabi/lib/libc.a(lib_a-vfprintf.o)
 .rodata.str1.4
                0x00123954       0x3f /home/westornd/intelFPGA_lite/18.1/embedded/host_tools/mentor/gnu/arm/baremetal/bin/../lib/gcc/arm-altera-eabi/6.2.0/../../../../arm-altera-eabi/lib/libc.a(lib_a-vfprintf.o)
                                 0x42 (size before relaxing)
 *fill*         0x00123993        0x1 
 .rodata.str1.4
                0x00123994       0x10 /home/westornd/intelFPGA_lite/18.1/embedded/host_tools/mentor/gnu/arm/baremetal/bin/../lib/gcc/arm-altera-eabi/6.2.0/../../../../arm-altera-eabi/lib/libc.a(lib_a-dtoa.o)
                                 0x12 (size before relaxing)
 .rodata.str1.4
                0x001239a4       0x10 /home/westornd/intelFPGA_lite/18.1/embedded/host_tools/mentor/gnu/arm/baremetal/bin/../lib/gcc/arm-altera-eabi/6.2.0/../../../../arm-altera-eabi/lib/libc.a(lib_a-locale.o)
                                 0x12 (size before relaxing)
 *fill*         0x001239b4        0x4 
 .rodata        0x001239b8      0x128 /home/westornd/intelFPGA_lite/18.1/embedded/host_tools/mentor/gnu/arm/baremetal/bin/../lib/gcc/arm-altera-eabi/6.2.0/../../../../arm-altera-eabi/lib/libc.a(lib_a-mprec.o)
                0x001239c8                __mprec_tens
                0x00123a90                __mprec_tinytens
                0x00123ab8                __mprec_bigtens
 .rodata        0x00123ae0       0x20 /home/westornd/intelFPGA_lite/18.1/embedded/host_tools/mentor/gnu/arm/baremetal/bin/../lib/gcc/arm-altera-eabi/6.2.0/../../../../arm-altera-eabi/lib/libc.a(lib_a-vfiprintf.o)
 .rodata.str1.4
                0x00123b00       0x2f /home/westornd/intelFPGA_lite/18.1/embedded/host_tools/mentor/gnu/arm/baremetal/bin/../lib/gcc/arm-altera-eabi/6.2.0/../../../../arm-altera-eabi/lib/libc.a(lib_a-vfiprintf.o)
 .rodata        0x00123b00      0x101 /home/westornd/intelFPGA_lite/18.1/embedded/host_tools/mentor/gnu/arm/baremetal/bin/../lib/gcc/arm-altera-eabi/6.2.0/../../../../arm-altera-eabi/lib/libc.a(lib_a-ctype_.o)
                0x00123b00                _ctype_
                0x00123c04                . = ALIGN (0x4)
 *fill*         0x00123c01        0x3 
 *(.init)
 .init          0x00123c04        0xc /home/westornd/intelFPGA_lite/18.1/embedded/host_tools/mentor/gnu/arm/baremetal/bin/../lib/gcc/arm-altera-eabi/6.2.0/crti.o
                0x00123c04                _init
 .init          0x00123c10        0xc /home/westornd/intelFPGA_lite/18.1/embedded/host_tools/mentor/gnu/arm/baremetal/bin/../lib/gcc/arm-altera-eabi/6.2.0/crtn.o
                0x00123c1c                . = ALIGN (0x4)
                0x00123c1c                __preinit_array_start = .
 *(.preinit_array)
                0x00123c1c                __preinit_array_end = .
                0x00123c1c                . = ALIGN (0x4)
                0x00123c1c                __init_array_start = .
 *(SORT(.init_array.*))
 .init_array.00000
                0x00123c1c        0x4 /home/westornd/intelFPGA_lite/18.1/embedded/host_tools/mentor/gnu/arm/baremetal/bin/../lib/gcc/arm-altera-eabi/6.2.0/../../../../arm-altera-eabi/lib/libc.a(lib_a-mlock.o)
 .init_array.00000
                0x00123c20        0x8 /home/westornd/intelFPGA_lite/18.1/embedded/host_tools/mentor/gnu/arm/baremetal/bin/../lib/gcc/arm-altera-eabi/6.2.0/../../../../arm-altera-eabi/lib/libc.a(lib_a-findfp.o)
 *(.init_array)
 .init_array    0x00123c28        0x4 /home/westornd/intelFPGA_lite/18.1/embedded/host_tools/mentor/gnu/arm/baremetal/bin/../lib/gcc/arm-altera-eabi/6.2.0/crtbegin.o
                0x00123c2c                __init_array_end = .
                0x00123c2c                . = ALIGN (0x4)
 *(.fini)
 .fini          0x00123c2c        0xc /home/westornd/intelFPGA_lite/18.1/embedded/host_tools/mentor/gnu/arm/baremetal/bin/../lib/gcc/arm-altera-eabi/6.2.0/crti.o
                0x00123c2c                _fini
 .fini          0x00123c38        0xc /home/westornd/intelFPGA_lite/18.1/embedded/host_tools/mentor/gnu/arm/baremetal/bin/../lib/gcc/arm-altera-eabi/6.2.0/crtn.o
                0x00123c44                . = ALIGN (0x4)
                0x00123c44                __fini_array_start = .
 *(.fini_array)
 .fini_array    0x00123c44        0x4 /home/westornd/intelFPGA_lite/18.1/embedded/host_tools/mentor/gnu/arm/baremetal/bin/../lib/gcc/arm-altera-eabi/6.2.0/crtbegin.o
 *(SORT(.fini_array.*))
                0x00123c48                __fini_array_end = .
                0x00123c48                . = ALIGN (0x4)
 *crtbegin.o(.ctors)
 *crtbegin?.o(.ctors)
 *(EXCLUDE_FILE(*crtend.o) .ctors)
 *(SORT(.ctors.*))
 *crtend.o(.ctors)
 *(.ctors)
                0x00123c48                . = ALIGN (0x4)
 *crtbegin.o(.dtors)
 *crtbegin?.o(.dtors)
 *(EXCLUDE_FILE(*crtend.o) .dtors)
 *(SORT(.dtors.*))
 *crtend.o(.dtors)
 *(.dtors)
                0x00123c48                . = ALIGN (0x4)
                0x00123c48                __cs3_regions = .
                0x00123c48        0x4 LONG 0x0
                0x00123c4c        0x4 LONG 0x100040 __cs3_region_init_ram
                0x00123c50        0x4 LONG 0x100040 __cs3_region_start_ram
                0x00123c54        0x4 LONG 0x24630 __cs3_region_init_size_ram
                0x00123c58        0x4 LONG 0x1002f2d8 __cs3_region_zero_size_ram
                0x00123c5c                __cs3_regions_end = .
                0x00123c60                . = ALIGN (0x8)
 *fill*         0x00123c5c        0x4 
                0x00123c60                _etext = .
                0x00000001                ASSERT (! ((__cs3_region_init_ram & 0x7)), __cs3_region_init_ram not aligned)
                0x00000001                ASSERT (! ((__cs3_region_start_ram & 0x7)), __cs3_region_start_ram not aligned)
                0x00000001                ASSERT (! ((__cs3_region_init_size_ram & 0x7)), __cs3_region_init_size_ram not aligned)
                0x00000001                ASSERT (! ((__cs3_region_zero_size_ram & 0x7)), __cs3_region_zero_size_ram not aligned)
                0x00123c60                __etext = .

.data           0x00123c60      0xa10
                0x00123c60                _fdata = .
                0x00123c60                __data_start__ = .
 *(vtable)
 *(.data*)
 .data.fpga_buttons
                0x00123c60        0x4 MyApp_CAN.o
                0x00123c60                fpga_buttons
 .data.fpga_leds
                0x00123c64        0x4 MyApp_CAN.o
                0x00123c64                fpga_leds
 .data.fpga_spi
                0x00123c68        0x4 MyApp_CAN.o
                0x00123c68                fpga_spi
 *fill*         0x00123c6c        0x4 
 .data.ExpiryCnt.7521
                0x00123c70        0x8 ../../mAbassi/Platform/lib/lib_mAbassi_EVAL_GCC_AR5_CY5.a(mAbassi_EVAL_A9_GCC_2_NR.o)
 .data.ExpiryPrv.7522
                0x00123c78        0x8 ../../mAbassi/Platform/lib/lib_mAbassi_EVAL_GCC_AR5_CY5.a(mAbassi_EVAL_A9_GCC_2_NR.o)
 .data          0x00123c80       0x3c ../../mAbassi/Platform/lib/lib_mAbassi_EVAL_GCC_AR5_CY5.a(mAbassi_EVAL_GCC_AR5_CY5_NR.o)
                0x00123c84                __cs3_isr_dabort
                0x00123c84                DATAabort_Handler
                0x00123c98                __cs3_isr_fiq
                0x00123c98                FIQ_Handler
                0x00123c9c                PFabort_Handler
                0x00123c9c                __cs3_isr_pabort
                0x00123cac                Undef_Handler
                0x00123cac                __cs3_isr_undef
 *fill*         0x00123cbc        0x4 
 .data          0x00123cc0      0x430 /home/westornd/intelFPGA_lite/18.1/embedded/host_tools/mentor/gnu/arm/baremetal/bin/../lib/gcc/arm-altera-eabi/6.2.0/../../../../arm-altera-eabi/lib/libc.a(lib_a-impure.o)
                0x00123cc0                _impure_ptr
 .data          0x001240f0      0x410 /home/westornd/intelFPGA_lite/18.1/embedded/host_tools/mentor/gnu/arm/baremetal/bin/../lib/gcc/arm-altera-eabi/6.2.0/../../../../arm-altera-eabi/lib/libc.a(lib_a-mallocr.o)
                0x001240f0                __malloc_av_
                0x001244f8                __malloc_sbrk_base
                0x001244fc                __malloc_trim_threshold
 .data          0x00124500      0x16c /home/westornd/intelFPGA_lite/18.1/embedded/host_tools/mentor/gnu/arm/baremetal/bin/../lib/gcc/arm-altera-eabi/6.2.0/../../../../arm-altera-eabi/lib/libc.a(lib_a-locale.o)
                0x00124500                __global_locale
 *(.jcr*)
 .jcr           0x0012466c        0x0 /home/westornd/intelFPGA_lite/18.1/embedded/host_tools/mentor/gnu/arm/baremetal/bin/../lib/gcc/arm-altera-eabi/6.2.0/crtbegin.o
 .jcr           0x0012466c        0x4 /home/westornd/intelFPGA_lite/18.1/embedded/host_tools/mentor/gnu/arm/baremetal/bin/../lib/gcc/arm-altera-eabi/6.2.0/crtend.o
                0x00124670                . = ALIGN (0x8)
                0x00124670                __data_end__ = .
                0x00124670                _edata = .

.tm_clone_table
                0x00124670        0x0
 .tm_clone_table
                0x00124670        0x0 /home/westornd/intelFPGA_lite/18.1/embedded/host_tools/mentor/gnu/arm/baremetal/bin/../lib/gcc/arm-altera-eabi/6.2.0/crtbegin.o
 .tm_clone_table
                0x00124670        0x0 /home/westornd/intelFPGA_lite/18.1/embedded/host_tools/mentor/gnu/arm/baremetal/bin/../lib/gcc/arm-altera-eabi/6.2.0/crtend.o

.igot.plt       0x00124670        0x0
 .igot.plt      0x00124670        0x0 /home/westornd/intelFPGA_lite/18.1/embedded/host_tools/mentor/gnu/arm/baremetal/bin/../lib/gcc/arm-altera-eabi/6.2.0/crtbegin.o

.bss            0x00124700    0x2f248
                0x00124700                _fbss = .
                0x00124700                __bss_start__ = .
 *(.shbss)
 *(.bss .bss.* .gnu.linkonce.b.*)
 .bss           0x00124700       0x1c /home/westornd/intelFPGA_lite/18.1/embedded/host_tools/mentor/gnu/arm/baremetal/bin/../lib/gcc/arm-altera-eabi/6.2.0/crtbegin.o
 .bss.G_UartDevErr
                0x0012471c        0x4 Main_mAbassi.o
                0x0012471c                G_UartDevErr
 .bss.G_UartDevIn
                0x00124720        0x4 Main_mAbassi.o
                0x00124720                G_UartDevIn
 .bss.G_UartDevOut
                0x00124724        0x4 Main_mAbassi.o
                0x00124724                G_UartDevOut
 .bss.g_CfgIsInit
                0x00124728        0x4 dw_uart.o
 .bss.g_UARTcfg
                0x0012472c     0x2088 dw_uart.o
 .bss.g_GPIOinit
                0x001267b4        0x4 alt_gpio.o
 .bss.g_CfgIsInit
                0x001267b8        0x4 dw_spi.o
 .bss.g_Dummy   0x001267bc        0x4 dw_spi.o
 .bss.g_SPIcfg  0x001267c0      0x280 dw_spi.o
 .bss.G_ABORTstack
                0x00126a40      0x800 mAbassiCfgA9.o
                0x00126a40                G_ABORTstack
 .bss.G_FIQstack
                0x00127240      0x800 mAbassiCfgA9.o
                0x00127240                G_FIQstack
 .bss.G_IRQstack
                0x00127a40     0x8000 mAbassiCfgA9.o
                0x00127a40                G_IRQstack
 .bss.G_SUPERstack
                0x0012fa40     0x8000 mAbassiCfgA9.o
                0x0012fa40                G_SUPERstack
 .bss.G_UNDEFstack
                0x00137a40      0x800 mAbassiCfgA9.o
                0x00137a40                G_UNDEFstack
 .bss.Arg_V.8149
                0x00138240       0x28 Shell.o
 .bss.CmdLine.8150
                0x00138268       0x81 Shell.o
 *fill*         0x001382e9        0x7 
 .bss.SetV.8151
                0x001382f0        0x3 Shell.o
 *fill*         0x001382f3        0x5 
 .bss.ValAsc.8283
                0x001382f8       0x80 Shell.o
 .bss.g_CmdHist
                0x00138378     0x20c1 Shell.o
 *fill*         0x0013a439        0x3 
 .bss.g_EchoOff
                0x0013a43c        0x4 Shell.o
 .bss.g_HistNew
                0x0013a440        0x4 Shell.o
 .bss.g_HistOld
                0x0013a444        0x4 Shell.o
 .bss.g_StrIP   0x0013a448       0x20 Shell.o
 .bss.g_StrIPn  0x0013a468       0x20 Shell.o
 .bss.g_StrP    0x0013a488       0x20 Shell.o
 .bss.g_StrPn   0x0013a4a8       0x20 Shell.o
 .bss.g_StrV    0x0013a4c8       0x20 Shell.o
 .bss.g_StrVn   0x0013a4e8       0x20 Shell.o
 .bss.ExpiryZap.7523
                0x0013a508        0x4 ../../mAbassi/Platform/lib/lib_mAbassi_EVAL_GCC_AR5_CY5.a(mAbassi_EVAL_A9_GCC_2_NR.o)
 *fill*         0x0013a50c        0x4 
 .bss.G_CoreIdleDone
                0x0013a510        0x8 ../../mAbassi/Platform/lib/lib_mAbassi_EVAL_GCC_AR5_CY5.a(mAbassi_EVAL_A9_GCC_2_NR.o)
                0x0013a510                G_CoreIdleDone
 .bss.G_OSisrQrd
                0x0013a518        0x8 ../../mAbassi/Platform/lib/lib_mAbassi_EVAL_GCC_AR5_CY5.a(mAbassi_EVAL_A9_GCC_2_NR.o)
                0x0013a518                G_OSisrQrd
 .bss.G_OSisrQwrt
                0x0013a520        0x8 ../../mAbassi/Platform/lib/lib_mAbassi_EVAL_GCC_AR5_CY5.a(mAbassi_EVAL_A9_GCC_2_NR.o)
                0x0013a520                G_OSisrQwrt
 .bss.G_OSisrState
                0x0013a528       0x38 ../../mAbassi/Platform/lib/lib_mAbassi_EVAL_GCC_AR5_CY5.a(mAbassi_EVAL_A9_GCC_2_NR.o)
                0x0013a528                G_OSisrState
 .bss.G_OSisrTbl
                0x0013a560     0x1000 ../../mAbassi/Platform/lib/lib_mAbassi_EVAL_GCC_AR5_CY5.a(mAbassi_EVAL_A9_GCC_2_NR.o)
                0x0013a560                G_OSisrTbl
 .bss.G_OSmutex
                0x0013b560        0x4 ../../mAbassi/Platform/lib/lib_mAbassi_EVAL_GCC_AR5_CY5.a(mAbassi_EVAL_A9_GCC_2_NR.o)
                0x0013b560                G_OSmutex
 .bss.G_OSstate
                0x0013b564        0x4 ../../mAbassi/Platform/lib/lib_mAbassi_EVAL_GCC_AR5_CY5.a(mAbassi_EVAL_A9_GCC_2_NR.o)
                0x0013b564                G_OSstate
 .bss.G_OStaskNow
                0x0013b568        0x8 ../../mAbassi/Platform/lib/lib_mAbassi_EVAL_GCC_AR5_CY5.a(mAbassi_EVAL_A9_GCC_2_NR.o)
                0x0013b568                G_OStaskNow
 .bss.G_OStimCnt
                0x0013b570        0x4 ../../mAbassi/Platform/lib/lib_mAbassi_EVAL_GCC_AR5_CY5.a(mAbassi_EVAL_A9_GCC_2_NR.o)
                0x0013b570                G_OStimCnt
 *fill*         0x0013b574        0x4 
 .bss.LoadBal.7508
                0x0013b578        0x8 ../../mAbassi/Platform/lib/lib_mAbassi_EVAL_GCC_AR5_CY5.a(mAbassi_EVAL_A9_GCC_2_NR.o)
 .bss.g_CoreInInit
                0x0013b580        0x4 ../../mAbassi/Platform/lib/lib_mAbassi_EVAL_GCC_AR5_CY5.a(mAbassi_EVAL_A9_GCC_2_NR.o)
 .bss.g_GrpList
                0x0013b584        0x4 ../../mAbassi/Platform/lib/lib_mAbassi_EVAL_GCC_AR5_CY5.a(mAbassi_EVAL_A9_GCC_2_NR.o)
                0x0013b584                g_GrpList
 .bss.g_KrnlReent
                0x0013b588        0x8 ../../mAbassi/Platform/lib/lib_mAbassi_EVAL_GCC_AR5_CY5.a(mAbassi_EVAL_A9_GCC_2_NR.o)
                0x0013b588                g_KrnlReent
 .bss.g_MblkList
                0x0013b590        0x4 ../../mAbassi/Platform/lib/lib_mAbassi_EVAL_GCC_AR5_CY5.a(mAbassi_EVAL_A9_GCC_2_NR.o)
                0x0013b590                g_MblkList
 .bss.g_MboxList
                0x0013b594        0x4 ../../mAbassi/Platform/lib/lib_mAbassi_EVAL_GCC_AR5_CY5.a(mAbassi_EVAL_A9_GCC_2_NR.o)
                0x0013b594                g_MboxList
 .bss.g_MutexList
                0x0013b598        0x4 ../../mAbassi/Platform/lib/lib_mAbassi_EVAL_GCC_AR5_CY5.a(mAbassi_EVAL_A9_GCC_2_NR.o)
                0x0013b598                g_MutexList
 *fill*         0x0013b59c        0x4 
 .bss.g_OStimCore
                0x0013b5a0        0x8 ../../mAbassi/Platform/lib/lib_mAbassi_EVAL_GCC_AR5_CY5.a(mAbassi_EVAL_A9_GCC_2_NR.o)
 .bss.g_OStimSpin
                0x0013b5a8        0x4 ../../mAbassi/Platform/lib/lib_mAbassi_EVAL_GCC_AR5_CY5.a(mAbassi_EVAL_A9_GCC_2_NR.o)
 .bss.g_PostQueue
                0x0013b5ac    0x18000 ../../mAbassi/Platform/lib/lib_mAbassi_EVAL_GCC_AR5_CY5.a(mAbassi_EVAL_A9_GCC_2_NR.o)
 .bss.g_SemaList
                0x001535ac        0x4 ../../mAbassi/Platform/lib/lib_mAbassi_EVAL_GCC_AR5_CY5.a(mAbassi_EVAL_A9_GCC_2_NR.o)
                0x001535ac                g_SemaList
 .bss.g_StrvHoldCnt
                0x001535b0        0x4 ../../mAbassi/Platform/lib/lib_mAbassi_EVAL_GCC_AR5_CY5.a(mAbassi_EVAL_A9_GCC_2_NR.o)
                0x001535b0                g_StrvHoldCnt
 .bss.g_StrvList
                0x001535b4        0x4 ../../mAbassi/Platform/lib/lib_mAbassi_EVAL_GCC_AR5_CY5.a(mAbassi_EVAL_A9_GCC_2_NR.o)
                0x001535b4                g_StrvList
 .bss.g_StrvPreEmptCnt
                0x001535b8        0x4 ../../mAbassi/Platform/lib/lib_mAbassi_EVAL_GCC_AR5_CY5.a(mAbassi_EVAL_A9_GCC_2_NR.o)
                0x001535b8                g_StrvPreEmptCnt
 .bss.g_StrvRunCnt
                0x001535bc        0x4 ../../mAbassi/Platform/lib/lib_mAbassi_EVAL_GCC_AR5_CY5.a(mAbassi_EVAL_A9_GCC_2_NR.o)
                0x001535bc                g_StrvRunCnt
 .bss.g_StrvTick
                0x001535c0        0x4 ../../mAbassi/Platform/lib/lib_mAbassi_EVAL_GCC_AR5_CY5.a(mAbassi_EVAL_A9_GCC_2_NR.o)
                0x001535c0                g_StrvTick
 .bss.g_TaskList
                0x001535c4        0x4 ../../mAbassi/Platform/lib/lib_mAbassi_EVAL_GCC_AR5_CY5.a(mAbassi_EVAL_A9_GCC_2_NR.o)
                0x001535c4                g_TaskList
 .bss.g_TaskRdy
                0x001535c8       0x84 ../../mAbassi/Platform/lib/lib_mAbassi_EVAL_GCC_AR5_CY5.a(mAbassi_EVAL_A9_GCC_2_NR.o)
                0x001535c8                g_TaskRdy
 .bss.g_TimSrvChkBusy
                0x0015364c        0x4 ../../mAbassi/Platform/lib/lib_mAbassi_EVAL_GCC_AR5_CY5.a(mAbassi_EVAL_A9_GCC_2_NR.o)
                0x0015364c                g_TimSrvChkBusy
 .bss.g_TimSrvList
                0x00153650        0x4 ../../mAbassi/Platform/lib/lib_mAbassi_EVAL_GCC_AR5_CY5.a(mAbassi_EVAL_A9_GCC_2_NR.o)
                0x00153650                g_TimSrvList
 .bss.g_TimeOutChkBusy
                0x00153654        0x4 ../../mAbassi/Platform/lib/lib_mAbassi_EVAL_GCC_AR5_CY5.a(mAbassi_EVAL_A9_GCC_2_NR.o)
                0x00153654                g_TimeOutChkBusy
 .bss.g_TimeOutList
                0x00153658        0x4 ../../mAbassi/Platform/lib/lib_mAbassi_EVAL_GCC_AR5_CY5.a(mAbassi_EVAL_A9_GCC_2_NR.o)
                0x00153658                g_TimeOutList
 .bss.g_TimerList
                0x0015365c        0x4 ../../mAbassi/Platform/lib/lib_mAbassi_EVAL_GCC_AR5_CY5.a(mAbassi_EVAL_A9_GCC_2_NR.o)
                0x0015365c                g_TimerList
 .bss.g__OSmutex
                0x00153660       0x20 ../../mAbassi/Platform/lib/lib_mAbassi_EVAL_GCC_AR5_CY5.a(mAbassi_EVAL_A9_GCC_2_NR.o)
 *fill*         0x00153680       0x80 
 .bss           0x00153700      0x200 ../../mAbassi/Platform/lib/lib_mAbassi_EVAL_GCC_AR5_CY5.a(mAbassi_EVAL_GCC_AR5_CY5_NR.o)
 .bss           0x00153900        0x4 ../../mAbassi/Platform/lib/lib_mAbassi_EVAL_GCC_AR5_CY5.a(ARMv7_SMP_L1_L2_GCC_AR5_CY5.o)
 .bss           0x00153904       0x34 /home/westornd/intelFPGA_lite/18.1/embedded/host_tools/mentor/gnu/arm/baremetal/bin/../lib/gcc/arm-altera-eabi/6.2.0/../../../../arm-altera-eabi/lib/libc.a(lib_a-mallocr.o)
                0x00153904                __malloc_top_pad
                0x00153908                __malloc_current_mallinfo
                0x00153930                __malloc_max_sbrked_mem
                0x00153934                __malloc_max_total_mem
 .bss           0x00153938        0x4 /home/westornd/intelFPGA_lite/18.1/embedded/host_tools/mentor/gnu/arm/baremetal/bin/../lib/gcc/arm-altera-eabi/6.2.0/../../../../arm-altera-eabi/lib/libc.a(lib_a-mlock.o)
 .bss           0x0015393c        0x8 /home/westornd/intelFPGA_lite/18.1/embedded/host_tools/mentor/gnu/arm/baremetal/bin/../lib/gcc/arm-altera-eabi/6.2.0/../../../../arm-altera-eabi/lib/libc.a(lib_a-findfp.o)
 *(COMMON)
                0x00153948                . = ALIGN (0x8)
 *fill*         0x00153944        0x4 
 *(.ram.b .bss.ram)
                0x00153948                . = ALIGN (0x8)
                0x00153948                __bss_end__ = .
                0x00153948                _ebss = .

.memdrive       0x00153948 0x10000000
                0x00153948                . = ALIGN (0x8)
                0x00153948                G_MemDrvBase = .
                0x10153948                . = (. + _MDRV_SIZE)
 *fill*         0x00153948 0x10000000 
                0x10153948                G_MemDrvEnd = .

.stack_dummy
 *(.stack*)

.heap           0x10153948 0x2fea66b8
                0x10153948                _end = .
                0x10153948                __end = .
                0x10153948                __end__ = .
                [!provide]                PROVIDE (end, .)
                0x10153948                PROVIDE (__cs3_heap_start, .)
 *(.heap*)
                0x3fffa000                . = (((((((__cs3_region_start_ram + LENGTH (ram)) - ((_SUPERVISOR_STACK_SIZE + 0x7) & 0xfffffff8)) - ((_ABORT_STACK_SIZE + 0x7) & 0xfffffff8)) - ((_FIQ_STACK_SIZE + 0x7) & 0xfffffff8)) - ((_IRQ_STACK_SIZE + 0x7) & 0xfffffff8)) - ((_UNDEF_STACK_SIZE + 0x7) & 0xfffffff8)) - ((_STACK_SIZE + 0x7) & 0xfffffff8))
 *fill*         0x10153948 0x2fea66b8 
                0x3fffa000                __HeapLimit = .
                0x3fffa000                PROVIDE (__cs3_heap_end, .)

.stack          0x3fffa000     0x6000
                0x3fffa800                . = (. + _SUPERVISOR_STACK_SIZE)
 *fill*         0x3fffa000      0x800 
                0x3fffa800                . = ALIGN (0x8)
                0x3fffa800                __supervisor_stack = .
                0x3fffb000                . = (. + _ABORT_STACK_SIZE)
 *fill*         0x3fffa800      0x800 
                0x3fffb000                . = ALIGN (0x8)
                0x3fffb000                __abort_stack = .
                0x3fffb800                . = (. + _FIQ_STACK_SIZE)
 *fill*         0x3fffb000      0x800 
                0x3fffb800                . = ALIGN (0x8)
                0x3fffb800                __fiq_stack = .
                0x3fffd800                . = (. + _IRQ_STACK_SIZE)
 *fill*         0x3fffb800     0x2000 
                0x3fffd800                . = ALIGN (0x8)
                0x3fffd800                __irq_stack = .
                0x3fffe000                . = (. + _UNDEF_STACK_SIZE)
 *fill*         0x3fffd800      0x800 
                0x3fffe000                . = ALIGN (0x8)
                0x3fffe000                __undef_stack = .
                0x40000000                . = (. + _STACK_SIZE)
 *fill*         0x3fffe000     0x2000 
                0x40000000                __cs3_region_end_ram = (__cs3_region_start_ram + LENGTH (ram))
                0x3fefffc0                __cs3_region_size_ram = LENGTH (ram)
                0x00100040                __cs3_region_init_ram = LOADADDR (.text)
                0x00024630                __cs3_region_init_size_ram = (_edata - ADDR (.text))
                0x1002f2d8                __cs3_region_zero_size_ram = (_end - _edata)
                0x40000000                __StackTop = (ORIGIN (ram) + LENGTH (ram))
                0x3fffa000                __StackLimit = (__StackTop - SIZEOF (.stack))
                [!provide]                PROVIDE (__stack, __StackTop)
                0x40000000                PROVIDE (__cs3_stack, __StackTop)

.uncached       0xffff0000     0x8000
 *(.uncached)
 .uncached      0xffff0000     0x8000 ../../mAbassi/Platform/lib/lib_mAbassi_EVAL_GCC_AR5_CY5.a(ARMv7_SMP_L1_L2_GCC_AR5_CY5.o)
                0xffff0000                L1PageTbl
 *(.uncached.*)

.stab
 *(.stab)

.stabstr
 *(.stabstr)

.debug
 *(.debug)

.line
 *(.line)

.debug_srcinfo
 *(.debug_srcinfo)

.debug_sfnames
 *(.debug_sfnames)

.debug_aranges  0x00000000      0x530
 *(.debug_aranges)
 .debug_aranges
                0x00000000       0x28 Main_mAbassi.o
 .debug_aranges
                0x00000028       0x60 MyApp_CAN.o
 .debug_aranges
                0x00000088       0x58 MyDriver_CAN.o
 .debug_aranges
                0x000000e0      0x138 SysCall_noFS.o
 .debug_aranges
                0x00000218       0x20 TIMERinit.o
 .debug_aranges
                0x00000238       0x48 dw_uart.o
 .debug_aranges
                0x00000280       0x48 alt_gpio.o
 .debug_aranges
                0x000002c8       0x60 dw_spi.o
 .debug_aranges
                0x00000328      0x118 alt_generalpurpose_io.o
 .debug_aranges
                0x00000440       0x18 mAbassiCfgA9.o
 .debug_aranges
                0x00000458       0xa0 Shell.o
 .debug_aranges
                0x000004f8       0x38 SubShell.o

.debug_pubnames
 *(.debug_pubnames)

.debug_info     0x00000000    0x209a9
 *(.debug_info .gnu.linkonce.wi.*)
 .debug_info    0x00000000     0x11ba Main_mAbassi.o
 .debug_info    0x000011ba     0x1ffc MyApp_CAN.o
 .debug_info    0x000031b6     0x40b8 MyDriver_CAN.o
 .debug_info    0x0000726e     0x1e1e SysCall_noFS.o
 .debug_info    0x0000908c      0xde5 TIMERinit.o
 .debug_info    0x00009e71     0x25b0 dw_uart.o
 .debug_info    0x0000c421     0x10d4 alt_gpio.o
 .debug_info    0x0000d4f5     0x1928 dw_spi.o
 .debug_info    0x0000ee1d     0x23de alt_generalpurpose_io.o
 .debug_info    0x000111fb      0xed0 mAbassiCfgA9.o
 .debug_info    0x000120cb     0xd1ae Shell.o
 .debug_info    0x0001f279     0x1730 SubShell.o

.debug_abbrev   0x00000000     0x23b1
 *(.debug_abbrev)
 .debug_abbrev  0x00000000      0x23e Main_mAbassi.o
 .debug_abbrev  0x0000023e      0x35c MyApp_CAN.o
 .debug_abbrev  0x0000059a      0x31c MyDriver_CAN.o
 .debug_abbrev  0x000008b6      0x374 SysCall_noFS.o
 .debug_abbrev  0x00000c2a      0x1f3 TIMERinit.o
 .debug_abbrev  0x00000e1d      0x387 dw_uart.o
 .debug_abbrev  0x000011a4      0x2be alt_gpio.o
 .debug_abbrev  0x00001462      0x2e4 dw_spi.o
 .debug_abbrev  0x00001746      0x391 alt_generalpurpose_io.o
 .debug_abbrev  0x00001ad7      0x1ac mAbassiCfgA9.o
 .debug_abbrev  0x00001c83      0x3f1 Shell.o
 .debug_abbrev  0x00002074      0x33d SubShell.o

.debug_line     0x00000000     0x7a23
 *(.debug_line)
 .debug_line    0x00000000      0x32f Main_mAbassi.o
 .debug_line    0x0000032f      0x4e9 MyApp_CAN.o
 .debug_line    0x00000818      0x825 MyDriver_CAN.o
 .debug_line    0x0000103d      0x62d SysCall_noFS.o
 .debug_line    0x0000166a      0x25f TIMERinit.o
 .debug_line    0x000018c9      0x775 dw_uart.o
 .debug_line    0x0000203e      0x342 alt_gpio.o
 .debug_line    0x00002380      0xc4c dw_spi.o
 .debug_line    0x00002fcc      0xc51 alt_generalpurpose_io.o
 .debug_line    0x00003c1d      0x24e mAbassiCfgA9.o
 .debug_line    0x00003e6b     0x380d Shell.o
 .debug_line    0x00007678      0x3ab SubShell.o

.debug_frame    0x00000000     0x2eac
 *(.debug_frame)
 .debug_frame   0x00000000       0x40 Main_mAbassi.o
 .debug_frame   0x00000040      0x128 MyApp_CAN.o
 .debug_frame   0x00000168      0x128 MyDriver_CAN.o
 .debug_frame   0x00000290      0x2e0 SysCall_noFS.o
 .debug_frame   0x00000570       0x28 TIMERinit.o
 .debug_frame   0x00000598      0x120 dw_uart.o
 .debug_frame   0x000006b8       0xe4 alt_gpio.o
 .debug_frame   0x0000079c      0x154 dw_spi.o
 .debug_frame   0x000008f0      0x310 alt_generalpurpose_io.o
 .debug_frame   0x00000c00      0x2d0 Shell.o
 .debug_frame   0x00000ed0       0xa4 SubShell.o
 .debug_frame   0x00000f74      0x2d4 ../../mAbassi/Platform/lib/lib_mAbassi_EVAL_GCC_AR5_CY5.a(mAbassi_EVAL_GCC_AR5_CY5_NR.o)
 .debug_frame   0x00001248       0xa8 ../../mAbassi/Platform/lib/lib_mAbassi_EVAL_GCC_AR5_CY5.a(ARMv7_SMP_L1_L2_GCC_AR5_CY5.o)
 .debug_frame   0x000012f0       0x40 /home/westornd/intelFPGA_lite/18.1/embedded/host_tools/mentor/gnu/arm/baremetal/bin/../lib/gcc/arm-altera-eabi/6.2.0/../../../../arm-altera-eabi/lib/libcs3.a(start_c.o)
 .debug_frame   0x00001330       0x20 /home/westornd/intelFPGA_lite/18.1/embedded/host_tools/mentor/gnu/arm/baremetal/bin/../lib/gcc/arm-altera-eabi/6.2.0/libgcc.a(_divsi3.o)
 .debug_frame   0x00001350       0x34 /home/westornd/intelFPGA_lite/18.1/embedded/host_tools/mentor/gnu/arm/baremetal/bin/../lib/gcc/arm-altera-eabi/6.2.0/../../../../arm-altera-eabi/lib/libc.a(lib_a-calloc.o)
 .debug_frame   0x00001384       0x34 /home/westornd/intelFPGA_lite/18.1/embedded/host_tools/mentor/gnu/arm/baremetal/bin/../lib/gcc/arm-altera-eabi/6.2.0/../../../../arm-altera-eabi/lib/libc.a(lib_a-callocr.o)
 .debug_frame   0x000013b8       0x20 /home/westornd/intelFPGA_lite/18.1/embedded/host_tools/mentor/gnu/arm/baremetal/bin/../lib/gcc/arm-altera-eabi/6.2.0/../../../../arm-altera-eabi/lib/libc.a(lib_a-getreent.o)
 .debug_frame   0x000013d8       0x34 /home/westornd/intelFPGA_lite/18.1/embedded/host_tools/mentor/gnu/arm/baremetal/bin/../lib/gcc/arm-altera-eabi/6.2.0/../../../../arm-altera-eabi/lib/libc.a(lib_a-init.o)
 .debug_frame   0x0000140c       0x48 /home/westornd/intelFPGA_lite/18.1/embedded/host_tools/mentor/gnu/arm/baremetal/bin/../lib/gcc/arm-altera-eabi/6.2.0/../../../../arm-altera-eabi/lib/libc.a(lib_a-malloc.o)
 .debug_frame   0x00001454       0x7c /home/westornd/intelFPGA_lite/18.1/embedded/host_tools/mentor/gnu/arm/baremetal/bin/../lib/gcc/arm-altera-eabi/6.2.0/../../../../arm-altera-eabi/lib/libc.a(lib_a-mallocr.o)
 .debug_frame   0x000014d0       0x44 /home/westornd/intelFPGA_lite/18.1/embedded/host_tools/mentor/gnu/arm/baremetal/bin/../lib/gcc/arm-altera-eabi/6.2.0/../../../../arm-altera-eabi/lib/libc.a(lib_a-memcpy-stub.o)
 .debug_frame   0x00001514       0x40 /home/westornd/intelFPGA_lite/18.1/embedded/host_tools/mentor/gnu/arm/baremetal/bin/../lib/gcc/arm-altera-eabi/6.2.0/../../../../arm-altera-eabi/lib/libc.a(lib_a-memmove.o)
 .debug_frame   0x00001554       0x30 /home/westornd/intelFPGA_lite/18.1/embedded/host_tools/mentor/gnu/arm/baremetal/bin/../lib/gcc/arm-altera-eabi/6.2.0/../../../../arm-altera-eabi/lib/libc.a(lib_a-memset.o)
 .debug_frame   0x00001584       0x64 /home/westornd/intelFPGA_lite/18.1/embedded/host_tools/mentor/gnu/arm/baremetal/bin/../lib/gcc/arm-altera-eabi/6.2.0/../../../../arm-altera-eabi/lib/libc.a(lib_a-mlock.o)
 .debug_frame   0x000015e8       0x74 /home/westornd/intelFPGA_lite/18.1/embedded/host_tools/mentor/gnu/arm/baremetal/bin/../lib/gcc/arm-altera-eabi/6.2.0/../../../../arm-altera-eabi/lib/libc.a(lib_a-printf.o)
 .debug_frame   0x0000165c       0x48 /home/westornd/intelFPGA_lite/18.1/embedded/host_tools/mentor/gnu/arm/baremetal/bin/../lib/gcc/arm-altera-eabi/6.2.0/../../../../arm-altera-eabi/lib/libc.a(lib_a-putchar.o)
 .debug_frame   0x000016a4       0x64 /home/westornd/intelFPGA_lite/18.1/embedded/host_tools/mentor/gnu/arm/baremetal/bin/../lib/gcc/arm-altera-eabi/6.2.0/../../../../arm-altera-eabi/lib/libc.a(lib_a-puts.o)
 .debug_frame   0x00001708       0x58 /home/westornd/intelFPGA_lite/18.1/embedded/host_tools/mentor/gnu/arm/baremetal/bin/../lib/gcc/arm-altera-eabi/6.2.0/../../../../arm-altera-eabi/lib/libc.a(lib_a-setvbuf.o)
 .debug_frame   0x00001760       0x2c /home/westornd/intelFPGA_lite/18.1/embedded/host_tools/mentor/gnu/arm/baremetal/bin/../lib/gcc/arm-altera-eabi/6.2.0/../../../../arm-altera-eabi/lib/libc.a(lib_a-stpcpy.o)
 .debug_frame   0x0000178c       0x40 /home/westornd/intelFPGA_lite/18.1/embedded/host_tools/mentor/gnu/arm/baremetal/bin/../lib/gcc/arm-altera-eabi/6.2.0/../../../../arm-altera-eabi/lib/libc.a(lib_a-strcmp.o)
 .debug_frame   0x000017cc       0x20 /home/westornd/intelFPGA_lite/18.1/embedded/host_tools/mentor/gnu/arm/baremetal/bin/../lib/gcc/arm-altera-eabi/6.2.0/../../../../arm-altera-eabi/lib/libc.a(lib_a-strcpy.o)
 .debug_frame   0x000017ec       0x20 /home/westornd/intelFPGA_lite/18.1/embedded/host_tools/mentor/gnu/arm/baremetal/bin/../lib/gcc/arm-altera-eabi/6.2.0/../../../../arm-altera-eabi/lib/libc.a(lib_a-strlen-stub.o)
 .debug_frame   0x0000180c       0xd0 /home/westornd/intelFPGA_lite/18.1/embedded/host_tools/mentor/gnu/arm/baremetal/bin/../lib/gcc/arm-altera-eabi/6.2.0/../../../../arm-altera-eabi/lib/libc.a(lib_a-strtol.o)
 .debug_frame   0x000018dc       0xd0 /home/westornd/intelFPGA_lite/18.1/embedded/host_tools/mentor/gnu/arm/baremetal/bin/../lib/gcc/arm-altera-eabi/6.2.0/../../../../arm-altera-eabi/lib/libc.a(lib_a-strtoll.o)
 .debug_frame   0x000019ac       0xd0 /home/westornd/intelFPGA_lite/18.1/embedded/host_tools/mentor/gnu/arm/baremetal/bin/../lib/gcc/arm-altera-eabi/6.2.0/../../../../arm-altera-eabi/lib/libc.a(lib_a-strtoul.o)
 .debug_frame   0x00001a7c       0xd0 /home/westornd/intelFPGA_lite/18.1/embedded/host_tools/mentor/gnu/arm/baremetal/bin/../lib/gcc/arm-altera-eabi/6.2.0/../../../../arm-altera-eabi/lib/libc.a(lib_a-strtoull.o)
 .debug_frame   0x00001b4c       0xcc /home/westornd/intelFPGA_lite/18.1/embedded/host_tools/mentor/gnu/arm/baremetal/bin/../lib/gcc/arm-altera-eabi/6.2.0/../../../../arm-altera-eabi/lib/libc.a(lib_a-vfprintf.o)
 .debug_frame   0x00001c18       0x60 /home/westornd/intelFPGA_lite/18.1/embedded/host_tools/mentor/gnu/arm/baremetal/bin/../lib/gcc/arm-altera-eabi/6.2.0/../../../../arm-altera-eabi/lib/libc.a(lib_a-wbuf.o)
 .debug_frame   0x00001c78       0x40 /home/westornd/intelFPGA_lite/18.1/embedded/host_tools/mentor/gnu/arm/baremetal/bin/../lib/gcc/arm-altera-eabi/6.2.0/../../../../arm-altera-eabi/lib/libc.a(lib_a-wsetup.o)
 .debug_frame   0x00001cb8       0xac /home/westornd/intelFPGA_lite/18.1/embedded/host_tools/mentor/gnu/arm/baremetal/bin/../lib/gcc/arm-altera-eabi/6.2.0/../../../../arm-altera-eabi/lib/libc.a(lib_a-dtoa.o)
 .debug_frame   0x00001d64       0xac /home/westornd/intelFPGA_lite/18.1/embedded/host_tools/mentor/gnu/arm/baremetal/bin/../lib/gcc/arm-altera-eabi/6.2.0/../../../../arm-altera-eabi/lib/libc.a(lib_a-fflush.o)
 .debug_frame   0x00001e10      0x1f0 /home/westornd/intelFPGA_lite/18.1/embedded/host_tools/mentor/gnu/arm/baremetal/bin/../lib/gcc/arm-altera-eabi/6.2.0/../../../../arm-altera-eabi/lib/libc.a(lib_a-findfp.o)
 .debug_frame   0x00002000       0x70 /home/westornd/intelFPGA_lite/18.1/embedded/host_tools/mentor/gnu/arm/baremetal/bin/../lib/gcc/arm-altera-eabi/6.2.0/../../../../arm-altera-eabi/lib/libc.a(lib_a-freer.o)
 .debug_frame   0x00002070       0x80 /home/westornd/intelFPGA_lite/18.1/embedded/host_tools/mentor/gnu/arm/baremetal/bin/../lib/gcc/arm-altera-eabi/6.2.0/../../../../arm-altera-eabi/lib/libc.a(lib_a-fvwrite.o)
 .debug_frame   0x000020f0       0x80 /home/westornd/intelFPGA_lite/18.1/embedded/host_tools/mentor/gnu/arm/baremetal/bin/../lib/gcc/arm-altera-eabi/6.2.0/../../../../arm-altera-eabi/lib/libc.a(lib_a-fwalk.o)
 .debug_frame   0x00002170       0xb8 /home/westornd/intelFPGA_lite/18.1/embedded/host_tools/mentor/gnu/arm/baremetal/bin/../lib/gcc/arm-altera-eabi/6.2.0/../../../../arm-altera-eabi/lib/libc.a(lib_a-locale.o)
 .debug_frame   0x00002228       0x58 /home/westornd/intelFPGA_lite/18.1/embedded/host_tools/mentor/gnu/arm/baremetal/bin/../lib/gcc/arm-altera-eabi/6.2.0/../../../../arm-altera-eabi/lib/libc.a(lib_a-localeconv.o)
 .debug_frame   0x00002280       0x8c /home/westornd/intelFPGA_lite/18.1/embedded/host_tools/mentor/gnu/arm/baremetal/bin/../lib/gcc/arm-altera-eabi/6.2.0/../../../../arm-altera-eabi/lib/libc.a(lib_a-makebuf.o)
 .debug_frame   0x0000230c       0x58 /home/westornd/intelFPGA_lite/18.1/embedded/host_tools/mentor/gnu/arm/baremetal/bin/../lib/gcc/arm-altera-eabi/6.2.0/../../../../arm-altera-eabi/lib/libc.a(lib_a-mbtowc_r.o)
 .debug_frame   0x00002364       0x38 /home/westornd/intelFPGA_lite/18.1/embedded/host_tools/mentor/gnu/arm/baremetal/bin/../lib/gcc/arm-altera-eabi/6.2.0/../../../../arm-altera-eabi/lib/libc.a(lib_a-memchr-stub.o)
 .debug_frame   0x0000239c      0x304 /home/westornd/intelFPGA_lite/18.1/embedded/host_tools/mentor/gnu/arm/baremetal/bin/../lib/gcc/arm-altera-eabi/6.2.0/../../../../arm-altera-eabi/lib/libc.a(lib_a-mprec.o)
 .debug_frame   0x000026a0       0x80 /home/westornd/intelFPGA_lite/18.1/embedded/host_tools/mentor/gnu/arm/baremetal/bin/../lib/gcc/arm-altera-eabi/6.2.0/../../../../arm-altera-eabi/lib/libc.a(lib_a-putc.o)
 .debug_frame   0x00002720       0x60 /home/westornd/intelFPGA_lite/18.1/embedded/host_tools/mentor/gnu/arm/baremetal/bin/../lib/gcc/arm-altera-eabi/6.2.0/../../../../arm-altera-eabi/lib/libc.a(lib_a-reallocr.o)
 .debug_frame   0x00002780       0x9c /home/westornd/intelFPGA_lite/18.1/embedded/host_tools/mentor/gnu/arm/baremetal/bin/../lib/gcc/arm-altera-eabi/6.2.0/../../../../arm-altera-eabi/lib/libc.a(lib_a-stdio.o)
 .debug_frame   0x0000281c      0x104 /home/westornd/intelFPGA_lite/18.1/embedded/host_tools/mentor/gnu/arm/baremetal/bin/../lib/gcc/arm-altera-eabi/6.2.0/../../../../arm-altera-eabi/lib/libc.a(lib_a-vfiprintf.o)
 .debug_frame   0x00002920       0x48 /home/westornd/intelFPGA_lite/18.1/embedded/host_tools/mentor/gnu/arm/baremetal/bin/../lib/gcc/arm-altera-eabi/6.2.0/../../../../arm-altera-eabi/lib/libc.a(lib_a-wctomb_r.o)
 .debug_frame   0x00002968       0x70 /home/westornd/intelFPGA_lite/18.1/embedded/host_tools/mentor/gnu/arm/baremetal/bin/../lib/gcc/arm-altera-eabi/6.2.0/../../../../arm-altera-eabi/lib/libc.a(lib_a-fclose.o)
 .debug_frame   0x000029d8       0xbc /home/westornd/intelFPGA_lite/18.1/embedded/host_tools/mentor/gnu/arm/baremetal/bin/../lib/gcc/arm-altera-eabi/6.2.0/../../../../arm-altera-eabi/lib/libc.a(lib_a-fputwc.o)
 .debug_frame   0x00002a94       0x70 /home/westornd/intelFPGA_lite/18.1/embedded/host_tools/mentor/gnu/arm/baremetal/bin/../lib/gcc/arm-altera-eabi/6.2.0/../../../../arm-altera-eabi/lib/libc.a(lib_a-wcrtomb.o)
 .debug_frame   0x00002b04       0x20 /home/westornd/intelFPGA_lite/18.1/embedded/host_tools/mentor/gnu/arm/baremetal/bin/../lib/gcc/arm-altera-eabi/6.2.0/libgcc.a(_udivsi3.o)
 .debug_frame   0x00002b24       0xac /home/westornd/intelFPGA_lite/18.1/embedded/host_tools/mentor/gnu/arm/baremetal/bin/../lib/gcc/arm-altera-eabi/6.2.0/libgcc.a(_arm_addsubdf3.o)
 .debug_frame   0x00002bd0       0x50 /home/westornd/intelFPGA_lite/18.1/embedded/host_tools/mentor/gnu/arm/baremetal/bin/../lib/gcc/arm-altera-eabi/6.2.0/libgcc.a(_arm_muldivdf3.o)
 .debug_frame   0x00002c20       0xc4 /home/westornd/intelFPGA_lite/18.1/embedded/host_tools/mentor/gnu/arm/baremetal/bin/../lib/gcc/arm-altera-eabi/6.2.0/libgcc.a(_arm_cmpdf2.o)
 .debug_frame   0x00002ce4       0x20 /home/westornd/intelFPGA_lite/18.1/embedded/host_tools/mentor/gnu/arm/baremetal/bin/../lib/gcc/arm-altera-eabi/6.2.0/libgcc.a(_arm_unorddf2.o)
 .debug_frame   0x00002d04       0x24 /home/westornd/intelFPGA_lite/18.1/embedded/host_tools/mentor/gnu/arm/baremetal/bin/../lib/gcc/arm-altera-eabi/6.2.0/libgcc.a(_arm_fixdfsi.o)
 .debug_frame   0x00002d28       0x2c /home/westornd/intelFPGA_lite/18.1/embedded/host_tools/mentor/gnu/arm/baremetal/bin/../lib/gcc/arm-altera-eabi/6.2.0/libgcc.a(_aeabi_uldivmod.o)
 .debug_frame   0x00002d54       0x48 /home/westornd/intelFPGA_lite/18.1/embedded/host_tools/mentor/gnu/arm/baremetal/bin/../lib/gcc/arm-altera-eabi/6.2.0/libgcc.a(_udivmoddi4.o)
 .debug_frame   0x00002d9c      0x110 /home/westornd/intelFPGA_lite/18.1/embedded/host_tools/mentor/gnu/arm/baremetal/bin/../lib/gcc/arm-altera-eabi/6.2.0/libgcc.a(gthr-generic.o)

.debug_str      0x00000000     0x411e
 *(.debug_str)
 .debug_str     0x00000000      0x8e2 Main_mAbassi.o
                                0x9a9 (size before relaxing)
 .debug_str     0x000008e2     0x24a3 MyApp_CAN.o
                               0x2d82 (size before relaxing)
 .debug_str     0x00002d85      0x114 MyDriver_CAN.o
                                0x9cc (size before relaxing)
 .debug_str     0x00002e99      0x2fb SysCall_noFS.o
                                0xcae (size before relaxing)
 .debug_str     0x00003194       0x40 TIMERinit.o
                                0x8c2 (size before relaxing)
 .debug_str     0x000031d4      0x20e dw_uart.o
                                0xaf7 (size before relaxing)
 .debug_str     0x000033e2       0xb3 alt_gpio.o
                                0x977 (size before relaxing)
 .debug_str     0x00003495      0x1ec dw_spi.o
                                0xb26 (size before relaxing)
 .debug_str     0x00003681      0x5ce alt_generalpurpose_io.o
                               0x1418 (size before relaxing)
 .debug_str     0x00003c4f       0xfa mAbassiCfgA9.o
                                0x972 (size before relaxing)
 .debug_str     0x00003d49      0x381 Shell.o
                                0xdda (size before relaxing)
 .debug_str     0x000040ca       0x54 SubShell.o
                                0x9ab (size before relaxing)

.debug_loc      0x00000000    0x16bd8
 *(.debug_loc)
 .debug_loc     0x00000000       0x4a Main_mAbassi.o
 .debug_loc     0x0000004a      0x1cb MyApp_CAN.o
 .debug_loc     0x00000215     0x1594 MyDriver_CAN.o
 .debug_loc     0x000017a9      0xf5f SysCall_noFS.o
 .debug_loc     0x00002708       0x1e TIMERinit.o
 .debug_loc     0x00002726     0x1d1a dw_uart.o
 .debug_loc     0x00004440      0x3d7 alt_gpio.o
 .debug_loc     0x00004817     0x4866 dw_spi.o
 .debug_loc     0x0000907d     0x285e alt_generalpurpose_io.o
 .debug_loc     0x0000b8db     0xac5c Shell.o
 .debug_loc     0x00016537      0x6a1 SubShell.o

.debug_macinfo
 *(.debug_macinfo)

.debug_ranges   0x00000000     0x3038
 *(.debug_ranges)
 .debug_ranges  0x00000000       0x18 Main_mAbassi.o
 .debug_ranges  0x00000018       0x70 MyApp_CAN.o
 .debug_ranges  0x00000088      0x208 MyDriver_CAN.o
 .debug_ranges  0x00000290      0x1c0 SysCall_noFS.o
 .debug_ranges  0x00000450       0x10 TIMERinit.o
 .debug_ranges  0x00000460      0x198 dw_uart.o
 .debug_ranges  0x000005f8       0x38 alt_gpio.o
 .debug_ranges  0x00000630       0x50 dw_spi.o
 .debug_ranges  0x00000680      0xc28 alt_generalpurpose_io.o
 .debug_ranges  0x000012a8     0x1d20 Shell.o
 .debug_ranges  0x00002fc8       0x70 SubShell.o

.comment        0x00000000       0x30
 .comment       0x00000000       0x30 Main_mAbassi.o
                                 0x31 (size before relaxing)
 .comment       0x00000030       0x31 MyApp_CAN.o
 .comment       0x00000030       0x31 MyDriver_CAN.o
 .comment       0x00000030       0x31 SysCall_noFS.o
 .comment       0x00000030       0x31 TIMERinit.o
 .comment       0x00000030       0x31 dw_uart.o
 .comment       0x00000030       0x31 alt_gpio.o
 .comment       0x00000030       0x31 dw_spi.o
 .comment       0x00000030       0x31 alt_generalpurpose_io.o
 .comment       0x00000030       0x31 mAbassiCfgA9.o
 .comment       0x00000030       0x31 Shell.o
 .comment       0x00000030       0x31 SubShell.o
 .comment       0x00000030       0x31 ../../mAbassi/Platform/lib/lib_mAbassi_EVAL_GCC_AR5_CY5.a(mAbassi_EVAL_A9_GCC_2_NR.o)

.debug_weaknames
 *(.debug_weaknames)

.debug_funcnames
 *(.debug_funcnames)

.debug_typenames
 *(.debug_typenames)

.debug_varnames
 *(.debug_varnames)

.note.gnu.arm.ident
 *(.note.gnu.arm.ident)

.ARM.attributes
                0x00000000       0x37
 *(.ARM.attributes)
 .ARM.attributes
                0x00000000       0x16 /home/westornd/intelFPGA_lite/18.1/embedded/host_tools/mentor/gnu/arm/baremetal/bin/../lib/gcc/arm-altera-eabi/6.2.0/crti.o
 .ARM.attributes
                0x00000016       0x30 /home/westornd/intelFPGA_lite/18.1/embedded/host_tools/mentor/gnu/arm/baremetal/bin/../lib/gcc/arm-altera-eabi/6.2.0/crtbegin.o
 .ARM.attributes
                0x00000046       0x3b Main_mAbassi.o
 .ARM.attributes
                0x00000081       0x3b MyApp_CAN.o
 .ARM.attributes
                0x000000bc       0x3b MyDriver_CAN.o
 .ARM.attributes
                0x000000f7       0x3b SysCall_noFS.o
 .ARM.attributes
                0x00000132       0x3b TIMERinit.o
 .ARM.attributes
                0x0000016d       0x3b dw_uart.o
 .ARM.attributes
                0x000001a8       0x3b alt_gpio.o
 .ARM.attributes
                0x000001e3       0x3b dw_spi.o
 .ARM.attributes
                0x0000021e       0x3b alt_generalpurpose_io.o
 .ARM.attributes
                0x00000259       0x3b mAbassiCfgA9.o
 .ARM.attributes
                0x00000294       0x3b Shell.o
 .ARM.attributes
                0x000002cf       0x3b SubShell.o
 .ARM.attributes
                0x0000030a       0x3b ../../mAbassi/Platform/lib/lib_mAbassi_EVAL_GCC_AR5_CY5.a(mAbassi_EVAL_A9_GCC_2_NR.o)
 .ARM.attributes
                0x00000345       0x2b ../../mAbassi/Platform/lib/lib_mAbassi_EVAL_GCC_AR5_CY5.a(mAbassi_EVAL_GCC_AR5_CY5_NR.o)
 .ARM.attributes
                0x00000370       0x2b ../../mAbassi/Platform/lib/lib_mAbassi_EVAL_GCC_AR5_CY5.a(ARMv7_SMP_L1_L2_GCC_AR5_CY5.o)
 .ARM.attributes
                0x0000039b       0x30 /home/westornd/intelFPGA_lite/18.1/embedded/host_tools/mentor/gnu/arm/baremetal/bin/../lib/gcc/arm-altera-eabi/6.2.0/../../../../arm-altera-eabi/lib/libcs3.a(start_c.o)
 .ARM.attributes
                0x000003cb       0x14 /home/westornd/intelFPGA_lite/18.1/embedded/host_tools/mentor/gnu/arm/baremetal/bin/../lib/gcc/arm-altera-eabi/6.2.0/../../../../arm-altera-eabi/lib/libcs3unhosted.a(unhosted-start.o)
 .ARM.attributes
                0x000003df       0x18 /home/westornd/intelFPGA_lite/18.1/embedded/host_tools/mentor/gnu/arm/baremetal/bin/../lib/gcc/arm-altera-eabi/6.2.0/libgcc.a(_divsi3.o)
 .ARM.attributes
                0x000003f7       0x18 /home/westornd/intelFPGA_lite/18.1/embedded/host_tools/mentor/gnu/arm/baremetal/bin/../lib/gcc/arm-altera-eabi/6.2.0/libgcc.a(_dvmd_tls.o)
 .ARM.attributes
                0x0000040f       0x30 /home/westornd/intelFPGA_lite/18.1/embedded/host_tools/mentor/gnu/arm/baremetal/bin/../lib/gcc/arm-altera-eabi/6.2.0/../../../../arm-altera-eabi/lib/libc.a(lib_a-calloc.o)
 .ARM.attributes
                0x0000043f       0x30 /home/westornd/intelFPGA_lite/18.1/embedded/host_tools/mentor/gnu/arm/baremetal/bin/../lib/gcc/arm-altera-eabi/6.2.0/../../../../arm-altera-eabi/lib/libc.a(lib_a-callocr.o)
 .ARM.attributes
                0x0000046f       0x30 /home/westornd/intelFPGA_lite/18.1/embedded/host_tools/mentor/gnu/arm/baremetal/bin/../lib/gcc/arm-altera-eabi/6.2.0/../../../../arm-altera-eabi/lib/libc.a(lib_a-getreent.o)
 .ARM.attributes
                0x0000049f       0x30 /home/westornd/intelFPGA_lite/18.1/embedded/host_tools/mentor/gnu/arm/baremetal/bin/../lib/gcc/arm-altera-eabi/6.2.0/../../../../arm-altera-eabi/lib/libc.a(lib_a-impure.o)
 .ARM.attributes
                0x000004cf       0x30 /home/westornd/intelFPGA_lite/18.1/embedded/host_tools/mentor/gnu/arm/baremetal/bin/../lib/gcc/arm-altera-eabi/6.2.0/../../../../arm-altera-eabi/lib/libc.a(lib_a-init.o)
 .ARM.attributes
                0x000004ff       0x30 /home/westornd/intelFPGA_lite/18.1/embedded/host_tools/mentor/gnu/arm/baremetal/bin/../lib/gcc/arm-altera-eabi/6.2.0/../../../../arm-altera-eabi/lib/libc.a(lib_a-malloc.o)
 .ARM.attributes
                0x0000052f       0x30 /home/westornd/intelFPGA_lite/18.1/embedded/host_tools/mentor/gnu/arm/baremetal/bin/../lib/gcc/arm-altera-eabi/6.2.0/../../../../arm-altera-eabi/lib/libc.a(lib_a-mallocr.o)
 .ARM.attributes
                0x0000055f       0x30 /home/westornd/intelFPGA_lite/18.1/embedded/host_tools/mentor/gnu/arm/baremetal/bin/../lib/gcc/arm-altera-eabi/6.2.0/../../../../arm-altera-eabi/lib/libc.a(lib_a-memcpy-stub.o)
 .ARM.attributes
                0x0000058f       0x30 /home/westornd/intelFPGA_lite/18.1/embedded/host_tools/mentor/gnu/arm/baremetal/bin/../lib/gcc/arm-altera-eabi/6.2.0/../../../../arm-altera-eabi/lib/libc.a(lib_a-memmove.o)
 .ARM.attributes
                0x000005bf       0x30 /home/westornd/intelFPGA_lite/18.1/embedded/host_tools/mentor/gnu/arm/baremetal/bin/../lib/gcc/arm-altera-eabi/6.2.0/../../../../arm-altera-eabi/lib/libc.a(lib_a-memset.o)
 .ARM.attributes
                0x000005ef       0x30 /home/westornd/intelFPGA_lite/18.1/embedded/host_tools/mentor/gnu/arm/baremetal/bin/../lib/gcc/arm-altera-eabi/6.2.0/../../../../arm-altera-eabi/lib/libc.a(lib_a-mlock.o)
 .ARM.attributes
                0x0000061f       0x30 /home/westornd/intelFPGA_lite/18.1/embedded/host_tools/mentor/gnu/arm/baremetal/bin/../lib/gcc/arm-altera-eabi/6.2.0/../../../../arm-altera-eabi/lib/libc.a(lib_a-printf.o)
 .ARM.attributes
                0x0000064f       0x30 /home/westornd/intelFPGA_lite/18.1/embedded/host_tools/mentor/gnu/arm/baremetal/bin/../lib/gcc/arm-altera-eabi/6.2.0/../../../../arm-altera-eabi/lib/libc.a(lib_a-putchar.o)
 .ARM.attributes
                0x0000067f       0x30 /home/westornd/intelFPGA_lite/18.1/embedded/host_tools/mentor/gnu/arm/baremetal/bin/../lib/gcc/arm-altera-eabi/6.2.0/../../../../arm-altera-eabi/lib/libc.a(lib_a-puts.o)
 .ARM.attributes