Archive member included to satisfy reference by file (symbol)

../../mAbassi/Platform/lib\lib_mAbassi_EVAL_R_GCC_AR5_CY5.a(mAbassi_EVAL_A9_GCC_2.o)
                              CGI_SSI.o (TSKgetID)
../../mAbassi/Platform/lib\lib_mAbassi_EVAL_R_GCC_AR5_CY5.a(mAbassi_EVAL_GCC_AR5_CY5.o)
                              (_vector_table)
../../mAbassi/Platform/lib\lib_mAbassi_EVAL_R_GCC_AR5_CY5.a(ARMv7_SMP_L1_L2_GCC_AR5_CY5.o)
                              ../../mAbassi/Platform/lib\lib_mAbassi_EVAL_R_GCC_AR5_CY5.a(mAbassi_EVAL_GCC_AR5_CY5.o) (COREcacheON)
c:/intelfpga/18.0/embedded/host_tools/mentor/gnu/arm/baremetal/bin/../lib/gcc/arm-altera-eabi/6.2.0/../../../../arm-altera-eabi/lib\libcs3.a(start_c.o)
                              (__cs3_start_c)
c:/intelfpga/18.0/embedded/host_tools/mentor/gnu/arm/baremetal/bin/../lib/gcc/arm-altera-eabi/6.2.0/../../../../arm-altera-eabi/lib\libcs3unhosted.a(unhosted-start.o)
                              ../../mAbassi/Platform/lib\lib_mAbassi_EVAL_R_GCC_AR5_CY5.a(mAbassi_EVAL_GCC_AR5_CY5.o) (_start)
c:/intelfpga/18.0/embedded/host_tools/mentor/gnu/arm/baremetal/bin/../lib/gcc/arm-altera-eabi/6.2.0\libgcc.a(_divsi3.o)
                              dw_i2c.o (__aeabi_idiv)
c:/intelfpga/18.0/embedded/host_tools/mentor/gnu/arm/baremetal/bin/../lib/gcc/arm-altera-eabi/6.2.0\libgcc.a(_dvmd_tls.o)
                              c:/intelfpga/18.0/embedded/host_tools/mentor/gnu/arm/baremetal/bin/../lib/gcc/arm-altera-eabi/6.2.0\libgcc.a(_divsi3.o) (__aeabi_idiv0)
c:/intelfpga/18.0/embedded/host_tools/mentor/gnu/arm/baremetal/bin/../lib/gcc/arm-altera-eabi/6.2.0/../../../../arm-altera-eabi/lib\libc.a(lib_a-calloc.o)
                              ../../mAbassi/Platform/lib\lib_mAbassi_EVAL_R_GCC_AR5_CY5.a(mAbassi_EVAL_A9_GCC_2.o) (calloc)
c:/intelfpga/18.0/embedded/host_tools/mentor/gnu/arm/baremetal/bin/../lib/gcc/arm-altera-eabi/6.2.0/../../../../arm-altera-eabi/lib\libc.a(lib_a-callocr.o)
                              c:/intelfpga/18.0/embedded/host_tools/mentor/gnu/arm/baremetal/bin/../lib/gcc/arm-altera-eabi/6.2.0/../../../../arm-altera-eabi/lib\libc.a(lib_a-calloc.o) (_calloc_r)
c:/intelfpga/18.0/embedded/host_tools/mentor/gnu/arm/baremetal/bin/../lib/gcc/arm-altera-eabi/6.2.0/../../../../arm-altera-eabi/lib\libc.a(lib_a-fwrite.o)
                              NetAddr.o (fwrite)
c:/intelfpga/18.0/embedded/host_tools/mentor/gnu/arm/baremetal/bin/../lib/gcc/arm-altera-eabi/6.2.0/../../../../arm-altera-eabi/lib\libc.a(lib_a-impure.o)
                              ../../mAbassi/Platform/lib\lib_mAbassi_EVAL_R_GCC_AR5_CY5.a(mAbassi_EVAL_A9_GCC_2.o) (_global_impure_ptr)
c:/intelfpga/18.0/embedded/host_tools/mentor/gnu/arm/baremetal/bin/../lib/gcc/arm-altera-eabi/6.2.0/../../../../arm-altera-eabi/lib\libc.a(lib_a-init.o)
                              c:/intelfpga/18.0/embedded/host_tools/mentor/gnu/arm/baremetal/bin/../lib/gcc/arm-altera-eabi/6.2.0/../../../../arm-altera-eabi/lib\libcs3.a(start_c.o) (__libc_init_array)
c:/intelfpga/18.0/embedded/host_tools/mentor/gnu/arm/baremetal/bin/../lib/gcc/arm-altera-eabi/6.2.0/../../../../arm-altera-eabi/lib\libc.a(lib_a-malloc.o)
                              ../../mAbassi/Platform/lib\lib_mAbassi_EVAL_R_GCC_AR5_CY5.a(mAbassi_EVAL_A9_GCC_2.o) (malloc)
c:/intelfpga/18.0/embedded/host_tools/mentor/gnu/arm/baremetal/bin/../lib/gcc/arm-altera-eabi/6.2.0/../../../../arm-altera-eabi/lib\libc.a(lib_a-mallocr.o)
                              c:/intelfpga/18.0/embedded/host_tools/mentor/gnu/arm/baremetal/bin/../lib/gcc/arm-altera-eabi/6.2.0/../../../../arm-altera-eabi/lib\libc.a(lib_a-callocr.o) (_malloc_r)
c:/intelfpga/18.0/embedded/host_tools/mentor/gnu/arm/baremetal/bin/../lib/gcc/arm-altera-eabi/6.2.0/../../../../arm-altera-eabi/lib\libc.a(lib_a-memcmp.o)
                              etharp.o (memcmp)
c:/intelfpga/18.0/embedded/host_tools/mentor/gnu/arm/baremetal/bin/../lib/gcc/arm-altera-eabi/6.2.0/../../../../arm-altera-eabi/lib\libc.a(lib_a-memcpy-stub.o)
                              CGI_SSI.o (memcpy)
c:/intelfpga/18.0/embedded/host_tools/mentor/gnu/arm/baremetal/bin/../lib/gcc/arm-altera-eabi/6.2.0/../../../../arm-altera-eabi/lib\libc.a(lib_a-memmove.o)
                              WebServer.o (memmove)
c:/intelfpga/18.0/embedded/host_tools/mentor/gnu/arm/baremetal/bin/../lib/gcc/arm-altera-eabi/6.2.0/../../../../arm-altera-eabi/lib\libc.a(lib_a-memset.o)
                              NetAddr.o (memset)
c:/intelfpga/18.0/embedded/host_tools/mentor/gnu/arm/baremetal/bin/../lib/gcc/arm-altera-eabi/6.2.0/../../../../arm-altera-eabi/lib\libc.a(lib_a-printf.o)
                              Demo_10-19_CORTEXA9.o (printf)
c:/intelfpga/18.0/embedded/host_tools/mentor/gnu/arm/baremetal/bin/../lib/gcc/arm-altera-eabi/6.2.0/../../../../arm-altera-eabi/lib\libc.a(lib_a-putchar.o)
                              SubShell.o (putchar)
[...]
Memory Configuration

Name             Origin             Length             Attributes
ram              0x02000000         0x1e000000         xrw
uram             0xffff0000         0x00010000         xrw
*default*        0x00000000         0xffffffff

Linker script and memory map

LOAD c:/intelfpga/18.0/embedded/host_tools/mentor/gnu/arm/baremetal/bin/../lib/gcc/arm-altera-eabi/6.2.0/crti.o
LOAD c:/intelfpga/18.0/embedded/host_tools/mentor/gnu/arm/baremetal/bin/../lib/gcc/arm-altera-eabi/6.2.0/crtbegin.o
LOAD Demo_10-19_CORTEXA9.o
LOAD TIMERinit.o
LOAD CGI_SSI.o
LOAD NetAddr.o
LOAD WebServer.o
LOAD alt_gpio.o
LOAD dw_ethernet.o
LOAD dw_i2c.o
LOAD dw_uart.o
LOAD api_lib.o
LOAD api_msg.o
LOAD autoip.o
LOAD def.o
LOAD dhcp.o
LOAD dns.o
LOAD err.o
LOAD etharp.o
LOAD ethernetif.o
LOAD icmp.o
LOAD igmp.o
LOAD inet.o
LOAD inet_chksum.o
LOAD init.o
LOAD ip.o
LOAD ip_addr.o
LOAD ip_frag.o
LOAD mem.o
LOAD memp.o
LOAD netbuf.o
LOAD netdb.o
LOAD netif.o
LOAD netifapi.o
LOAD pbuf.o
LOAD raw.o
LOAD stats.o
LOAD sys.o
LOAD sys_arch.o
LOAD tcp.o
LOAD tcp_in.o
LOAD tcp_out.o
LOAD tcpip.o
LOAD timers.o
LOAD udp.o
LOAD IperfTX.o
LOAD httpserver-netconn.o
LOAD SysCall_noFS.o
LOAD fs.o
LOAD mAbassiCfgA9.o
LOAD Shell.o
LOAD SubShell.o
LOAD ../../mAbassi/Platform/lib\lib_mAbassi_EVAL_R_GCC_AR5_CY5.a
LOAD c:/intelfpga/18.0/embedded/host_tools/mentor/gnu/arm/baremetal/bin/../lib/gcc/arm-altera-eabi/6.2.0/../../../../arm-altera-eabi/lib\libcs3.a
LOAD c:/intelfpga/18.0/embedded/host_tools/mentor/gnu/arm/baremetal/bin/../lib/gcc/arm-altera-eabi/6.2.0/../../../../arm-altera-eabi/lib\libcs3unhosted.a
LOAD c:/intelfpga/18.0/embedded/host_tools/mentor/gnu/arm/baremetal/bin/../lib/gcc/arm-altera-eabi/6.2.0/../../../../arm-altera-eabi/lib\libcs3arm.a
LOAD c:/intelfpga/18.0/embedded/host_tools/mentor/gnu/arm/baremetal/bin/../lib/gcc/arm-altera-eabi/6.2.0\libgcc.a
LOAD c:/intelfpga/18.0/embedded/host_tools/mentor/gnu/arm/baremetal/bin/../lib/gcc/arm-altera-eabi/6.2.0/../../../../arm-altera-eabi/lib\libc.a
LOAD c:/intelfpga/18.0/embedded/host_tools/mentor/gnu/arm/baremetal/bin/../lib/gcc/arm-altera-eabi/6.2.0/../../../../arm-altera-eabi/lib\libstdc++.a
LOAD c:/intelfpga/18.0/embedded/host_tools/mentor/gnu/arm/baremetal/bin/../lib/gcc/arm-altera-eabi/6.2.0/../../../../arm-altera-eabi/lib\libm.a
START GROUP
LOAD c:/intelfpga/18.0/embedded/host_tools/mentor/gnu/arm/baremetal/bin/../lib/gcc/arm-altera-eabi/6.2.0\libgcc.a
LOAD c:/intelfpga/18.0/embedded/host_tools/mentor/gnu/arm/baremetal/bin/../lib/gcc/arm-altera-eabi/6.2.0/../../../../arm-altera-eabi/lib\libc.a
END GROUP
LOAD c:/intelfpga/18.0/embedded/host_tools/mentor/gnu/arm/baremetal/bin/../lib/gcc/arm-altera-eabi/6.2.0/crtend.o
LOAD c:/intelfpga/18.0/embedded/host_tools/mentor/gnu/arm/baremetal/bin/../lib/gcc/arm-altera-eabi/6.2.0/crtn.o
                0x00002000                _STACK_SIZE = DEFINED (_STACK_SIZE)?_STACK_SIZE:0x2000
                0x10000000                _MDRV_SIZE = DEFINED (_MDRV_SIZE)?_MDRV_SIZE:0x10000000
                0x00000800                _SUPERVISOR_STACK_SIZE = DEFINED (_SUPERVISOR_STACK_SIZE)?_SUPERVISOR_STACK_SIZE:0x800
                0x00000800                _ABORT_STACK_SIZE = DEFINED (_ABORT_STACK_SIZE)?_ABORT_STACK_SIZE:0x800
                0x00000800                _FIQ_STACK_SIZE = DEFINED (_FIQ_STACK_SIZE)?_FIQ_STACK_SIZE:0x800
                0x00002000                _IRQ_STACK_SIZE = DEFINED (_IRQ_STACK_SIZE)?_IRQ_STACK_SIZE:0x2000
                0x00000800                _UNDEF_STACK_SIZE = DEFINED (_UNDEF_STACK_SIZE)?_UNDEF_STACK_SIZE:0x800
                0x00000001                PROVIDE (__cs3_region_num, ((__cs3_regions_end - __cs3_regions) / 0x14))
                0x021a8240                __libc_fini = _fini

.text           0x02000000    0x3a120
 CREATE_OBJECT_SYMBOLS
                0x02000000                __cs3_region_start_ram = .
                0x02000000                _ftext = .
 *(.cs3.region-head.ram)
                0x00000001                ASSERT ((. == __cs3_region_start_ram), .cs3.region-head.ram not permitted)
                0x02000000                __cs3_interrupt_vector = __cs3_interrupt_vector_arm
 *(.cs3.interrupt_vector)
 .cs3.interrupt_vector
                0x02000000       0x3c ../../mAbassi/Platform/lib\lib_mAbassi_EVAL_R_GCC_AR5_CY5.a(mAbassi_EVAL_GCC_AR5_CY5.o)
                0x02000000                Vectors
                0x02000000                __cs3_interrupt_vector_arm
                0x02000000                _vector_table
 *(.vectors)
                0x02029b74                PROVIDE (__cs3_reset, __cs3_reset_generic)
 *(.cs3.reset)
                [0x020000d0]                _start = DEFINED (__cs3_start_asm)?__cs3_start_asm:_start
 *(.text.cs3.init)
 .text.cs3.init
                0x0200003c       0x94 c:/intelfpga/18.0/embedded/host_tools/mentor/gnu/arm/baremetal/bin/../lib/gcc/arm-altera-eabi/6.2.0/../../../../arm-altera-eabi/lib\libcs3.a(start_c.o)
                0x0200003c                __cs3_start_c
 .text.cs3.init
                0x020000d0        0xc c:/intelfpga/18.0/embedded/host_tools/mentor/gnu/arm/baremetal/bin/../lib/gcc/arm-altera-eabi/6.2.0/../../../../arm-altera-eabi/lib\libcs3unhosted.a(unhosted-start.o)
 *(.text .text.* .gnu.linkonce.t.*)
 .text          0x020000dc      0x108 c:/intelfpga/18.0/embedded/host_tools/mentor/gnu/arm/baremetal/bin/../lib/gcc/arm-altera-eabi/6.2.0/crtbegin.o
 .text.TaskLedFlash
                0x020001e4       0x1c Demo_10-19_CORTEXA9.o
                0x020001e4                TaskLedFlash
 .text.__sputc_r.constprop.0
                0x02000200       0x3c Demo_10-19_CORTEXA9.o
 *fill*         0x0200023c        0x4 
 .text.startup.main
                0x02000240      0x550 Demo_10-19_CORTEXA9.o
                0x02000240                main
 .text.TIMcallBack
                0x02000790        0x4 Demo_10-19_CORTEXA9.o
                0x02000790                TIMcallBack
 .text.TIMERinit
                0x02000794       0x28 TIMERinit.o
                0x02000794                TIMERinit
 .text.LEDS_CGI_Handler
                0x020007bc       0xb8 CGI_SSI.o
                0x020007bc                LEDS_CGI_Handler
 .text.XL345update
                0x02000874      0x1b8 CGI_SSI.o
                0x02000874                XL345update
 .text.ButtonUpdate
                0x02000a2c       0x30 CGI_SSI.o
                0x02000a2c                ButtonUpdate
 .text.WebPageRTOS
                0x02000a5c      0x2c0 CGI_SSI.o
 .text.CGIinit  0x02000d1c       0x14 CGI_SSI.o
                0x02000d1c                CGIinit
 .text.POSTinit
                0x02000d30        0x4 CGI_SSI.o
                0x02000d30                POSTinit
 .text.SSIinit  0x02000d34      0x4b4 CGI_SSI.o
                0x02000d34                SSIinit
 .text.GetMACaddr
                0x020011e8       0x70 NetAddr.o
                0x020011e8                GetMACaddr
 .text.NetAddr_Init
                0x02001258      0x12c NetAddr.o
                0x02001258                NetAddr_Init
 .text.LwIP_Init
                0x02001384      0x174 NetAddr.o
                0x02001384                LwIP_Init
 .text.LwIP_DHCP_task
                0x020014f8      0x248 NetAddr.o
                0x020014f8                LwIP_DHCP_task
 .text.CGIparse.part.0
                0x02001740      0x1f8 WebServer.o
 .text.SSIevalExpr
                0x02001938      0x4a8 WebServer.o
 .text.SSIexpand
                0x02001de0      0xa80 WebServer.o
                0x02001de0                SSIexpand
 .text.CGIprocess
                0x02002860      0x1ec WebServer.o
                0x02002860                CGIprocess
 .text.POSTprocess
                0x02002a4c      0x1e4 WebServer.o
                0x02002a4c                POSTprocess
 .text.CGInewHandler
                0x02002c30       0x5c WebServer.o
                0x02002c30                CGInewHandler
 .text.SSInewUpdate
                0x02002c8c       0x54 WebServer.o
                0x02002c8c                SSInewUpdate
 .text.SSIvarUpdate
                0x02002ce0      0x158 WebServer.o
                0x02002ce0                SSIvarUpdate
 .text.SSInewVar
                0x02002e38      0x288 WebServer.o
                0x02002e38                SSInewVar
 .text.WebServerInit
                0x020030c0       0xa8 WebServer.o
                0x020030c0                WebServerInit
 .text.SSIsetVar
                0x02003168      0x10c WebServer.o
                0x02003168                SSIsetVar
 .text.gpio_dir
                0x02003274       0xc0 alt_gpio.o
                0x02003274                gpio_dir
 .text.gpio_get
                0x02003334       0x5c alt_gpio.o
                0x02003334                gpio_get
 .text.gpio_set
                0x02003390       0x9c alt_gpio.o
                0x02003390                gpio_set
 .text.gpio_init
                0x0200342c       0x54 alt_gpio.o
                0x0200342c                gpio_init
 .text.ETH_WrtPhyReg
                0x02003480       0xd0 dw_ethernet.o
 .text.ETH_RdPhyReg
                0x02003550       0xc8 dw_ethernet.o
 .text.ETH_ResetEMAC.part.1
                0x02003618      0x260 dw_ethernet.o
 .text.ETH_WrtPhyRegExt
                0x02003878      0x5a8 dw_ethernet.o
 .text.ETH_MACAddressConfig
                0x02003e20       0x50 dw_ethernet.o
                0x02003e20                ETH_MACAddressConfig
 .text.ETH_Get_Received_Multi
                0x02003e70      0x11c dw_ethernet.o
                0x02003e70                ETH_Get_Received_Multi
 .text.ETH_Get_Received_Frame_Length
                0x02003f8c       0x6c dw_ethernet.o
                0x02003f8c                ETH_Get_Received_Frame_Length
 .text.ETH_Release_Received
                0x02003ff8       0xe4 dw_ethernet.o
                0x02003ff8                ETH_Release_Received
 .text.ETH_Prepare_Multi_Transmit
                0x020040dc      0x298 dw_ethernet.o
                0x020040dc                ETH_Prepare_Multi_Transmit
 .text.ETH_DMARxDescChainInit
                0x02004374       0x90 dw_ethernet.o
                0x02004374                ETH_DMARxDescChainInit
 .text.ETH_DMATxDescChainInit
                0x02004404       0xa0 dw_ethernet.o
                0x02004404                ETH_DMATxDescChainInit
 .text.ETH_DMARxDescReceiveITConfig
                0x020044a4       0x88 dw_ethernet.o
                0x020044a4                ETH_DMARxDescReceiveITConfig
 .text.ETH_DMARxDescTransmitITConfig
                0x0200452c        0x4 dw_ethernet.o
                0x0200452c                ETH_DMARxDescTransmitITConfig
 .text.ETH_DMATxDescChecksumInsertionConfig
                0x02004530       0x7c dw_ethernet.o
                0x02004530                ETH_DMATxDescChecksumInsertionConfig
 .text.PHY_init
                0x020045ac     0x1d68 dw_ethernet.o
                0x020045ac                PHY_init
 .text.ETH_Start
                0x02006314       0x74 dw_ethernet.o
                0x02006314                ETH_Start
 .text.ETH_Restart
                0x02006388      0x1ac dw_ethernet.o
                0x02006388                ETH_Restart
 .text.ETH_Get_Transmit_Buffer
                0x02006534       0x74 dw_ethernet.o
                0x02006534                ETH_Get_Transmit_Buffer
 .text.ETH_LinkStatus
                0x020065a8       0xd8 dw_ethernet.o
                0x020065a8                ETH_LinkStatus
 .text.ETH_MacConfigDMA
                0x02006680       0xcc dw_ethernet.o
                0x02006680                ETH_MacConfigDMA
 .text.ETH_ResetEMAC
                0x0200674c        0xc dw_ethernet.o
                0x0200674c                ETH_ResetEMAC
 .text.I2CintHndl
                0x02006758      0x328 dw_i2c.o
 .text.i2c_init
                0x02006a80      0x574 dw_i2c.o
                0x02006a80                i2c_init
 .text.i2c_send_recv
                0x02006ff4      0x7c8 dw_i2c.o
                0x02006ff4                i2c_send_recv
 .text.i2c_send
                0x020077bc      0x5d0 dw_i2c.o
                0x020077bc                i2c_send
 .text.I2CintHndl_0
                0x02007d8c        0x8 dw_i2c.o
                0x02007d8c                I2CintHndl_0
 .text.uart_send
                0x02007d94      0x8a8 dw_uart.o
                0x02007d94                uart_send
 .text.uart_recv
                0x0200863c      0x794 dw_uart.o
                0x0200863c                uart_recv
 .text.uart_filt
                0x02008dd0       0x90 dw_uart.o
                0x02008dd0                uart_filt
 .text.uart_init
                0x02008e60      0x3f4 dw_uart.o
                0x02008e60                uart_init
 .text.UARTintHndl_0
                0x02009254      0x1a0 dw_uart.o
                0x02009254                UARTintHndl_0
 .text.UARTintHndl_1
                0x020093f4      0x1a0 dw_uart.o
                0x020093f4                UARTintHndl_1
 .text.netconn_new_with_proto_and_callback
                0x02009594       0x6c api_lib.o
                0x02009594                netconn_new_with_proto_and_callback
 .text.netconn_delete
                0x02009600       0x38 api_lib.o
                0x02009600                netconn_delete
 .text.netconn_bind
                0x02009638       0x50 api_lib.o
                0x02009638                netconn_bind
 .text.netconn_connect
                0x02009688       0x50 api_lib.o
                0x02009688                netconn_connect
 .text.netconn_listen_with_backlog
                0x020096d8       0x44 api_lib.o
                0x020096d8                netconn_listen_with_backlog
 .text.netconn_accept
                0x0200971c       0xb8 api_lib.o
                0x0200971c                netconn_accept
 .text.netconn_recv
                0x020097d4      0x304 api_lib.o
                0x020097d4                netconn_recv
 .text.netconn_write_partly
                0x02009ad8       0xe0 api_lib.o
                0x02009ad8                netconn_write_partly
 .text.netconn_close
                0x02009bb8       0x4c api_lib.o
                0x02009bb8                netconn_close
 .text.recv_udp
                0x02009c04       0x98 api_msg.o
 .text.recv_raw
                0x02009c9c       0xd0 api_msg.o
 .text.err_tcp  0x02009d6c       0xe8 api_msg.o
 .text.do_writemore
                0x02009e54      0x244 api_msg.o
 .text.do_close_internal
                0x0200a098      0x1c8 api_msg.o
 .text.poll_tcp
                0x0200a260       0x8c api_msg.o
 .text.netconn_drain
                0x0200a2ec      0x108 api_msg.o
 .text.sent_tcp
                0x0200a3f4       0x8c api_msg.o
 .text.recv_tcp
                0x0200a480       0xbc api_msg.o
 .text.accept_function
                0x0200a53c      0x1f0 api_msg.o
 .text.do_connected
                0x0200a72c      0x104 api_msg.o
 .text.do_newconn
                0x0200a830      0x144 api_msg.o
                0x0200a830                do_newconn
 .text.netconn_alloc
                0x0200a974       0xc8 api_msg.o
                0x0200a974                netconn_alloc
 .text.netconn_free
                0x0200aa3c       0x28 api_msg.o
                0x0200aa3c                netconn_free
 .text.do_delconn
                0x0200aa64      0x108 api_msg.o
                0x0200aa64                do_delconn
 .text.do_bind  0x0200ab6c       0xcc api_msg.o
                0x0200ab6c                do_bind
 .text.do_connect
                0x0200ac38      0x160 api_msg.o
                0x0200ac38                do_connect
 .text.do_listen
                0x0200ad98      0x11c api_msg.o
                0x0200ad98                do_listen
 .text.do_recv  0x0200aeb4       0x74 api_msg.o
                0x0200aeb4                do_recv
 .text.do_write
                0x0200af28       0x70 api_msg.o
                0x0200af28                do_write
 .text.do_close
                0x0200af98       0x98 api_msg.o
                0x0200af98                do_close
 .text.lwip_htons
                0x0200b030        0xc def.o
                0x0200b030                lwip_htons
 .text.lwip_ntohs
                0x0200b03c        0xc def.o
                0x0200b03c                lwip_ntohs
 .text.lwip_htonl
                0x0200b048        0x8 def.o
                0x0200b048                lwip_htonl
 .text.lwip_ntohl
                0x0200b050        0x8 def.o
                0x0200b050                lwip_ntohl
 .text.dhcp_create_msg
                0x0200b058      0x7b8 dhcp.o
 .text.dhcp_rebind
                0x0200b810      0x17c dhcp.o
 .text.dhcp_discover
                0x0200b98c      0x1f8 dhcp.o
 .text.dhcp_select
                0x0200bb84      0x2e0 dhcp.o
 .text.dhcp_reboot
                0x0200be64      0x1f4 dhcp.o
 .text.dhcp_bind
                0x0200c058      0x19c dhcp.o
 .text.dhcp_recv
                0x0200c1f4      0x8bc dhcp.o
 .text.dhcp_start
                0x0200cab0      0x144 dhcp.o
                0x0200cab0                dhcp_start
 .text.dhcp_arp_reply
                0x0200cbf4      0x188 dhcp.o
                0x0200cbf4                dhcp_arp_reply
 .text.dhcp_renew
                0x0200cd7c      0x178 dhcp.o
                0x0200cd7c                dhcp_renew
 .text.dhcp_coarse_tmr
                0x0200cef4       0xa8 dhcp.o
                0x0200cef4                dhcp_coarse_tmr
 .text.dhcp_release
                0x0200cf9c      0x17c dhcp.o
                0x0200cf9c                dhcp_release
 .text.dhcp_fine_tmr
                0x0200d118      0x13c dhcp.o
                0x0200d118                dhcp_fine_tmr
 .text.dhcp_stop
                0x0200d254       0x50 dhcp.o
                0x0200d254                dhcp_stop
 .text.etharp_find_entry
                0x0200d2a4      0xa70 etharp.o
 .text.etharp_raw.constprop.0
                0x0200dd14      0x10c etharp.o
 .text.etharp_tmr
                0x0200de20       0xd4 etharp.o
                0x0200de20                etharp_tmr
 .text.etharp_cleanup_netif
                0x0200def4       0x9c etharp.o
                0x0200def4                etharp_cleanup_netif
 .text.etharp_query
                0x0200df90      0x228 etharp.o
                0x0200df90                etharp_query
 .text.etharp_output
                0x0200e1b8      0x40c etharp.o
                0x0200e1b8                etharp_output
 .text.etharp_request
                0x0200e5c4      0x10c etharp.o
                0x0200e5c4                etharp_request
 .text.ethernet_input
                0x0200e6d0      0x388 etharp.o
                0x0200e6d0                ethernet_input
 .text.EMACintHndl
                0x0200ea58      0x114 ethernetif.o
 .text.ethernetif_4_init
                0x0200eb6c      0x2a0 ethernetif.o
 .text.low_level_output
                0x0200ee0c      0x174 ethernetif.o
 .text.ethernetif_input
                0x0200ef80      0x234 ethernetif.o
 .text.ethernetif_0_init
                0x0200f1b4      0x29c ethernetif.o
 .text.ethernetif_1_init
                0x0200f450      0x29c ethernetif.o
 .text.ethernetif_2_init
                0x0200f6ec      0x2a0 ethernetif.o
 .text.ethernetif_3_init
                0x0200f98c      0x2a0 ethernetif.o
 .text.Emac0_IRQHandler
                0x0200fc2c        0x8 ethernetif.o
                0x0200fc2c                Emac0_IRQHandler
 .text.Emac1_IRQHandler
                0x0200fc34        0x8 ethernetif.o
                0x0200fc34                Emac1_IRQHandler
 .text.icmp_input
                0x0200fc3c      0x1f0 icmp.o
                0x0200fc3c                icmp_input
 .text.icmp_dest_unreach
                0x0200fe2c       0xd4 icmp.o
                0x0200fe2c                icmp_dest_unreach
 .text.icmp_time_exceeded
                0x0200ff00       0xd4 icmp.o
                0x0200ff00                icmp_time_exceeded
 .text.inet_chksum
                0x0200ffd4      0x29c inet_chksum.o
                0x0200ffd4                inet_chksum
 .text.inet_chksum_pbuf
                0x02010270      0x32c inet_chksum.o
                0x02010270                inet_chksum_pbuf
 .text.lwip_init
                0x0201059c       0x24 init.o
                0x0201059c                lwip_init
 .text.ip_route
                0x020105c0       0x68 ip.o
                0x020105c0                ip_route
 .text.ip_input
                0x02010628      0x2bc ip.o
                0x02010628                ip_input
 .text.ip_output_if
                0x020108e4      0x188 ip.o
                0x020108e4                ip_output_if
 .text.ip_output
                0x02010a6c       0x8c ip.o
                0x02010a6c                ip_output
 .text.ip4_addr_isbroadcast
                0x02010af8       0x58 ip_addr.o
                0x02010af8                ip4_addr_isbroadcast
 .text.ipfrag_free_pbuf_custom
                0x02010b50       0x28 ip_frag.o
 .text.ip_reass_remove_oldest_datagram
                0x02010b78      0x23c ip_frag.o
 .text.ip_reass_tmr
                0x02010db4      0x144 ip_frag.o
                0x02010db4                ip_reass_tmr
 .text.ip_reass
                0x02010ef8      0x62c ip_frag.o
                0x02010ef8                ip_reass
 .text.ip_frag  0x02011524      0x294 ip_frag.o
                0x02011524                ip_frag
 .text.mem_init
                0x020117b8       0x74 mem.o
                0x020117b8                mem_init
 .text.mem_free
                0x0201182c      0x10c mem.o
                0x0201182c                mem_free
 .text.mem_trim
                0x02011938      0x160 mem.o
                0x02011938                mem_trim
 .text.mem_malloc
                0x02011a98      0x160 mem.o
                0x02011a98                mem_malloc
 .text.memp_init
                0x02011bf8       0x9c memp.o
                0x02011bf8                memp_init
 .text.memp_malloc
                0x02011c94       0x30 memp.o
                0x02011c94                memp_malloc
 .text.memp_free
                0x02011cc4       0x30 memp.o
                0x02011cc4                memp_free
 .text.netbuf_delete
                0x02011cf4       0x38 netbuf.o
                0x02011cf4                netbuf_delete
 .text.netif_init
                0x02011d2c        0x4 netif.o
                0x02011d2c                netif_init
 .text.netif_add
                0x02011d30      0x13c netif.o
                0x02011d30                netif_add
 .text.netif_set_addr
                0x02011e6c       0xe0 netif.o
                0x02011e6c                netif_set_addr
 .text.netif_set_ipaddr
                0x02011f4c       0xc0 netif.o
                0x02011f4c                netif_set_ipaddr
 .text.netif_set_gw
                0x0201200c       0x10 netif.o
                0x0201200c                netif_set_gw
 .text.netif_set_netmask
                0x0201201c       0x10 netif.o
                0x0201201c                netif_set_netmask
 .text.netif_set_default
                0x0201202c       0x10 netif.o
                0x0201202c                netif_set_default
 .text.netif_set_up
                0x0201203c       0x28 netif.o
                0x0201203c                netif_set_up
 .text.netif_set_down
                0x02012064       0x20 netif.o
                0x02012064                netif_set_down
 .text.pbuf_free_ooseq_callback
                0x02012084       0x60 pbuf.o
 .text.pbuf_alloc
                0x020120e4      0x2ec pbuf.o
                0x020120e4                pbuf_alloc
 .text.pbuf_alloced_custom
                0x020123d0       0x94 pbuf.o
                0x020123d0                pbuf_alloced_custom
 .text.pbuf_realloc
                0x02012464      0x130 pbuf.o
                0x02012464                pbuf_realloc
 .text.pbuf_header
                0x02012594       0xc0 pbuf.o
                0x02012594                pbuf_header
 .text.pbuf_free
                0x02012654       0xb0 pbuf.o
                0x02012654                pbuf_free
 .text.pbuf_clen
                0x02012704       0x2c pbuf.o
                0x02012704                pbuf_clen
 .text.pbuf_ref
                0x02012730       0x24 pbuf.o
                0x02012730                pbuf_ref
 .text.pbuf_cat
                0x02012754       0x58 pbuf.o
                0x02012754                pbuf_cat
 .text.pbuf_chain
                0x020127ac       0x70 pbuf.o
                0x020127ac                pbuf_chain
 .text.pbuf_copy
                0x0201281c       0x88 pbuf.o
                0x0201281c                pbuf_copy
 .text.pbuf_copy_partial
                0x020128a4       0x9c pbuf.o
                0x020128a4                pbuf_copy_partial
 .text.raw_input
                0x02012940       0xc8 raw.o
                0x02012940                raw_input
 .text.raw_bind
                0x02012a08       0x14 raw.o
                0x02012a08                raw_bind
 .text.raw_connect
                0x02012a1c       0x14 raw.o
                0x02012a1c                raw_connect
 .text.raw_recv
                0x02012a30        0xc raw.o
                0x02012a30                raw_recv
 .text.raw_remove
                0x02012a3c       0x60 raw.o
                0x02012a3c                raw_remove
 .text.raw_new  0x02012a9c       0x4c raw.o
                0x02012a9c                raw_new
 .text.TaskTrampoline
                0x02012ae8       0x30 sys_arch.o
 .text.sys_mbox_new
                0x02012b18      0x2c8 sys_arch.o
                0x02012b18                sys_mbox_new
 .text.sys_mbox_free
                0x02012de0      0x1c0 sys_arch.o
                0x02012de0                sys_mbox_free
 .text.sys_mbox_post
                0x02012fa0        0xc sys_arch.o
                0x02012fa0                sys_mbox_post
 .text.sys_mbox_trypost
                0x02012fac       0x20 sys_arch.o
                0x02012fac                sys_mbox_trypost
 .text.sys_arch_mbox_fetch
                0x02012fcc       0x80 sys_arch.o
                0x02012fcc                sys_arch_mbox_fetch
 .text.sys_arch_mbox_tryfetch
                0x0201304c       0x28 sys_arch.o
                0x0201304c                sys_arch_mbox_tryfetch
 .text.sys_sem_new
                0x02013074      0x1ec sys_arch.o
                0x02013074                sys_sem_new
 .text.sys_arch_sem_wait
                0x02013260       0x7c sys_arch.o
                0x02013260                sys_arch_sem_wait
 .text.sys_sem_signal
                0x020132dc       0x10 sys_arch.o
                0x020132dc                sys_sem_signal
 .text.sys_sem_free
                0x020132ec      0x1b0 sys_arch.o
                0x020132ec                sys_sem_free
 .text.sys_mutex_new
                0x0201349c      0x1f4 sys_arch.o
                0x0201349c                sys_mutex_new
 .text.sys_mutex_lock
                0x02013690       0x10 sys_arch.o
                0x02013690                sys_mutex_lock
 .text.sys_mutex_unlock
                0x020136a0       0x10 sys_arch.o
                0x020136a0                sys_mutex_unlock
 .text.sys_init
                0x020136b0      0x104 sys_arch.o
                0x020136b0                sys_init
 .text.sys_thread_new
                0x020137b4      0x210 sys_arch.o
                0x020137b4                sys_thread_new
 .text.sys_arch_protect
                0x020139c4       0x58 sys_arch.o
                0x020139c4                sys_arch_protect
 .text.sys_arch_unprotect
                0x02013a1c       0x48 sys_arch.o
                0x02013a1c                sys_arch_unprotect
 .text.tcp_accept_null
                0x02013a64        0x8 tcp.o
 .text.tcp_pcb_purge.part.1
                0x02013a6c       0xe0 tcp.o
 .text.tcp_close_shutdown
                0x02013b4c      0x3dc tcp.o
 .text.tcp_recv_null
                0x02013f28       0xdc tcp.o
                0x02013f28                tcp_recv_null
 .text.tcp_init
                0x02014004        0x4 tcp.o
                0x02014004                tcp_init
 .text.tcp_close
                0x02014008      0x43c tcp.o
                0x02014008                tcp_close
 .text.tcp_shutdown
                0x02014444       0xf8 tcp.o
                0x02014444                tcp_shutdown
 .text.tcp_abandon
                0x0201453c      0x2b0 tcp.o
                0x0201453c                tcp_abandon
 .text.tcp_abort
                0x020147ec        0x8 tcp.o
                0x020147ec                tcp_abort
 .text.tcp_bind
                0x020147f4      0x138 tcp.o
                0x020147f4                tcp_bind
 .text.tcp_listen_with_backlog
                0x0201492c      0x138 tcp.o
                0x0201492c                tcp_listen_with_backlog
 .text.tcp_update_rcv_ann_wnd
                0x02014a64       0x64 tcp.o
                0x02014a64                tcp_update_rcv_ann_wnd
 .text.tcp_recved
                0x02014ac8       0xa0 tcp.o
                0x02014ac8                tcp_recved
 .text.tcp_connect
                0x02014b68      0x27c tcp.o
                0x02014b68                tcp_connect
 .text.tcp_slowtmr
                0x02014de4      0x504 tcp.o
                0x02014de4                tcp_slowtmr
 .text.tcp_process_refused_data
                0x020152e8      0x144 tcp.o
                0x020152e8                tcp_process_refused_data
 .text.tcp_tmr  0x0201542c       0xd0 tcp.o
                0x0201542c                tcp_tmr
 .text.tcp_segs_free
                0x020154fc       0x38 tcp.o
                0x020154fc                tcp_segs_free
 .text.tcp_seg_free
                0x02015534       0x2c tcp.o
                0x02015534                tcp_seg_free
 .text.tcp_seg_copy
                0x02015560       0x34 tcp.o
                0x02015560                tcp_seg_copy
 .text.tcp_alloc
                0x02015594      0x1dc tcp.o
                0x02015594                tcp_alloc
 .text.tcp_new  0x02015770      0x1d8 tcp.o
                0x02015770                tcp_new
 .text.tcp_arg  0x02015948        0x8 tcp.o
                0x02015948                tcp_arg
 .text.tcp_recv
                0x02015950        0x8 tcp.o
                0x02015950                tcp_recv
 .text.tcp_sent
                0x02015958        0x8 tcp.o
                0x02015958                tcp_sent
 .text.tcp_err  0x02015960        0x8 tcp.o
                0x02015960                tcp_err
 .text.tcp_accept
                0x02015968        0x8 tcp.o
                0x02015968                tcp_accept
 .text.tcp_poll
                0x02015970        0xc tcp.o
                0x02015970                tcp_poll
 .text.tcp_pcb_purge
                0x0201597c       0x14 tcp.o
                0x0201597c                tcp_pcb_purge
 .text.tcp_pcb_remove
                0x02015990       0xec tcp.o
                0x02015990                tcp_pcb_remove
 .text.tcp_eff_send_mss
                0x02015a7c       0x44 tcp.o
                0x02015a7c                tcp_eff_send_mss
 .text.tcp_oos_insert_segment
                0x02015ac0      0x164 tcp_in.o
 .text.tcp_receive
                0x02015c24      0xee8 tcp_in.o
 .text.tcp_parseopt.isra.0
                0x02016b0c       0xfc tcp_in.o
 .text.tcp_input
                0x02016c08      0xe5c tcp_in.o
                0x02016c08                tcp_input
 .text.tcp_send_fin
                0x02017a64      0x230 tcp_out.o
                0x02017a64                tcp_send_fin
 .text.tcp_write
                0x02017c94      0x728 tcp_out.o
                0x02017c94                tcp_write
 .text.tcp_enqueue_flags
                0x020183bc      0x214 tcp_out.o
                0x020183bc                tcp_enqueue_flags
 .text.tcp_send_empty_ack
                0x020185d0      0x144 tcp_out.o
                0x020185d0                tcp_send_empty_ack
 .text.tcp_output
                0x02018714      0x53c tcp_out.o
                0x02018714                tcp_output
 .text.tcp_rst  0x02018c50      0x12c tcp_out.o
                0x02018c50                tcp_rst
 .text.tcp_rexmit_rto
                0x02018d7c       0x58 tcp_out.o
                0x02018d7c                tcp_rexmit_rto
 .text.tcp_rexmit
                0x02018dd4       0xc8 tcp_out.o
                0x02018dd4                tcp_rexmit
 .text.tcp_rexmit_fast
                0x02018e9c      0x118 tcp_out.o
                0x02018e9c                tcp_rexmit_fast
 .text.tcp_keepalive
                0x02018fb4      0x138 tcp_out.o
                0x02018fb4                tcp_keepalive
 .text.tcp_zero_window_probe
                0x020190ec      0x1f0 tcp_out.o
                0x020190ec                tcp_zero_window_probe
 .text.tcpip_thread
                0x020192dc      0x118 tcpip.o
 .text.tcpip_input
                0x020193f4       0x78 tcpip.o
                0x020193f4                tcpip_input
 .text.tcpip_callback_with_block
                0x0201946c       0x98 tcpip.o
                0x0201946c                tcpip_callback_with_block
 .text.tcpip_apimsg
                0x02019504       0x64 tcpip.o
                0x02019504                tcpip_apimsg
 .text.tcpip_init
                0x02019568       0x64 tcpip.o
                0x02019568                tcpip_init
 .text.dhcp_timer_fine
                0x020195cc       0xb0 timers.o
 .text.ip_reass_timer
                0x0201967c       0xb0 timers.o
 .text.arp_timer
                0x0201972c       0xb4 timers.o
 .text.dhcp_timer_coarse
                0x020197e0       0xb4 timers.o
 .text.tcpip_tcp_timer
                0x02019894       0xe8 timers.o
 .text.tcp_timer_needed
                0x0201997c       0xf8 timers.o
                0x0201997c                tcp_timer_needed
 .text.sys_timeouts_init
                0x02019a74      0x2ac timers.o
                0x02019a74                sys_timeouts_init
 .text.sys_timeout
                0x02019d20       0xac timers.o
                0x02019d20                sys_timeout
 .text.sys_untimeout
                0x02019dcc       0x88 timers.o
                0x02019dcc                sys_untimeout
 .text.sys_timeouts_mbox_fetch
                0x02019e54       0xac timers.o
                0x02019e54                sys_timeouts_mbox_fetch
 .text.udp_init
                0x02019f00        0x4 udp.o
                0x02019f00                udp_init
 .text.udp_input
                0x02019f04      0x2fc udp.o
                0x02019f04                udp_input
 .text.udp_bind
                0x0201a200      0x12c udp.o
                0x0201a200                udp_bind
 .text.udp_sendto_if
                0x0201a32c      0x168 udp.o
                0x0201a32c                udp_sendto_if
 .text.udp_connect
                0x0201a494       0xa0 udp.o
                0x0201a494                udp_connect
 .text.udp_recv
                0x0201a534        0xc udp.o
                0x0201a534                udp_recv
 .text.udp_remove
                0x0201a540       0x60 udp.o
                0x0201a540                udp_remove
 .text.udp_new  0x0201a5a0       0x30 udp.o
                0x0201a5a0                udp_new
 .text.IperfTXtask
                0x0201a5d0       0xb8 IperfTX.o
                0x0201a5d0                IperfTXtask
 .text.IperfTXinit
                0x0201a688       0x48 IperfTX.o
                0x0201a688                IperfTXinit
 .text.WebserverTask
                0x0201a6d0      0x5cc httpserver-netconn.o
 .text.http_server_init
                0x0201ac9c       0x34 httpserver-netconn.o
                0x0201ac9c                http_server_init
 .text.SysCallInit
                0x0201acd0        0x4 SysCall_noFS.o
                0x0201acd0                SysCallInit
 .text._close_r
                0x0201acd4       0x10 SysCall_noFS.o
                0x0201acd4                _close_r
 .text._read_r  0x0201ace4       0x88 SysCall_noFS.o
                0x0201ace4                _read_r
 .text._write_r
                0x0201ad6c       0x88 SysCall_noFS.o
                0x0201ad6c                _write_r
 .text._lseek_r
                0x0201adf4       0x10 SysCall_noFS.o
                0x0201adf4                _lseek_r
 .text._fstat_r
                0x0201ae04       0x10 SysCall_noFS.o
                0x0201ae04                _fstat_r
 .text._isatty_r
                0x0201ae14       0x10 SysCall_noFS.o
                0x0201ae14                _isatty_r
 .text.GetKey   0x0201ae24       0x3c SysCall_noFS.o
                0x0201ae24                GetKey
 .text.fs_open  0x0201ae60      0x22c fs.o
                0x0201ae60                fs_open
 .text.fs_close
                0x0201b08c       0xdc fs.o
                0x0201b08c                fs_close
 .text.fs_read  0x0201b168       0x54 fs.o
                0x0201b168                fs_read
 .text.PrtResult
                0x0201b1bc      0x298 Shell.o
 .text.CmdLog   0x0201b454       0x18 Shell.o
 .text.CmdEdit  0x0201b46c       0x88 Shell.o
 .text.CmdMblk  0x0201b4f4      0x160 Shell.o
 .text.CmdGrp   0x0201b654      0x864 Shell.o
 .text.CmdSys   0x0201beb8      0x5dc Shell.o
 .text.CmdHelp  0x0201c494      0x2d0 Shell.o
 .text.CmdEvt   0x0201c764      0x208 Shell.o
 .text.CmdMtx   0x0201c96c     0x1194 Shell.o
 .text.CmdSem   0x0201db00     0x1224 Shell.o
 .text.CmdMbx   0x0201ed24     0x15d0 Shell.o
 .text.CmdTim   0x020202f4     0x1d28 Shell.o
 .text.CmdTask  0x0202201c     0x246c Shell.o
 .text.OSshell  0x02024488      0xf70 Shell.o
                0x02024488                OSshell
 .text.ShellGets
                0x020253f8      0x2a0 Shell.o
                0x020253f8                ShellGets
 .text.CmdMem   0x02025698      0x530 Shell.o
 .text.TSKcreate.constprop.6
                0x02025bc8      0x100 ../../mAbassi/Platform/lib\lib_mAbassi_EVAL_R_GCC_AR5_CY5.a(mAbassi_EVAL_A9_GCC_2.o)
 .text.TSKgetID
                0x02025cc8       0x60 ../../mAbassi/Platform/lib\lib_mAbassi_EVAL_R_GCC_AR5_CY5.a(mAbassi_EVAL_A9_GCC_2.o)
                0x02025cc8                TSKgetID
 .text.TSKstkChk
                0x02025d28       0x60 ../../mAbassi/Platform/lib\lib_mAbassi_EVAL_R_GCC_AR5_CY5.a(mAbassi_EVAL_A9_GCC_2.o)
                0x02025d28                TSKstkChk
 .text.__getreent
                0x02025d88       0x34 ../../mAbassi/Platform/lib\lib_mAbassi_EVAL_R_GCC_AR5_CY5.a(mAbassi_EVAL_A9_GCC_2.o)
                0x02025d88                __getreent
 *fill*         0x02025dbc        0x4 
 .text.Abassi   0x02025dc0     0x2850 ../../mAbassi/Platform/lib\lib_mAbassi_EVAL_R_GCC_AR5_CY5.a(mAbassi_EVAL_A9_GCC_2.o)
                0x02025dc0                Abassi
 .text.TSKstart
                0x02028610       0x60 ../../mAbassi/Platform/lib\lib_mAbassi_EVAL_R_GCC_AR5_CY5.a(mAbassi_EVAL_A9_GCC_2.o)
                0x02028610                TSKstart
 .text.SEM__open
                0x02028670      0x144 ../../mAbassi/Platform/lib\lib_mAbassi_EVAL_R_GCC_AR5_CY5.a(mAbassi_EVAL_A9_GCC_2.o)
                0x02028670                SEM__open
 .text.MBX__open
                0x020287b4      0x154 ../../mAbassi/Platform/lib\lib_mAbassi_EVAL_R_GCC_AR5_CY5.a(mAbassi_EVAL_A9_GCC_2.o)
                0x020287b4                MBX__open
 .text.MBXget   0x02028908      0x128 ../../mAbassi/Platform/lib\lib_mAbassi_EVAL_R_GCC_AR5_CY5.a(mAbassi_EVAL_A9_GCC_2.o)
                0x02028908                MBXget
 .text.MBXput   0x02028a30       0xd8 ../../mAbassi/Platform/lib\lib_mAbassi_EVAL_R_GCC_AR5_CY5.a(mAbassi_EVAL_A9_GCC_2.o)
                0x02028a30                MBXput
 .text.GroupRm  0x02028b08       0xb4 ../../mAbassi/Platform/lib\lib_mAbassi_EVAL_R_GCC_AR5_CY5.a(mAbassi_EVAL_A9_GCC_2.o)
                0x02028b08                GroupRm
 .text.OSalloc  0x02028bbc       0x68 ../../mAbassi/Platform/lib\lib_mAbassi_EVAL_R_GCC_AR5_CY5.a(mAbassi_EVAL_A9_GCC_2.o)
                0x02028bbc                OSalloc
 .text.__generic_gxx_recursive_mutex_destroy
                0x02028c24       0x78 ../../mAbassi/Platform/lib\lib_mAbassi_EVAL_R_GCC_AR5_CY5.a(mAbassi_EVAL_A9_GCC_2.o)
                0x02028c24                __generic_gxx_recursive_mutex_destroy
 .text.__generic_gxx_recursive_mutex_unlock
                0x02028c9c       0x3c ../../mAbassi/Platform/lib\lib_mAbassi_EVAL_R_GCC_AR5_CY5.a(mAbassi_EVAL_A9_GCC_2.o)
                0x02028c9c                __generic_gxx_recursive_mutex_unlock
 .text.__malloc_lock
                0x02028cd8       0x44 ../../mAbassi/Platform/lib\lib_mAbassi_EVAL_R_GCC_AR5_CY5.a(mAbassi_EVAL_A9_GCC_2.o)
                0x02028cd8                __malloc_lock
 .text.__malloc_unlock
                0x02028d1c       0x2c ../../mAbassi/Platform/lib\lib_mAbassi_EVAL_R_GCC_AR5_CY5.a(mAbassi_EVAL_A9_GCC_2.o)
                0x02028d1c                __malloc_unlock
 .text.TSKcreate
                0x02028d48      0x468 ../../mAbassi/Platform/lib\lib_mAbassi_EVAL_R_GCC_AR5_CY5.a(mAbassi_EVAL_A9_GCC_2.o)
                0x02028d48                TSKcreate
 .text.OSstart  0x020291b0      0x208 ../../mAbassi/Platform/lib\lib_mAbassi_EVAL_R_GCC_AR5_CY5.a(mAbassi_EVAL_A9_GCC_2.o)
                0x020291b0                OSstart
 .text.__generic_gxx_recursive_mutex_init_function
                0x020293b8      0x128 ../../mAbassi/Platform/lib\lib_mAbassi_EVAL_R_GCC_AR5_CY5.a(mAbassi_EVAL_A9_GCC_2.o)
                0x020293b8                __generic_gxx_recursive_mutex_init_function
 .text.__my_gxx_lock.part.2
                0x020294e0      0x1b8 ../../mAbassi/Platform/lib\lib_mAbassi_EVAL_R_GCC_AR5_CY5.a(mAbassi_EVAL_A9_GCC_2.o)
 .text.__generic_gxx_recursive_mutex_lock
                0x02029698       0x2c ../../mAbassi/Platform/lib\lib_mAbassi_EVAL_R_GCC_AR5_CY5.a(mAbassi_EVAL_A9_GCC_2.o)
                0x02029698                __generic_gxx_recursive_mutex_lock
 .text.TIMtick  0x020296c4      0x4a0 ../../mAbassi/Platform/lib\lib_mAbassi_EVAL_R_GCC_AR5_CY5.a(mAbassi_EVAL_A9_GCC_2.o)
                0x020296c4                TIMtick
 .text          0x02029b64      0xb8c ../../mAbassi/Platform/lib\lib_mAbassi_EVAL_R_GCC_AR5_CY5.a(mAbassi_EVAL_GCC_AR5_CY5.o)
                0x02029b74                __cs3_reset_generic
                0x02029b74                Reset_Handler
                0x02029b74                boot
                0x02029b74                _prestart
                0x02029f1c                _exit
                0x02029f24                _sbrk_r
                0x02029f5c                OStrap
                0x02029f74                mySWI
                0x02029f74                __cs3_isr_swi
                0x02029fbc                SWI_Handler
                0x02029fc0                OScontext
                0x02029fe0                CoreContext
                0x02029ff4                OSstack
                0x0202a050                OSintCtrl
                0x0202a070                OSintBack
                0x0202a080                OSintOff
                0x0202a08c                OSintOn
                0x0202a094                OSisrInfo
                0x0202a0a4                __cs3_isr_irq
                0x0202a0a4                ISRdispatch
                0x0202a1d8                OSinvalidISR
                0x0202a1e0                COREgetPeriph
                0x0202a1e8                COREgetID
                0x0202a1f4                GICinit
                0x0202a298                GICenable
                0x0202a3d8                COREreentOK
                0x0202a41c                COREstart1
                0x0202a428                COREstart2
                0x0202a434                COREstart3
                0x0202a440                COREstart0
                0x0202a44c                CoreIdle
                0x0202a47c                COREsafeGetID
                0x0202a4a0                COREsendISR
                0x0202a4d4                COREwakeISR
                0x0202a500                COREisInISR
                0x0202a514                COREtaskNow
                0x0202a538                COREchkRedo
                0x0202a598                CORElock
                0x0202a5c8                COREunlock
                0x0202a5dc                SPINlock
                0x0202a5ec                SPINtrylock
                0x0202a5fc                SPIN_lock
                0x0202a684                SPINunlock
 .text          0x0202a6f0      0x798 ../../mAbassi/Platform/lib\lib_mAbassi_EVAL_R_GCC_AR5_CY5.a(ARMv7_SMP_L1_L2_GCC_AR5_CY5.o)
                0x0202a6f0                COREcacheON
                0x0202ab7c                DCacheInvalRange
                0x0202ac90                DCacheFlushRange
                0x0202ada4                MMUlog2Phy
                0x0202ae04                MMUphy2Log
 .text          0x0202ae88       0x4c c:/intelfpga/18.0/embedded/host_tools/mentor/gnu/arm/baremetal/bin/../lib/gcc/arm-altera-eabi/6.2.0/../../../../arm-altera-eabi/lib\libcs3.a(start_c.o)
                0x0202ae88                __cs3_premain
 .text          0x0202aed4      0x148 c:/intelfpga/18.0/embedded/host_tools/mentor/gnu/arm/baremetal/bin/../lib/gcc/arm-altera-eabi/6.2.0\libgcc.a(_divsi3.o)
                0x0202aed4                __divsi3
                0x0202aed4                __aeabi_idiv
                0x0202affc                __aeabi_idivmod
 .text          0x0202b01c        0x4 c:/intelfpga/18.0/embedded/host_tools/mentor/gnu/arm/baremetal/bin/../lib/gcc/arm-altera-eabi/6.2.0\libgcc.a(_dvmd_tls.o)
                0x0202b01c                __aeabi_idiv0
                0x0202b01c                __aeabi_ldiv0
 .text          0x0202b020       0x24 c:/intelfpga/18.0/embedded/host_tools/mentor/gnu/arm/baremetal/bin/../lib/gcc/arm-altera-eabi/6.2.0/../../../../arm-altera-eabi/lib\libc.a(lib_a-calloc.o)
                0x0202b020                calloc
 .text          0x0202b044       0x98 c:/intelfpga/18.0/embedded/host_tools/mentor/gnu/arm/baremetal/bin/../lib/gcc/arm-altera-eabi/6.2.0/../../../../arm-altera-eabi/lib\libc.a(lib_a-callocr.o)
                0x0202b044                _calloc_r
 .text          0x0202b0dc      0x164 c:/intelfpga/18.0/embedded/host_tools/mentor/gnu/arm/baremetal/bin/../lib/gcc/arm-altera-eabi/6.2.0/../../../../arm-altera-eabi/lib\libc.a(lib_a-fwrite.o)
                0x0202b0dc                _fwrite_r
                0x0202b204                fwrite
 .text          0x0202b240       0x80 c:/intelfpga/18.0/embedded/host_tools/mentor/gnu/arm/baremetal/bin/../lib/gcc/arm-altera-eabi/6.2.0/../../../../arm-altera-eabi/lib\libc.a(lib_a-init.o)
                0x0202b240                __libc_init_array
 .text          0x0202b2c0       0x38 c:/intelfpga/18.0/embedded/host_tools/mentor/gnu/arm/baremetal/bin/../lib/gcc/arm-altera-eabi/6.2.0/../../../../arm-altera-eabi/lib\libc.a(lib_a-malloc.o)
                0x0202b2c0                malloc
                0x0202b2dc                free
 .text          0x0202b2f8      0x750 c:/intelfpga/18.0/embedded/host_tools/mentor/gnu/arm/baremetal/bin/../lib/gcc/arm-altera-eabi/6.2.0/../../../../arm-altera-eabi/lib\libc.a(lib_a-mallocr.o)
                0x0202b2f8                _malloc_r
 .text          0x0202ba48       0xf0 c:/intelfpga/18.0/embedded/host_tools/mentor/gnu/arm/baremetal/bin/../lib/gcc/arm-altera-eabi/6.2.0/../../../../arm-altera-eabi/lib\libc.a(lib_a-memcmp.o)
                0x0202ba48                memcmp
 .text          0x0202bb38      0x114 c:/intelfpga/18.0/embedded/host_tools/mentor/gnu/arm/baremetal/bin/../lib/gcc/arm-altera-eabi/6.2.0/../../../../arm-altera-eabi/lib\libc.a(lib_a-memcpy-stub.o)
                0x0202bb38                memcpy
 .text          0x0202bc4c      0x148 c:/intelfpga/18.0/embedded/host_tools/mentor/gnu/arm/baremetal/bin/../lib/gcc/arm-altera-eabi/6.2.0/../../../../arm-altera-eabi/lib\libc.a(lib_a-memmove.o)
                0x0202bc4c                memmove
 .text          0x0202bd94      0x114 c:/intelfpga/18.0/embedded/host_tools/mentor/gnu/arm/baremetal/bin/../lib/gcc/arm-altera-eabi/6.2.0/../../../../arm-altera-eabi/lib\libc.a(lib_a-memset.o)
                0x0202bd94                memset
 .text          0x0202bea8       0x6c c:/intelfpga/18.0/embedded/host_tools/mentor/gnu/arm/baremetal/bin/../lib/gcc/arm-altera-eabi/6.2.0/../../../../arm-altera-eabi/lib\libc.a(lib_a-printf.o)
                0x0202bea8                _printf_r
                0x0202bedc                printf
 .text          0x0202bf14      0x12c c:/intelfpga/18.0/embedded/host_tools/mentor/gnu/arm/baremetal/bin/../lib/gcc/arm-altera-eabi/6.2.0/../../../../arm-altera-eabi/lib\libc.a(lib_a-puts.o)
                0x0202bf14                _puts_r
                0x0202c028                puts
 .text          0x0202c040       0x24 c:/intelfpga/18.0/embedded/host_tools/mentor/gnu/arm/baremetal/bin/../lib/gcc/arm-altera-eabi/6.2.0/../../../../arm-altera-eabi/lib\libc.a(lib_a-realloc.o)
                0x0202c040                realloc
 .text          0x0202c064      0x4d4 c:/intelfpga/18.0/embedded/host_tools/mentor/gnu/arm/baremetal/bin/../lib/gcc/arm-altera-eabi/6.2.0/../../../../arm-altera-eabi/lib\libc.a(lib_a-reallocr.o)
                0x0202c064                _realloc_r
 .text          0x0202c538      0x258 c:/intelfpga/18.0/embedded/host_tools/mentor/gnu/arm/baremetal/bin/../lib/gcc/arm-altera-eabi/6.2.0/../../../../arm-altera-eabi/lib\libc.a(lib_a-setvbuf.o)
                0x0202c538                setvbuf
 .text          0x0202c790       0xcc c:/intelfpga/18.0/embedded/host_tools/mentor/gnu/arm/baremetal/bin/../lib/gcc/arm-altera-eabi/6.2.0/../../../../arm-altera-eabi/lib\libc.a(lib_a-sprintf.o)
                0x0202c790                _sprintf_r
                0x0202c7f4                sprintf
 .text          0x0202c85c       0x74 c:/intelfpga/18.0/embedded/host_tools/mentor/gnu/arm/baremetal/bin/../lib/gcc/arm-altera-eabi/6.2.0/../../../../arm-altera-eabi/lib\libc.a(lib_a-stpcpy.o)
                0x0202c85c                stpcpy
 .text          0x0202c8d0      0x1ac c:/intelfpga/18.0/embedded/host_tools/mentor/gnu/arm/baremetal/bin/../lib/gcc/arm-altera-eabi/6.2.0/../../../../arm-altera-eabi/lib\libc.a(lib_a-strchr.o)
                0x0202c8d0                strchr
 .text          0x0202ca7c      0x224 c:/intelfpga/18.0/embedded/host_tools/mentor/gnu/arm/baremetal/bin/../lib/gcc/arm-altera-eabi/6.2.0/../../../../arm-altera-eabi/lib\libc.a(lib_a-strcmp.o)
                0x0202ca7c                strcmp
 .text          0x0202cca0       0xf0 c:/intelfpga/18.0/embedded/host_tools/mentor/gnu/arm/baremetal/bin/../lib/gcc/arm-altera-eabi/6.2.0/../../../../arm-altera-eabi/lib\libc.a(lib_a-strcpy.o)
                0x0202cca0                strcpy
 .text          0x0202cd90       0x64 c:/intelfpga/18.0/embedded/host_tools/mentor/gnu/arm/baremetal/bin/../lib/gcc/arm-altera-eabi/6.2.0/../../../../arm-altera-eabi/lib\libc.a(lib_a-strcspn.o)
                0x0202cd90                strcspn
 .text          0x0202cdf4       0x60 c:/intelfpga/18.0/embedded/host_tools/mentor/gnu/arm/baremetal/bin/../lib/gcc/arm-altera-eabi/6.2.0/../../../../arm-altera-eabi/lib\libc.a(lib_a-strlen-stub.o)
                0x0202cdf4                strlen
 .text          0x0202ce54      0x110 c:/intelfpga/18.0/embedded/host_tools/mentor/gnu/arm/baremetal/bin/../lib/gcc/arm-altera-eabi/6.2.0/../../../../arm-altera-eabi/lib\libc.a(lib_a-strncmp.o)
                0x0202ce54                strncmp
 .text          0x0202cf64       0xdc c:/intelfpga/18.0/embedded/host_tools/mentor/gnu/arm/baremetal/bin/../lib/gcc/arm-altera-eabi/6.2.0/../../../../arm-altera-eabi/lib\libc.a(lib_a-strncpy.o)
                0x0202cf64                strncpy
 .text          0x0202d040       0x70 c:/intelfpga/18.0/embedded/host_tools/mentor/gnu/arm/baremetal/bin/../lib/gcc/arm-altera-eabi/6.2.0/../../../../arm-altera-eabi/lib\libc.a(lib_a-strspn.o)
                0x0202d040                strspn
 .text          0x0202d0b0      0x834 c:/intelfpga/18.0/embedded/host_tools/mentor/gnu/arm/baremetal/bin/../lib/gcc/arm-altera-eabi/6.2.0/../../../../arm-altera-eabi/lib\libc.a(lib_a-strstr.o)
                0x0202d56c                strstr
 .text          0x0202d8e4      0x308 c:/intelfpga/18.0/embedded/host_tools/mentor/gnu/arm/baremetal/bin/../lib/gcc/arm-altera-eabi/6.2.0/../../../../arm-altera-eabi/lib\libc.a(lib_a-strtol.o)
                0x0202db04                _strtol_r
                0x0202db58                strtol_l
                0x0202db94                strtol
 .text          0x0202dbec      0x3c8 c:/intelfpga/18.0/embedded/host_tools/mentor/gnu/arm/baremetal/bin/../lib/gcc/arm-altera-eabi/6.2.0/../../../../arm-altera-eabi/lib\libc.a(lib_a-strtoll.o)
                0x0202decc                _strtoll_r
                0x0202df20                strtoll_l
                0x0202df5c                strtoll
 .text          0x0202dfb4      0x2d0 c:/intelfpga/18.0/embedded/host_tools/mentor/gnu/arm/baremetal/bin/../lib/gcc/arm-altera-eabi/6.2.0/../../../../arm-altera-eabi/lib\libc.a(lib_a-strtoul.o)
                0x0202e19c                _strtoul_r
                0x0202e1f0                strtoul_l
                0x0202e22c                strtoul
 *fill*         0x0202e284        0x4 
 .text          0x0202e288      0x360 c:/intelfpga/18.0/embedded/host_tools/mentor/gnu/arm/baremetal/bin/../lib/gcc/arm-altera-eabi/6.2.0/../../../../arm-altera-eabi/lib\libc.a(lib_a-strtoull.o)
                0x0202e500                _strtoull_r
                0x0202e554                strtoull_l
                0x0202e590                strtoull
 .text          0x0202e5e8     0x2030 c:/intelfpga/18.0/embedded/host_tools/mentor/gnu/arm/baremetal/bin/../lib/gcc/arm-altera-eabi/6.2.0/../../../../arm-altera-eabi/lib\libc.a(lib_a-svfprintf.o)
                0x0202e5e8                _svfprintf_r
 .text          0x02030618     0x22ec c:/intelfpga/18.0/embedded/host_tools/mentor/gnu/arm/baremetal/bin/../lib/gcc/arm-altera-eabi/6.2.0/../../../../arm-altera-eabi/lib\libc.a(lib_a-vfprintf.o)
                0x02030618                _vfprintf_r
                0x0203280c                vfprintf
 .text          0x02032904      0x154 c:/intelfpga/18.0/embedded/host_tools/mentor/gnu/arm/baremetal/bin/../lib/gcc/arm-altera-eabi/6.2.0/../../../../arm-altera-eabi/lib\libc.a(lib_a-wbuf.o)
                0x02032904                __swbuf_r
                0x02032a38                __swbuf
 .text          0x02032a58      0x158 c:/intelfpga/18.0/embedded/host_tools/mentor/gnu/arm/baremetal/bin/../lib/gcc/arm-altera-eabi/6.2.0/../../../../arm-altera-eabi/lib\libc.a(lib_a-wsetup.o)
                0x02032a58                __swsetup_r
 .text          0x02032bb0     0x181c c:/intelfpga/18.0/embedded/host_tools/mentor/gnu/arm/baremetal/bin/../lib/gcc/arm-altera-eabi/6.2.0/../../../../arm-altera-eabi/lib\libc.a(lib_a-dtoa.o)
                0x02032d90                _dtoa_r
 .text          0x020343cc      0x314 c:/intelfpga/18.0/embedded/host_tools/mentor/gnu/arm/baremetal/bin/../lib/gcc/arm-altera-eabi/6.2.0/../../../../arm-altera-eabi/lib\libc.a(lib_a-fflush.o)
                0x020343cc                __sflush_r
                0x02034608                _fflush_r
                0x020346a4                fflush
 .text          0x020346e0      0x3e4 c:/intelfpga/18.0/embedded/host_tools/mentor/gnu/arm/baremetal/bin/../lib/gcc/arm-altera-eabi/6.2.0/../../../../arm-altera-eabi/lib\libc.a(lib_a-findfp.o)
                0x020346e0                _cleanup_r
                0x020347ec                __sfmoreglue
                0x0203483c                _cleanup
                0x02034860                __sinit
                0x020348f4                __sfp
                0x02034a14                __sfp_lock_acquire
                0x02034a2c                __sfp_lock_release
                0x02034a44                __sinit_lock_acquire
                0x02034a5c                __sinit_lock_release
                0x02034a74                __fp_lock_all
                0x02034a9c                __fp_unlock_all
 .text.startup  0x02034ac4       0x30 c:/intelfpga/18.0/embedded/host_tools/mentor/gnu/arm/baremetal/bin/../lib/gcc/arm-altera-eabi/6.2.0/../../../../arm-altera-eabi/lib\libc.a(lib_a-findfp.o)
 .text          0x02034af4      0x3e0 c:/intelfpga/18.0/embedded/host_tools/mentor/gnu/arm/baremetal/bin/../lib/gcc/arm-altera-eabi/6.2.0/../../../../arm-altera-eabi/lib\libc.a(lib_a-freer.o)
                0x02034af4                _malloc_trim_r
                0x02034bf4                _free_r
 .text          0x02034ed4      0x4dc c:/intelfpga/18.0/embedded/host_tools/mentor/gnu/arm/baremetal/bin/../lib/gcc/arm-altera-eabi/6.2.0/../../../../arm-altera-eabi/lib\libc.a(lib_a-fvwrite.o)
                0x02034ed4                __sfvwrite_r
 .text          0x020353b0      0x110 c:/intelfpga/18.0/embedded/host_tools/mentor/gnu/arm/baremetal/bin/../lib/gcc/arm-altera-eabi/6.2.0/../../../../arm-altera-eabi/lib\libc.a(lib_a-fwalk.o)
                0x020353b0                _fwalk
                0x02035434                _fwalk_reent
 .text          0x020354c0       0xf4 c:/intelfpga/18.0/embedded/host_tools/mentor/gnu/arm/baremetal/bin/../lib/gcc/arm-altera-eabi/6.2.0/../../../../arm-altera-eabi/lib\libc.a(lib_a-locale.o)
                0x020354e4                _setlocale_r
                0x0203554c                __locale_mb_cur_max
                0x02035574                __locale_ctype_ptr_l
                0x0203557c                __locale_ctype_ptr
                0x02035594                setlocale
 .text          0x020355b4       0x58 c:/intelfpga/18.0/embedded/host_tools/mentor/gnu/arm/baremetal/bin/../lib/gcc/arm-altera-eabi/6.2.0/../../../../arm-altera-eabi/lib\libc.a(lib_a-localeconv.o)
                0x020355b4                __localeconv_l
                0x020355bc                _localeconv_r
                0x020355e4                localeconv
 .text          0x0203560c      0x18c c:/intelfpga/18.0/embedded/host_tools/mentor/gnu/arm/baremetal/bin/../lib/gcc/arm-altera-eabi/6.2.0/../../../../arm-altera-eabi/lib\libc.a(lib_a-makebuf.o)
                0x0203560c                __swhatbuf_r
                0x020356ac                __smakebuf_r
 .text          0x02035798       0xa0 c:/intelfpga/18.0/embedded/host_tools/mentor/gnu/arm/baremetal/bin/../lib/gcc/arm-altera-eabi/6.2.0/../../../../arm-altera-eabi/lib\libc.a(lib_a-mbtowc_r.o)
                0x02035798                _mbtowc_r
                0x020357ec                __ascii_mbtowc
 .text          0x02035838      0x110 c:/intelfpga/18.0/embedded/host_tools/mentor/gnu/arm/baremetal/bin/../lib/gcc/arm-altera-eabi/6.2.0/../../../../arm-altera-eabi/lib\libc.a(lib_a-memchr-stub.o)
                0x02035838                memchr
 .text          0x02035948      0xd98 c:/intelfpga/18.0/embedded/host_tools/mentor/gnu/arm/baremetal/bin/../lib/gcc/arm-altera-eabi/6.2.0/../../../../arm-altera-eabi/lib\libc.a(lib_a-mprec.o)
                0x02035948                _Balloc
                0x020359d4                _Bfree
                0x020359f0                __multadd
                0x02035acc                __s2b
                0x02035bbc                __hi0bits
                0x02035c14                __lo0bits
                0x02035cb4                __i2b
                0x02035cd8                __multiply
                0x02035ea8                __pow5mult
                0x02035fac                __lshift
                0x02036094                __mcmp
                0x020360f4                __mdiff
                0x0203629c                __ulp
                0x02036304                __b2d
                0x020363f0                __d2b
                0x02036500                __ratio
                0x02036590                _mprec_log10
                0x020365f0                __copybits
                0x02036660                __any_on
 .text          0x020366e0       0xd8 c:/intelfpga/18.0/embedded/host_tools/mentor/gnu/arm/baremetal/bin/../lib/gcc/arm-altera-eabi/6.2.0/../../../../arm-altera-eabi/lib\libc.a(lib_a-stdio.o)
                0x020366e0                __sread
                0x02036714                __seofread
                0x0203671c                __swrite
                0x02036774                __sseek
                0x020367a4                __sclose
 .text          0x020367b8     0x11e0 c:/intelfpga/18.0/embedded/host_tools/mentor/gnu/arm/baremetal/bin/../lib/gcc/arm-altera-eabi/6.2.0/../../../../arm-altera-eabi/lib\libc.a(lib_a-svfiprintf.o)
                0x020367b8                __ssprint_r
                0x02036948                _svfiprintf_r
 .text          0x02037998     0x14c4 c:/intelfpga/18.0/embedded/host_tools/mentor/gnu/arm/baremetal/bin/../lib/gcc/arm-altera-eabi/6.2.0/../../../../arm-altera-eabi/lib\libc.a(lib_a-vfiprintf.o)
                0x02037a48                __sprint_r
                0x02037a60                _vfiprintf_r
                0x02038d64                vfiprintf
 .text          0x02038e5c       0x74 c:/intelfpga/18.0/embedded/host_tools/mentor/gnu/arm/baremetal/bin/../lib/gcc/arm-altera-eabi/6.2.0/../../../../arm-altera-eabi/lib\libc.a(lib_a-wctomb_r.o)
                0x02038e5c                _wctomb_r
                0x02038ea8                __ascii_wctomb
 .text          0x02038ed0      0x180 c:/intelfpga/18.0/embedded/host_tools/mentor/gnu/arm/baremetal/bin/../lib/gcc/arm-altera-eabi/6.2.0/../../../../arm-altera-eabi/lib\libc.a(lib_a-fclose.o)
                0x02038ed0                _fclose_r
                0x02039038                fclose
 .text          0x02039050      0x204 c:/intelfpga/18.0/embedded/host_tools/mentor/gnu/arm/baremetal/bin/../lib/gcc/arm-altera-eabi/6.2.0/../../../../arm-altera-eabi/lib\libc.a(lib_a-fputwc.o)
                0x02039050                __fputwc
                0x02039160                _fputwc_r
                0x0203921c                fputwc
 .text          0x02039254      0x150 c:/intelfpga/18.0/embedded/host_tools/mentor/gnu/arm/baremetal/bin/../lib/gcc/arm-altera-eabi/6.2.0/../../../../arm-altera-eabi/lib\libc.a(lib_a-wcrtomb.o)
                0x02039254                _wcrtomb_r
                0x020392f8                wcrtomb
 .text          0x020393a4      0x114 c:/intelfpga/18.0/embedded/host_tools/mentor/gnu/arm/baremetal/bin/../lib/gcc/arm-altera-eabi/6.2.0\libgcc.a(_udivsi3.o)
                0x020393a4                __aeabi_uidiv
                0x020393a4                __udivsi3
                0x02039498                __aeabi_uidivmod
 .text          0x020394b8      0x41c c:/intelfpga/18.0/embedded/host_tools/mentor/gnu/arm/baremetal/bin/../lib/gcc/arm-altera-eabi/6.2.0\libgcc.a(_arm_addsubdf3.o)
                0x020394b8                __aeabi_drsub
                0x020394c0                __aeabi_dsub
                0x020394c0                __subdf3
                0x020394c4                __aeabi_dadd
                0x020394c4                __adddf3
                0x020397d4                __floatunsidf
                0x020397d4                __aeabi_ui2d
                0x020397f8                __floatsidf
                0x020397f8                __aeabi_i2d
                0x02039820                __aeabi_f2d
                0x02039820                __extendsfdf2
                0x02039860                __floatundidf
                0x02039860                __aeabi_ul2d
                0x02039874                __floatdidf
                0x02039874                __aeabi_l2d
 .text          0x020398d4      0x49c c:/intelfpga/18.0/embedded/host_tools/mentor/gnu/arm/baremetal/bin/../lib/gcc/arm-altera-eabi/6.2.0\libgcc.a(_arm_muldivdf3.o)
                0x020398d4                __aeabi_dmul
                0x020398d4                __muldf3
                0x02039b64                __divdf3
                0x02039b64                __aeabi_ddiv
 .text          0x02039d70      0x144 c:/intelfpga/18.0/embedded/host_tools/mentor/gnu/arm/baremetal/bin/../lib/gcc/arm-altera-eabi/6.2.0\libgcc.a(_arm_cmpdf2.o)
                0x02039d70                __gtdf2
                0x02039d70                __gedf2
                0x02039d78                __ltdf2
                0x02039d78                __ledf2
                0x02039d80                __nedf2
                0x02039d80                __eqdf2
                0x02039d80                __cmpdf2
                0x02039e08                __aeabi_cdrcmple
                0x02039e24                __aeabi_cdcmpeq
                0x02039e24                __aeabi_cdcmple
                0x02039e3c                __aeabi_dcmpeq
                0x02039e54                __aeabi_dcmplt
                0x02039e6c                __aeabi_dcmple
                0x02039e84                __aeabi_dcmpge
                0x02039e9c                __aeabi_dcmpgt
 .text          0x02039eb4       0x38 c:/intelfpga/18.0/embedded/host_tools/mentor/gnu/arm/baremetal/bin/../lib/gcc/arm-altera-eabi/6.2.0\libgcc.a(_arm_unorddf2.o)
                0x02039eb4                __unorddf2
                0x02039eb4                __aeabi_dcmpun
 .text          0x02039eec       0x5c c:/intelfpga/18.0/embedded/host_tools/mentor/gnu/arm/baremetal/bin/../lib/gcc/arm-altera-eabi/6.2.0\libgcc.a(_arm_fixdfsi.o)
                0x02039eec                __aeabi_d2iz
                0x02039eec                __fixdfsi
 .text          0x02039f48       0x3c c:/intelfpga/18.0/embedded/host_tools/mentor/gnu/arm/baremetal/bin/../lib/gcc/arm-altera-eabi/6.2.0\libgcc.a(_aeabi_uldivmod.o)
                0x02039f48                __aeabi_uldivmod
 .text          0x02039f84      0x12c c:/intelfpga/18.0/embedded/host_tools/mentor/gnu/arm/baremetal/bin/../lib/gcc/arm-altera-eabi/6.2.0\libgcc.a(_udivmoddi4.o)
                0x02039f84                __udivmoddi4
 .text          0x0203a0b0       0x28 c:/intelfpga/18.0/embedded/host_tools/mentor/gnu/arm/baremetal/bin/../lib/gcc/arm-altera-eabi/6.2.0\libgcc.a(_clzdi2.o)
                0x0203a0b0                __clzdi2
 .text          0x0203a0d8       0x48 c:/intelfpga/18.0/embedded/host_tools/mentor/gnu/arm/baremetal/bin/../lib/gcc/arm-altera-eabi/6.2.0\libgcc.a(_clzsi2.o)
                0x0203a0d8                __clzsi2
 *(.plt)
 *(.gnu.warning)
 *(.glue_7t)
 .glue_7t       0x0203a120        0x0 linker stubs
 *(.glue_7)
 .glue_7        0x0203a120        0x0 linker stubs
 *(.vfp11_veneer)
 .vfp11_veneer  0x0203a120        0x0 linker stubs
 *(.ARM.extab* .gnu.linkonce.armextab.*)
 *(.gcc_except_table)

.v4_bx          0x0203a120        0x0
 .v4_bx         0x0203a120        0x0 linker stubs

.iplt           0x0203a120        0x0
 .iplt          0x0203a120        0x0 c:/intelfpga/18.0/embedded/host_tools/mentor/gnu/arm/baremetal/bin/../lib/gcc/arm-altera-eabi/6.2.0/crtbegin.o

.eh_frame_hdr
 *(.eh_frame_hdr)
 *(.eh_frame_entry .eh_frame_entry.*)

.eh_frame       0x0203a120        0x4
 *(.eh_frame)
 .eh_frame      0x0203a120        0x0 c:/intelfpga/18.0/embedded/host_tools/mentor/gnu/arm/baremetal/bin/../lib/gcc/arm-altera-eabi/6.2.0/crtbegin.o
 .eh_frame      0x0203a120        0x4 c:/intelfpga/18.0/embedded/host_tools/mentor/gnu/arm/baremetal/bin/../lib/gcc/arm-altera-eabi/6.2.0/crtend.o
 *(.eh_frame.*)
                [!provide]                PROVIDE (__exidx_start, .)

.ARM.exidx      0x0203a124        0x8
 *(.ARM.exidx* .gnu.linkonce.armexidx.*)
 .ARM.exidx     0x0203a124        0x8 c:/intelfpga/18.0/embedded/host_tools/mentor/gnu/arm/baremetal/bin/../lib/gcc/arm-altera-eabi/6.2.0\libgcc.a(_udivmoddi4.o)
                [!provide]                PROVIDE (__exidx_end, .)

.rel.dyn        0x0203a12c        0x0
 .rel.iplt      0x0203a12c        0x0 c:/intelfpga/18.0/embedded/host_tools/mentor/gnu/arm/baremetal/bin/../lib/gcc/arm-altera-eabi/6.2.0/crtbegin.o

.rodata         0x0203a130   0x16e140
 *(.rodata .rodata.* .gnu.linkonce.r.*)
 .rodata.main.str1.4
                0x0203a130      0x24f Demo_10-19_CORTEXA9.o
                                0x253 (size before relaxing)
 *fill*         0x0203a37f        0x1 
 .rodata.ButtonUpdate.str1.4
                0x0203a380        0x5 CGI_SSI.o
 *fill*         0x0203a385        0x3 
 .rodata.CGIinit.str1.4
                0x0203a388        0xa CGI_SSI.o
 *fill*         0x0203a392        0x2 
 .rodata.LEDS_CGI_Handler.str1.4
                0x0203a394        0xb CGI_SSI.o
                                 0x1e (size before relaxing)
 *fill*         0x0203a39f        0x1 
 .rodata.SSIinit.str1.4
                0x0203a3a0      0x22f CGI_SSI.o
                                0x233 (size before relaxing)
 *fill*         0x0203a5cf        0x1 
 .rodata.WebPageRTOS.str1.4
                0x0203a5d0       0xd7 CGI_SSI.o
 *fill*         0x0203a6a7        0x1 
 .rodata.XL345update.str1.4
                0x0203a6a8       0x27 CGI_SSI.o
 *fill*         0x0203a6cf        0x1 
 .rodata.g_SwitchState
                0x0203a6d0        0x8 CGI_SSI.o
 .rodata.LwIP_DHCP_task.str1.4
                0x0203a6d8       0x7c NetAddr.o
 .rodata.LwIP_Init.str1.4
                0x0203a754       0x3c NetAddr.o
 .rodata.NetAddr_Init.str1.4
                0x0203a790       0x3e NetAddr.o
                                 0x4e (size before relaxing)
 *fill*         0x0203a7ce        0x2 
 .rodata.POSTprocess.str1.4
                0x0203a7d0       0x10 WebServer.o
 .rodata.SSIevalExpr.str1.4
                0x0203a7e0       0x22 WebServer.o
                                 0x2a (size before relaxing)
 *fill*         0x0203a802        0x2 
 .rodata.SSIexpand.str1.4
                0x0203a804       0xe9 WebServer.o
                                 0xf5 (size before relaxing)
 *fill*         0x0203a8ed        0x3 
 .rodata.SSIvarUpdate.str1.4
                0x0203a8f0       0x17 WebServer.o
 *fill*         0x0203a907        0x1 
 .rodata.WebServerInit.str1.4
                0x0203a908        0x9 WebServer.o
 *fill*         0x0203a911        0x7 
 .rodata.G_EMACaddr
                0x0203a918        0x8 dw_ethernet.o
                0x0203a918                G_EMACaddr
 .rodata.G_EMACreMap
                0x0203a920        0x8 dw_ethernet.o
                0x0203a920                G_EMACreMap
 .rodata.PHY_init.str1.4
                0x0203a928      0x480 dw_ethernet.o
                                0x488 (size before relaxing)
 .rodata.g_Skews
                0x0203ada8       0x90 dw_ethernet.o
 .rodata.g_DevReMap
                0x0203ae38       0x10 dw_i2c.o
 .rodata.g_HWaddr
                0x0203ae48       0x10 dw_i2c.o
 .rodata.g_MuxIO
                0x0203ae58       0xc0 dw_i2c.o
 .rodata.g_Names
                0x0203af18       0x40 dw_i2c.o
 .rodata.BSecho.7397
                0x0203af58        0x2 dw_uart.o
 *fill*         0x0203af5a        0x6 
 .rodata.g_DevReMap
                0x0203af60        0x8 dw_uart.o
 .rodata.g_HWaddr
                0x0203af68        0x8 dw_uart.o
 .rodata.g_Names
                0x0203af70       0x40 dw_uart.o
 .rodata.ethbroadcast
                0x0203afb0        0x6 etharp.o
                0x0203afb0                ethbroadcast
 *fill*         0x0203afb6        0x2 
 .rodata.ethzero
                0x0203afb8        0x6 etharp.o
                0x0203afb8                ethzero
 *fill*         0x0203afbe        0x2 
 .rodata.ethernetif_4_init.str1.4
                0x0203afc0      0x11c ethernetif.o
                                0x12c (size before relaxing)
 .rodata.ethernetif_input.str1.4
                0x0203b0dc       0x72 ethernetif.o
 *fill*         0x0203b14e        0x2 
 .rodata.g_EthName
                0x0203b150       0x1e ethernetif.o
 *fill*         0x0203b16e        0x2 
 .rodata.g_RXsemName
                0x0203b170       0x2d ethernetif.o
 *fill*         0x0203b19d        0x3 
 .rodata.g_TXsemName
                0x0203b1a0       0x2d ethernetif.o
 *fill*         0x0203b1cd        0x3 
 .rodata.low_level_output.str1.4
                0x0203b1d0       0x6a ethernetif.o
 *fill*         0x0203b23a        0x2 
 .rodata.ip_addr_any
                0x0203b23c        0x4 ip_addr.o
                0x0203b23c                ip_addr_any
 .rodata.ip_addr_broadcast
                0x0203b240        0x4 ip_addr.o
                0x0203b240                ip_addr_broadcast
 *fill*         0x0203b244        0x4 
 .rodata.memp_num
                0x0203b248       0x1e memp.o
 *fill*         0x0203b266        0x2 
 .rodata.memp_sizes
                0x0203b268       0x1e memp.o
 *fill*         0x0203b286        0x2 
 .rodata.g_Names
                0x0203b288       0x80 sys_arch.o
 .rodata.tcp_backoff
                0x0203b308        0xd tcp.o
                0x0203b308                tcp_backoff
 *fill*         0x0203b315        0x3 
 .rodata.tcp_pcb_lists
                0x0203b318       0x10 tcp.o
                0x0203b318                tcp_pcb_lists
 .rodata.tcp_persist_backoff
                0x0203b328        0x7 tcp.o
                0x0203b328                tcp_persist_backoff
 *fill*         0x0203b32f        0x1 
 .rodata.tcpip_init.str1.4
                0x0203b330        0xd tcpip.o
 *fill*         0x0203b33d        0x3 
 .rodata.IperfTXinit.str1.4
                0x0203b340        0x7 IperfTX.o
 *fill*         0x0203b347        0x1 
 .rodata.IperfTXtask.str1.4
                0x0203b348       0x5f IperfTX.o
 *fill*         0x0203b3a7        0x1 
 .rodata.WebserverTask.str1.4
                0x0203b3a8      0x17f httpserver-netconn.o
                                0x183 (size before relaxing)
 *fill*         0x0203b527        0x1 
 .rodata.g_MyVerbs
                0x0203b528       0x48 httpserver-netconn.o
 .rodata.http_server_init.str1.4
                0x0203b570        0xc httpserver-netconn.o
 *fill*         0x0203b57c        0x4 
 .rodata.data_404_html
                0x0203b580      0x1d1 fs.o
 *fill*         0x0203b751        0x7 
 .rodata.data_Buttons_shtml
                0x0203b758     0x1a63 fs.o
 *fill*         0x0203d1bb        0x5 
 .rodata.data_I2C_shtml
                0x0203d1c0     0x1a83 fs.o
 *fill*         0x0203ec43        0x5 
 .rodata.data_I2Cstatus_shtml
                0x0203ec48     0x2727 fs.o
 *fill*         0x0204136f        0x1 
 .rodata.data_LCD_shtml
                0x02041370     0x160a fs.o
 *fill*         0x0204297a        0x6 
 .rodata.data_LED_shtml
                0x02042980     0x1648 fs.o
 .rodata.data_RTC_shtml
                0x02043fc8     0x1238 fs.o
 .rodata.data_Switches_shtml
                0x02045200     0x1a48 fs.o
 .rodata.data_TaskList_shtml
                0x02046c48     0x1204 fs.o
 *fill*         0x02047e4c        0x4 
 .rodata.data_default_shtml
                0x02047e50     0x38d8 fs.o
 .rodata.data_favicon_ico
                0x0204b728      0x4ef fs.o
 *fill*         0x0204bc17        0x1 
 .rodata.data_fsdata_c
                0x0204bc18   0x153180 fs.o
 .rodata.data_images_SW0_png
                0x0219ed98      0x15f fs.o
 *fill*         0x0219eef7        0x1 
 .rodata.data_images_SW1_png
                0x0219eef8      0x161 fs.o
 *fill*         0x0219f059        0x7 
 .rodata.data_images_logo_png
                0x0219f060     0x5c60 fs.o
 .rodata.file_404_html
                0x021a4cc0       0x14 fs.o
                0x021a4cc0                file_404_html
 .rodata.file_Buttons_shtml
                0x021a4cd4       0x14 fs.o
                0x021a4cd4                file_Buttons_shtml
 .rodata.file_I2C_shtml
                0x021a4ce8       0x14 fs.o
                0x021a4ce8                file_I2C_shtml
 .rodata.file_I2Cstatus_shtml
                0x021a4cfc       0x14 fs.o
                0x021a4cfc                file_I2Cstatus_shtml
 .rodata.file_LCD_shtml
                0x021a4d10       0x14 fs.o
                0x021a4d10                file_LCD_shtml
 .rodata.file_LED_shtml
                0x021a4d24       0x14 fs.o
                0x021a4d24                file_LED_shtml
 .rodata.file_RTC_shtml
                0x021a4d38       0x14 fs.o
                0x021a4d38                file_RTC_shtml
 .rodata.file_Switches_shtml
                0x021a4d4c       0x14 fs.o
                0x021a4d4c                file_Switches_shtml
 .rodata.file_TaskList_shtml
                0x021a4d60       0x14 fs.o
                0x021a4d60                file_TaskList_shtml
 .rodata.file_default_shtml
                0x021a4d74       0x14 fs.o
                0x021a4d74                file_default_shtml
 .rodata.file_favicon_ico
                0x021a4d88       0x14 fs.o
                0x021a4d88                file_favicon_ico
 .rodata.file_fsdata_c
                0x021a4d9c       0x14 fs.o
                0x021a4d9c                file_fsdata_c
 .rodata.file_images_SW0_png
                0x021a4db0       0x14 fs.o
                0x021a4db0                file_images_SW0_png
 .rodata.file_images_SW1_png
                0x021a4dc4       0x14 fs.o
                0x021a4dc4                file_images_SW1_png
 .rodata.file_images_logo_png
                0x021a4dd8       0x14 fs.o
                0x021a4dd8                file_images_logo_png
 .rodata.G_ABORTstackSize
                0x021a4dec        0x4 mAbassiCfgA9.o
                0x021a4dec                G_ABORTstackSize
 .rodata.G_FIQstackSize
                0x021a4df0        0x4 mAbassiCfgA9.o
                0x021a4df0                G_FIQstackSize
 .rodata.G_IRQstackSize
                0x021a4df4        0x4 mAbassiCfgA9.o
                0x021a4df4                G_IRQstackSize
 .rodata.G_MMUnonCachedTbl
                0x021a4df8        0xc mAbassiCfgA9.o
                0x021a4df8                G_MMUnonCachedTbl
 *fill*         0x021a4e04        0x4 
 .rodata.G_MMUnonCprivTbl
                0x021a4e08       0x10 mAbassiCfgA9.o
                0x021a4e08                G_MMUnonCprivTbl
 .rodata.G_MMUprivateTbl
                0x021a4e18       0x10 mAbassiCfgA9.o
                0x021a4e18                G_MMUprivateTbl
 .rodata.G_MMUsharedTbl
                0x021a4e28        0xc mAbassiCfgA9.o
                0x021a4e28                G_MMUsharedTbl
 .rodata.G_SUPERstackSize
                0x021a4e34        0x4 mAbassiCfgA9.o
                0x021a4e34                G_SUPERstackSize
 .rodata.G_UNDEFstackSize
                0x021a4e38        0x4 mAbassiCfgA9.o
                0x021a4e38                G_UNDEFstackSize
 .rodata.CmdEdit.str1.4
                0x021a4e3c      0x1a9 Shell.o
 *fill*         0x021a4fe5        0x3 
 .rodata.CmdEvt.str1.4
                0x021a4fe8       0xf2 Shell.o
                                 0xf8 (size before relaxing)
 *fill*         0x021a50da        0x2 
 .rodata.CmdGrp.str1.4
                0x021a50dc      0x38d Shell.o
                                0x391 (size before relaxing)
 *fill*         0x021a5469        0x3 
 .rodata.CmdHelp.str1.4
                0x021a546c      0x1e8 Shell.o
                                0x1ec (size before relaxing)
 .rodata.CmdLog.str1.4
                0x021a5654       0x36 Shell.o
 *fill*         0x021a568a        0x2 
 .rodata.CmdMblk.str1.4
                0x021a568c       0xc2 Shell.o
 *fill*         0x021a574e        0x2 
 .rodata.CmdMbx.str1.4
                0x021a5750      0x50f Shell.o
                                0x514 (size before relaxing)
 *fill*         0x021a5c5f        0x1 
 .rodata.CmdMem.str1.4
                0x021a5c60      0x188 Shell.o
 .rodata.CmdMtx.str1.4
                0x021a5de8      0x4f2 Shell.o
                                0x516 (size before relaxing)
 *fill*         0x021a62da        0x2 
 .rodata.CmdSem.str1.4
                0x021a62dc      0x431 Shell.o
 *fill*         0x021a670d        0x3 
 .rodata.CmdSys.str1.4
                0x021a6710      0x11c Shell.o
                                0x120 (size before relaxing)
 .rodata.CmdTask.str1.4
                0x021a682c      0xc82 Shell.o
                                0xc9a (size before relaxing)
 *fill*         0x021a74ae        0x2 
 .rodata.CmdTim.str1.4
                0x021a74b0      0x785 Shell.o
                                0x78d (size before relaxing)
 *fill*         0x021a7c35        0x3 
 .rodata.CommandLst
                0x021a7c38       0x70 Shell.o
 .rodata.OSshell.str1.4
                0x021a7ca8       0x55 Shell.o
 *fill*         0x021a7cfd        0x3 
 .rodata.PrtResult.str1.4
                0x021a7d00      0x1b1 Shell.o
 *fill*         0x021a7eb1        0x7 
 .rodata.G_OSnoName
                0x021a7eb8        0x4 ../../mAbassi/Platform/lib\lib_mAbassi_EVAL_R_GCC_AR5_CY5.a(mAbassi_EVAL_A9_GCC_2.o)
                0x021a7eb8                G_OSnoName
 *fill*         0x021a7ebc        0x4 
 .rodata.G_OSprivName
                0x021a7ec0        0x5 ../../mAbassi/Platform/lib\lib_mAbassi_EVAL_R_GCC_AR5_CY5.a(mAbassi_EVAL_A9_GCC_2.o)
                0x021a7ec0                G_OSprivName
 *fill*         0x021a7ec5        0x3 
 .rodata.OSstart.str1.4
                0x021a7ec8       0x34 ../../mAbassi/Platform/lib\lib_mAbassi_EVAL_R_GCC_AR5_CY5.a(mAbassi_EVAL_A9_GCC_2.o)
                                 0x38 (size before relaxing)
 *fill*         0x021a7efc        0x4 
 .rodata.g_OSMutexName
                0x021a7f00        0x6 ../../mAbassi/Platform/lib\lib_mAbassi_EVAL_R_GCC_AR5_CY5.a(mAbassi_EVAL_A9_GCC_2.o)
                0x021a7f00                g_OSMutexName
 *fill*         0x021a7f06        0x2 
 .rodata        0x021a7f08        0x4 c:/intelfpga/18.0/embedded/host_tools/mentor/gnu/arm/baremetal/bin/../lib/gcc/arm-altera-eabi/6.2.0/../../../../arm-altera-eabi/lib\libc.a(lib_a-impure.o)
                0x021a7f08                _global_impure_ptr
 .rodata.str1.4
                0x021a7f0c        0x2 c:/intelfpga/18.0/embedded/host_tools/mentor/gnu/arm/baremetal/bin/../lib/gcc/arm-altera-eabi/6.2.0/../../../../arm-altera-eabi/lib\libc.a(lib_a-puts.o)
 .rodata        0x021a7f0c       0x20 c:/intelfpga/18.0/embedded/host_tools/mentor/gnu/arm/baremetal/bin/../lib/gcc/arm-altera-eabi/6.2.0/../../../../arm-altera-eabi/lib\libc.a(lib_a-svfprintf.o)
 .rodata.str1.4
                0x021a7f2c       0x3f c:/intelfpga/18.0/embedded/host_tools/mentor/gnu/arm/baremetal/bin/../lib/gcc/arm-altera-eabi/6.2.0/../../../../arm-altera-eabi/lib\libc.a(lib_a-svfprintf.o)
                                 0x42 (size before relaxing)
 *fill*         0x021a7f6b        0x1 
 .rodata        0x021a7f6c       0x20 c:/intelfpga/18.0/embedded/host_tools/mentor/gnu/arm/baremetal/bin/../lib/gcc/arm-altera-eabi/6.2.0/../../../../arm-altera-eabi/lib\libc.a(lib_a-vfprintf.o)
 .rodata.str1.4
                0x021a7f8c       0x42 c:/intelfpga/18.0/embedded/host_tools/mentor/gnu/arm/baremetal/bin/../lib/gcc/arm-altera-eabi/6.2.0/../../../../arm-altera-eabi/lib\libc.a(lib_a-vfprintf.o)
 .rodata.str1.4
                0x021a7f8c       0x10 c:/intelfpga/18.0/embedded/host_tools/mentor/gnu/arm/baremetal/bin/../lib/gcc/arm-altera-eabi/6.2.0/../../../../arm-altera-eabi/lib\libc.a(lib_a-dtoa.o)
                                 0x12 (size before relaxing)
 .rodata.str1.4
                0x021a7f9c       0x10 c:/intelfpga/18.0/embedded/host_tools/mentor/gnu/arm/baremetal/bin/../lib/gcc/arm-altera-eabi/6.2.0/../../../../arm-altera-eabi/lib\libc.a(lib_a-locale.o)
                                 0x12 (size before relaxing)
 *fill*         0x021a7fac        0x4 
 .rodata        0x021a7fb0      0x128 c:/intelfpga/18.0/embedded/host_tools/mentor/gnu/arm/baremetal/bin/../lib/gcc/arm-altera-eabi/6.2.0/../../../../arm-altera-eabi/lib\libc.a(lib_a-mprec.o)
                0x021a7fc0                __mprec_tens
                0x021a8088                __mprec_tinytens
                0x021a80b0                __mprec_bigtens
 .rodata        0x021a80d8       0x20 c:/intelfpga/18.0/embedded/host_tools/mentor/gnu/arm/baremetal/bin/../lib/gcc/arm-altera-eabi/6.2.0/../../../../arm-altera-eabi/lib\libc.a(lib_a-svfiprintf.o)
 .rodata.str1.4
                0x021a80f8       0x2f c:/intelfpga/18.0/embedded/host_tools/mentor/gnu/arm/baremetal/bin/../lib/gcc/arm-altera-eabi/6.2.0/../../../../arm-altera-eabi/lib\libc.a(lib_a-svfiprintf.o)
 .rodata        0x021a80f8       0x20 c:/intelfpga/18.0/embedded/host_tools/mentor/gnu/arm/baremetal/bin/../lib/gcc/arm-altera-eabi/6.2.0/../../../../arm-altera-eabi/lib\libc.a(lib_a-vfiprintf.o)
 .rodata.str1.4
                0x021a8118       0x2f c:/intelfpga/18.0/embedded/host_tools/mentor/gnu/arm/baremetal/bin/../lib/gcc/arm-altera-eabi/6.2.0/../../../../arm-altera-eabi/lib\libc.a(lib_a-vfiprintf.o)
 .rodata        0x021a8118      0x101 c:/intelfpga/18.0/embedded/host_tools/mentor/gnu/arm/baremetal/bin/../lib/gcc/arm-altera-eabi/6.2.0/../../../../arm-altera-eabi/lib\libc.a(lib_a-ctype_.o)
                0x021a8118                _ctype_
                0x021a821c                . = ALIGN (0x4)
 *fill*         0x021a8219        0x3 
 *(.init)
 .init          0x021a821c        0xc c:/intelfpga/18.0/embedded/host_tools/mentor/gnu/arm/baremetal/bin/../lib/gcc/arm-altera-eabi/6.2.0/crti.o
                0x021a821c                _init
 .init          0x021a8228        0xc c:/intelfpga/18.0/embedded/host_tools/mentor/gnu/arm/baremetal/bin/../lib/gcc/arm-altera-eabi/6.2.0/crtn.o
                0x021a8234                . = ALIGN (0x4)
                0x021a8234                __preinit_array_start = .
 *(.preinit_array)
                0x021a8234                __preinit_array_end = .
                0x021a8234                . = ALIGN (0x4)
                0x021a8234                __init_array_start = .
 *(SORT(.init_array.*))
 .init_array.00000
                0x021a8234        0x8 c:/intelfpga/18.0/embedded/host_tools/mentor/gnu/arm/baremetal/bin/../lib/gcc/arm-altera-eabi/6.2.0/../../../../arm-altera-eabi/lib\libc.a(lib_a-findfp.o)
 *(.init_array)
 .init_array    0x021a823c        0x4 c:/intelfpga/18.0/embedded/host_tools/mentor/gnu/arm/baremetal/bin/../lib/gcc/arm-altera-eabi/6.2.0/crtbegin.o
                0x021a8240                __init_array_end = .
                0x021a8240                . = ALIGN (0x4)
 *(.fini)
 .fini          0x021a8240        0xc c:/intelfpga/18.0/embedded/host_tools/mentor/gnu/arm/baremetal/bin/../lib/gcc/arm-altera-eabi/6.2.0/crti.o
                0x021a8240                _fini
 .fini          0x021a824c        0xc c:/intelfpga/18.0/embedded/host_tools/mentor/gnu/arm/baremetal/bin/../lib/gcc/arm-altera-eabi/6.2.0/crtn.o
                0x021a8258                . = ALIGN (0x4)
                0x021a8258                __fini_array_start = .
 *(.fini_array)
 .fini_array    0x021a8258        0x4 c:/intelfpga/18.0/embedded/host_tools/mentor/gnu/arm/baremetal/bin/../lib/gcc/arm-altera-eabi/6.2.0/crtbegin.o
 *(SORT(.fini_array.*))
                0x021a825c                __fini_array_end = .
                0x021a825c                . = ALIGN (0x4)
 *crtbegin.o(.ctors)
 *crtbegin?.o(.ctors)
 *(EXCLUDE_FILE(*crtend.o) .ctors)
 *(SORT(.ctors.*))
 *crtend.o(.ctors)
 *(.ctors)
                0x021a825c                . = ALIGN (0x4)
 *crtbegin.o(.dtors)
 *crtbegin?.o(.dtors)
 *(EXCLUDE_FILE(*crtend.o) .dtors)
 *(SORT(.dtors.*))
 *crtend.o(.dtors)
 *(.dtors)
                0x021a825c                . = ALIGN (0x4)
                0x021a825c                __cs3_regions = .
                0x021a825c        0x4 LONG 0x0
                0x021a8260        0x4 LONG 0x2000000 __cs3_region_init_ram
                0x021a8264        0x4 LONG 0x2000000 __cs3_region_start_ram
                0x021a8268        0x4 LONG 0x1a8cc0 __cs3_region_init_size_ram
                0x021a826c        0x4 LONG 0x10bac480 __cs3_region_zero_size_ram
                0x021a8270                __cs3_regions_end = .
                0x021a8270                . = ALIGN (0x8)
                0x021a8270                _etext = .
                0x00000001                ASSERT (! ((__cs3_region_init_ram & 0x7)), __cs3_region_init_ram not aligned)
                0x00000001                ASSERT (! ((__cs3_region_start_ram & 0x7)), __cs3_region_start_ram not aligned)
                0x00000001                ASSERT (! ((__cs3_region_init_size_ram & 0x7)), __cs3_region_init_size_ram not aligned)
                0x00000001                ASSERT (! ((__cs3_region_zero_size_ram & 0x7)), __cs3_region_zero_size_ram not aligned)
                0x021a8270                __etext = .

.data           0x021a8270      0xa50
                0x021a8270                _fdata = .
                0x021a8270                __data_start__ = .
 *(vtable)
 *(.data*)
 .data.State.9424
                0x021a8270       0x20 CGI_SSI.o
 .data.g_PhyMtxName
                0x021a8290        0xc dw_ethernet.o
 .data.xid.8320
                0x021a829c        0x4 dhcp.o
 .data.ethernet_init
                0x021a82a0       0x14 ethernetif.o
                0x021a82a0                ethernet_init
 .data.iss.8391
                0x021a82b4        0x4 tcp.o
 .data.tcp_port
                0x021a82b8        0x2 tcp.o
 .data.udp_port
                0x021a82ba        0x2 udp.o
 *fill*         0x021a82bc        0x4 
 .data.ExpiryCnt.7863
                0x021a82c0        0x8 ../../mAbassi/Platform/lib\lib_mAbassi_EVAL_R_GCC_AR5_CY5.a(mAbassi_EVAL_A9_GCC_2.o)
 .data.ExpiryPrv.7864
                0x021a82c8        0x8 ../../mAbassi/Platform/lib\lib_mAbassi_EVAL_R_GCC_AR5_CY5.a(mAbassi_EVAL_A9_GCC_2.o)
 .data          0x021a82d0       0x3c ../../mAbassi/Platform/lib\lib_mAbassi_EVAL_R_GCC_AR5_CY5.a(mAbassi_EVAL_GCC_AR5_CY5.o)
                0x021a82d4                DATAabort_Handler
                0x021a82d4                __cs3_isr_dabort
                0x021a82e8                FIQ_Handler
                0x021a82e8                __cs3_isr_fiq
                0x021a82ec                __cs3_isr_pabort
                0x021a82ec                PFabort_Handler
                0x021a82fc                __cs3_isr_undef
                0x021a82fc                Undef_Handler
 *fill*         0x021a830c        0x4 
 .data          0x021a8310      0x430 c:/intelfpga/18.0/embedded/host_tools/mentor/gnu/arm/baremetal/bin/../lib/gcc/arm-altera-eabi/6.2.0/../../../../arm-altera-eabi/lib\libc.a(lib_a-impure.o)
                0x021a8310                _impure_ptr
 .data          0x021a8740      0x410 c:/intelfpga/18.0/embedded/host_tools/mentor/gnu/arm/baremetal/bin/../lib/gcc/arm-altera-eabi/6.2.0/../../../../arm-altera-eabi/lib\libc.a(lib_a-mallocr.o)
                0x021a8740                __malloc_av_
                0x021a8b48                __malloc_sbrk_base
                0x021a8b4c                __malloc_trim_threshold
 .data          0x021a8b50      0x16c c:/intelfpga/18.0/embedded/host_tools/mentor/gnu/arm/baremetal/bin/../lib/gcc/arm-altera-eabi/6.2.0/../../../../arm-altera-eabi/lib\libc.a(lib_a-locale.o)
                0x021a8b50                __global_locale
 *(.jcr*)
 .jcr           0x021a8cbc        0x0 c:/intelfpga/18.0/embedded/host_tools/mentor/gnu/arm/baremetal/bin/../lib/gcc/arm-altera-eabi/6.2.0/crtbegin.o
 .jcr           0x021a8cbc        0x4 c:/intelfpga/18.0/embedded/host_tools/mentor/gnu/arm/baremetal/bin/../lib/gcc/arm-altera-eabi/6.2.0/crtend.o
                0x021a8cc0                . = ALIGN (0x8)
                0x021a8cc0                __data_end__ = .
                0x021a8cc0                _edata = .

.tm_clone_table
                0x021a8cc0        0x0
 .tm_clone_table
                0x021a8cc0        0x0 c:/intelfpga/18.0/embedded/host_tools/mentor/gnu/arm/baremetal/bin/../lib/gcc/arm-altera-eabi/6.2.0/crtbegin.o
 .tm_clone_table
                0x021a8cc0        0x0 c:/intelfpga/18.0/embedded/host_tools/mentor/gnu/arm/baremetal/bin/../lib/gcc/arm-altera-eabi/6.2.0/crtend.o

.igot.plt       0x021a8cc0        0x0
 .igot.plt      0x021a8cc0        0x0 c:/intelfpga/18.0/embedded/host_tools/mentor/gnu/arm/baremetal/bin/../lib/gcc/arm-altera-eabi/6.2.0/crtbegin.o

.bss            0x021a8d00   0xbac440
                0x021a8d00                _fbss = .
                0x021a8d00                __bss_start__ = .
 *(.shbss)
 *(.bss .bss.* .gnu.linkonce.b.*)
 .bss           0x021a8d00       0x1c c:/intelfpga/18.0/embedded/host_tools/mentor/gnu/arm/baremetal/bin/../lib/gcc/arm-altera-eabi/6.2.0/crtbegin.o
 .bss.G_UartDevErr
                0x021a8d1c        0x4 Demo_10-19_CORTEXA9.o
                0x021a8d1c                G_UartDevErr
 .bss.G_UartDevIn
                0x021a8d20        0x4 Demo_10-19_CORTEXA9.o
                0x021a8d20                G_UartDevIn
 .bss.G_UartDevOut
                0x021a8d24        0x4 Demo_10-19_CORTEXA9.o
                0x021a8d24                G_UartDevOut