Archive member included to satisfy reference by file (symbol)

../../mAbassi/Platform/lib\lib_mAbassi_EVAL_GCC_AR5_CY5.a(mAbassi_EVAL_A9_GCC_2_NR.o)
                              Demo_40_CORTEXA9.o (Abassi)
../../mAbassi/Platform/lib\lib_mAbassi_EVAL_GCC_AR5_CY5.a(mAbassi_EVAL_GCC_AR5_CY5_NR.o)
                              (_vector_table)
../../mAbassi/Platform/lib\lib_mAbassi_EVAL_GCC_AR5_CY5.a(ARMv7_SMP_L1_L2_GCC_AR5_CY5.o)
                              ../../mAbassi/Platform/lib\lib_mAbassi_EVAL_GCC_AR5_CY5.a(mAbassi_EVAL_GCC_AR5_CY5_NR.o) (COREcacheON)
c:/intelfpga/18.0/embedded/host_tools/mentor/gnu/arm/baremetal/bin/../lib/gcc/arm-altera-eabi/6.2.0/../../../../arm-altera-eabi/lib\libcs3.a(start_c.o)
                              (__cs3_start_c)
c:/intelfpga/18.0/embedded/host_tools/mentor/gnu/arm/baremetal/bin/../lib/gcc/arm-altera-eabi/6.2.0/../../../../arm-altera-eabi/lib\libcs3unhosted.a(unhosted-start.o)
                              ../../mAbassi/Platform/lib\lib_mAbassi_EVAL_GCC_AR5_CY5.a(mAbassi_EVAL_GCC_AR5_CY5_NR.o) (_start)
c:/intelfpga/18.0/embedded/host_tools/mentor/gnu/arm/baremetal/bin/../lib/gcc/arm-altera-eabi/6.2.0\libgcc.a(_udivsi3.o)
                              arm_pl330.o (__aeabi_uidiv)
c:/intelfpga/18.0/embedded/host_tools/mentor/gnu/arm/baremetal/bin/../lib/gcc/arm-altera-eabi/6.2.0\libgcc.a(_divsi3.o)
                              Demo_40_CORTEXA9.o (__aeabi_idiv)
c:/intelfpga/18.0/embedded/host_tools/mentor/gnu/arm/baremetal/bin/../lib/gcc/arm-altera-eabi/6.2.0\libgcc.a(_dvmd_tls.o)
                              c:/intelfpga/18.0/embedded/host_tools/mentor/gnu/arm/baremetal/bin/../lib/gcc/arm-altera-eabi/6.2.0\libgcc.a(_udivsi3.o) (__aeabi_idiv0)
c:/intelfpga/18.0/embedded/host_tools/mentor/gnu/arm/baremetal/bin/../lib/gcc/arm-altera-eabi/6.2.0/../../../../arm-altera-eabi/lib\libc.a(lib_a-calloc.o)
                              ../../mAbassi/Platform/lib\lib_mAbassi_EVAL_GCC_AR5_CY5.a(mAbassi_EVAL_A9_GCC_2_NR.o) (calloc)
c:/intelfpga/18.0/embedded/host_tools/mentor/gnu/arm/baremetal/bin/../lib/gcc/arm-altera-eabi/6.2.0/../../../../arm-altera-eabi/lib\libc.a(lib_a-callocr.o)
                              c:/intelfpga/18.0/embedded/host_tools/mentor/gnu/arm/baremetal/bin/../lib/gcc/arm-altera-eabi/6.2.0/../../../../arm-altera-eabi/lib\libc.a(lib_a-calloc.o) (_calloc_r)
c:/intelfpga/18.0/embedded/host_tools/mentor/gnu/arm/baremetal/bin/../lib/gcc/arm-altera-eabi/6.2.0/../../../../arm-altera-eabi/lib\libc.a(lib_a-getreent.o)
                              Demo_40_CORTEXA9.o (__getreent)
c:/intelfpga/18.0/embedded/host_tools/mentor/gnu/arm/baremetal/bin/../lib/gcc/arm-altera-eabi/6.2.0/../../../../arm-altera-eabi/lib\libc.a(lib_a-impure.o)
                              SysCall_noFS.o (_impure_ptr)
c:/intelfpga/18.0/embedded/host_tools/mentor/gnu/arm/baremetal/bin/../lib/gcc/arm-altera-eabi/6.2.0/../../../../arm-altera-eabi/lib\libc.a(lib_a-init.o)
                              c:/intelfpga/18.0/embedded/host_tools/mentor/gnu/arm/baremetal/bin/../lib/gcc/arm-altera-eabi/6.2.0/../../../../arm-altera-eabi/lib\libcs3.a(start_c.o) (__libc_init_array)
c:/intelfpga/18.0/embedded/host_tools/mentor/gnu/arm/baremetal/bin/../lib/gcc/arm-altera-eabi/6.2.0/../../../../arm-altera-eabi/lib\libc.a(lib_a-malloc.o)
                              ../../mAbassi/Platform/lib\lib_mAbassi_EVAL_GCC_AR5_CY5.a(mAbassi_EVAL_A9_GCC_2_NR.o) (malloc)
c:/intelfpga/18.0/embedded/host_tools/mentor/gnu/arm/baremetal/bin/../lib/gcc/arm-altera-eabi/6.2.0/../../../../arm-altera-eabi/lib\libc.a(lib_a-mallocr.o)
                              c:/intelfpga/18.0/embedded/host_tools/mentor/gnu/arm/baremetal/bin/../lib/gcc/arm-altera-eabi/6.2.0/../../../../arm-altera-eabi/lib\libc.a(lib_a-callocr.o) (_malloc_r)
c:/intelfpga/18.0/embedded/host_tools/mentor/gnu/arm/baremetal/bin/../lib/gcc/arm-altera-eabi/6.2.0/../../../../arm-altera-eabi/lib\libc.a(lib_a-memcmp.o)
                              Demo_40_CORTEXA9.o (memcmp)
c:/intelfpga/18.0/embedded/host_tools/mentor/gnu/arm/baremetal/bin/../lib/gcc/arm-altera-eabi/6.2.0/../../../../arm-altera-eabi/lib\libc.a(lib_a-memcpy-stub.o)
                              Demo_40_CORTEXA9.o (memcpy)
c:/intelfpga/18.0/embedded/host_tools/mentor/gnu/arm/baremetal/bin/../lib/gcc/arm-altera-eabi/6.2.0/../../../../arm-altera-eabi/lib\libc.a(lib_a-memmove.o)
                              ../../mAbassi/Platform/lib\lib_mAbassi_EVAL_GCC_AR5_CY5.a(mAbassi_EVAL_A9_GCC_2_NR.o) (memmove)
c:/intelfpga/18.0/embedded/host_tools/mentor/gnu/arm/baremetal/bin/../lib/gcc/arm-altera-eabi/6.2.0/../../../../arm-altera-eabi/lib\libc.a(lib_a-memset.o)
                              Demo_40_CORTEXA9.o (memset)
c:/intelfpga/18.0/embedded/host_tools/mentor/gnu/arm/baremetal/bin/../lib/gcc/arm-altera-eabi/6.2.0/../../../../arm-altera-eabi/lib\libc.a(lib_a-mlock.o)
[...]
Memory Configuration

Name             Origin             Length             Attributes
ram              0x02000000         0x1e000000         xrw
uram             0xffff0000         0x00010000         xrw
*default*        0x00000000         0xffffffff

Linker script and memory map

LOAD c:/intelfpga/18.0/embedded/host_tools/mentor/gnu/arm/baremetal/bin/../lib/gcc/arm-altera-eabi/6.2.0/crti.o
LOAD c:/intelfpga/18.0/embedded/host_tools/mentor/gnu/arm/baremetal/bin/../lib/gcc/arm-altera-eabi/6.2.0/crtbegin.o
LOAD Demo_40_CORTEXA9.o
LOAD SysCall_noFS.o
LOAD TIMERinit.o
LOAD arm_acp.o
LOAD arm_pl330.o
LOAD alt_gpio.o
LOAD dw_spi.o
LOAD dw_uart.o
LOAD mAbassiCfgA9.o
LOAD ../../mAbassi/Platform/lib\lib_mAbassi_EVAL_GCC_AR5_CY5.a
LOAD c:/intelfpga/18.0/embedded/host_tools/mentor/gnu/arm/baremetal/bin/../lib/gcc/arm-altera-eabi/6.2.0/../../../../arm-altera-eabi/lib\libcs3.a
LOAD c:/intelfpga/18.0/embedded/host_tools/mentor/gnu/arm/baremetal/bin/../lib/gcc/arm-altera-eabi/6.2.0/../../../../arm-altera-eabi/lib\libcs3unhosted.a
LOAD c:/intelfpga/18.0/embedded/host_tools/mentor/gnu/arm/baremetal/bin/../lib/gcc/arm-altera-eabi/6.2.0/../../../../arm-altera-eabi/lib\libcs3arm.a
LOAD c:/intelfpga/18.0/embedded/host_tools/mentor/gnu/arm/baremetal/bin/../lib/gcc/arm-altera-eabi/6.2.0\libgcc.a
LOAD c:/intelfpga/18.0/embedded/host_tools/mentor/gnu/arm/baremetal/bin/../lib/gcc/arm-altera-eabi/6.2.0/../../../../arm-altera-eabi/lib\libc.a
LOAD c:/intelfpga/18.0/embedded/host_tools/mentor/gnu/arm/baremetal/bin/../lib/gcc/arm-altera-eabi/6.2.0/../../../../arm-altera-eabi/lib\libstdc++.a
LOAD c:/intelfpga/18.0/embedded/host_tools/mentor/gnu/arm/baremetal/bin/../lib/gcc/arm-altera-eabi/6.2.0/../../../../arm-altera-eabi/lib\libm.a
START GROUP
LOAD c:/intelfpga/18.0/embedded/host_tools/mentor/gnu/arm/baremetal/bin/../lib/gcc/arm-altera-eabi/6.2.0\libgcc.a
LOAD c:/intelfpga/18.0/embedded/host_tools/mentor/gnu/arm/baremetal/bin/../lib/gcc/arm-altera-eabi/6.2.0/../../../../arm-altera-eabi/lib\libc.a
END GROUP
LOAD c:/intelfpga/18.0/embedded/host_tools/mentor/gnu/arm/baremetal/bin/../lib/gcc/arm-altera-eabi/6.2.0/crtend.o
LOAD c:/intelfpga/18.0/embedded/host_tools/mentor/gnu/arm/baremetal/bin/../lib/gcc/arm-altera-eabi/6.2.0/crtn.o
                0x00002000                _STACK_SIZE = DEFINED (_STACK_SIZE)?_STACK_SIZE:0x2000
                0x10000000                _MDRV_SIZE = DEFINED (_MDRV_SIZE)?_MDRV_SIZE:0x10000000
                0x00000800                _SUPERVISOR_STACK_SIZE = DEFINED (_SUPERVISOR_STACK_SIZE)?_SUPERVISOR_STACK_SIZE:0x800
                0x00000800                _ABORT_STACK_SIZE = DEFINED (_ABORT_STACK_SIZE)?_ABORT_STACK_SIZE:0x800
                0x00000800                _FIQ_STACK_SIZE = DEFINED (_FIQ_STACK_SIZE)?_FIQ_STACK_SIZE:0x800
                0x00002000                _IRQ_STACK_SIZE = DEFINED (_IRQ_STACK_SIZE)?_IRQ_STACK_SIZE:0x2000
                0x00000800                _UNDEF_STACK_SIZE = DEFINED (_UNDEF_STACK_SIZE)?_UNDEF_STACK_SIZE:0x800
                0x00000001                PROVIDE (__cs3_region_num, ((__cs3_regions_end - __cs3_regions) / 0x14))
                0x02026cec                __libc_fini = _fini

.text           0x02000000    0x24dcc
 CREATE_OBJECT_SYMBOLS
                0x02000000                __cs3_region_start_ram = .
                0x02000000                _ftext = .
 *(.cs3.region-head.ram)
                0x00000001                ASSERT ((. == __cs3_region_start_ram), .cs3.region-head.ram not permitted)
                0x02000000                __cs3_interrupt_vector = __cs3_interrupt_vector_arm
 *(.cs3.interrupt_vector)
 .cs3.interrupt_vector
                0x02000000       0x3c ../../mAbassi/Platform/lib\lib_mAbassi_EVAL_GCC_AR5_CY5.a(mAbassi_EVAL_GCC_AR5_CY5_NR.o)
                0x02000000                Vectors
                0x02000000                __cs3_interrupt_vector_arm
                0x02000000                _vector_table
 *(.vectors)
                0x02010880                PROVIDE (__cs3_reset, __cs3_reset_generic)
 *(.cs3.reset)
                [0x020000d0]                _start = DEFINED (__cs3_start_asm)?__cs3_start_asm:_start
 *(.text.cs3.init)
 .text.cs3.init
                0x0200003c       0x94 c:/intelfpga/18.0/embedded/host_tools/mentor/gnu/arm/baremetal/bin/../lib/gcc/arm-altera-eabi/6.2.0/../../../../arm-altera-eabi/lib\libcs3.a(start_c.o)
                0x0200003c                __cs3_start_c
 .text.cs3.init
                0x020000d0        0xc c:/intelfpga/18.0/embedded/host_tools/mentor/gnu/arm/baremetal/bin/../lib/gcc/arm-altera-eabi/6.2.0/../../../../arm-altera-eabi/lib\libcs3unhosted.a(unhosted-start.o)
 *(.text .text.* .gnu.linkonce.t.*)
 .text          0x020000dc      0x108 c:/intelfpga/18.0/embedded/host_tools/mentor/gnu/arm/baremetal/bin/../lib/gcc/arm-altera-eabi/6.2.0/crtbegin.o
 .text.__sputc_r.constprop.0
                0x020001e4       0x3c Demo_40_CORTEXA9.o
 .text.startup.main
                0x02000220     0x2888 Demo_40_CORTEXA9.o
                0x02000220                main
 .text.TIMcallBack
                0x02002aa8        0x4 Demo_40_CORTEXA9.o
                0x02002aa8                TIMcallBack
 .text.SysCallInit
                0x02002aac        0x4 SysCall_noFS.o
                0x02002aac                SysCallInit
 .text._close_r
                0x02002ab0       0x10 SysCall_noFS.o
                0x02002ab0                _close_r
 .text._read_r  0x02002ac0       0x88 SysCall_noFS.o
                0x02002ac0                _read_r
 .text._write_r
                0x02002b48       0x88 SysCall_noFS.o
                0x02002b48                _write_r
 .text._lseek_r
                0x02002bd0       0x10 SysCall_noFS.o
                0x02002bd0                _lseek_r
 .text._fstat_r
                0x02002be0       0x10 SysCall_noFS.o
                0x02002be0                _fstat_r
 .text._isatty_r
                0x02002bf0       0x10 SysCall_noFS.o
                0x02002bf0                _isatty_r
 .text.GetKey   0x02002c00       0x3c SysCall_noFS.o
                0x02002c00                GetKey
 .text.TIMERinit
                0x02002c3c       0x28 TIMERinit.o
                0x02002c3c                TIMERinit
 .text.acp_enable
                0x02002c64      0x134 arm_acp.o
                0x02002c64                acp_enable
 .text.DMAasm   0x02002d98      0x288 arm_pl330.o
 .text.dma_start_X.constprop.9
                0x02003020      0x1ec arm_pl330.o
 .text.dma_cleanup.part.0.constprop.10
                0x0200320c      0x554 arm_pl330.o
 .text.dma_kill_X
                0x02003760      0x1a4 arm_pl330.o
 .text.dma_done
                0x02003904      0x134 arm_pl330.o
                0x02003904                dma_done
 .text.dma_kill
                0x02003a38      0x188 arm_pl330.o
                0x02003a38                dma_kill
 .text.dma_start
                0x02003bc0      0x1bc arm_pl330.o
                0x02003bc0                dma_start
 .text.dma_wait
                0x02003d7c      0x37c arm_pl330.o
                0x02003d7c                dma_wait
 .text.dma_xfer
                0x020040f8     0x1d28 arm_pl330.o
                0x020040f8                dma_xfer
 .text.dma_init
                0x02005e20      0x340 arm_pl330.o
                0x02005e20                dma_init
 .text.DMAintHndl_0
                0x02006160      0x140 arm_pl330.o
                0x02006160                DMAintHndl_0
 .text.DMAintHndl_1
                0x020062a0      0x148 arm_pl330.o
                0x020062a0                DMAintHndl_1
 .text.DMAintHndl_2
                0x020063e8      0x148 arm_pl330.o
                0x020063e8                DMAintHndl_2
 .text.DMAintHndl_3
                0x02006530      0x14c arm_pl330.o
                0x02006530                DMAintHndl_3
 .text.DMAintHndl_4
                0x0200667c      0x148 arm_pl330.o
                0x0200667c                DMAintHndl_4
 .text.DMAintHndl_5
                0x020067c4      0x14c arm_pl330.o
                0x020067c4                DMAintHndl_5
 .text.DMAintHndl_6
                0x02006910      0x148 arm_pl330.o
                0x02006910                DMAintHndl_6
 .text.DMAintHndl_7
                0x02006a58      0x14c arm_pl330.o
                0x02006a58                DMAintHndl_7
 .text.gpio_dir
                0x02006ba4       0xc0 alt_gpio.o
                0x02006ba4                gpio_dir
 .text.gpio_set
                0x02006c64       0x9c alt_gpio.o
                0x02006c64                gpio_set
 .text.gpio_init
                0x02006d00       0x54 alt_gpio.o
                0x02006d00                gpio_init
 .text.SPIintHndl
                0x02006d54      0xb14 dw_spi.o
 .text.spi_recv
                0x02007868      0xc08 dw_spi.o
                0x02007868                spi_recv
 .text.spi_send
                0x02008470     0x119c dw_spi.o
                0x02008470                spi_send
 *fill*         0x0200960c        0x4 
 .text.spi_send_recv
                0x02009610     0x1f44 dw_spi.o
                0x02009610                spi_send_recv
 .text.spi_init
                0x0200b554      0x664 dw_spi.o
                0x0200b554                spi_init
 .text.SPIintHndl_0
                0x0200bbb8        0x8 dw_spi.o
                0x0200bbb8                SPIintHndl_0
 .text.SPIintHndl_1
                0x0200bbc0        0x8 dw_spi.o
                0x0200bbc0                SPIintHndl_1
 .text.SPIintHndl_2
                0x0200bbc8        0x8 dw_spi.o
                0x0200bbc8                SPIintHndl_2
 .text.SPIintHndl_3
                0x0200bbd0        0x8 dw_spi.o
                0x0200bbd0                SPIintHndl_3
 .text.uart_send
                0x0200bbd8      0x8a8 dw_uart.o
                0x0200bbd8                uart_send
 .text.uart_recv
                0x0200c480      0x794 dw_uart.o
                0x0200c480                uart_recv
 .text.uart_init
                0x0200cc14      0x3f4 dw_uart.o
                0x0200cc14                uart_init
 .text.UARTintHndl_0
                0x0200d008      0x1a0 dw_uart.o
                0x0200d008                UARTintHndl_0
 .text.UARTintHndl_1
                0x0200d1a8      0x1a0 dw_uart.o
                0x0200d1a8                UARTintHndl_1
 .text.TSKcreate.constprop.0
                0x0200d348       0xf0 ../../mAbassi/Platform/lib\lib_mAbassi_EVAL_GCC_AR5_CY5.a(mAbassi_EVAL_A9_GCC_2_NR.o)
 .text.Abassi   0x0200d438     0x2850 ../../mAbassi/Platform/lib\lib_mAbassi_EVAL_GCC_AR5_CY5.a(mAbassi_EVAL_A9_GCC_2_NR.o)
                0x0200d438                Abassi
 .text.TSKcreate
                0x0200fc88      0x350 ../../mAbassi/Platform/lib\lib_mAbassi_EVAL_GCC_AR5_CY5.a(mAbassi_EVAL_A9_GCC_2_NR.o)
                0x0200fc88                TSKcreate
 .text.OSstart  0x0200ffd8      0x17c ../../mAbassi/Platform/lib\lib_mAbassi_EVAL_GCC_AR5_CY5.a(mAbassi_EVAL_A9_GCC_2_NR.o)
                0x0200ffd8                OSstart
 .text.TSKstart
                0x02010154       0x60 ../../mAbassi/Platform/lib\lib_mAbassi_EVAL_GCC_AR5_CY5.a(mAbassi_EVAL_A9_GCC_2_NR.o)
                0x02010154                TSKstart
 .text.SEM__open
                0x020101b4      0x144 ../../mAbassi/Platform/lib\lib_mAbassi_EVAL_GCC_AR5_CY5.a(mAbassi_EVAL_A9_GCC_2_NR.o)
                0x020101b4                SEM__open
 .text.MBXput   0x020102f8       0xd8 ../../mAbassi/Platform/lib\lib_mAbassi_EVAL_GCC_AR5_CY5.a(mAbassi_EVAL_A9_GCC_2_NR.o)
                0x020102f8                MBXput
 .text.TIMtick  0x020103d0      0x4a0 ../../mAbassi/Platform/lib\lib_mAbassi_EVAL_GCC_AR5_CY5.a(mAbassi_EVAL_A9_GCC_2_NR.o)
                0x020103d0                TIMtick
 .text          0x02010870      0xb48 ../../mAbassi/Platform/lib\lib_mAbassi_EVAL_GCC_AR5_CY5.a(mAbassi_EVAL_GCC_AR5_CY5_NR.o)
                0x02010880                __cs3_reset_generic
                0x02010880                Reset_Handler
                0x02010880                boot
                0x02010880                _prestart
                0x02010c28                _exit
                0x02010c30                _sbrk_r
                0x02010c68                OStrap
                0x02010c80                __cs3_isr_swi
                0x02010c80                mySWI
                0x02010cc8                SWI_Handler
                0x02010ccc                OScontext
                0x02010cec                CoreContext
                0x02010d00                OSstack
                0x02010d5c                OSintCtrl
                0x02010d7c                OSintBack
                0x02010d8c                OSintOff
                0x02010d98                OSintOn
                0x02010da0                OSisrInfo
                0x02010db0                __cs3_isr_irq
                0x02010db0                ISRdispatch
                0x02010ee4                OSinvalidISR
                0x02010eec                COREgetPeriph
                0x02010ef4                COREgetID
                0x02010f00                GICinit
                0x02010fa4                GICenable
                0x020110e4                COREstart1
                0x020110f0                COREstart2
                0x020110fc                COREstart3
                0x02011108                COREstart0
                0x02011114                CoreIdle
                0x02011144                COREsafeGetID
                0x02011168                COREsendISR
                0x0201119c                COREwakeISR
                0x020111c8                COREisInISR
                0x020111dc                COREtaskNow
                0x02011200                COREchkRedo
                0x02011260                CORElock
                0x02011290                COREunlock
                0x020112a4                SPINlock
                0x020112b4                SPINtrylock
                0x020112c4                SPIN_lock
                0x0201134c                SPINunlock
 .text          0x020113b8      0x798 ../../mAbassi/Platform/lib\lib_mAbassi_EVAL_GCC_AR5_CY5.a(ARMv7_SMP_L1_L2_GCC_AR5_CY5.o)
                0x020113b8                COREcacheON
                0x02011844                DCacheInvalRange
                0x02011958                DCacheFlushRange
                0x02011a6c                MMUlog2Phy
                0x02011acc                MMUphy2Log
 .text          0x02011b50       0x4c c:/intelfpga/18.0/embedded/host_tools/mentor/gnu/arm/baremetal/bin/../lib/gcc/arm-altera-eabi/6.2.0/../../../../arm-altera-eabi/lib\libcs3.a(start_c.o)
                0x02011b50                __cs3_premain
 .text          0x02011b9c      0x114 c:/intelfpga/18.0/embedded/host_tools/mentor/gnu/arm/baremetal/bin/../lib/gcc/arm-altera-eabi/6.2.0\libgcc.a(_udivsi3.o)
                0x02011b9c                __aeabi_uidiv
                0x02011b9c                __udivsi3
                0x02011c90                __aeabi_uidivmod
 .text          0x02011cb0      0x148 c:/intelfpga/18.0/embedded/host_tools/mentor/gnu/arm/baremetal/bin/../lib/gcc/arm-altera-eabi/6.2.0\libgcc.a(_divsi3.o)
                0x02011cb0                __divsi3
                0x02011cb0                __aeabi_idiv
                0x02011dd8                __aeabi_idivmod
 .text          0x02011df8        0x4 c:/intelfpga/18.0/embedded/host_tools/mentor/gnu/arm/baremetal/bin/../lib/gcc/arm-altera-eabi/6.2.0\libgcc.a(_dvmd_tls.o)
                0x02011df8                __aeabi_idiv0
                0x02011df8                __aeabi_ldiv0
 .text          0x02011dfc       0x24 c:/intelfpga/18.0/embedded/host_tools/mentor/gnu/arm/baremetal/bin/../lib/gcc/arm-altera-eabi/6.2.0/../../../../arm-altera-eabi/lib\libc.a(lib_a-calloc.o)
                0x02011dfc                calloc
 .text          0x02011e20       0x98 c:/intelfpga/18.0/embedded/host_tools/mentor/gnu/arm/baremetal/bin/../lib/gcc/arm-altera-eabi/6.2.0/../../../../arm-altera-eabi/lib\libc.a(lib_a-callocr.o)
                0x02011e20                _calloc_r
 .text          0x02011eb8       0x10 c:/intelfpga/18.0/embedded/host_tools/mentor/gnu/arm/baremetal/bin/../lib/gcc/arm-altera-eabi/6.2.0/../../../../arm-altera-eabi/lib\libc.a(lib_a-getreent.o)
                0x02011eb8                __getreent
 .text          0x02011ec8       0x80 c:/intelfpga/18.0/embedded/host_tools/mentor/gnu/arm/baremetal/bin/../lib/gcc/arm-altera-eabi/6.2.0/../../../../arm-altera-eabi/lib\libc.a(lib_a-init.o)
                0x02011ec8                __libc_init_array
 .text          0x02011f48       0x38 c:/intelfpga/18.0/embedded/host_tools/mentor/gnu/arm/baremetal/bin/../lib/gcc/arm-altera-eabi/6.2.0/../../../../arm-altera-eabi/lib\libc.a(lib_a-malloc.o)
                0x02011f48                malloc
                0x02011f64                free
 .text          0x02011f80      0x750 c:/intelfpga/18.0/embedded/host_tools/mentor/gnu/arm/baremetal/bin/../lib/gcc/arm-altera-eabi/6.2.0/../../../../arm-altera-eabi/lib\libc.a(lib_a-mallocr.o)
                0x02011f80                _malloc_r
 .text          0x020126d0       0xf0 c:/intelfpga/18.0/embedded/host_tools/mentor/gnu/arm/baremetal/bin/../lib/gcc/arm-altera-eabi/6.2.0/../../../../arm-altera-eabi/lib\libc.a(lib_a-memcmp.o)
                0x020126d0                memcmp
 .text          0x020127c0      0x114 c:/intelfpga/18.0/embedded/host_tools/mentor/gnu/arm/baremetal/bin/../lib/gcc/arm-altera-eabi/6.2.0/../../../../arm-altera-eabi/lib\libc.a(lib_a-memcpy-stub.o)
                0x020127c0                memcpy
 .text          0x020128d4      0x148 c:/intelfpga/18.0/embedded/host_tools/mentor/gnu/arm/baremetal/bin/../lib/gcc/arm-altera-eabi/6.2.0/../../../../arm-altera-eabi/lib\libc.a(lib_a-memmove.o)
                0x020128d4                memmove
 .text          0x02012a1c      0x114 c:/intelfpga/18.0/embedded/host_tools/mentor/gnu/arm/baremetal/bin/../lib/gcc/arm-altera-eabi/6.2.0/../../../../arm-altera-eabi/lib\libc.a(lib_a-memset.o)
                0x02012a1c                memset
 .text          0x02012b30       0x30 c:/intelfpga/18.0/embedded/host_tools/mentor/gnu/arm/baremetal/bin/../lib/gcc/arm-altera-eabi/6.2.0/../../../../arm-altera-eabi/lib\libc.a(lib_a-mlock.o)
                0x02012b30                __malloc_lock
                0x02012b48                __malloc_unlock
 .text.startup  0x02012b60       0x18 c:/intelfpga/18.0/embedded/host_tools/mentor/gnu/arm/baremetal/bin/../lib/gcc/arm-altera-eabi/6.2.0/../../../../arm-altera-eabi/lib\libc.a(lib_a-mlock.o)
 .text          0x02012b78       0x6c c:/intelfpga/18.0/embedded/host_tools/mentor/gnu/arm/baremetal/bin/../lib/gcc/arm-altera-eabi/6.2.0/../../../../arm-altera-eabi/lib\libc.a(lib_a-printf.o)
                0x02012b78                _printf_r
                0x02012bac                printf
 .text          0x02012be4       0x34 c:/intelfpga/18.0/embedded/host_tools/mentor/gnu/arm/baremetal/bin/../lib/gcc/arm-altera-eabi/6.2.0/../../../../arm-altera-eabi/lib\libc.a(lib_a-putchar.o)
                0x02012be4                _putchar_r
                0x02012bf8                putchar
 .text          0x02012c18      0x12c c:/intelfpga/18.0/embedded/host_tools/mentor/gnu/arm/baremetal/bin/../lib/gcc/arm-altera-eabi/6.2.0/../../../../arm-altera-eabi/lib\libc.a(lib_a-puts.o)
                0x02012c18                _puts_r
                0x02012d2c                puts
 .text          0x02012d44       0x6c c:/intelfpga/18.0/embedded/host_tools/mentor/gnu/arm/baremetal/bin/../lib/gcc/arm-altera-eabi/6.2.0/../../../../arm-altera-eabi/lib\libc.a(lib_a-scanf.o)
                0x02012d44                scanf
                0x02012d7c                _scanf_r
 .text          0x02012db0      0x258 c:/intelfpga/18.0/embedded/host_tools/mentor/gnu/arm/baremetal/bin/../lib/gcc/arm-altera-eabi/6.2.0/../../../../arm-altera-eabi/lib\libc.a(lib_a-setvbuf.o)
                0x02012db0                setvbuf
 .text          0x02013008      0x1ac c:/intelfpga/18.0/embedded/host_tools/mentor/gnu/arm/baremetal/bin/../lib/gcc/arm-altera-eabi/6.2.0/../../../../arm-altera-eabi/lib\libc.a(lib_a-strchr.o)
                0x02013008                strchr
 .text          0x020131b4      0x224 c:/intelfpga/18.0/embedded/host_tools/mentor/gnu/arm/baremetal/bin/../lib/gcc/arm-altera-eabi/6.2.0/../../../../arm-altera-eabi/lib\libc.a(lib_a-strcmp.o)
                0x020131b4                strcmp
 .text          0x020133d8       0xf0 c:/intelfpga/18.0/embedded/host_tools/mentor/gnu/arm/baremetal/bin/../lib/gcc/arm-altera-eabi/6.2.0/../../../../arm-altera-eabi/lib\libc.a(lib_a-strcpy.o)
                0x020133d8                strcpy
 .text          0x020134c8       0x60 c:/intelfpga/18.0/embedded/host_tools/mentor/gnu/arm/baremetal/bin/../lib/gcc/arm-altera-eabi/6.2.0/../../../../arm-altera-eabi/lib\libc.a(lib_a-strlen-stub.o)
                0x020134c8                strlen
 .text          0x02013528     0x22ec c:/intelfpga/18.0/embedded/host_tools/mentor/gnu/arm/baremetal/bin/../lib/gcc/arm-altera-eabi/6.2.0/../../../../arm-altera-eabi/lib\libc.a(lib_a-vfprintf.o)
                0x02013528                _vfprintf_r
                0x0201571c                vfprintf
 .text          0x02015814     0x176c c:/intelfpga/18.0/embedded/host_tools/mentor/gnu/arm/baremetal/bin/../lib/gcc/arm-altera-eabi/6.2.0/../../../../arm-altera-eabi/lib\libc.a(lib_a-vfscanf.o)
                0x02015814                __svfscanf_r
                0x02016ee0                vfscanf
                0x02016f20                __svfscanf
                0x02016f48                _vfscanf_r
 .text          0x02016f80      0x154 c:/intelfpga/18.0/embedded/host_tools/mentor/gnu/arm/baremetal/bin/../lib/gcc/arm-altera-eabi/6.2.0/../../../../arm-altera-eabi/lib\libc.a(lib_a-wbuf.o)
                0x02016f80                __swbuf_r
                0x020170b4                __swbuf
 .text          0x020170d4      0x158 c:/intelfpga/18.0/embedded/host_tools/mentor/gnu/arm/baremetal/bin/../lib/gcc/arm-altera-eabi/6.2.0/../../../../arm-altera-eabi/lib\libc.a(lib_a-wsetup.o)
                0x020170d4                __swsetup_r
 *fill*         0x0201722c        0x4 
 .text          0x02017230     0x181c c:/intelfpga/18.0/embedded/host_tools/mentor/gnu/arm/baremetal/bin/../lib/gcc/arm-altera-eabi/6.2.0/../../../../arm-altera-eabi/lib\libc.a(lib_a-dtoa.o)
                0x02017410                _dtoa_r
 .text          0x02018a4c      0x314 c:/intelfpga/18.0/embedded/host_tools/mentor/gnu/arm/baremetal/bin/../lib/gcc/arm-altera-eabi/6.2.0/../../../../arm-altera-eabi/lib\libc.a(lib_a-fflush.o)
                0x02018a4c                __sflush_r
                0x02018c88                _fflush_r
                0x02018d24                fflush
 .text          0x02018d60      0x3e4 c:/intelfpga/18.0/embedded/host_tools/mentor/gnu/arm/baremetal/bin/../lib/gcc/arm-altera-eabi/6.2.0/../../../../arm-altera-eabi/lib\libc.a(lib_a-findfp.o)
                0x02018d60                _cleanup_r
                0x02018e6c                __sfmoreglue
                0x02018ebc                _cleanup
                0x02018ee0                __sinit
                0x02018f74                __sfp
                0x02019094                __sfp_lock_acquire
                0x020190ac                __sfp_lock_release
                0x020190c4                __sinit_lock_acquire
                0x020190dc                __sinit_lock_release
                0x020190f4                __fp_lock_all
                0x0201911c                __fp_unlock_all
 .text.startup  0x02019144       0x30 c:/intelfpga/18.0/embedded/host_tools/mentor/gnu/arm/baremetal/bin/../lib/gcc/arm-altera-eabi/6.2.0/../../../../arm-altera-eabi/lib\libc.a(lib_a-findfp.o)
 .text          0x02019174      0x2ec c:/intelfpga/18.0/embedded/host_tools/mentor/gnu/arm/baremetal/bin/../lib/gcc/arm-altera-eabi/6.2.0/../../../../arm-altera-eabi/lib\libc.a(lib_a-fread.o)
                0x02019174                _fread_r
                0x02019424                fread
 .text          0x02019460      0x3e0 c:/intelfpga/18.0/embedded/host_tools/mentor/gnu/arm/baremetal/bin/../lib/gcc/arm-altera-eabi/6.2.0/../../../../arm-altera-eabi/lib\libc.a(lib_a-freer.o)
                0x02019460                _malloc_trim_r
                0x02019560                _free_r
 .text          0x02019840      0x4dc c:/intelfpga/18.0/embedded/host_tools/mentor/gnu/arm/baremetal/bin/../lib/gcc/arm-altera-eabi/6.2.0/../../../../arm-altera-eabi/lib\libc.a(lib_a-fvwrite.o)
                0x02019840                __sfvwrite_r
 .text          0x02019d1c      0x110 c:/intelfpga/18.0/embedded/host_tools/mentor/gnu/arm/baremetal/bin/../lib/gcc/arm-altera-eabi/6.2.0/../../../../arm-altera-eabi/lib\libc.a(lib_a-fwalk.o)
                0x02019d1c                _fwalk
                0x02019da0                _fwalk_reent
 .text          0x02019e2c       0x30 c:/intelfpga/18.0/embedded/host_tools/mentor/gnu/arm/baremetal/bin/../lib/gcc/arm-altera-eabi/6.2.0/../../../../arm-altera-eabi/lib\libc.a(lib_a-iswspace.o)
                0x02019e2c                iswspace
 .text          0x02019e5c       0xf4 c:/intelfpga/18.0/embedded/host_tools/mentor/gnu/arm/baremetal/bin/../lib/gcc/arm-altera-eabi/6.2.0/../../../../arm-altera-eabi/lib\libc.a(lib_a-locale.o)
                0x02019e80                _setlocale_r
                0x02019ee8                __locale_mb_cur_max
                0x02019f10                __locale_ctype_ptr_l
                0x02019f18                __locale_ctype_ptr
                0x02019f30                setlocale
 .text          0x02019f50       0x58 c:/intelfpga/18.0/embedded/host_tools/mentor/gnu/arm/baremetal/bin/../lib/gcc/arm-altera-eabi/6.2.0/../../../../arm-altera-eabi/lib\libc.a(lib_a-localeconv.o)
                0x02019f50                __localeconv_l
                0x02019f58                _localeconv_r
                0x02019f80                localeconv
 .text          0x02019fa8      0x18c c:/intelfpga/18.0/embedded/host_tools/mentor/gnu/arm/baremetal/bin/../lib/gcc/arm-altera-eabi/6.2.0/../../../../arm-altera-eabi/lib\libc.a(lib_a-makebuf.o)
                0x02019fa8                __swhatbuf_r
                0x0201a048                __smakebuf_r
 .text          0x0201a134      0x170 c:/intelfpga/18.0/embedded/host_tools/mentor/gnu/arm/baremetal/bin/../lib/gcc/arm-altera-eabi/6.2.0/../../../../arm-altera-eabi/lib\libc.a(lib_a-mbrtowc.o)
                0x0201a134                _mbrtowc_r
                0x0201a1e8                mbrtowc
 .text          0x0201a2a4       0xa0 c:/intelfpga/18.0/embedded/host_tools/mentor/gnu/arm/baremetal/bin/../lib/gcc/arm-altera-eabi/6.2.0/../../../../arm-altera-eabi/lib\libc.a(lib_a-mbtowc_r.o)
                0x0201a2a4                _mbtowc_r
                0x0201a2f8                __ascii_mbtowc
 .text          0x0201a344      0x110 c:/intelfpga/18.0/embedded/host_tools/mentor/gnu/arm/baremetal/bin/../lib/gcc/arm-altera-eabi/6.2.0/../../../../arm-altera-eabi/lib\libc.a(lib_a-memchr-stub.o)
                0x0201a344                memchr
 .text          0x0201a454      0xd98 c:/intelfpga/18.0/embedded/host_tools/mentor/gnu/arm/baremetal/bin/../lib/gcc/arm-altera-eabi/6.2.0/../../../../arm-altera-eabi/lib\libc.a(lib_a-mprec.o)
                0x0201a454                _Balloc
                0x0201a4e0                _Bfree
                0x0201a4fc                __multadd
                0x0201a5d8                __s2b
                0x0201a6c8                __hi0bits
                0x0201a720                __lo0bits
                0x0201a7c0                __i2b
                0x0201a7e4                __multiply
                0x0201a9b4                __pow5mult
                0x0201aab8                __lshift
                0x0201aba0                __mcmp
                0x0201ac00                __mdiff
                0x0201ada8                __ulp
                0x0201ae10                __b2d
                0x0201aefc                __d2b
                0x0201b00c                __ratio
                0x0201b09c                _mprec_log10
                0x0201b0fc                __copybits
                0x0201b16c                __any_on
 .text          0x0201b1ec      0x1bc c:/intelfpga/18.0/embedded/host_tools/mentor/gnu/arm/baremetal/bin/../lib/gcc/arm-altera-eabi/6.2.0/../../../../arm-altera-eabi/lib\libc.a(lib_a-putc.o)
                0x0201b1ec                _putc_r
                0x0201b2c8                putc
 .text          0x0201b3a8      0x4d4 c:/intelfpga/18.0/embedded/host_tools/mentor/gnu/arm/baremetal/bin/../lib/gcc/arm-altera-eabi/6.2.0/../../../../arm-altera-eabi/lib\libc.a(lib_a-reallocr.o)
                0x0201b3a8                _realloc_r
 .text          0x0201b87c      0x218 c:/intelfpga/18.0/embedded/host_tools/mentor/gnu/arm/baremetal/bin/../lib/gcc/arm-altera-eabi/6.2.0/../../../../arm-altera-eabi/lib\libc.a(lib_a-refill.o)
                0x0201b8a4                __srefill_r
 .text          0x0201ba94       0xd0 c:/intelfpga/18.0/embedded/host_tools/mentor/gnu/arm/baremetal/bin/../lib/gcc/arm-altera-eabi/6.2.0/../../../../arm-altera-eabi/lib\libc.a(lib_a-sccl.o)
                0x0201ba94                __sccl
 .text          0x0201bb64        0xc c:/intelfpga/18.0/embedded/host_tools/mentor/gnu/arm/baremetal/bin/../lib/gcc/arm-altera-eabi/6.2.0/../../../../arm-altera-eabi/lib\libc.a(lib_a-sf_nan.o)
                0x0201bb64                nanf
 .text          0x0201bb70       0xcc c:/intelfpga/18.0/embedded/host_tools/mentor/gnu/arm/baremetal/bin/../lib/gcc/arm-altera-eabi/6.2.0/../../../../arm-altera-eabi/lib\libc.a(lib_a-sprintf.o)
                0x0201bb70                _sprintf_r
                0x0201bbd4                sprintf
 .text          0x0201bc3c       0xd8 c:/intelfpga/18.0/embedded/host_tools/mentor/gnu/arm/baremetal/bin/../lib/gcc/arm-altera-eabi/6.2.0/../../../../arm-altera-eabi/lib\libc.a(lib_a-stdio.o)
                0x0201bc3c                __sread
                0x0201bc70                __seofread
                0x0201bc78                __swrite
                0x0201bcd0                __sseek
                0x0201bd00                __sclose
 *fill*         0x0201bd14        0x4 
 .text          0x0201bd18     0x188c c:/intelfpga/18.0/embedded/host_tools/mentor/gnu/arm/baremetal/bin/../lib/gcc/arm-altera-eabi/6.2.0/../../../../arm-altera-eabi/lib\libc.a(lib_a-strtod.o)
                0x0201bd18                _strtod_l
                0x0201d394                _strtod_r
                0x0201d3d0                strtod_l
                0x0201d3f8                strtod
                0x0201d438                strtof_l
                0x0201d498                strtof
 .text.unlikely
                0x0201d5a4       0x6c c:/intelfpga/18.0/embedded/host_tools/mentor/gnu/arm/baremetal/bin/../lib/gcc/arm-altera-eabi/6.2.0/../../../../arm-altera-eabi/lib\libc.a(lib_a-strtod.o)
 .text          0x0201d610      0x308 c:/intelfpga/18.0/embedded/host_tools/mentor/gnu/arm/baremetal/bin/../lib/gcc/arm-altera-eabi/6.2.0/../../../../arm-altera-eabi/lib\libc.a(lib_a-strtol.o)
                0x0201d830                _strtol_r
                0x0201d884                strtol_l
                0x0201d8c0                strtol
 .text          0x0201d918      0x3c8 c:/intelfpga/18.0/embedded/host_tools/mentor/gnu/arm/baremetal/bin/../lib/gcc/arm-altera-eabi/6.2.0/../../../../arm-altera-eabi/lib\libc.a(lib_a-strtoll.o)
                0x0201dbf8                _strtoll_r
                0x0201dc4c                strtoll_l
                0x0201dc88                strtoll
 .text          0x0201dce0      0x2d0 c:/intelfpga/18.0/embedded/host_tools/mentor/gnu/arm/baremetal/bin/../lib/gcc/arm-altera-eabi/6.2.0/../../../../arm-altera-eabi/lib\libc.a(lib_a-strtoul.o)
                0x0201dec8                _strtoul_r
                0x0201df1c                strtoul_l
                0x0201df58                strtoul
 .text          0x0201dfb0      0x360 c:/intelfpga/18.0/embedded/host_tools/mentor/gnu/arm/baremetal/bin/../lib/gcc/arm-altera-eabi/6.2.0/../../../../arm-altera-eabi/lib\libc.a(lib_a-strtoull.o)
                0x0201e228                _strtoull_r
                0x0201e27c                strtoull_l
                0x0201e2b8                strtoull
 .text          0x0201e310     0x2030 c:/intelfpga/18.0/embedded/host_tools/mentor/gnu/arm/baremetal/bin/../lib/gcc/arm-altera-eabi/6.2.0/../../../../arm-altera-eabi/lib\libc.a(lib_a-svfprintf.o)
                0x0201e310                _svfprintf_r
 .text          0x02020340      0x2f0 c:/intelfpga/18.0/embedded/host_tools/mentor/gnu/arm/baremetal/bin/../lib/gcc/arm-altera-eabi/6.2.0/../../../../arm-altera-eabi/lib\libc.a(lib_a-ungetc.o)
                0x02020340                __submore
                0x020203f0                _ungetc_r
                0x02020610                ungetc
 .text          0x02020630     0x14c4 c:/intelfpga/18.0/embedded/host_tools/mentor/gnu/arm/baremetal/bin/../lib/gcc/arm-altera-eabi/6.2.0/../../../../arm-altera-eabi/lib\libc.a(lib_a-vfiprintf.o)
                0x020206e0                __sprint_r
                0x020206f8                _vfiprintf_r
                0x020219fc                vfiprintf
 .text          0x02021af4       0x74 c:/intelfpga/18.0/embedded/host_tools/mentor/gnu/arm/baremetal/bin/../lib/gcc/arm-altera-eabi/6.2.0/../../../../arm-altera-eabi/lib\libc.a(lib_a-wctomb_r.o)
                0x02021af4                _wctomb_r
                0x02021b40                __ascii_wctomb
 .text          0x02021b68      0x180 c:/intelfpga/18.0/embedded/host_tools/mentor/gnu/arm/baremetal/bin/../lib/gcc/arm-altera-eabi/6.2.0/../../../../arm-altera-eabi/lib\libc.a(lib_a-fclose.o)
                0x02021b68                _fclose_r
                0x02021cd0                fclose
 .text          0x02021ce8      0x204 c:/intelfpga/18.0/embedded/host_tools/mentor/gnu/arm/baremetal/bin/../lib/gcc/arm-altera-eabi/6.2.0/../../../../arm-altera-eabi/lib\libc.a(lib_a-fputwc.o)
                0x02021ce8                __fputwc
                0x02021df8                _fputwc_r
                0x02021eb4                fputwc
 .text          0x02021eec      0x8fc c:/intelfpga/18.0/embedded/host_tools/mentor/gnu/arm/baremetal/bin/../lib/gcc/arm-altera-eabi/6.2.0/../../../../arm-altera-eabi/lib\libc.a(lib_a-gdtoa-gethex.o)
                0x02021fe4                __gethex
 .text          0x020227e8      0x2dc c:/intelfpga/18.0/embedded/host_tools/mentor/gnu/arm/baremetal/bin/../lib/gcc/arm-altera-eabi/6.2.0/../../../../arm-altera-eabi/lib\libc.a(lib_a-gdtoa-hexnan.o)
                0x020227e8                __match
                0x02022854                __hexnan
 .text          0x02022ac4      0x110 c:/intelfpga/18.0/embedded/host_tools/mentor/gnu/arm/baremetal/bin/../lib/gcc/arm-altera-eabi/6.2.0/../../../../arm-altera-eabi/lib\libc.a(lib_a-strncmp.o)
                0x02022ac4                strncmp
 .text          0x02022bd4     0x11e0 c:/intelfpga/18.0/embedded/host_tools/mentor/gnu/arm/baremetal/bin/../lib/gcc/arm-altera-eabi/6.2.0/../../../../arm-altera-eabi/lib\libc.a(lib_a-svfiprintf.o)
                0x02022bd4                __ssprint_r
                0x02022d64                _svfiprintf_r
 .text          0x02023db4      0x150 c:/intelfpga/18.0/embedded/host_tools/mentor/gnu/arm/baremetal/bin/../lib/gcc/arm-altera-eabi/6.2.0/../../../../arm-altera-eabi/lib\libc.a(lib_a-wcrtomb.o)
                0x02023db4                _wcrtomb_r
                0x02023e58                wcrtomb
 .text          0x02023f04      0x41c c:/intelfpga/18.0/embedded/host_tools/mentor/gnu/arm/baremetal/bin/../lib/gcc/arm-altera-eabi/6.2.0\libgcc.a(_arm_addsubdf3.o)
                0x02023f04                __aeabi_drsub
                0x02023f0c                __aeabi_dsub
                0x02023f0c                __subdf3
                0x02023f10                __aeabi_dadd
                0x02023f10                __adddf3
                0x02024220                __floatunsidf
                0x02024220                __aeabi_ui2d
                0x02024244                __floatsidf
                0x02024244                __aeabi_i2d
                0x0202426c                __aeabi_f2d
                0x0202426c                __extendsfdf2
                0x020242ac                __floatundidf
                0x020242ac                __aeabi_ul2d
                0x020242c0                __floatdidf
                0x020242c0                __aeabi_l2d
 .text          0x02024320      0x49c c:/intelfpga/18.0/embedded/host_tools/mentor/gnu/arm/baremetal/bin/../lib/gcc/arm-altera-eabi/6.2.0\libgcc.a(_arm_muldivdf3.o)
                0x02024320                __aeabi_dmul
                0x02024320                __muldf3
                0x020245b0                __divdf3
                0x020245b0                __aeabi_ddiv
 .text          0x020247bc      0x144 c:/intelfpga/18.0/embedded/host_tools/mentor/gnu/arm/baremetal/bin/../lib/gcc/arm-altera-eabi/6.2.0\libgcc.a(_arm_cmpdf2.o)
                0x020247bc                __gtdf2
                0x020247bc                __gedf2
                0x020247c4                __ltdf2
                0x020247c4                __ledf2
                0x020247cc                __nedf2
                0x020247cc                __eqdf2
                0x020247cc                __cmpdf2
                0x02024854                __aeabi_cdrcmple
                0x02024870                __aeabi_cdcmpeq
                0x02024870                __aeabi_cdcmple
                0x02024888                __aeabi_dcmpeq
                0x020248a0                __aeabi_dcmplt
                0x020248b8                __aeabi_dcmple
                0x020248d0                __aeabi_dcmpge
                0x020248e8                __aeabi_dcmpgt
 .text          0x02024900       0x38 c:/intelfpga/18.0/embedded/host_tools/mentor/gnu/arm/baremetal/bin/../lib/gcc/arm-altera-eabi/6.2.0\libgcc.a(_arm_unorddf2.o)
                0x02024900                __unorddf2
                0x02024900                __aeabi_dcmpun
 .text          0x02024938       0x5c c:/intelfpga/18.0/embedded/host_tools/mentor/gnu/arm/baremetal/bin/../lib/gcc/arm-altera-eabi/6.2.0\libgcc.a(_arm_fixdfsi.o)
                0x02024938                __aeabi_d2iz
                0x02024938                __fixdfsi
 .text          0x02024994       0x54 c:/intelfpga/18.0/embedded/host_tools/mentor/gnu/arm/baremetal/bin/../lib/gcc/arm-altera-eabi/6.2.0\libgcc.a(_arm_fixunsdfsi.o)
                0x02024994                __aeabi_d2uiz
                0x02024994                __fixunsdfsi
 .text          0x020249e8       0xa0 c:/intelfpga/18.0/embedded/host_tools/mentor/gnu/arm/baremetal/bin/../lib/gcc/arm-altera-eabi/6.2.0\libgcc.a(_arm_truncdfsf2.o)
                0x020249e8                __truncdfsf2
                0x020249e8                __aeabi_d2f
 .text          0x02024a88      0x114 c:/intelfpga/18.0/embedded/host_tools/mentor/gnu/arm/baremetal/bin/../lib/gcc/arm-altera-eabi/6.2.0\libgcc.a(_arm_cmpsf2.o)
                0x02024a88                __gesf2
                0x02024a88                __gtsf2
                0x02024a90                __lesf2
                0x02024a90                __ltsf2
                0x02024a98                __nesf2
                0x02024a98                __eqsf2
                0x02024a98                __cmpsf2
                0x02024afc                __aeabi_cfrcmple
                0x02024b0c                __aeabi_cfcmpeq
                0x02024b0c                __aeabi_cfcmple
                0x02024b24                __aeabi_fcmpeq
                0x02024b3c                __aeabi_fcmplt
                0x02024b54                __aeabi_fcmple
                0x02024b6c                __aeabi_fcmpge
                0x02024b84                __aeabi_fcmpgt
 .text          0x02024b9c       0x3c c:/intelfpga/18.0/embedded/host_tools/mentor/gnu/arm/baremetal/bin/../lib/gcc/arm-altera-eabi/6.2.0\libgcc.a(_aeabi_uldivmod.o)
                0x02024b9c                __aeabi_uldivmod
 .text          0x02024bd8      0x12c c:/intelfpga/18.0/embedded/host_tools/mentor/gnu/arm/baremetal/bin/../lib/gcc/arm-altera-eabi/6.2.0\libgcc.a(_udivmoddi4.o)
                0x02024bd8                __udivmoddi4
 .text          0x02024d04       0x58 c:/intelfpga/18.0/embedded/host_tools/mentor/gnu/arm/baremetal/bin/../lib/gcc/arm-altera-eabi/6.2.0\libgcc.a(gthr-generic.o)
                0x02024d04                __generic_gxx_active_p
                0x02024d0c                __generic_gxx_key_create
                0x02024d14                __generic_gxx_once
                0x02024d18                __generic_gxx_key_delete
                0x02024d20                __generic_gxx_getspecific
                0x02024d28                __generic_gxx_setspecific
                0x02024d30                __generic_gxx_recursive_mutex_init_function
                0x02024d34                __generic_gxx_mutex_init_function
                0x02024d38                __generic_gxx_recursive_mutex_destroy
                0x02024d40                __generic_gxx_recursive_mutex_unlock
                0x02024d44                __generic_gxx_recursive_mutex_trylock
                0x02024d48                __generic_gxx_recursive_mutex_lock
                0x02024d4c                __generic_gxx_mutex_unlock
                0x02024d50                __generic_gxx_mutex_trylock
                0x02024d54                __generic_gxx_mutex_lock
                0x02024d58                __generic_gxx_mutex_destroy
 .text          0x02024d5c       0x28 c:/intelfpga/18.0/embedded/host_tools/mentor/gnu/arm/baremetal/bin/../lib/gcc/arm-altera-eabi/6.2.0\libgcc.a(_clzdi2.o)
                0x02024d5c                __clzdi2
 .text          0x02024d84       0x48 c:/intelfpga/18.0/embedded/host_tools/mentor/gnu/arm/baremetal/bin/../lib/gcc/arm-altera-eabi/6.2.0\libgcc.a(_clzsi2.o)
                0x02024d84                __clzsi2
 *(.plt)
 *(.gnu.warning)
 *(.glue_7t)
 .glue_7t       0x02024dcc        0x0 linker stubs
 *(.glue_7)
 .glue_7        0x02024dcc        0x0 linker stubs
 *(.vfp11_veneer)
 .vfp11_veneer  0x02024dcc        0x0 linker stubs
 *(.ARM.extab* .gnu.linkonce.armextab.*)
 *(.gcc_except_table)

.v4_bx          0x02024dcc        0x0
 .v4_bx         0x02024dcc        0x0 linker stubs

.iplt           0x02024dcc        0x0
 .iplt          0x02024dcc        0x0 c:/intelfpga/18.0/embedded/host_tools/mentor/gnu/arm/baremetal/bin/../lib/gcc/arm-altera-eabi/6.2.0/crtbegin.o

.eh_frame_hdr
 *(.eh_frame_hdr)
 *(.eh_frame_entry .eh_frame_entry.*)

.eh_frame       0x02024dcc        0x4
 *(.eh_frame)
 .eh_frame      0x02024dcc        0x0 c:/intelfpga/18.0/embedded/host_tools/mentor/gnu/arm/baremetal/bin/../lib/gcc/arm-altera-eabi/6.2.0/crtbegin.o
 .eh_frame      0x02024dcc        0x4 c:/intelfpga/18.0/embedded/host_tools/mentor/gnu/arm/baremetal/bin/../lib/gcc/arm-altera-eabi/6.2.0/crtend.o
 *(.eh_frame.*)
                [!provide]                PROVIDE (__exidx_start, .)

.ARM.exidx      0x02024dd0        0x8
 *(.ARM.exidx* .gnu.linkonce.armexidx.*)
 .ARM.exidx     0x02024dd0        0x8 c:/intelfpga/18.0/embedded/host_tools/mentor/gnu/arm/baremetal/bin/../lib/gcc/arm-altera-eabi/6.2.0\libgcc.a(_udivmoddi4.o)
                [!provide]                PROVIDE (__exidx_end, .)

.rel.dyn        0x02024dd8        0x0
 .rel.iplt      0x02024dd8        0x0 c:/intelfpga/18.0/embedded/host_tools/mentor/gnu/arm/baremetal/bin/../lib/gcc/arm-altera-eabi/6.2.0/crtbegin.o

.rodata         0x02024dd8     0x1f48
 *(.rodata .rodata.* .gnu.linkonce.r.*)
 .rodata.main.str1.4
                0x02024dd8      0xbb8 Demo_40_CORTEXA9.o
                                0xbc0 (size before relaxing)
 .rodata.dma_cleanup.part.0.constprop.10.str1.4
                0x02025990       0x28 arm_pl330.o
 .rodata.dma_done.str1.4
                0x020259b8       0x25 arm_pl330.o
 *fill*         0x020259dd        0x3 
 .rodata.dma_init.str1.4
                0x020259e0        0x4 arm_pl330.o
 .rodata.dma_kill.str1.4
                0x020259e4       0x25 arm_pl330.o
 *fill*         0x02025a09        0x3 
 .rodata.dma_kill_X.str1.4
                0x02025a0c       0x58 arm_pl330.o
 .rodata.dma_start_X.constprop.9.str1.4
                0x02025a64       0x26 arm_pl330.o
 *fill*         0x02025a8a        0x2 
 .rodata.dma_wait.str1.4
                0x02025a8c       0x25 arm_pl330.o
 *fill*         0x02025ab1        0x3 
 .rodata.dma_xfer.str1.4
                0x02025ab4      0x302 arm_pl330.o
 *fill*         0x02025db6        0x2 
 .rodata.g_DmaNames
                0x02025db8        0x5 arm_pl330.o
 *fill*         0x02025dbd        0x3 
 .rodata.g_SemNames
                0x02025dc0       0x38 arm_pl330.o
 .rodata.g_DMAchan
                0x02025df8       0x20 dw_spi.o
 .rodata.g_DevReMap
                0x02025e18       0x10 dw_spi.o
 .rodata.g_HWaddr
                0x02025e28       0x10 dw_spi.o
 .rodata.g_IsMaster
                0x02025e38        0x4 dw_spi.o
 *fill*         0x02025e3c        0x4 
 .rodata.g_Names
                0x02025e40       0x40 dw_spi.o
 .rodata.spi_init.str1.4
                0x02025e80      0x388 dw_spi.o
 .rodata.spi_recv.str1.4
                0x02026208      0x2f2 dw_spi.o
 *fill*         0x020264fa        0x2 
 .rodata.spi_send.str1.4
                0x020264fc       0xf6 dw_spi.o
 *fill*         0x020265f2        0x2 
 .rodata.spi_send_recv.str1.4
                0x020265f4      0x14c dw_spi.o
 .rodata.BSecho.7309
                0x02026740        0x2 dw_uart.o
 *fill*         0x02026742        0x6 
 .rodata.g_DevReMap
                0x02026748        0x8 dw_uart.o
 .rodata.g_HWaddr
                0x02026750        0x8 dw_uart.o
 .rodata.g_Names
                0x02026758       0x40 dw_uart.o
 .rodata.G_ABORTstackSize
                0x02026798        0x4 mAbassiCfgA9.o
                0x02026798                G_ABORTstackSize
 .rodata.G_FIQstackSize
                0x0202679c        0x4 mAbassiCfgA9.o
                0x0202679c                G_FIQstackSize
 .rodata.G_IRQstackSize
                0x020267a0        0x4 mAbassiCfgA9.o
                0x020267a0                G_IRQstackSize
 *fill*         0x020267a4        0x4 
 .rodata.G_MMUnonCachedTbl
                0x020267a8        0xc mAbassiCfgA9.o
                0x020267a8                G_MMUnonCachedTbl
 *fill*         0x020267b4        0x4 
 .rodata.G_MMUnonCprivTbl
                0x020267b8       0x10 mAbassiCfgA9.o
                0x020267b8                G_MMUnonCprivTbl
 .rodata.G_MMUprivateTbl
                0x020267c8       0x10 mAbassiCfgA9.o
                0x020267c8                G_MMUprivateTbl
 .rodata.G_MMUsharedTbl
                0x020267d8        0xc mAbassiCfgA9.o
                0x020267d8                G_MMUsharedTbl
 .rodata.G_SUPERstackSize
                0x020267e4        0x4 mAbassiCfgA9.o
                0x020267e4                G_SUPERstackSize
 .rodata.G_UNDEFstackSize
                0x020267e8        0x4 mAbassiCfgA9.o
                0x020267e8                G_UNDEFstackSize
 *fill*         0x020267ec        0x4 
 .rodata.G_OSnoName
                0x020267f0        0x4 ../../mAbassi/Platform/lib\lib_mAbassi_EVAL_GCC_AR5_CY5.a(mAbassi_EVAL_A9_GCC_2_NR.o)
                0x020267f0                G_OSnoName
 *fill*         0x020267f4        0x4 
 .rodata.G_OSprivName
                0x020267f8        0x5 ../../mAbassi/Platform/lib\lib_mAbassi_EVAL_GCC_AR5_CY5.a(mAbassi_EVAL_A9_GCC_2_NR.o)
                0x020267f8                G_OSprivName
 *fill*         0x020267fd        0x3 
 .rodata.OSstart.str1.4
                0x02026800       0x14 ../../mAbassi/Platform/lib\lib_mAbassi_EVAL_GCC_AR5_CY5.a(mAbassi_EVAL_A9_GCC_2_NR.o)
 *fill*         0x02026814        0x4 
 .rodata.g_OSMutexName
                0x02026818        0x6 ../../mAbassi/Platform/lib\lib_mAbassi_EVAL_GCC_AR5_CY5.a(mAbassi_EVAL_A9_GCC_2_NR.o)
                0x02026818                g_OSMutexName
 *fill*         0x0202681e        0x2 
 .rodata        0x02026820        0x4 c:/intelfpga/18.0/embedded/host_tools/mentor/gnu/arm/baremetal/bin/../lib/gcc/arm-altera-eabi/6.2.0/../../../../arm-altera-eabi/lib\libc.a(lib_a-impure.o)
                0x02026820                _global_impure_ptr
 .rodata.str1.4
                0x02026824       0x14 c:/intelfpga/18.0/embedded/host_tools/mentor/gnu/arm/baremetal/bin/../lib/gcc/arm-altera-eabi/6.2.0/../../../../arm-altera-eabi/lib\libc.a(lib_a-puts.o)
                                  0x2 (size before relaxing)
 .rodata        0x02026824       0x20 c:/intelfpga/18.0/embedded/host_tools/mentor/gnu/arm/baremetal/bin/../lib/gcc/arm-altera-eabi/6.2.0/../../../../arm-altera-eabi/lib\libc.a(lib_a-vfprintf.o)
 .rodata.str1.4
                0x02026844       0x42 c:/intelfpga/18.0/embedded/host_tools/mentor/gnu/arm/baremetal/bin/../lib/gcc/arm-altera-eabi/6.2.0/../../../../arm-altera-eabi/lib\libc.a(lib_a-vfprintf.o)
 *fill*         0x02026886        0x2 
 .rodata        0x02026888       0x22 c:/intelfpga/18.0/embedded/host_tools/mentor/gnu/arm/baremetal/bin/../lib/gcc/arm-altera-eabi/6.2.0/../../../../arm-altera-eabi/lib\libc.a(lib_a-vfscanf.o)
 *fill*         0x020268aa        0x2 
 .rodata.str1.4
                0x020268ac        0x5 c:/intelfpga/18.0/embedded/host_tools/mentor/gnu/arm/baremetal/bin/../lib/gcc/arm-altera-eabi/6.2.0/../../../../arm-altera-eabi/lib\libc.a(lib_a-vfscanf.o)
 *fill*         0x020268b1        0x3 
 .rodata.str1.4
                0x020268b4       0x10 c:/intelfpga/18.0/embedded/host_tools/mentor/gnu/arm/baremetal/bin/../lib/gcc/arm-altera-eabi/6.2.0/../../../../arm-altera-eabi/lib\libc.a(lib_a-dtoa.o)
                                 0x12 (size before relaxing)
 .rodata.str1.4
                0x020268c4        0xe c:/intelfpga/18.0/embedded/host_tools/mentor/gnu/arm/baremetal/bin/../lib/gcc/arm-altera-eabi/6.2.0/../../../../arm-altera-eabi/lib\libc.a(lib_a-locale.o)
                                 0x12 (size before relaxing)
 .rodata.str1.4
                0x020268d2        0x1 c:/intelfpga/18.0/embedded/host_tools/mentor/gnu/arm/baremetal/bin/../lib/gcc/arm-altera-eabi/6.2.0/../../../../arm-altera-eabi/lib\libc.a(lib_a-mbrtowc.o)
 *fill*         0x020268d2        0x6 
 .rodata        0x020268d8      0x128 c:/intelfpga/18.0/embedded/host_tools/mentor/gnu/arm/baremetal/bin/../lib/gcc/arm-altera-eabi/6.2.0/../../../../arm-altera-eabi/lib\libc.a(lib_a-mprec.o)
                0x020268e8                __mprec_tens
                0x020269b0                __mprec_tinytens
                0x020269d8                __mprec_bigtens
 .rodata        0x02026a00       0x50 c:/intelfpga/18.0/embedded/host_tools/mentor/gnu/arm/baremetal/bin/../lib/gcc/arm-altera-eabi/6.2.0/../../../../arm-altera-eabi/lib\libc.a(lib_a-strtod.o)
 .rodata.str1.4
                0x02026a50       0x10 c:/intelfpga/18.0/embedded/host_tools/mentor/gnu/arm/baremetal/bin/../lib/gcc/arm-altera-eabi/6.2.0/../../../../arm-altera-eabi/lib\libc.a(lib_a-strtod.o)
                                  0xf (size before relaxing)
 .rodata        0x02026a60       0x20 c:/intelfpga/18.0/embedded/host_tools/mentor/gnu/arm/baremetal/bin/../lib/gcc/arm-altera-eabi/6.2.0/../../../../arm-altera-eabi/lib\libc.a(lib_a-svfprintf.o)
 .rodata.str1.4
                0x02026a80       0x42 c:/intelfpga/18.0/embedded/host_tools/mentor/gnu/arm/baremetal/bin/../lib/gcc/arm-altera-eabi/6.2.0/../../../../arm-altera-eabi/lib\libc.a(lib_a-svfprintf.o)
 .rodata        0x02026a80       0x20 c:/intelfpga/18.0/embedded/host_tools/mentor/gnu/arm/baremetal/bin/../lib/gcc/arm-altera-eabi/6.2.0/../../../../arm-altera-eabi/lib\libc.a(lib_a-vfiprintf.o)
 .rodata.str1.4
                0x02026aa0       0x2f c:/intelfpga/18.0/embedded/host_tools/mentor/gnu/arm/baremetal/bin/../lib/gcc/arm-altera-eabi/6.2.0/../../../../arm-altera-eabi/lib\libc.a(lib_a-vfiprintf.o)
 .rodata        0x02026aa0      0x101 c:/intelfpga/18.0/embedded/host_tools/mentor/gnu/arm/baremetal/bin/../lib/gcc/arm-altera-eabi/6.2.0/../../../../arm-altera-eabi/lib\libc.a(lib_a-ctype_.o)
                0x02026aa0                _ctype_
 *fill*         0x02026ba1        0x3 
 .rodata        0x02026ba4      0x100 c:/intelfpga/18.0/embedded/host_tools/mentor/gnu/arm/baremetal/bin/../lib/gcc/arm-altera-eabi/6.2.0/../../../../arm-altera-eabi/lib\libc.a(lib_a-gdtoa-gethex.o)
                0x02026ba4                __hexdig
 .rodata        0x02026ca4       0x20 c:/intelfpga/18.0/embedded/host_tools/mentor/gnu/arm/baremetal/bin/../lib/gcc/arm-altera-eabi/6.2.0/../../../../arm-altera-eabi/lib\libc.a(lib_a-svfiprintf.o)
 .rodata.str1.4
                0x02026cc4       0x2f c:/intelfpga/18.0/embedded/host_tools/mentor/gnu/arm/baremetal/bin/../lib/gcc/arm-altera-eabi/6.2.0/../../../../arm-altera-eabi/lib\libc.a(lib_a-svfiprintf.o)
                0x02026cf4                . = ALIGN (0x4)
 *(.init)
 .init          0x02026cc4        0xc c:/intelfpga/18.0/embedded/host_tools/mentor/gnu/arm/baremetal/bin/../lib/gcc/arm-altera-eabi/6.2.0/crti.o
                0x02026cc4                _init
 .init          0x02026cd0        0xc c:/intelfpga/18.0/embedded/host_tools/mentor/gnu/arm/baremetal/bin/../lib/gcc/arm-altera-eabi/6.2.0/crtn.o
                0x02026cf4                . = ALIGN (0x4)
                0x02026cf4                __preinit_array_start = .
 *(.preinit_array)
                0x02026cf4                __preinit_array_end = .
                0x02026cf4                . = ALIGN (0x4)
                0x02026cf4                __init_array_start = .
 *(SORT(.init_array.*))
 .init_array.00000
                0x02026cdc        0x4 c:/intelfpga/18.0/embedded/host_tools/mentor/gnu/arm/baremetal/bin/../lib/gcc/arm-altera-eabi/6.2.0/../../../../arm-altera-eabi/lib\libc.a(lib_a-mlock.o)
 .init_array.00000
                0x02026ce0        0x8 c:/intelfpga/18.0/embedded/host_tools/mentor/gnu/arm/baremetal/bin/../lib/gcc/arm-altera-eabi/6.2.0/../../../../arm-altera-eabi/lib\libc.a(lib_a-findfp.o)
 *(.init_array)
 .init_array    0x02026ce8        0x4 c:/intelfpga/18.0/embedded/host_tools/mentor/gnu/arm/baremetal/bin/../lib/gcc/arm-altera-eabi/6.2.0/crtbegin.o
                0x02026cf4                __init_array_end = .
                0x02026cf4                . = ALIGN (0x4)
 *(.fini)
 .fini          0x02026cec        0xc c:/intelfpga/18.0/embedded/host_tools/mentor/gnu/arm/baremetal/bin/../lib/gcc/arm-altera-eabi/6.2.0/crti.o
                0x02026cec                _fini
 .fini          0x02026cf8        0xc c:/intelfpga/18.0/embedded/host_tools/mentor/gnu/arm/baremetal/bin/../lib/gcc/arm-altera-eabi/6.2.0/crtn.o
                0x02026d04                . = ALIGN (0x4)
                0x02026d04                __fini_array_start = .
 *(.fini_array)
 .fini_array    0x02026d04        0x4 c:/intelfpga/18.0/embedded/host_tools/mentor/gnu/arm/baremetal/bin/../lib/gcc/arm-altera-eabi/6.2.0/crtbegin.o
 *(SORT(.fini_array.*))
                0x02026d08                __fini_array_end = .
                0x02026d08                . = ALIGN (0x4)
 *crtbegin.o(.ctors)
 *crtbegin?.o(.ctors)
 *(EXCLUDE_FILE(*crtend.o) .ctors)
 *(SORT(.ctors.*))
 *crtend.o(.ctors)
 *(.ctors)
                0x02026d08                . = ALIGN (0x4)
 *crtbegin.o(.dtors)
 *crtbegin?.o(.dtors)
 *(EXCLUDE_FILE(*crtend.o) .dtors)
 *(SORT(.dtors.*))
 *crtend.o(.dtors)
 *(.dtors)
                0x02026d08                . = ALIGN (0x4)
                0x02026d08                __cs3_regions = .
                0x02026d08        0x4 LONG 0x0
                0x02026d0c        0x4 LONG 0x2000000 __cs3_region_init_ram
                0x02026d10        0x4 LONG 0x2000000 __cs3_region_start_ram
                0x02026d14        0x4 LONG 0x27720 __cs3_region_init_size_ram
                0x02026d18        0x4 LONG 0x10431828 __cs3_region_zero_size_ram
                0x02026d1c                __cs3_regions_end = .
                0x02026d20                . = ALIGN (0x8)
 *fill*         0x02026d1c        0x4 
                0x02026d20                _etext = .
                0x00000001                ASSERT (! ((__cs3_region_init_ram & 0x7)), __cs3_region_init_ram not aligned)
                0x00000001                ASSERT (! ((__cs3_region_start_ram & 0x7)), __cs3_region_start_ram not aligned)
                0x00000001                ASSERT (! ((__cs3_region_init_size_ram & 0x7)), __cs3_region_init_size_ram not aligned)
                0x00000001                ASSERT (! ((__cs3_region_zero_size_ram & 0x7)), __cs3_region_zero_size_ram not aligned)
                0x02026d20                __etext = .

.data           0x02026d20      0xa00
                0x02026d20                _fdata = .
                0x02026d20                __data_start__ = .
 *(vtable)
 *(.data*)
 .data.ExpiryCnt.7521
                0x02026d20        0x8 ../../mAbassi/Platform/lib\lib_mAbassi_EVAL_GCC_AR5_CY5.a(mAbassi_EVAL_A9_GCC_2_NR.o)
 .data.ExpiryPrv.7522
                0x02026d28        0x8 ../../mAbassi/Platform/lib\lib_mAbassi_EVAL_GCC_AR5_CY5.a(mAbassi_EVAL_A9_GCC_2_NR.o)
 .data          0x02026d30       0x3c ../../mAbassi/Platform/lib\lib_mAbassi_EVAL_GCC_AR5_CY5.a(mAbassi_EVAL_GCC_AR5_CY5_NR.o)
                0x02026d34                DATAabort_Handler
                0x02026d34                __cs3_isr_dabort
                0x02026d48                FIQ_Handler
                0x02026d48                __cs3_isr_fiq
                0x02026d4c                __cs3_isr_pabort
                0x02026d4c                PFabort_Handler
                0x02026d5c                __cs3_isr_undef
                0x02026d5c                Undef_Handler
 *fill*         0x02026d6c        0x4 
 .data          0x02026d70      0x430 c:/intelfpga/18.0/embedded/host_tools/mentor/gnu/arm/baremetal/bin/../lib/gcc/arm-altera-eabi/6.2.0/../../../../arm-altera-eabi/lib\libc.a(lib_a-impure.o)
                0x02026d70                _impure_ptr
 .data          0x020271a0      0x410 c:/intelfpga/18.0/embedded/host_tools/mentor/gnu/arm/baremetal/bin/../lib/gcc/arm-altera-eabi/6.2.0/../../../../arm-altera-eabi/lib\libc.a(lib_a-mallocr.o)
                0x020271a0                __malloc_av_
                0x020275a8                __malloc_sbrk_base
                0x020275ac                __malloc_trim_threshold
 .data          0x020275b0      0x16c c:/intelfpga/18.0/embedded/host_tools/mentor/gnu/arm/baremetal/bin/../lib/gcc/arm-altera-eabi/6.2.0/../../../../arm-altera-eabi/lib\libc.a(lib_a-locale.o)
                0x020275b0                __global_locale
 *(.jcr*)
 .jcr           0x0202771c        0x0 c:/intelfpga/18.0/embedded/host_tools/mentor/gnu/arm/baremetal/bin/../lib/gcc/arm-altera-eabi/6.2.0/crtbegin.o
 .jcr           0x0202771c        0x4 c:/intelfpga/18.0/embedded/host_tools/mentor/gnu/arm/baremetal/bin/../lib/gcc/arm-altera-eabi/6.2.0/crtend.o
                0x02027720                . = ALIGN (0x8)
                0x02027720                __data_end__ = .
                0x02027720                _edata = .

.tm_clone_table
                0x02027720        0x0
 .tm_clone_table
                0x02027720        0x0 c:/intelfpga/18.0/embedded/host_tools/mentor/gnu/arm/baremetal/bin/../lib/gcc/arm-altera-eabi/6.2.0/crtbegin.o
 .tm_clone_table
                0x02027720        0x0 c:/intelfpga/18.0/embedded/host_tools/mentor/gnu/arm/baremetal/bin/../lib/gcc/arm-altera-eabi/6.2.0/crtend.o

.igot.plt       0x02027720        0x0
 .igot.plt      0x02027720        0x0 c:/intelfpga/18.0/embedded/host_tools/mentor/gnu/arm/baremetal/bin/../lib/gcc/arm-altera-eabi/6.2.0/crtbegin.o

.bss            0x02027800   0x431748
                0x02027800                _fbss = .
                0x02027800                __bss_start__ = .
 *(.shbss)
 *(.bss .bss.* .gnu.linkonce.b.*)
 .bss           0x02027800       0x1c c:/intelfpga/18.0/embedded/host_tools/mentor/gnu/arm/baremetal/bin/../lib/gcc/arm-altera-eabi/6.2.0/crtbegin.o
 *fill*         0x0202781c        0x4 
 .bss.Buf16     0x02027820   0x200000 Demo_40_CORTEXA9.o
                0x02027820                Buf16
 .bss.Buf8      0x02227820   0x100000 Demo_40_CORTEXA9.o
                0x02227820                Buf8
 .bss.Buf8A     0x02327820   0x100000 Demo_40_CORTEXA9.o
                0x02327820                Buf8A
 .bss.G_UartDevErr
                0x02427820        0x4 Demo_40_CORTEXA9.o
                0x02427820                G_UartDevErr
 .bss.G_UartDevIn
                0x02427824        0x4 Demo_40_CORTEXA9.o
                0x02427824                G_UartDevIn
 .bss.G_UartDevOut
                0x02427828        0x4 Demo_40_CORTEXA9.o
                0x02427828                G_UartDevOut
 .bss.g_CfgIsInit
                0x0242782c        0x4 arm_pl330.o
 .bss.g_DMAcfg  0x02427830     0x46a0 arm_pl330.o
                0x02427830                g_DMAcfg
 .bss.g_MyMutex
                0x0242bed0        0x4 arm_pl330.o
                0x0242bed0                g_MyMutex
 .bss.g_GPIOinit
                0x0242bed4        0x4 alt_gpio.o
 .bss.g_CfgIsInit
                0x0242bed8        0x4 dw_spi.o
 .bss.g_Dummy   0x0242bedc        0x4 dw_spi.o
 .bss.g_SPIcfg  0x0242bee0      0x3a0 dw_spi.o
 .bss.g_CfgIsInit
                0x0242c280        0x4 dw_uart.o
 .bss.g_UARTcfg
                0x0242c284     0x2088 dw_uart.o
 *fill*         0x0242e30c        0x4 
 .bss.G_ABORTstack
                0x0242e310      0x800 mAbassiCfgA9.o
                0x0242e310                G_ABORTstack
 .bss.G_FIQstack
                0x0242eb10      0x800 mAbassiCfgA9.o
                0x0242eb10                G_FIQstack
 .bss.G_IRQstack
                0x0242f310     0x8000 mAbassiCfgA9.o
                0x0242f310                G_IRQstack
 .bss.G_SUPERstack
                0x02437310     0x8000 mAbassiCfgA9.o
                0x02437310                G_SUPERstack
 .bss.G_UNDEFstack
                0x0243f310      0x800 mAbassiCfgA9.o
                0x0243f310                G_UNDEFstack
 .bss.ExpiryZap.7523
                0x0243fb10        0x4 ../../mAbassi/Platform/lib\lib_mAbassi_EVAL_GCC_AR5_CY5.a(mAbassi_EVAL_A9_GCC_2_NR.o)
 *fill*         0x0243fb14        0x4 
 .bss.G_CoreIdleDone
                0x0243fb18        0x8 ../../mAbassi/Platform/lib\lib_mAbassi_EVAL_GCC_AR5_CY5.a(mAbassi_EVAL_A9_GCC_2_NR.o)
                0x0243fb18                G_CoreIdleDone
 .bss.G_OSisrQrd
                0x0243fb20        0x8 ../../mAbassi/Platform/lib\lib_mAbassi_EVAL_GCC_AR5_CY5.a(mAbassi_EVAL_A9_GCC_2_NR.o)
                0x0243fb20                G_OSisrQrd
 .bss.G_OSisrQwrt
                0x0243fb28        0x8 ../../mAbassi/Platform/lib\lib_mAbassi_EVAL_GCC_AR5_CY5.a(mAbassi_EVAL_A9_GCC_2_NR.o)
                0x0243fb28                G_OSisrQwrt
 .bss.G_OSisrState
                0x0243fb30       0x38 ../../mAbassi/Platform/lib\lib_mAbassi_EVAL_GCC_AR5_CY5.a(mAbassi_EVAL_A9_GCC_2_NR.o)
                0x0243fb30                G_OSisrState
 .bss.G_OSisrTbl
                0x0243fb68     0x1000 ../../mAbassi/Platform/lib\lib_mAbassi_EVAL_GCC_AR5_CY5.a(mAbassi_EVAL_A9_GCC_2_NR.o)
                0x0243fb68                G_OSisrTbl
 .bss.G_OSmutex
                0x02440b68        0x4 ../../mAbassi/Platform/lib\lib_mAbassi_EVAL_GCC_AR5_CY5.a(mAbassi_EVAL_A9_GCC_2_NR.o)
                0x02440b68                G_OSmutex
 .bss.G_OSstate
                0x02440b6c        0x4 ../../mAbassi/Platform/lib\lib_mAbassi_EVAL_GCC_AR5_CY5.a(mAbassi_EVAL_A9_GCC_2_NR.o)
                0x02440b6c                G_OSstate
 .bss.G_OStaskNow
                0x02440b70        0x8 ../../mAbassi/Platform/lib\lib_mAbassi_EVAL_GCC_AR5_CY5.a(mAbassi_EVAL_A9_GCC_2_NR.o)
                0x02440b70                G_OStaskNow
 .bss.G_OStimCnt
                0x02440b78        0x4 ../../mAbassi/Platform/lib\lib_mAbassi_EVAL_GCC_AR5_CY5.a(mAbassi_EVAL_A9_GCC_2_NR.o)
                0x02440b78                G_OStimCnt
 *fill*         0x02440b7c        0x4 
 .bss.LoadBal.7508
                0x02440b80        0x8 ../../mAbassi/Platform/lib\lib_mAbassi_EVAL_GCC_AR5_CY5.a(mAbassi_EVAL_A9_GCC_2_NR.o)
 .bss.g_CoreInInit
                0x02440b88        0x4 ../../mAbassi/Platform/lib\lib_mAbassi_EVAL_GCC_AR5_CY5.a(mAbassi_EVAL_A9_GCC_2_NR.o)
 .bss.g_GrpList
                0x02440b8c        0x4 ../../mAbassi/Platform/lib\lib_mAbassi_EVAL_GCC_AR5_CY5.a(mAbassi_EVAL_A9_GCC_2_NR.o)
                0x02440b8c                g_GrpList
 .bss.g_KrnlReent
                0x02440b90        0x8 ../../mAbassi/Platform/lib\lib_mAbassi_EVAL_GCC_AR5_CY5.a(mAbassi_EVAL_A9_GCC_2_NR.o)
                0x02440b90                g_KrnlReent
 .bss.g_MutexList
                0x02440b98        0x4 ../../mAbassi/Platform/lib\lib_mAbassi_EVAL_GCC_AR5_CY5.a(mAbassi_EVAL_A9_GCC_2_NR.o)
                0x02440b98                g_MutexList
 *fill*         0x02440b9c        0x4 
 .bss.g_OStimCore
                0x02440ba0        0x8 ../../mAbassi/Platform/lib\lib_mAbassi_EVAL_GCC_AR5_CY5.a(mAbassi_EVAL_A9_GCC_2_NR.o)
 .bss.g_OStimSpin
                0x02440ba8        0x4 ../../mAbassi/Platform/lib\lib_mAbassi_EVAL_GCC_AR5_CY5.a(mAbassi_EVAL_A9_GCC_2_NR.o)
 .bss.g_PostQueue
                0x02440bac    0x18000 ../../mAbassi/Platform/lib\lib_mAbassi_EVAL_GCC_AR5_CY5.a(mAbassi_EVAL_A9_GCC_2_NR.o)
 .bss.g_SemaList
                0x02458bac        0x4 ../../mAbassi/Platform/lib\lib_mAbassi_EVAL_GCC_AR5_CY5.a(mAbassi_EVAL_A9_GCC_2_NR.o)
                0x02458bac                g_SemaList
 .bss.g_StrvHoldCnt
                0x02458bb0        0x4 ../../mAbassi/Platform/lib\lib_mAbassi_EVAL_GCC_AR5_CY5.a(mAbassi_EVAL_A9_GCC_2_NR.o)
                0x02458bb0                g_StrvHoldCnt
 .bss.g_StrvList
                0x02458bb4        0x4 ../../mAbassi/Platform/lib\lib_mAbassi_EVAL_GCC_AR5_CY5.a(mAbassi_EVAL_A9_GCC_2_NR.o)
                0x02458bb4                g_StrvList
 .bss.g_StrvPreEmptCnt
                0x02458bb8        0x4 ../../mAbassi/Platform/lib\lib_mAbassi_EVAL_GCC_AR5_CY5.a(mAbassi_EVAL_A9_GCC_2_NR.o)
                0x02458bb8                g_StrvPreEmptCnt
 .bss.g_StrvRunCnt
                0x02458bbc        0x4 ../../mAbassi/Platform/lib\lib_mAbassi_EVAL_GCC_AR5_CY5.a(mAbassi_EVAL_A9_GCC_2_NR.o)
                0x02458bbc                g_StrvRunCnt
 .bss.g_StrvTick
                0x02458bc0        0x4 ../../mAbassi/Platform/lib\lib_mAbassi_EVAL_GCC_AR5_CY5.a(mAbassi_EVAL_A9_GCC_2_NR.o)
                0x02458bc0                g_StrvTick
 .bss.g_TaskList
                0x02458bc4        0x4 ../../mAbassi/Platform/lib\lib_mAbassi_EVAL_GCC_AR5_CY5.a(mAbassi_EVAL_A9_GCC_2_NR.o)
                0x02458bc4                g_TaskList
 .bss.g_TaskRdy
                0x02458bc8       0x84 ../../mAbassi/Platform/lib\lib_mAbassi_EVAL_GCC_AR5_CY5.a(mAbassi_EVAL_A9_GCC_2_NR.o)
                0x02458bc8                g_TaskRdy
 .bss.g_TimSrvChkBusy
                0x02458c4c        0x4 ../../mAbassi/Platform/lib\lib_mAbassi_EVAL_GCC_AR5_CY5.a(mAbassi_EVAL_A9_GCC_2_NR.o)
                0x02458c4c                g_TimSrvChkBusy
 .bss.g_TimSrvList
                0x02458c50        0x4 ../../mAbassi/Platform/lib\lib_mAbassi_EVAL_GCC_AR5_CY5.a(mAbassi_EVAL_A9_GCC_2_NR.o)
                0x02458c50                g_TimSrvList
 .bss.g_TimeOutChkBusy
                0x02458c54        0x4 ../../mAbassi/Platform/lib\lib_mAbassi_EVAL_GCC_AR5_CY5.a(mAbassi_EVAL_A9_GCC_2_NR.o)
                0x02458c54                g_TimeOutChkBusy
 .bss.g_TimeOutList
                0x02458c58        0x4 ../../mAbassi/Platform/lib\lib_mAbassi_EVAL_GCC_AR5_CY5.a(mAbassi_EVAL_A9_GCC_2_NR.o)
                0x02458c58                g_TimeOutList
 .bss.g__OSmutex
                0x02458c5c       0x20 ../../mAbassi/Platform/lib\lib_mAbassi_EVAL_GCC_AR5_CY5.a(mAbassi_EVAL_A9_GCC_2_NR.o)
 *fill*         0x02458c7c       0x84 
 .bss           0x02458d00      0x200 ../../mAbassi/Platform/lib\lib_mAbassi_EVAL_GCC_AR5_CY5.a(mAbassi_EVAL_GCC_AR5_CY5_NR.o)
 .bss           0x02458f00        0x4 ../../mAbassi/Platform/lib\lib_mAbassi_EVAL_GCC_AR5_CY5.a(ARMv7_SMP_L1_L2_GCC_AR5_CY5.o)
 .bss           0x02458f04       0x34 c:/intelfpga/18.0/embedded/host_tools/mentor/gnu/arm/baremetal/bin/../lib/gcc/arm-altera-eabi/6.2.0/../../../../arm-altera-eabi/lib\libc.a(lib_a-mallocr.o)
                0x02458f04                __malloc_top_pad
                0x02458f08                __malloc_current_mallinfo
                0x02458f30                __malloc_max_sbrked_mem
                0x02458f34                __malloc_max_total_mem
 .bss           0x02458f38        0x4 c:/intelfpga/18.0/embedded/host_tools/mentor/gnu/arm/baremetal/bin/../lib/gcc/arm-altera-eabi/6.2.0/../../../../arm-altera-eabi/lib\libc.a(lib_a-mlock.o)
 .bss           0x02458f3c        0x8 c:/intelfpga/18.0/embedded/host_tools/mentor/gnu/arm/baremetal/bin/../lib/gcc/arm-altera-eabi/6.2.0/../../../../arm-altera-eabi/lib\libc.a(lib_a-findfp.o)
 *(COMMON)
                0x02458f48                . = ALIGN (0x8)
 *fill*         0x02458f44        0x4 
 *(.ram.b .bss.ram)
                0x02458f48                . = ALIGN (0x8)
                0x02458f48                __bss_end__ = .
                0x02458f48                _ebss = .

.memdrive       0x02458f48 0x10000000
                0x02458f48                . = ALIGN (0x8)
                0x02458f48                G_MemDrvBase = .
                0x12458f48                . = (. + _MDRV_SIZE)
 *fill*         0x02458f48 0x10000000 
                0x12458f48                G_MemDrvEnd = .

.stack_dummy
 *(.stack*)

.heap           0x12458f48  0xdba10b8
                0x12458f48                _end = .
                0x12458f48                __end = .
                0x12458f48                __end__ = .
                [!provide]                PROVIDE (end, .)
                0x12458f48                PROVIDE (__cs3_heap_start, .)
 *(.heap*)
                0x1fffa000                . = (((((((__cs3_region_start_ram + LENGTH (ram)) - ((_SUPERVISOR_STACK_SIZE + 0x7) & 0xfffffff8)) - ((_ABORT_STACK_SIZE + 0x7) & 0xfffffff8)) - ((_FIQ_STACK_SIZE + 0x7) & 0xfffffff8)) - ((_IRQ_STACK_SIZE + 0x7) & 0xfffffff8)) - ((_UNDEF_STACK_SIZE + 0x7) & 0xfffffff8)) - ((_STACK_SIZE + 0x7) & 0xfffffff8))
 *fill*         0x12458f48  0xdba10b8 
                0x1fffa000                __HeapLimit = .
                0x1fffa000                PROVIDE (__cs3_heap_end, .)

.stack          0x1fffa000     0x6000
                0x1fffa800                . = (. + _SUPERVISOR_STACK_SIZE)
 *fill*         0x1fffa000      0x800 
                0x1fffa800                . = ALIGN (0x8)
                0x1fffa800                __supervisor_stack = .
                0x1fffb000                . = (. + _ABORT_STACK_SIZE)
 *fill*         0x1fffa800      0x800 
                0x1fffb000                . = ALIGN (0x8)
                0x1fffb000                __abort_stack = .
                0x1fffb800                . = (. + _FIQ_STACK_SIZE)
 *fill*         0x1fffb000      0x800 
                0x1fffb800                . = ALIGN (0x8)
                0x1fffb800                __fiq_stack = .
                0x1fffd800                . = (. + _IRQ_STACK_SIZE)
 *fill*         0x1fffb800     0x2000 
                0x1fffd800                . = ALIGN (0x8)
                0x1fffd800                __irq_stack = .
                0x1fffe000                . = (. + _UNDEF_STACK_SIZE)
 *fill*         0x1fffd800      0x800 
                0x1fffe000                . = ALIGN (0x8)
                0x1fffe000                __undef_stack = .
                0x20000000                . = (. + _STACK_SIZE)
 *fill*         0x1fffe000     0x2000 
                0x20000000                __cs3_region_end_ram = (__cs3_region_start_ram + LENGTH (ram))
                0x1e000000                __cs3_region_size_ram = LENGTH (ram)
                0x02000000                __cs3_region_init_ram = LOADADDR (.text)
                0x00027720                __cs3_region_init_size_ram = (_edata - ADDR (.text))
                0x10431828                __cs3_region_zero_size_ram = (_end - _edata)
                0x20000000                __StackTop = (ORIGIN (ram) + LENGTH (ram))
                0x1fffa000                __StackLimit = (__StackTop - SIZEOF (.stack))
                [!provide]                PROVIDE (__stack, __StackTop)
                0x20000000                PROVIDE (__cs3_stack, __StackTop)

.uncached       0xffff0000     0x8000
 *(.uncached)
 .uncached      0xffff0000     0x8000 ../../mAbassi/Platform/lib\lib_mAbassi_EVAL_GCC_AR5_CY5.a(ARMv7_SMP_L1_L2_GCC_AR5_CY5.o)
                0xffff0000                L1PageTbl
 *(.uncached.*)

.stab
 *(.stab)

.stabstr
 *(.stabstr)

.debug
 *(.debug)

.line
 *(.line)

.debug_srcinfo
 *(.debug_srcinfo)

.debug_sfnames
 *(.debug_sfnames)

.debug_aranges  0x00000000      0x390
 *(.debug_aranges)
 .debug_aranges
                0x00000000       0x38 Demo_40_CORTEXA9.o
 .debug_aranges
                0x00000038      0x138 SysCall_noFS.o
 .debug_aranges
                0x00000170       0x20 TIMERinit.o
 .debug_aranges
                0x00000190       0x20 arm_acp.o
 .debug_aranges
                0x000001b0       0xd0 arm_pl330.o
 .debug_aranges
                0x00000280       0x48 alt_gpio.o
 .debug_aranges
                0x000002c8       0x68 dw_spi.o
 .debug_aranges
                0x00000330       0x48 dw_uart.o
 .debug_aranges
                0x00000378       0x18 mAbassiCfgA9.o

.debug_pubnames
 *(.debug_pubnames)

.debug_info     0x00000000    0x114e9
 *(.debug_info .gnu.linkonce.wi.*)
 .debug_info    0x00000000     0x2b3f Demo_40_CORTEXA9.o
 .debug_info    0x00002b3f     0x1e1e SysCall_noFS.o
 .debug_info    0x0000495d      0xde5 TIMERinit.o
 .debug_info    0x00005742      0x11a arm_acp.o
 .debug_info    0x0000585c     0x4b3c arm_pl330.o
 .debug_info    0x0000a398     0x10d4 alt_gpio.o
 .debug_info    0x0000b46c     0x2bfd dw_spi.o
 .debug_info    0x0000e069     0x25b0 dw_uart.o
 .debug_info    0x00010619      0xed0 mAbassiCfgA9.o

.debug_abbrev   0x00000000     0x1915
 *(.debug_abbrev)
 .debug_abbrev  0x00000000      0x34e Demo_40_CORTEXA9.o
 .debug_abbrev  0x0000034e      0x374 SysCall_noFS.o
 .debug_abbrev  0x000006c2      0x1f3 TIMERinit.o
 .debug_abbrev  0x000008b5       0xac arm_acp.o
 .debug_abbrev  0x00000961      0x477 arm_pl330.o
 .debug_abbrev  0x00000dd8      0x2be alt_gpio.o
 .debug_abbrev  0x00001096      0x34c dw_spi.o
 .debug_abbrev  0x000013e2      0x387 dw_uart.o
 .debug_abbrev  0x00001769      0x1ac mAbassiCfgA9.o

.debug_line     0x00000000     0x4652
 *(.debug_line)
 .debug_line    0x00000000      0xb4d Demo_40_CORTEXA9.o
 .debug_line    0x00000b4d      0x62d SysCall_noFS.o
 .debug_line    0x0000117a      0x25f TIMERinit.o
 .debug_line    0x000013d9      0x187 arm_acp.o
 .debug_line    0x00001560     0x10ad arm_pl330.o
 .debug_line    0x0000260d      0x342 alt_gpio.o
 .debug_line    0x0000294f     0x1340 dw_spi.o
 .debug_line    0x00003c8f      0x775 dw_uart.o
 .debug_line    0x00004404      0x24e mAbassiCfgA9.o

.debug_frame    0x00000000     0x33a4
 *(.debug_frame)
 .debug_frame   0x00000000       0x74 Demo_40_CORTEXA9.o
 .debug_frame   0x00000074      0x2e0 SysCall_noFS.o
 .debug_frame   0x00000354       0x28 TIMERinit.o
 .debug_frame   0x0000037c       0x28 arm_acp.o
 .debug_frame   0x000003a4      0x3bc arm_pl330.o
 .debug_frame   0x00000760       0xe4 alt_gpio.o
 .debug_frame   0x00000844      0x180 dw_spi.o
 .debug_frame   0x000009c4      0x120 dw_uart.o
 .debug_frame   0x00000ae4      0x2d4 ../../mAbassi/Platform/lib\lib_mAbassi_EVAL_GCC_AR5_CY5.a(mAbassi_EVAL_GCC_AR5_CY5_NR.o)
 .debug_frame   0x00000db8       0xa8 ../../mAbassi/Platform/lib\lib_mAbassi_EVAL_GCC_AR5_CY5.a(ARMv7_SMP_L1_L2_GCC_AR5_CY5.o)
 .debug_frame   0x00000e60       0x40 c:/intelfpga/18.0/embedded/host_tools/mentor/gnu/arm/baremetal/bin/../lib/gcc/arm-altera-eabi/6.2.0/../../../../arm-altera-eabi/lib\libcs3.a(start_c.o)
 .debug_frame   0x00000ea0       0x20 c:/intelfpga/18.0/embedded/host_tools/mentor/gnu/arm/baremetal/bin/../lib/gcc/arm-altera-eabi/6.2.0\libgcc.a(_udivsi3.o)
 .debug_frame   0x00000ec0       0x20 c:/intelfpga/18.0/embedded/host_tools/mentor/gnu/arm/baremetal/bin/../lib/gcc/arm-altera-eabi/6.2.0\libgcc.a(_divsi3.o)
 .debug_frame   0x00000ee0       0x34 c:/intelfpga/18.0/embedded/host_tools/mentor/gnu/arm/baremetal/bin/../lib/gcc/arm-altera-eabi/6.2.0/../../../../arm-altera-eabi/lib\libc.a(lib_a-calloc.o)
 .debug_frame   0x00000f14       0x34 c:/intelfpga/18.0/embedded/host_tools/mentor/gnu/arm/baremetal/bin/../lib/gcc/arm-altera-eabi/6.2.0/../../../../arm-altera-eabi/lib\libc.a(lib_a-callocr.o)
 .debug_frame   0x00000f48       0x20 c:/intelfpga/18.0/embedded/host_tools/mentor/gnu/arm/baremetal/bin/../lib/gcc/arm-altera-eabi/6.2.0/../../../../arm-altera-eabi/lib\libc.a(lib_a-getreent.o)
 .debug_frame   0x00000f68       0x34 c:/intelfpga/18.0/embedded/host_tools/mentor/gnu/arm/baremetal/bin/../lib/gcc/arm-altera-eabi/6.2.0/../../../../arm-altera-eabi/lib\libc.a(lib_a-init.o)
 .debug_frame   0x00000f9c       0x48 c:/intelfpga/18.0/embedded/host_tools/mentor/gnu/arm/baremetal/bin/../lib/gcc/arm-altera-eabi/6.2.0/../../../../arm-altera-eabi/lib\libc.a(lib_a-malloc.o)
 .debug_frame   0x00000fe4       0x7c c:/intelfpga/18.0/embedded/host_tools/mentor/gnu/arm/baremetal/bin/../lib/gcc/arm-altera-eabi/6.2.0/../../../../arm-altera-eabi/lib\libc.a(lib_a-mallocr.o)
 .debug_frame   0x00001060       0x3c c:/intelfpga/18.0/embedded/host_tools/mentor/gnu/arm/baremetal/bin/../lib/gcc/arm-altera-eabi/6.2.0/../../../../arm-altera-eabi/lib\libc.a(lib_a-memcmp.o)
 .debug_frame   0x0000109c       0x44 c:/intelfpga/18.0/embedded/host_tools/mentor/gnu/arm/baremetal/bin/../lib/gcc/arm-altera-eabi/6.2.0/../../../../arm-altera-eabi/lib\libc.a(lib_a-memcpy-stub.o)
 .debug_frame   0x000010e0       0x40 c:/intelfpga/18.0/embedded/host_tools/mentor/gnu/arm/baremetal/bin/../lib/gcc/arm-altera-eabi/6.2.0/../../../../arm-altera-eabi/lib\libc.a(lib_a-memmove.o)
 .debug_frame   0x00001120       0x30 c:/intelfpga/18.0/embedded/host_tools/mentor/gnu/arm/baremetal/bin/../lib/gcc/arm-altera-eabi/6.2.0/../../../../arm-altera-eabi/lib\libc.a(lib_a-memset.o)
 .debug_frame   0x00001150       0x64 c:/intelfpga/18.0/embedded/host_tools/mentor/gnu/arm/baremetal/bin/../lib/gcc/arm-altera-eabi/6.2.0/../../../../arm-altera-eabi/lib\libc.a(lib_a-mlock.o)
 .debug_frame   0x000011b4       0x74 c:/intelfpga/18.0/embedded/host_tools/mentor/gnu/arm/baremetal/bin/../lib/gcc/arm-altera-eabi/6.2.0/../../../../arm-altera-eabi/lib\libc.a(lib_a-printf.o)
 .debug_frame   0x00001228       0x48 c:/intelfpga/18.0/embedded/host_tools/mentor/gnu/arm/baremetal/bin/../lib/gcc/arm-altera-eabi/6.2.0/../../../../arm-altera-eabi/lib\libc.a(lib_a-putchar.o)
 .debug_frame   0x00001270       0x64 c:/intelfpga/18.0/embedded/host_tools/mentor/gnu/arm/baremetal/bin/../lib/gcc/arm-altera-eabi/6.2.0/../../../../arm-altera-eabi/lib\libc.a(lib_a-puts.o)
 .debug_frame   0x000012d4       0x74 c:/intelfpga/18.0/embedded/host_tools/mentor/gnu/arm/baremetal/bin/../lib/gcc/arm-altera-eabi/6.2.0/../../../../arm-altera-eabi/lib\libc.a(lib_a-scanf.o)
 .debug_frame   0x00001348       0x58 c:/intelfpga/18.0/embedded/host_tools/mentor/gnu/arm/baremetal/bin/../lib/gcc/arm-altera-eabi/6.2.0/../../../../arm-altera-eabi/lib\libc.a(lib_a-setvbuf.o)
 .debug_frame   0x000013a0       0x54 c:/intelfpga/18.0/embedded/host_tools/mentor/gnu/arm/baremetal/bin/../lib/gcc/arm-altera-eabi/6.2.0/../../../../arm-altera-eabi/lib\libc.a(lib_a-strchr.o)
 .debug_frame   0x000013f4       0x40 c:/intelfpga/18.0/embedded/host_tools/mentor/gnu/arm/baremetal/bin/../lib/gcc/arm-altera-eabi/6.2.0/../../../../arm-altera-eabi/lib\libc.a(lib_a-strcmp.o)
 .debug_frame   0x00001434       0x20 c:/intelfpga/18.0/embedded/host_tools/mentor/gnu/arm/baremetal/bin/../lib/gcc/arm-altera-eabi/6.2.0/../../../../arm-altera-eabi/lib\libc.a(lib_a-strcpy.o)
 .debug_frame   0x00001454       0x20 c:/intelfpga/18.0/embedded/host_tools/mentor/gnu/arm/baremetal/bin/../lib/gcc/arm-altera-eabi/6.2.0/../../../../arm-altera-eabi/lib\libc.a(lib_a-strlen-stub.o)
 .debug_frame   0x00001474       0xcc c:/intelfpga/18.0/embedded/host_tools/mentor/gnu/arm/baremetal/bin/../lib/gcc/arm-altera-eabi/6.2.0/../../../../arm-altera-eabi/lib\libc.a(lib_a-vfprintf.o)
 .debug_frame   0x00001540       0xd0 c:/intelfpga/18.0/embedded/host_tools/mentor/gnu/arm/baremetal/bin/../lib/gcc/arm-altera-eabi/6.2.0/../../../../arm-altera-eabi/lib\libc.a(lib_a-vfscanf.o)
 .debug_frame   0x00001610       0x60 c:/intelfpga/18.0/embedded/host_tools/mentor/gnu/arm/baremetal/bin/../lib/gcc/arm-altera-eabi/6.2.0/../../../../arm-altera-eabi/lib\libc.a(lib_a-wbuf.o)
 .debug_frame   0x00001670       0x40 c:/intelfpga/18.0/embedded/host_tools/mentor/gnu/arm/baremetal/bin/../lib/gcc/arm-altera-eabi/6.2.0/../../../../arm-altera-eabi/lib\libc.a(lib_a-wsetup.o)
 .debug_frame   0x000016b0       0xac c:/intelfpga/18.0/embedded/host_tools/mentor/gnu/arm/baremetal/bin/../lib/gcc/arm-altera-eabi/6.2.0/../../../../arm-altera-eabi/lib\libc.a(lib_a-dtoa.o)
 .debug_frame   0x0000175c       0xac c:/intelfpga/18.0/embedded/host_tools/mentor/gnu/arm/baremetal/bin/../lib/gcc/arm-altera-eabi/6.2.0/../../../../arm-altera-eabi/lib\libc.a(lib_a-fflush.o)
 .debug_frame   0x00001808      0x1f0 c:/intelfpga/18.0/embedded/host_tools/mentor/gnu/arm/baremetal/bin/../lib/gcc/arm-altera-eabi/6.2.0/../../../../arm-altera-eabi/lib\libc.a(lib_a-findfp.o)
 .debug_frame   0x000019f8       0x9c c:/intelfpga/18.0/embedded/host_tools/mentor/gnu/arm/baremetal/bin/../lib/gcc/arm-altera-eabi/6.2.0/../../../../arm-altera-eabi/lib\libc.a(lib_a-fread.o)
 .debug_frame   0x00001a94       0x70 c:/intelfpga/18.0/embedded/host_tools/mentor/gnu/arm/baremetal/bin/../lib/gcc/arm-altera-eabi/6.2.0/../../../../arm-altera-eabi/lib\libc.a(lib_a-freer.o)
 .debug_frame   0x00001b04       0x80 c:/intelfpga/18.0/embedded/host_tools/mentor/gnu/arm/baremetal/bin/../lib/gcc/arm-altera-eabi/6.2.0/../../../../arm-altera-eabi/lib\libc.a(lib_a-fvwrite.o)
 .debug_frame   0x00001b84       0x80 c:/intelfpga/18.0/embedded/host_tools/mentor/gnu/arm/baremetal/bin/../lib/gcc/arm-altera-eabi/6.2.0/../../../../arm-altera-eabi/lib\libc.a(lib_a-fwalk.o)
 .debug_frame   0x00001c04       0x2c c:/intelfpga/18.0/embedded/host_tools/mentor/gnu/arm/baremetal/bin/../lib/gcc/arm-altera-eabi/6.2.0/../../../../arm-altera-eabi/lib\libc.a(lib_a-iswspace.o)
 .debug_frame   0x00001c30       0xb8 c:/intelfpga/18.0/embedded/host_tools/mentor/gnu/arm/baremetal/bin/../lib/gcc/arm-altera-eabi/6.2.0/../../../../arm-altera-eabi/lib\libc.a(lib_a-locale.o)
 .debug_frame   0x00001ce8       0x58 c:/intelfpga/18.0/embedded/host_tools/mentor/gnu/arm/baremetal/bin/../lib/gcc/arm-altera-eabi/6.2.0/../../../../arm-altera-eabi/lib\libc.a(lib_a-localeconv.o)
 .debug_frame   0x00001d40       0x8c c:/intelfpga/18.0/embedded/host_tools/mentor/gnu/arm/baremetal/bin/../lib/gcc/arm-altera-eabi/6.2.0/../../../../arm-altera-eabi/lib\libc.a(lib_a-makebuf.o)
 .debug_frame   0x00001dcc       0x78 c:/intelfpga/18.0/embedded/host_tools/mentor/gnu/arm/baremetal/bin/../lib/gcc/arm-altera-eabi/6.2.0/../../../../arm-altera-eabi/lib\libc.a(lib_a-mbrtowc.o)
 .debug_frame   0x00001e44       0x58 c:/intelfpga/18.0/embedded/host_tools/mentor/gnu/arm/baremetal/bin/../lib/gcc/arm-altera-eabi/6.2.0/../../../../arm-altera-eabi/lib\libc.a(lib_a-mbtowc_r.o)
 .debug_frame   0x00001e9c       0x38 c:/intelfpga/18.0/embedded/host_tools/mentor/gnu/arm/baremetal/bin/../lib/gcc/arm-altera-eabi/6.2.0/../../../../arm-altera-eabi/lib\libc.a(lib_a-memchr-stub.o)
 .debug_frame   0x00001ed4      0x304 c:/intelfpga/18.0/embedded/host_tools/mentor/gnu/arm/baremetal/bin/../lib/gcc/arm-altera-eabi/6.2.0/../../../../arm-altera-eabi/lib\libc.a(lib_a-mprec.o)
 .debug_frame   0x000021d8       0x80 c:/intelfpga/18.0/embedded/host_tools/mentor/gnu/arm/baremetal/bin/../lib/gcc/arm-altera-eabi/6.2.0/../../../../arm-altera-eabi/lib\libc.a(lib_a-putc.o)
 .debug_frame   0x00002258       0x60 c:/intelfpga/18.0/embedded/host_tools/mentor/gnu/arm/baremetal/bin/../lib/gcc/arm-altera-eabi/6.2.0/../../../../arm-altera-eabi/lib\libc.a(lib_a-reallocr.o)
 .debug_frame   0x000022b8       0x7c c:/intelfpga/18.0/embedded/host_tools/mentor/gnu/arm/baremetal/bin/../lib/gcc/arm-altera-eabi/6.2.0/../../../../arm-altera-eabi/lib\libc.a(lib_a-refill.o)
 .debug_frame   0x00002334       0x34 c:/intelfpga/18.0/embedded/host_tools/mentor/gnu/arm/baremetal/bin/../lib/gcc/arm-altera-eabi/6.2.0/../../../../arm-altera-eabi/lib\libc.a(lib_a-sccl.o)
 .debug_frame   0x00002368       0x20 c:/intelfpga/18.0/embedded/host_tools/mentor/gnu/arm/baremetal/bin/../lib/gcc/arm-altera-eabi/6.2.0/../../../../arm-altera-eabi/lib\libc.a(lib_a-sf_nan.o)
 .debug_frame   0x00002388       0x74 c:/intelfpga/18.0/embedded/host_tools/mentor/gnu/arm/baremetal/bin/../lib/gcc/arm-altera-eabi/6.2.0/../../../../arm-altera-eabi/lib\libc.a(lib_a-sprintf.o)
 .debug_frame   0x000023fc       0x9c c:/intelfpga/18.0/embedded/host_tools/mentor/gnu/arm/baremetal/bin/../lib/gcc/arm-altera-eabi/6.2.0/../../../../arm-altera-eabi/lib\libc.a(lib_a-stdio.o)
 .debug_frame   0x00002498      0x138 c:/intelfpga/18.0/embedded/host_tools/mentor/gnu/arm/baremetal/bin/../lib/gcc/arm-altera-eabi/6.2.0/../../../../arm-altera-eabi/lib\libc.a(lib_a-strtod.o)
 .debug_frame   0x000025d0       0xd0 c:/intelfpga/18.0/embedded/host_tools/mentor/gnu/arm/baremetal/bin/../lib/gcc/arm-altera-eabi/6.2.0/../../../../arm-altera-eabi/lib\libc.a(lib_a-strtol.o)
 .debug_frame   0x000026a0       0xd0 c:/intelfpga/18.0/embedded/host_tools/mentor/gnu/arm/baremetal/bin/../lib/gcc/arm-altera-eabi/6.2.0/../../../../arm-altera-eabi/lib\libc.a(lib_a-strtoll.o)
 .debug_frame   0x00002770       0xd0 c:/intelfpga/18.0/embedded/host_tools/mentor/gnu/arm/baremetal/bin/../lib/gcc/arm-altera-eabi/6.2.0/../../../../arm-altera-eabi/lib\libc.a(lib_a-strtoul.o)
 .debug_frame   0x00002840       0xd0 c:/intelfpga/18.0/embedded/host_tools/mentor/gnu/arm/baremetal/bin/../lib/gcc/arm-altera-eabi/6.2.0/../../../../arm-altera-eabi/lib\libc.a(lib_a-strtoull.o)
 .debug_frame   0x00002910       0x50 c:/intelfpga/18.0/embedded/host_tools/mentor/gnu/arm/baremetal/bin/../lib/gcc/arm-altera-eabi/6.2.0/../../../../arm-altera-eabi/lib\libc.a(lib_a-svfprintf.o)
 .debug_frame   0x00002960       0xa0 c:/intelfpga/18.0/embedded/host_tools/mentor/gnu/arm/baremetal/bin/../lib/gcc/arm-altera-eabi/6.2.0/../../../../arm-altera-eabi/lib\libc.a(lib_a-ungetc.o)
 .debug_frame   0x00002a00      0x104 c:/intelfpga/18.0/embedded/host_tools/mentor/gnu/arm/baremetal/bin/../lib/gcc/arm-altera-eabi/6.2.0/../../../../arm-altera-eabi/lib\libc.a(lib_a-vfiprintf.o)
 .debug_frame   0x00002b04       0x48 c:/intelfpga/18.0/embedded/host_tools/mentor/gnu/arm/baremetal/bin/../lib/gcc/arm-altera-eabi/6.2.0/../../../../arm-altera-eabi/lib\libc.a(lib_a-wctomb_r.o)
 .debug_frame   0x00002b4c       0x70 c:/intelfpga/18.0/embedded/host_tools/mentor/gnu/arm/baremetal/bin/../lib/gcc/arm-altera-eabi/6.2.0/../../../../arm-altera-eabi/lib\libc.a(lib_a-fclose.o)
 .debug_frame   0x00002bbc       0xbc c:/intelfpga/18.0/embedded/host_tools/mentor/gnu/arm/baremetal/bin/../lib/gcc/arm-altera-eabi/6.2.0/../../../../arm-altera-eabi/lib\libc.a(lib_a-fputwc.o)
 .debug_frame   0x00002c78       0xa8 c:/intelfpga/18.0/embedded/host_tools/mentor/gnu/arm/baremetal/bin/../lib/gcc/arm-altera-eabi/6.2.0/../../../../arm-altera-eabi/lib\libc.a(lib_a-gdtoa-gethex.o)
 .debug_frame   0x00002d20       0x90 c:/intelfpga/18.0/embedded/host_tools/mentor/gnu/arm/baremetal/bin/../lib/gcc/arm-altera-eabi/6.2.0/../../../../arm-altera-eabi/lib\libc.a(lib_a-gdtoa-hexnan.o)
 .debug_frame   0x00002db0       0x50 c:/intelfpga/18.0/embedded/host_tools/mentor/gnu/arm/baremetal/bin/../lib/gcc/arm-altera-eabi/6.2.0/../../../../arm-altera-eabi/lib\libc.a(lib_a-strncmp.o)
 .debug_frame   0x00002e00       0x9c c:/intelfpga/18.0/embedded/host_tools/mentor/gnu/arm/baremetal/bin/../lib/gcc/arm-altera-eabi/6.2.0/../../../../arm-altera-eabi/lib\libc.a(lib_a-svfiprintf.o)
 .debug_frame   0x00002e9c       0x70 c:/intelfpga/18.0/embedded/host_tools/mentor/gnu/arm/baremetal/bin/../lib/gcc/arm-altera-eabi/6.2.0/../../../../arm-altera-eabi/lib\libc.a(lib_a-wcrtomb.o)
 .debug_frame   0x00002f0c       0xac c:/intelfpga/18.0/embedded/host_tools/mentor/gnu/arm/baremetal/bin/../lib/gcc/arm-altera-eabi/6.2.0\libgcc.a(_arm_addsubdf3.o)
 .debug_frame   0x00002fb8       0x50 c:/intelfpga/18.0/embedded/host_tools/mentor/gnu/arm/baremetal/bin/../lib/gcc/arm-altera-eabi/6.2.0\libgcc.a(_arm_muldivdf3.o)
 .debug_frame   0x00003008       0xc4 c:/intelfpga/18.0/embedded/host_tools/mentor/gnu/arm/baremetal/bin/../lib/gcc/arm-altera-eabi/6.2.0\libgcc.a(_arm_cmpdf2.o)
 .debug_frame   0x000030cc       0x20 c:/intelfpga/18.0/embedded/host_tools/mentor/gnu/arm/baremetal/bin/../lib/gcc/arm-altera-eabi/6.2.0\libgcc.a(_arm_unorddf2.o)
 .debug_frame   0x000030ec       0x24 c:/intelfpga/18.0/embedded/host_tools/mentor/gnu/arm/baremetal/bin/../lib/gcc/arm-altera-eabi/6.2.0\libgcc.a(_arm_fixdfsi.o)
 .debug_frame   0x00003110       0x24 c:/intelfpga/18.0/embedded/host_tools/mentor/gnu/arm/baremetal/bin/../lib/gcc/arm-altera-eabi/6.2.0\libgcc.a(_arm_fixunsdfsi.o)
 .debug_frame   0x00003134       0x24 c:/intelfpga/18.0/embedded/host_tools/mentor/gnu/arm/baremetal/bin/../lib/gcc/arm-altera-eabi/6.2.0\libgcc.a(_arm_truncdfsf2.o)
 .debug_frame   0x00003158       0xc8 c:/intelfpga/18.0/embedded/host_tools/mentor/gnu/arm/baremetal/bin/../lib/gcc/arm-altera-eabi/6.2.0\libgcc.a(_arm_cmpsf2.o)
 .debug_frame   0x00003220       0x2c c:/intelfpga/18.0/embedded/host_tools/mentor/gnu/arm/baremetal/bin/../lib/gcc/arm-altera-eabi/6.2.0\libgcc.a(_aeabi_uldivmod.o)
 .debug_frame   0x0000324c       0x48 c:/intelfpga/18.0/embedded/host_tools/mentor/gnu/arm/baremetal/bin/../lib/gcc/arm-altera-eabi/6.2.0\libgcc.a(_udivmoddi4.o)
 .debug_frame   0x00003294      0x110 c:/intelfpga/18.0/embedded/host_tools/mentor/gnu/arm/baremetal/bin/../lib/gcc/arm-altera-eabi/6.2.0\libgcc.a(gthr-generic.o)

.debug_str      0x00000000     0x188e
 *(.debug_str)
 .debug_str     0x00000000      0xa58 Demo_40_CORTEXA9.o
                                0xb56 (size before relaxing)
 .debug_str     0x00000a58      0x2fa SysCall_noFS.o
                                0xca6 (size before relaxing)
 .debug_str     0x00000d52       0x40 TIMERinit.o
                                0x8ba (size before relaxing)
 .debug_str     0x00000d92       0x30 arm_acp.o
                                0x1e0 (size before relaxing)
 .debug_str     0x00000dc2      0x4ed arm_pl330.o
                                0xe1f (size before relaxing)
 .debug_str     0x000012af       0xaa alt_gpio.o
                                0x96f (size before relaxing)
 .debug_str     0x00001359      0x29d dw_spi.o
                                0xcb3 (size before relaxing)
 .debug_str     0x000015f6      0x19e dw_uart.o
                                0xaef (size before relaxing)
 .debug_str     0x00001794       0xfa mAbassiCfgA9.o
                                0x96a (size before relaxing)

.debug_loc      0x00000000    0x11aad
 *(.debug_loc)
 .debug_loc     0x00000000     0x15ba Demo_40_CORTEXA9.o
 .debug_loc     0x000015ba      0xf5f SysCall_noFS.o
 .debug_loc     0x00002519       0x1e TIMERinit.o
 .debug_loc     0x00002537      0x207 arm_acp.o
 .debug_loc     0x0000273e     0x525b arm_pl330.o
 .debug_loc     0x00007999      0x3d7 alt_gpio.o
 .debug_loc     0x00007d70     0x8023 dw_spi.o
 .debug_loc     0x0000fd93     0x1d1a dw_uart.o

.debug_macinfo
 *(.debug_macinfo)

.debug_ranges   0x00000000      0x948
 *(.debug_ranges)
 .debug_ranges  0x00000000       0xa0 Demo_40_CORTEXA9.o
 .debug_ranges  0x000000a0      0x1c0 SysCall_noFS.o
 .debug_ranges  0x00000260       0x10 TIMERinit.o
 .debug_ranges  0x00000270       0x10 arm_acp.o
 .debug_ranges  0x00000280      0x488 arm_pl330.o
 .debug_ranges  0x00000708       0x38 alt_gpio.o
 .debug_ranges  0x00000740       0x70 dw_spi.o
 .debug_ranges  0x000007b0      0x198 dw_uart.o

.comment        0x00000000       0x30
 .comment       0x00000000       0x30 Demo_40_CORTEXA9.o
                                 0x31 (size before relaxing)
 .comment       0x00000030       0x31 SysCall_noFS.o
 .comment       0x00000030       0x31 TIMERinit.o
 .comment       0x00000030       0x31 arm_acp.o
 .comment       0x00000030       0x31 arm_pl330.o
 .comment       0x00000030       0x31 alt_gpio.o
 .comment       0x00000030       0x31 dw_spi.o
 .comment       0x00000030       0x31 dw_uart.o
 .comment       0x00000030       0x31 mAbassiCfgA9.o
 .comment       0x00000030       0x31 ../../mAbassi/Platform/lib\lib_mAbassi_EVAL_GCC_AR5_CY5.a(mAbassi_EVAL_A9_GCC_2_NR.o)

.debug_weaknames
 *(.debug_weaknames)

.debug_funcnames
 *(.debug_funcnames)

.debug_typenames
 *(.debug_typenames)

.debug_varnames
 *(.debug_varnames)

.note.gnu.arm.ident
 *(.note.gnu.arm.ident)

.ARM.attributes
                0x00000000       0x37
 *(.ARM.attributes)
 .ARM.attributes
                0x00000000       0x16 c:/intelfpga/18.0/embedded/host_tools/mentor/gnu/arm/baremetal/bin/../lib/gcc/arm-altera-eabi/6.2.0/crti.o
 .ARM.attributes
                0x00000016       0x30 c:/intelfpga/18.0/embedded/host_tools/mentor/gnu/arm/baremetal/bin/../lib/gcc/arm-altera-eabi/6.2.0/crtbegin.o
 .ARM.attributes
                0x00000046       0x3b Demo_40_CORTEXA9.o
 .ARM.attributes
                0x00000081       0x3b SysCall_noFS.o
 .ARM.attributes
                0x000000bc       0x3b TIMERinit.o
 .ARM.attributes
                0x000000f7       0x3b arm_acp.o
 .ARM.attributes
                0x00000132       0x3b arm_pl330.o
 .ARM.attributes
                0x0000016d       0x3b alt_gpio.o
 .ARM.attributes
                0x000001a8       0x3b dw_spi.o
 .ARM.attributes
                0x000001e3       0x3b dw_uart.o
 .ARM.attributes
                0x0000021e       0x3b mAbassiCfgA9.o
 .ARM.attributes
                0x00000259       0x3b ../../mAbassi/Platform/lib\lib_mAbassi_EVAL_GCC_AR5_CY5.a(mAbassi_EVAL_A9_GCC_2_NR.o)
 .ARM.attributes