Archive member included to satisfy reference by file (symbol)

../../mAbassi/Platform/lib\lib_mAbassi_EVAL_R_GCC_AR5_CY5.a(mAbassi_EVAL_A9_GCC_2.o)
                              CGI_SSI.o (TSKgetID)
../../mAbassi/Platform/lib\lib_mAbassi_EVAL_R_GCC_AR5_CY5.a(mAbassi_EVAL_GCC_AR5_CY5.o)
                              (_vector_table)
../../mAbassi/Platform/lib\lib_mAbassi_EVAL_R_GCC_AR5_CY5.a(ARMv7_SMP_L1_L2_GCC_AR5_CY5.o)
                              ../../mAbassi/Platform/lib\lib_mAbassi_EVAL_R_GCC_AR5_CY5.a(mAbassi_EVAL_GCC_AR5_CY5.o) (COREcacheON)
c:/intelfpga/18.0/embedded/host_tools/mentor/gnu/arm/baremetal/bin/../lib/gcc/arm-altera-eabi/6.2.0/../../../../arm-altera-eabi/lib\libcs3.a(start_c.o)
                              (__cs3_start_c)
c:/intelfpga/18.0/embedded/host_tools/mentor/gnu/arm/baremetal/bin/../lib/gcc/arm-altera-eabi/6.2.0/../../../../arm-altera-eabi/lib\libcs3unhosted.a(unhosted-start.o)
                              ../../mAbassi/Platform/lib\lib_mAbassi_EVAL_R_GCC_AR5_CY5.a(mAbassi_EVAL_GCC_AR5_CY5.o) (_start)
c:/intelfpga/18.0/embedded/host_tools/mentor/gnu/arm/baremetal/bin/../lib/gcc/arm-altera-eabi/6.2.0\libgcc.a(_udivsi3.o)
                              arm_pl330.o (__aeabi_uidiv)
c:/intelfpga/18.0/embedded/host_tools/mentor/gnu/arm/baremetal/bin/../lib/gcc/arm-altera-eabi/6.2.0\libgcc.a(_divsi3.o)
                              arm_pl330.o (__aeabi_idiv)
c:/intelfpga/18.0/embedded/host_tools/mentor/gnu/arm/baremetal/bin/../lib/gcc/arm-altera-eabi/6.2.0\libgcc.a(_dvmd_tls.o)
                              c:/intelfpga/18.0/embedded/host_tools/mentor/gnu/arm/baremetal/bin/../lib/gcc/arm-altera-eabi/6.2.0\libgcc.a(_udivsi3.o) (__aeabi_idiv0)
c:/intelfpga/18.0/embedded/host_tools/mentor/gnu/arm/baremetal/bin/../lib/gcc/arm-altera-eabi/6.2.0\libgcc.a(_aeabi_ldivmod.o)
                              Media_FatFS.o (__aeabi_ldivmod)
c:/intelfpga/18.0/embedded/host_tools/mentor/gnu/arm/baremetal/bin/../lib/gcc/arm-altera-eabi/6.2.0\libgcc.a(_aeabi_uldivmod.o)
                              ff.o (__aeabi_uldivmod)
c:/intelfpga/18.0/embedded/host_tools/mentor/gnu/arm/baremetal/bin/../lib/gcc/arm-altera-eabi/6.2.0\libgcc.a(_udivmoddi4.o)
                              c:/intelfpga/18.0/embedded/host_tools/mentor/gnu/arm/baremetal/bin/../lib/gcc/arm-altera-eabi/6.2.0\libgcc.a(_aeabi_ldivmod.o) (__udivmoddi4)
c:/intelfpga/18.0/embedded/host_tools/mentor/gnu/arm/baremetal/bin/../lib/gcc/arm-altera-eabi/6.2.0\libgcc.a(_clzdi2.o)
                              c:/intelfpga/18.0/embedded/host_tools/mentor/gnu/arm/baremetal/bin/../lib/gcc/arm-altera-eabi/6.2.0\libgcc.a(_udivmoddi4.o) (__clzdi2)
c:/intelfpga/18.0/embedded/host_tools/mentor/gnu/arm/baremetal/bin/../lib/gcc/arm-altera-eabi/6.2.0\libgcc.a(_clzsi2.o)
                              c:/intelfpga/18.0/embedded/host_tools/mentor/gnu/arm/baremetal/bin/../lib/gcc/arm-altera-eabi/6.2.0\libgcc.a(_clzdi2.o) (__clzsi2)
c:/intelfpga/18.0/embedded/host_tools/mentor/gnu/arm/baremetal/bin/../lib/gcc/arm-altera-eabi/6.2.0/../../../../arm-altera-eabi/lib\libc.a(lib_a-calloc.o)
                              ../../mAbassi/Platform/lib\lib_mAbassi_EVAL_R_GCC_AR5_CY5.a(mAbassi_EVAL_A9_GCC_2.o) (calloc)
c:/intelfpga/18.0/embedded/host_tools/mentor/gnu/arm/baremetal/bin/../lib/gcc/arm-altera-eabi/6.2.0/../../../../arm-altera-eabi/lib\libc.a(lib_a-callocr.o)
                              c:/intelfpga/18.0/embedded/host_tools/mentor/gnu/arm/baremetal/bin/../lib/gcc/arm-altera-eabi/6.2.0/../../../../arm-altera-eabi/lib\libc.a(lib_a-calloc.o) (_calloc_r)
c:/intelfpga/18.0/embedded/host_tools/mentor/gnu/arm/baremetal/bin/../lib/gcc/arm-altera-eabi/6.2.0/../../../../arm-altera-eabi/lib\libc.a(lib_a-errno.o)
                              SysCall_CY5.o (__errno)
c:/intelfpga/18.0/embedded/host_tools/mentor/gnu/arm/baremetal/bin/../lib/gcc/arm-altera-eabi/6.2.0/../../../../arm-altera-eabi/lib\libc.a(lib_a-fwrite.o)
                              NetAddr.o (fwrite)
c:/intelfpga/18.0/embedded/host_tools/mentor/gnu/arm/baremetal/bin/../lib/gcc/arm-altera-eabi/6.2.0/../../../../arm-altera-eabi/lib\libc.a(lib_a-gets.o)
                              MyFatFS.o (gets)
c:/intelfpga/18.0/embedded/host_tools/mentor/gnu/arm/baremetal/bin/../lib/gcc/arm-altera-eabi/6.2.0/../../../../arm-altera-eabi/lib\libc.a(lib_a-impure.o)
                              ../../mAbassi/Platform/lib\lib_mAbassi_EVAL_R_GCC_AR5_CY5.a(mAbassi_EVAL_A9_GCC_2.o) (_global_impure_ptr)
c:/intelfpga/18.0/embedded/host_tools/mentor/gnu/arm/baremetal/bin/../lib/gcc/arm-altera-eabi/6.2.0/../../../../arm-altera-eabi/lib\libc.a(lib_a-init.o)
                              c:/intelfpga/18.0/embedded/host_tools/mentor/gnu/arm/baremetal/bin/../lib/gcc/arm-altera-eabi/6.2.0/../../../../arm-altera-eabi/lib\libcs3.a(start_c.o) (__libc_init_array)
[...]
Memory Configuration

Name             Origin             Length             Attributes
ram              0x02000000         0x1e000000         xrw
uram             0xffff0000         0x00010000         xrw
*default*        0x00000000         0xffffffff

Linker script and memory map

LOAD c:/intelfpga/18.0/embedded/host_tools/mentor/gnu/arm/baremetal/bin/../lib/gcc/arm-altera-eabi/6.2.0/crti.o
LOAD c:/intelfpga/18.0/embedded/host_tools/mentor/gnu/arm/baremetal/bin/../lib/gcc/arm-altera-eabi/6.2.0/crtbegin.o
LOAD Main_mAbassi.o
LOAD MyApp_Web.o
LOAD MyFatFS.o
LOAD SysCall_noFS.o
LOAD TIMERinit.o
LOAD CGI_SSI.o
LOAD NetAddr.o
LOAD WebServer.o
LOAD httpserver-netconn.o
LOAD arm_acp.o
LOAD arm_pl330.o
LOAD alt_gpio.o
LOAD dw_ethernet.o
LOAD dw_i2c.o
LOAD dw_uart.o
LOAD dw_sdmmc.o
LOAD alt_generalpurpose_io.o
LOAD api_lib.o
LOAD api_msg.o
LOAD autoip.o
LOAD def.o
LOAD dhcp.o
LOAD dns.o
LOAD err.o
LOAD etharp.o
LOAD ethernetif.o
LOAD icmp.o
LOAD igmp.o
LOAD inet.o
LOAD inet_chksum.o
LOAD init.o
LOAD ip.o
LOAD ip_addr.o
LOAD ip_frag.o
LOAD mem.o
LOAD memp.o
LOAD netbuf.o
LOAD netdb.o
LOAD netif.o
LOAD netifapi.o
LOAD pbuf.o
LOAD raw.o
LOAD stats.o
LOAD sys.o
LOAD sys_arch.o
LOAD sockets.o
LOAD tcp.o
LOAD tcp_in.o
LOAD tcp_out.o
LOAD tcpip.o
LOAD timers.o
LOAD udp.o
LOAD Abassi_FatFS.o
LOAD Media_FatFS.o
LOAD MediaIF.o
LOAD SysCall_CY5.o
LOAD ff.o
LOAD ffunicode.o
LOAD fs.o
LOAD mAbassiCfgA9.o
LOAD ../../mAbassi/Platform/lib\lib_mAbassi_EVAL_R_GCC_AR5_CY5.a
LOAD c:/intelfpga/18.0/embedded/host_tools/mentor/gnu/arm/baremetal/bin/../lib/gcc/arm-altera-eabi/6.2.0/../../../../arm-altera-eabi/lib\libcs3.a
LOAD c:/intelfpga/18.0/embedded/host_tools/mentor/gnu/arm/baremetal/bin/../lib/gcc/arm-altera-eabi/6.2.0/../../../../arm-altera-eabi/lib\libcs3unhosted.a
LOAD c:/intelfpga/18.0/embedded/host_tools/mentor/gnu/arm/baremetal/bin/../lib/gcc/arm-altera-eabi/6.2.0/../../../../arm-altera-eabi/lib\libcs3arm.a
LOAD c:/intelfpga/18.0/embedded/host_tools/mentor/gnu/arm/baremetal/bin/../lib/gcc/arm-altera-eabi/6.2.0\libgcc.a
LOAD c:/intelfpga/18.0/embedded/host_tools/mentor/gnu/arm/baremetal/bin/../lib/gcc/arm-altera-eabi/6.2.0/../../../../arm-altera-eabi/lib\libc.a
LOAD c:/intelfpga/18.0/embedded/host_tools/mentor/gnu/arm/baremetal/bin/../lib/gcc/arm-altera-eabi/6.2.0/../../../../arm-altera-eabi/lib\libstdc++.a
LOAD c:/intelfpga/18.0/embedded/host_tools/mentor/gnu/arm/baremetal/bin/../lib/gcc/arm-altera-eabi/6.2.0/../../../../arm-altera-eabi/lib\libm.a
START GROUP
LOAD c:/intelfpga/18.0/embedded/host_tools/mentor/gnu/arm/baremetal/bin/../lib/gcc/arm-altera-eabi/6.2.0\libgcc.a
LOAD c:/intelfpga/18.0/embedded/host_tools/mentor/gnu/arm/baremetal/bin/../lib/gcc/arm-altera-eabi/6.2.0/../../../../arm-altera-eabi/lib\libc.a
END GROUP
LOAD c:/intelfpga/18.0/embedded/host_tools/mentor/gnu/arm/baremetal/bin/../lib/gcc/arm-altera-eabi/6.2.0/crtend.o
LOAD c:/intelfpga/18.0/embedded/host_tools/mentor/gnu/arm/baremetal/bin/../lib/gcc/arm-altera-eabi/6.2.0/crtn.o
                0x00002000                _STACK_SIZE = DEFINED (_STACK_SIZE)?_STACK_SIZE:0x2000
                0x10000000                _MDRV_SIZE = DEFINED (_MDRV_SIZE)?_MDRV_SIZE:0x10000000
                0x00000800                _SUPERVISOR_STACK_SIZE = DEFINED (_SUPERVISOR_STACK_SIZE)?_SUPERVISOR_STACK_SIZE:0x800
                0x00000800                _ABORT_STACK_SIZE = DEFINED (_ABORT_STACK_SIZE)?_ABORT_STACK_SIZE:0x800
                0x00000800                _FIQ_STACK_SIZE = DEFINED (_FIQ_STACK_SIZE)?_FIQ_STACK_SIZE:0x800
                0x00002000                _IRQ_STACK_SIZE = DEFINED (_IRQ_STACK_SIZE)?_IRQ_STACK_SIZE:0x2000
                0x00000800                _UNDEF_STACK_SIZE = DEFINED (_UNDEF_STACK_SIZE)?_UNDEF_STACK_SIZE:0x800
                0x00000001                PROVIDE (__cs3_region_num, ((__cs3_regions_end - __cs3_regions) / 0x14))
                0x021acac8                __libc_fini = _fini

.text           0x02000000    0x40498
 CREATE_OBJECT_SYMBOLS
                0x02000000                __cs3_region_start_ram = .
                0x02000000                _ftext = .
 *(.cs3.region-head.ram)
                0x00000001                ASSERT ((. == __cs3_region_start_ram), .cs3.region-head.ram not permitted)
                0x02000000                __cs3_interrupt_vector = __cs3_interrupt_vector_arm
 *(.cs3.interrupt_vector)
 .cs3.interrupt_vector
                0x02000000       0x3c ../../mAbassi/Platform/lib\lib_mAbassi_EVAL_R_GCC_AR5_CY5.a(mAbassi_EVAL_GCC_AR5_CY5.o)
                0x02000000                Vectors
                0x02000000                __cs3_interrupt_vector_arm
                0x02000000                _vector_table
 *(.vectors)
                0x0202ffa4                PROVIDE (__cs3_reset, __cs3_reset_generic)
 *(.cs3.reset)
                [0x020000d0]                _start = DEFINED (__cs3_start_asm)?__cs3_start_asm:_start
 *(.text.cs3.init)
 .text.cs3.init
                0x0200003c       0x94 c:/intelfpga/18.0/embedded/host_tools/mentor/gnu/arm/baremetal/bin/../lib/gcc/arm-altera-eabi/6.2.0/../../../../arm-altera-eabi/lib\libcs3.a(start_c.o)
                0x0200003c                __cs3_start_c
 .text.cs3.init
                0x020000d0        0xc c:/intelfpga/18.0/embedded/host_tools/mentor/gnu/arm/baremetal/bin/../lib/gcc/arm-altera-eabi/6.2.0/../../../../arm-altera-eabi/lib\libcs3unhosted.a(unhosted-start.o)
 *(.text .text.* .gnu.linkonce.t.*)
 .text          0x020000dc      0x108 c:/intelfpga/18.0/embedded/host_tools/mentor/gnu/arm/baremetal/bin/../lib/gcc/arm-altera-eabi/6.2.0/crtbegin.o
 *fill*         0x020001e4        0x4 
 .text.startup.main
                0x020001e8      0x468 Main_mAbassi.o
                0x020001e8                main
 .text.TIMcallBack
                0x02000650        0x4 Main_mAbassi.o
                0x02000650                TIMcallBack
 .text.spi_CallbackInterrupt
                0x02000654       0x68 MyApp_Web.o
                0x02000654                spi_CallbackInterrupt
 .text.button_CallbackInterrupt
                0x020006bc       0x48 MyApp_Web.o
                0x020006bc                button_CallbackInterrupt
 .text.DoInitLwIP
                0x02000704      0x18c MyApp_Web.o
                0x02000704                DoInitLwIP
 .text.Task_FatFS
                0x02000890       0x38 MyApp_Web.o
                0x02000890                Task_FatFS
 .text.Task_FPGA_Led
                0x020008c8       0x48 MyApp_Web.o
                0x020008c8                Task_FPGA_Led
 .text.Task_FPGA_Button
                0x02000910       0xb8 MyApp_Web.o
                0x02000910                Task_FPGA_Button
 .text.setup_Interrupt
                0x020009c8       0x8c MyApp_Web.o
                0x020009c8                setup_Interrupt
 .text.setup_hps_gpio
                0x02000a54       0x78 MyApp_Web.o
                0x02000a54                setup_hps_gpio
 .text.Task_HPS_Led
                0x02000acc       0xdc MyApp_Web.o
                0x02000acc                Task_HPS_Led
 .text.cmd_pwd  0x02000ba8       0x84 MyFatFS.o
                0x02000ba8                cmd_pwd
 .text.cmd_cp   0x02000c2c      0x1e0 MyFatFS.o
                0x02000c2c                cmd_cp
 .text.cmd_cd   0x02000e0c       0x64 MyFatFS.o
                0x02000e0c                cmd_cd
 .text.cmd_chmod
                0x02000e70       0xd8 MyFatFS.o
                0x02000e70                cmd_chmod
 .text.cmd_du   0x02000f48      0x350 MyFatFS.o
                0x02000f48                cmd_du
 .text.cmd_fmt  0x02001298       0xa0 MyFatFS.o
                0x02001298                cmd_fmt
 .text.cmd_mkdir
                0x02001338       0x64 MyFatFS.o
                0x02001338                cmd_mkdir
 .text.cmd_mnt  0x0200139c      0x14c MyFatFS.o
                0x0200139c                cmd_mnt
 .text.cmd_mv   0x020014e8       0xc4 MyFatFS.o
                0x020014e8                cmd_mv
 .text.cmd_rm   0x020015ac       0xec MyFatFS.o
                0x020015ac                cmd_rm
 .text.cmd_rmdir
                0x02001698       0xec MyFatFS.o
                0x02001698                cmd_rmdir
 *fill*         0x02001784        0x4 
 .text.cmd_perf
                0x02001788      0x468 MyFatFS.o
                0x02001788                cmd_perf
 .text.cmd_umnt
                0x02001bf0       0xdc MyFatFS.o
                0x02001bf0                cmd_umnt
 .text.cmd_help
                0x02001ccc      0x2e4 MyFatFS.o
                0x02001ccc                cmd_help
 .text.cmd_cat  0x02001fb0      0x374 MyFatFS.o
                0x02001fb0                cmd_cat
 .text.cmd_ls   0x02002324      0x268 MyFatFS.o
                0x02002324                cmd_ls
 .text.DoInitFatFS
                0x0200258c      0x100 MyFatFS.o
                0x0200258c                DoInitFatFS
 .text.DoProcessFatFS
                0x0200268c      0x47c MyFatFS.o
                0x0200268c                DoProcessFatFS
 .text.SysCallInit
                0x02002b08        0x4 SysCall_noFS.o
                0x02002b08                SysCallInit
 .text._close_r
                0x02002b0c       0x10 SysCall_noFS.o
                0x02002b0c                _close_r
 .text._read_r  0x02002b1c       0x88 SysCall_noFS.o
                0x02002b1c                _read_r
 .text._write_r
                0x02002ba4       0x88 SysCall_noFS.o
                0x02002ba4                _write_r
 .text._lseek_r
                0x02002c2c       0x10 SysCall_noFS.o
                0x02002c2c                _lseek_r
 .text._fstat_r
                0x02002c3c       0x10 SysCall_noFS.o
                0x02002c3c                _fstat_r
 .text._isatty_r
                0x02002c4c       0x10 SysCall_noFS.o
                0x02002c4c                _isatty_r
 .text.TIMERinit
                0x02002c5c       0x28 TIMERinit.o
                0x02002c5c                TIMERinit
 .text.LEDS_CGI_Handler
                0x02002c84       0xb8 CGI_SSI.o
                0x02002c84                LEDS_CGI_Handler
 .text.XL345update
                0x02002d3c      0x1b8 CGI_SSI.o
                0x02002d3c                XL345update
 .text.ButtonUpdate
                0x02002ef4       0x30 CGI_SSI.o
                0x02002ef4                ButtonUpdate
 .text.WebPageRTOS
                0x02002f24      0x2c0 CGI_SSI.o
 .text.CGIinit  0x020031e4       0x14 CGI_SSI.o
                0x020031e4                CGIinit
 .text.POSTinit
                0x020031f8        0x4 CGI_SSI.o
                0x020031f8                POSTinit
 .text.SSIinit  0x020031fc      0x4b4 CGI_SSI.o
                0x020031fc                SSIinit
 .text.GetMACaddr
                0x020036b0       0x70 NetAddr.o
                0x020036b0                GetMACaddr
 .text.NetAddr_Init
                0x02003720      0x12c NetAddr.o
                0x02003720                NetAddr_Init
 .text.LwIP_Init
                0x0200384c      0x174 NetAddr.o
                0x0200384c                LwIP_Init
 .text.LwIP_DHCP_task
                0x020039c0      0x248 NetAddr.o
                0x020039c0                LwIP_DHCP_task
 .text.CGIparse.part.0
                0x02003c08      0x1f8 WebServer.o
 .text.SSIevalExpr
                0x02003e00      0x4a8 WebServer.o
 .text.SSIexpand
                0x020042a8      0xa80 WebServer.o
                0x020042a8                SSIexpand
 .text.CGIprocess
                0x02004d28      0x1ec WebServer.o
                0x02004d28                CGIprocess
 .text.POSTprocess
                0x02004f14      0x1e4 WebServer.o
                0x02004f14                POSTprocess
 .text.CGInewHandler
                0x020050f8       0x5c WebServer.o
                0x020050f8                CGInewHandler
 .text.SSInewUpdate
                0x02005154       0x54 WebServer.o
                0x02005154                SSInewUpdate
 .text.SSIvarUpdate
                0x020051a8      0x158 WebServer.o
                0x020051a8                SSIvarUpdate
 .text.SSInewVar
                0x02005300      0x288 WebServer.o
                0x02005300                SSInewVar
 .text.WebServerInit
                0x02005588       0xa8 WebServer.o
                0x02005588                WebServerInit
 .text.SSIsetVar
                0x02005630      0x10c WebServer.o
                0x02005630                SSIsetVar
 .text.WebserverTask
                0x0200573c      0x5cc httpserver-netconn.o
 .text.http_server_init
                0x02005d08       0x34 httpserver-netconn.o
                0x02005d08                http_server_init
 *fill*         0x02005d3c        0x4 
 .text.dma_init
                0x02005d40      0x340 arm_pl330.o
                0x02005d40                dma_init
 .text.DMAintHndl_0
                0x02006080      0x140 arm_pl330.o
                0x02006080                DMAintHndl_0
 .text.DMAintHndl_1
                0x020061c0      0x148 arm_pl330.o
                0x020061c0                DMAintHndl_1
 .text.DMAintHndl_2
                0x02006308      0x148 arm_pl330.o
                0x02006308                DMAintHndl_2
 .text.DMAintHndl_3
                0x02006450      0x14c arm_pl330.o
                0x02006450                DMAintHndl_3
 .text.DMAintHndl_4
                0x0200659c      0x148 arm_pl330.o
                0x0200659c                DMAintHndl_4
 .text.DMAintHndl_5
                0x020066e4      0x14c arm_pl330.o
                0x020066e4                DMAintHndl_5
 .text.DMAintHndl_6
                0x02006830      0x148 arm_pl330.o
                0x02006830                DMAintHndl_6
 .text.DMAintHndl_7
                0x02006978      0x14c arm_pl330.o
                0x02006978                DMAintHndl_7
 .text.gpio_dir
                0x02006ac4       0xc0 alt_gpio.o
                0x02006ac4                gpio_dir
 .text.gpio_get
                0x02006b84       0x5c alt_gpio.o
                0x02006b84                gpio_get
 .text.gpio_set
                0x02006be0       0x9c alt_gpio.o
                0x02006be0                gpio_set
 .text.gpio_init
                0x02006c7c       0x54 alt_gpio.o
                0x02006c7c                gpio_init
 .text.ETH_WrtPhyReg
                0x02006cd0       0xd0 dw_ethernet.o
 .text.ETH_RdPhyReg
                0x02006da0       0xc8 dw_ethernet.o
 .text.ETH_ResetEMAC.part.1
                0x02006e68      0x260 dw_ethernet.o
 .text.ETH_WrtPhyRegExt
                0x020070c8      0x5a8 dw_ethernet.o
 .text.ETH_MACAddressConfig
                0x02007670       0x50 dw_ethernet.o
                0x02007670                ETH_MACAddressConfig
 .text.ETH_Get_Received_Multi
                0x020076c0      0x11c dw_ethernet.o
                0x020076c0                ETH_Get_Received_Multi
 .text.ETH_Get_Received_Frame_Length
                0x020077dc       0x6c dw_ethernet.o
                0x020077dc                ETH_Get_Received_Frame_Length
 .text.ETH_Release_Received
                0x02007848       0xe4 dw_ethernet.o
                0x02007848                ETH_Release_Received
 .text.ETH_Prepare_Multi_Transmit
                0x0200792c      0x298 dw_ethernet.o
                0x0200792c                ETH_Prepare_Multi_Transmit
 .text.ETH_DMARxDescChainInit
                0x02007bc4       0xb8 dw_ethernet.o
                0x02007bc4                ETH_DMARxDescChainInit
 .text.ETH_DMATxDescChainInit
                0x02007c7c       0xa0 dw_ethernet.o
                0x02007c7c                ETH_DMATxDescChainInit
 .text.ETH_DMARxDescReceiveITConfig
                0x02007d1c       0x88 dw_ethernet.o
                0x02007d1c                ETH_DMARxDescReceiveITConfig
 .text.ETH_DMARxDescTransmitITConfig
                0x02007da4        0x4 dw_ethernet.o
                0x02007da4                ETH_DMARxDescTransmitITConfig
 .text.ETH_DMATxDescChecksumInsertionConfig
                0x02007da8       0x7c dw_ethernet.o
                0x02007da8                ETH_DMATxDescChecksumInsertionConfig
 .text.PHY_init
                0x02007e24     0x18f4 dw_ethernet.o
                0x02007e24                PHY_init
 .text.ETH_Start
                0x02009718       0x74 dw_ethernet.o
                0x02009718                ETH_Start
 .text.ETH_Restart
                0x0200978c      0x1d4 dw_ethernet.o
                0x0200978c                ETH_Restart
 .text.ETH_Get_Transmit_Buffer
                0x02009960       0x74 dw_ethernet.o
                0x02009960                ETH_Get_Transmit_Buffer
 .text.ETH_LinkStatus
                0x020099d4       0xd8 dw_ethernet.o
                0x020099d4                ETH_LinkStatus
 .text.ETH_MacConfigDMA
                0x02009aac       0xcc dw_ethernet.o
                0x02009aac                ETH_MacConfigDMA
 .text.ETH_ResetEMAC
                0x02009b78        0xc dw_ethernet.o
                0x02009b78                ETH_ResetEMAC
 .text.i2c_init
                0x02009b84      0x574 dw_i2c.o
                0x02009b84                i2c_init
 .text.i2c_send_recv
                0x0200a0f8      0x7c8 dw_i2c.o
                0x0200a0f8                i2c_send_recv
 .text.i2c_send
                0x0200a8c0      0x5d0 dw_i2c.o
                0x0200a8c0                i2c_send
 .text.uart_send
                0x0200ae90      0x8a8 dw_uart.o
                0x0200ae90                uart_send
 .text.uart_recv
                0x0200b738      0x794 dw_uart.o
                0x0200b738                uart_recv
 .text.uart_init
                0x0200becc      0x3f4 dw_uart.o
                0x0200becc                uart_init
 .text.UARTintHndl_0
                0x0200c2c0      0x1a0 dw_uart.o
                0x0200c2c0                UARTintHndl_0
 .text.UARTintHndl_1
                0x0200c460      0x1a0 dw_uart.o
                0x0200c460                UARTintHndl_1
 .text.mmc_sendcmd.constprop.5
                0x0200c600      0x38c dw_sdmmc.o
 .text.SDprepData.isra.1.constprop.6
                0x0200c98c      0x16c dw_sdmmc.o
 .text.mmc_sendcmd.constprop.3
                0x0200caf8      0x434 dw_sdmmc.o
 .text.mmc_sendcmd.constprop.2
                0x0200cf2c      0x434 dw_sdmmc.o
 .text.mmc_sendstatus
                0x0200d360      0x2cc dw_sdmmc.o
                0x0200d360                mmc_sendstatus
 .text.mmc_read
                0x0200d62c      0x354 dw_sdmmc.o
                0x0200d62c                mmc_read
 .text.mmc_write
                0x0200d980      0x3d0 dw_sdmmc.o
                0x0200d980                mmc_write
 .text.mmc_init
                0x0200dd50     0x123c dw_sdmmc.o
                0x0200dd50                mmc_init
 .text.mmc_blklen
                0x0200ef8c       0x10 dw_sdmmc.o
                0x0200ef8c                mmc_blklen
 .text.mmc_capacity
                0x0200ef9c       0x10 dw_sdmmc.o
                0x0200ef9c                mmc_capacity
 .text.MMCintHndl_0
                0x0200efac       0xa8 dw_sdmmc.o
                0x0200efac                MMCintHndl_0
 .text.alt_gpio_init
                0x0200f054       0x28 alt_generalpurpose_io.o
                0x0200f054                alt_gpio_init
 .text.alt_gpio_group_config
                0x0200f07c      0x41c alt_generalpurpose_io.o
                0x0200f07c                alt_gpio_group_config
 .text.netconn_new_with_proto_and_callback
                0x0200f498       0x6c api_lib.o
                0x0200f498                netconn_new_with_proto_and_callback
 .text.netconn_delete
                0x0200f504       0x38 api_lib.o
                0x0200f504                netconn_delete
 .text.netconn_bind
                0x0200f53c       0x50 api_lib.o
                0x0200f53c                netconn_bind
 .text.netconn_listen_with_backlog
                0x0200f58c       0x44 api_lib.o
                0x0200f58c                netconn_listen_with_backlog
 .text.netconn_accept
                0x0200f5d0       0xb8 api_lib.o
                0x0200f5d0                netconn_accept
 .text.netconn_recv
                0x0200f688      0x304 api_lib.o
                0x0200f688                netconn_recv
 .text.netconn_write_partly
                0x0200f98c       0xe0 api_lib.o
                0x0200f98c                netconn_write_partly
 .text.netconn_close
                0x0200fa6c       0x4c api_lib.o
                0x0200fa6c                netconn_close
 .text.recv_udp
                0x0200fab8       0x98 api_msg.o
 .text.recv_raw
                0x0200fb50       0xd0 api_msg.o
 .text.err_tcp  0x0200fc20       0xe8 api_msg.o
 .text.do_writemore
                0x0200fd08      0x244 api_msg.o
 .text.do_close_internal
                0x0200ff4c      0x1c8 api_msg.o
 .text.poll_tcp
                0x02010114       0x8c api_msg.o
 .text.netconn_drain
                0x020101a0      0x108 api_msg.o
 .text.sent_tcp
                0x020102a8       0x8c api_msg.o
 .text.recv_tcp
                0x02010334       0xbc api_msg.o
 .text.accept_function
                0x020103f0      0x1f0 api_msg.o
 .text.do_newconn
                0x020105e0      0x144 api_msg.o
                0x020105e0                do_newconn
 .text.netconn_alloc
                0x02010724       0xc8 api_msg.o
                0x02010724                netconn_alloc
 .text.netconn_free
                0x020107ec       0x28 api_msg.o
                0x020107ec                netconn_free
 .text.do_delconn
                0x02010814      0x108 api_msg.o
                0x02010814                do_delconn
 .text.do_bind  0x0201091c       0xcc api_msg.o
                0x0201091c                do_bind
 .text.do_listen
                0x020109e8      0x11c api_msg.o
                0x020109e8                do_listen
 .text.do_recv  0x02010b04       0x74 api_msg.o
                0x02010b04                do_recv
 .text.do_write
                0x02010b78       0x70 api_msg.o
                0x02010b78                do_write
 .text.do_close
                0x02010be8       0x98 api_msg.o
                0x02010be8                do_close
 .text.lwip_htons
                0x02010c80        0xc def.o
                0x02010c80                lwip_htons
 .text.lwip_ntohs
                0x02010c8c        0xc def.o
                0x02010c8c                lwip_ntohs
 .text.lwip_htonl
                0x02010c98        0x8 def.o
                0x02010c98                lwip_htonl
 .text.lwip_ntohl
                0x02010ca0        0x8 def.o
                0x02010ca0                lwip_ntohl
 .text.dhcp_create_msg
                0x02010ca8      0x7b8 dhcp.o
 .text.dhcp_rebind
                0x02011460      0x17c dhcp.o
 .text.dhcp_discover
                0x020115dc      0x1f8 dhcp.o
 .text.dhcp_select
                0x020117d4      0x2e0 dhcp.o
 .text.dhcp_reboot
                0x02011ab4      0x1f4 dhcp.o
 .text.dhcp_bind
                0x02011ca8      0x19c dhcp.o
 .text.dhcp_recv
                0x02011e44      0x8bc dhcp.o
 .text.dhcp_start
                0x02012700      0x144 dhcp.o
                0x02012700                dhcp_start
 .text.dhcp_arp_reply
                0x02012844      0x188 dhcp.o
                0x02012844                dhcp_arp_reply
 .text.dhcp_renew
                0x020129cc      0x178 dhcp.o
                0x020129cc                dhcp_renew
 .text.dhcp_coarse_tmr
                0x02012b44       0xa8 dhcp.o
                0x02012b44                dhcp_coarse_tmr
 .text.dhcp_release
                0x02012bec      0x17c dhcp.o
                0x02012bec                dhcp_release
 .text.dhcp_fine_tmr
                0x02012d68      0x13c dhcp.o
                0x02012d68                dhcp_fine_tmr
 .text.dhcp_stop
                0x02012ea4       0x50 dhcp.o
                0x02012ea4                dhcp_stop
 .text.etharp_find_entry
                0x02012ef4      0xa70 etharp.o
 .text.etharp_raw.constprop.0
                0x02013964      0x10c etharp.o
 .text.etharp_tmr
                0x02013a70       0xd4 etharp.o
                0x02013a70                etharp_tmr
 .text.etharp_cleanup_netif
                0x02013b44       0x9c etharp.o
                0x02013b44                etharp_cleanup_netif
 .text.etharp_query
                0x02013be0      0x228 etharp.o
                0x02013be0                etharp_query
 .text.etharp_output
                0x02013e08      0x40c etharp.o
                0x02013e08                etharp_output
 .text.etharp_request
                0x02014214      0x10c etharp.o
                0x02014214                etharp_request
 .text.ethernet_input
                0x02014320      0x388 etharp.o
                0x02014320                ethernet_input
 .text.EMACintHndl
                0x020146a8      0x114 ethernetif.o
 .text.ethernetif_4_init
                0x020147bc      0x180 ethernetif.o
 .text.low_level_output
                0x0201493c      0x138 ethernetif.o
 .text.ethernetif_input
                0x02014a74      0x184 ethernetif.o
 .text.ethernetif_0_init
                0x02014bf8      0x17c ethernetif.o
 .text.ethernetif_1_init
                0x02014d74      0x17c ethernetif.o
 .text.ethernetif_2_init
                0x02014ef0      0x180 ethernetif.o
 .text.ethernetif_3_init
                0x02015070      0x180 ethernetif.o
 .text.Emac0_IRQHandler
                0x020151f0        0x8 ethernetif.o
                0x020151f0                Emac0_IRQHandler
 .text.Emac1_IRQHandler
                0x020151f8        0x8 ethernetif.o
                0x020151f8                Emac1_IRQHandler
 .text.icmp_input
                0x02015200      0x1f0 icmp.o
                0x02015200                icmp_input
 .text.icmp_dest_unreach
                0x020153f0       0xd4 icmp.o
                0x020153f0                icmp_dest_unreach
 .text.icmp_time_exceeded
                0x020154c4       0xd4 icmp.o
                0x020154c4                icmp_time_exceeded
 .text.inet_chksum
                0x02015598      0x29c inet_chksum.o
                0x02015598                inet_chksum
 .text.inet_chksum_pbuf
                0x02015834      0x32c inet_chksum.o
                0x02015834                inet_chksum_pbuf
 .text.lwip_init
                0x02015b60       0x24 init.o
                0x02015b60                lwip_init
 .text.ip_route
                0x02015b84       0x68 ip.o
                0x02015b84                ip_route
 .text.ip_input
                0x02015bec      0x2bc ip.o
                0x02015bec                ip_input
 .text.ip_output_if
                0x02015ea8      0x188 ip.o
                0x02015ea8                ip_output_if
 .text.ip_output
                0x02016030       0x8c ip.o
                0x02016030                ip_output
 .text.ip4_addr_isbroadcast
                0x020160bc       0x58 ip_addr.o
                0x020160bc                ip4_addr_isbroadcast
 .text.ipfrag_free_pbuf_custom
                0x02016114       0x28 ip_frag.o
 .text.ip_reass_remove_oldest_datagram
                0x0201613c      0x23c ip_frag.o
 .text.ip_reass_tmr
                0x02016378      0x144 ip_frag.o
                0x02016378                ip_reass_tmr
 .text.ip_reass
                0x020164bc      0x62c ip_frag.o
                0x020164bc                ip_reass
 .text.ip_frag  0x02016ae8      0x294 ip_frag.o
                0x02016ae8                ip_frag
 *fill*         0x02016d7c        0x4 
 .text.mem_init
                0x02016d80       0x74 mem.o
                0x02016d80                mem_init
 .text.mem_free
                0x02016df4      0x10c mem.o
                0x02016df4                mem_free
 .text.mem_trim
                0x02016f00      0x160 mem.o
                0x02016f00                mem_trim
 .text.mem_malloc
                0x02017060      0x160 mem.o
                0x02017060                mem_malloc
 .text.memp_init
                0x020171c0       0x9c memp.o
                0x020171c0                memp_init
 .text.memp_malloc
                0x0201725c       0x30 memp.o
                0x0201725c                memp_malloc
 .text.memp_free
                0x0201728c       0x30 memp.o
                0x0201728c                memp_free
 .text.netbuf_delete
                0x020172bc       0x38 netbuf.o
                0x020172bc                netbuf_delete
 .text.netif_init
                0x020172f4        0x4 netif.o
                0x020172f4                netif_init
 .text.netif_add
                0x020172f8      0x13c netif.o
                0x020172f8                netif_add
 .text.netif_set_addr
                0x02017434       0xe0 netif.o
                0x02017434                netif_set_addr
 .text.netif_set_ipaddr
                0x02017514       0xc0 netif.o
                0x02017514                netif_set_ipaddr
 .text.netif_set_gw
                0x020175d4       0x10 netif.o
                0x020175d4                netif_set_gw
 .text.netif_set_netmask
                0x020175e4       0x10 netif.o
                0x020175e4                netif_set_netmask
 .text.netif_set_default
                0x020175f4       0x10 netif.o
                0x020175f4                netif_set_default
 .text.netif_set_up
                0x02017604       0x28 netif.o
                0x02017604                netif_set_up
 .text.netif_set_down
                0x0201762c       0x20 netif.o
                0x0201762c                netif_set_down
 .text.pbuf_free_ooseq_callback
                0x0201764c       0x60 pbuf.o
 .text.pbuf_alloc
                0x020176ac      0x2ec pbuf.o
                0x020176ac                pbuf_alloc
 .text.pbuf_alloced_custom
                0x02017998       0x94 pbuf.o
                0x02017998                pbuf_alloced_custom
 .text.pbuf_realloc
                0x02017a2c      0x130 pbuf.o
                0x02017a2c                pbuf_realloc
 .text.pbuf_header
                0x02017b5c       0xc0 pbuf.o
                0x02017b5c                pbuf_header
 .text.pbuf_free
                0x02017c1c       0xb0 pbuf.o
                0x02017c1c                pbuf_free
 .text.pbuf_clen
                0x02017ccc       0x2c pbuf.o
                0x02017ccc                pbuf_clen
 .text.pbuf_ref
                0x02017cf8       0x24 pbuf.o
                0x02017cf8                pbuf_ref
 .text.pbuf_cat
                0x02017d1c       0x58 pbuf.o
                0x02017d1c                pbuf_cat
 .text.pbuf_chain
                0x02017d74       0x70 pbuf.o
                0x02017d74                pbuf_chain
 .text.pbuf_copy
                0x02017de4       0x88 pbuf.o
                0x02017de4                pbuf_copy
 .text.pbuf_copy_partial
                0x02017e6c       0x9c pbuf.o
                0x02017e6c                pbuf_copy_partial
 .text.raw_input
                0x02017f08       0xc8 raw.o
                0x02017f08                raw_input
 .text.raw_bind
                0x02017fd0       0x14 raw.o
                0x02017fd0                raw_bind
 .text.raw_recv
                0x02017fe4        0xc raw.o
                0x02017fe4                raw_recv
 .text.raw_remove
                0x02017ff0       0x60 raw.o
                0x02017ff0                raw_remove
 .text.raw_new  0x02018050       0x4c raw.o
                0x02018050                raw_new
 .text.TaskTrampoline
                0x0201809c       0x30 sys_arch.o
 .text.sys_mbox_new
                0x020180cc      0x2c8 sys_arch.o
                0x020180cc                sys_mbox_new
 .text.sys_mbox_free
                0x02018394      0x1c0 sys_arch.o
                0x02018394                sys_mbox_free
 .text.sys_mbox_post
                0x02018554        0xc sys_arch.o
                0x02018554                sys_mbox_post
 .text.sys_mbox_trypost
                0x02018560       0x20 sys_arch.o
                0x02018560                sys_mbox_trypost
 .text.sys_arch_mbox_fetch
                0x02018580       0x80 sys_arch.o
                0x02018580                sys_arch_mbox_fetch
 .text.sys_arch_mbox_tryfetch
                0x02018600       0x28 sys_arch.o
                0x02018600                sys_arch_mbox_tryfetch
 .text.sys_sem_new
                0x02018628      0x1ec sys_arch.o
                0x02018628                sys_sem_new
 .text.sys_arch_sem_wait
                0x02018814       0x7c sys_arch.o
                0x02018814                sys_arch_sem_wait
 .text.sys_sem_signal
                0x02018890       0x10 sys_arch.o
                0x02018890                sys_sem_signal
 .text.sys_sem_free
                0x020188a0      0x1b0 sys_arch.o
                0x020188a0                sys_sem_free
 .text.sys_mutex_new
                0x02018a50      0x1f4 sys_arch.o
                0x02018a50                sys_mutex_new
 .text.sys_mutex_lock
                0x02018c44       0x10 sys_arch.o
                0x02018c44                sys_mutex_lock
 .text.sys_mutex_unlock
                0x02018c54       0x10 sys_arch.o
                0x02018c54                sys_mutex_unlock
 .text.sys_init
                0x02018c64      0x104 sys_arch.o
                0x02018c64                sys_init
 .text.sys_thread_new
                0x02018d68      0x210 sys_arch.o
                0x02018d68                sys_thread_new
 .text.sys_arch_protect
                0x02018f78       0x58 sys_arch.o
                0x02018f78                sys_arch_protect
 .text.sys_arch_unprotect
                0x02018fd0       0x48 sys_arch.o
                0x02018fd0                sys_arch_unprotect
 .text.tcp_accept_null
                0x02019018        0x8 tcp.o
 .text.tcp_pcb_purge.part.1
                0x02019020       0xe0 tcp.o
 .text.tcp_close_shutdown
                0x02019100      0x3dc tcp.o
 .text.tcp_recv_null
                0x020194dc       0xdc tcp.o
                0x020194dc                tcp_recv_null
 .text.tcp_init
                0x020195b8        0x4 tcp.o
                0x020195b8                tcp_init
 .text.tcp_close
                0x020195bc      0x43c tcp.o
                0x020195bc                tcp_close
 .text.tcp_shutdown
                0x020199f8       0xf8 tcp.o
                0x020199f8                tcp_shutdown
 .text.tcp_abandon
                0x02019af0      0x2b0 tcp.o
                0x02019af0                tcp_abandon
 .text.tcp_abort
                0x02019da0        0x8 tcp.o
                0x02019da0                tcp_abort
 .text.tcp_bind
                0x02019da8      0x138 tcp.o
                0x02019da8                tcp_bind
 .text.tcp_listen_with_backlog
                0x02019ee0      0x138 tcp.o
                0x02019ee0                tcp_listen_with_backlog
 .text.tcp_update_rcv_ann_wnd
                0x0201a018       0x64 tcp.o
                0x0201a018                tcp_update_rcv_ann_wnd
 .text.tcp_recved
                0x0201a07c       0xa0 tcp.o
                0x0201a07c                tcp_recved
 .text.tcp_slowtmr
                0x0201a11c      0x504 tcp.o
                0x0201a11c                tcp_slowtmr
 .text.tcp_process_refused_data
                0x0201a620      0x144 tcp.o
                0x0201a620                tcp_process_refused_data
 .text.tcp_tmr  0x0201a764       0xd0 tcp.o
                0x0201a764                tcp_tmr
 .text.tcp_segs_free
                0x0201a834       0x38 tcp.o
                0x0201a834                tcp_segs_free
 .text.tcp_seg_free
                0x0201a86c       0x2c tcp.o
                0x0201a86c                tcp_seg_free
 .text.tcp_seg_copy
                0x0201a898       0x34 tcp.o
                0x0201a898                tcp_seg_copy
 .text.tcp_alloc
                0x0201a8cc      0x1dc tcp.o
                0x0201a8cc                tcp_alloc
 .text.tcp_new  0x0201aaa8      0x1d8 tcp.o
                0x0201aaa8                tcp_new
 .text.tcp_arg  0x0201ac80        0x8 tcp.o
                0x0201ac80                tcp_arg
 .text.tcp_recv
                0x0201ac88        0x8 tcp.o
                0x0201ac88                tcp_recv
 .text.tcp_sent
                0x0201ac90        0x8 tcp.o
                0x0201ac90                tcp_sent
 .text.tcp_err  0x0201ac98        0x8 tcp.o
                0x0201ac98                tcp_err
 .text.tcp_accept
                0x0201aca0        0x8 tcp.o
                0x0201aca0                tcp_accept
 .text.tcp_poll
                0x0201aca8        0xc tcp.o
                0x0201aca8                tcp_poll
 .text.tcp_pcb_purge
                0x0201acb4       0x14 tcp.o
                0x0201acb4                tcp_pcb_purge
 .text.tcp_pcb_remove
                0x0201acc8       0xec tcp.o
                0x0201acc8                tcp_pcb_remove
 .text.tcp_eff_send_mss
                0x0201adb4       0x44 tcp.o
                0x0201adb4                tcp_eff_send_mss
 .text.tcp_oos_insert_segment
                0x0201adf8      0x164 tcp_in.o
 .text.tcp_receive
                0x0201af5c      0xee8 tcp_in.o
 .text.tcp_parseopt.isra.0
                0x0201be44       0xfc tcp_in.o
 .text.tcp_input
                0x0201bf40      0xe5c tcp_in.o
                0x0201bf40                tcp_input
 .text.tcp_send_fin
                0x0201cd9c      0x230 tcp_out.o
                0x0201cd9c                tcp_send_fin
 .text.tcp_write
                0x0201cfcc      0x728 tcp_out.o
                0x0201cfcc                tcp_write
 .text.tcp_enqueue_flags
                0x0201d6f4      0x214 tcp_out.o
                0x0201d6f4                tcp_enqueue_flags
 .text.tcp_send_empty_ack
                0x0201d908      0x144 tcp_out.o
                0x0201d908                tcp_send_empty_ack
 .text.tcp_output
                0x0201da4c      0x53c tcp_out.o
                0x0201da4c                tcp_output
 .text.tcp_rst  0x0201df88      0x12c tcp_out.o
                0x0201df88                tcp_rst
 .text.tcp_rexmit_rto
                0x0201e0b4       0x58 tcp_out.o
                0x0201e0b4                tcp_rexmit_rto
 .text.tcp_rexmit
                0x0201e10c       0xc8 tcp_out.o
                0x0201e10c                tcp_rexmit
 .text.tcp_rexmit_fast
                0x0201e1d4      0x118 tcp_out.o
                0x0201e1d4                tcp_rexmit_fast
 .text.tcp_keepalive
                0x0201e2ec      0x138 tcp_out.o
                0x0201e2ec                tcp_keepalive
 .text.tcp_zero_window_probe
                0x0201e424      0x1f0 tcp_out.o
                0x0201e424                tcp_zero_window_probe
 .text.tcpip_thread
                0x0201e614      0x118 tcpip.o
 .text.tcpip_input
                0x0201e72c       0x78 tcpip.o
                0x0201e72c                tcpip_input
 .text.tcpip_callback_with_block
                0x0201e7a4       0x98 tcpip.o
                0x0201e7a4                tcpip_callback_with_block
 .text.tcpip_apimsg
                0x0201e83c       0x64 tcpip.o
                0x0201e83c                tcpip_apimsg
 .text.tcpip_init
                0x0201e8a0       0x64 tcpip.o
                0x0201e8a0                tcpip_init
 .text.dhcp_timer_fine
                0x0201e904       0xb0 timers.o
 .text.ip_reass_timer
                0x0201e9b4       0xb0 timers.o
 .text.arp_timer
                0x0201ea64       0xb4 timers.o
 .text.dhcp_timer_coarse
                0x0201eb18       0xb4 timers.o
 .text.tcpip_tcp_timer
                0x0201ebcc       0xe8 timers.o
 .text.tcp_timer_needed
                0x0201ecb4       0xf8 timers.o
                0x0201ecb4                tcp_timer_needed
 .text.sys_timeouts_init
                0x0201edac      0x2ac timers.o
                0x0201edac                sys_timeouts_init
 .text.sys_timeout
                0x0201f058       0xac timers.o
                0x0201f058                sys_timeout
 .text.sys_untimeout
                0x0201f104       0x88 timers.o
                0x0201f104                sys_untimeout
 .text.sys_timeouts_mbox_fetch
                0x0201f18c       0xac timers.o
                0x0201f18c                sys_timeouts_mbox_fetch
 .text.udp_init
                0x0201f238        0x4 udp.o
                0x0201f238                udp_init
 .text.udp_input
                0x0201f23c      0x2fc udp.o
                0x0201f23c                udp_input
 .text.udp_bind
                0x0201f538      0x12c udp.o
                0x0201f538                udp_bind
 .text.udp_sendto_if
                0x0201f664      0x168 udp.o
                0x0201f664                udp_sendto_if
 .text.udp_connect
                0x0201f7cc       0xa0 udp.o
                0x0201f7cc                udp_connect
 .text.udp_recv
                0x0201f86c        0xc udp.o
                0x0201f86c                udp_recv
 .text.udp_remove
                0x0201f878       0x60 udp.o
                0x0201f878                udp_remove
 .text.udp_new  0x0201f8d8       0x30 udp.o
                0x0201f8d8                udp_new
 .text.ff_cre_syncobj
                0x0201f908       0xc0 Abassi_FatFS.o
                0x0201f908                ff_cre_syncobj
 .text.ff_del_syncobj
                0x0201f9c8       0x14 Abassi_FatFS.o
                0x0201f9c8                ff_del_syncobj
 .text.ff_req_grant
                0x0201f9dc       0x20 Abassi_FatFS.o
                0x0201f9dc                ff_req_grant
 .text.ff_rel_grant
                0x0201f9fc       0x10 Abassi_FatFS.o
                0x0201f9fc                ff_rel_grant
 .text.ff_memalloc
                0x0201fa0c        0x4 Abassi_FatFS.o
                0x0201fa0c                ff_memalloc
 .text.ff_memfree
                0x0201fa10        0x4 Abassi_FatFS.o
                0x0201fa10                ff_memfree
 .text.disk_status
                0x0201fa14       0x24 Media_FatFS.o
                0x0201fa14                disk_status
 .text.disk_initialize
                0x0201fa38       0x20 Media_FatFS.o
                0x0201fa38                disk_initialize
 .text.disk_read
                0x0201fa58       0x38 Media_FatFS.o
                0x0201fa58                disk_read
 .text.disk_write
                0x0201fa90       0x38 Media_FatFS.o
                0x0201fa90                disk_write
 .text.disk_ioctl
                0x0201fac8       0xbc Media_FatFS.o
                0x0201fac8                disk_ioctl
 .text.MEDIAstatus
                0x0201fb84       0x50 MediaIF.o
                0x0201fb84                MEDIAstatus
 .text.MEDIAinit
                0x0201fbd4       0x9c MediaIF.o
                0x0201fbd4                MEDIAinit
 .text.MEDIAread
                0x0201fc70      0x118 MediaIF.o
                0x0201fc70                MEDIAread
 .text.MEDIAwrite
                0x0201fd88      0x118 MediaIF.o
                0x0201fd88                MEDIAwrite
 .text.MEDIAsize
                0x0201fea0       0x64 MediaIF.o
                0x0201fea0                MEDIAsize
 .text.MEDIAblksize
                0x0201ff04       0x50 MediaIF.o
                0x0201ff04                MEDIAblksize
 .text.MEDIAsectsz
                0x0201ff54       0x48 MediaIF.o
                0x0201ff54                MEDIAsectsz
 .text.MEDIAinfo
                0x0201ff9c       0x2c MediaIF.o
                0x0201ff9c                MEDIAinfo
 .text.mem_cpy.part.0
                0x0201ffc8      0x198 ff.o
 .text.init_alloc_info.isra.5
                0x02020160       0xd0 ff.o
 .text.get_fileinfo
                0x02020230      0x554 ff.o
 .text.move_window
                0x02020784       0xbc ff.o
 .text.get_fat  0x02020840      0x274 ff.o
 .text.dir_next.constprop.16
                0x02020ab4      0x124 ff.o
 .text.sync_fs  0x02020bd8      0x16c ff.o
 .text.dir_clear
                0x02020d44      0x1bc ff.o
 .text.check_fs
                0x02020f00      0x18c ff.o
 .text.find_volume
                0x0202108c      0x964 ff.o
 .text.load_xdir
                0x020219f0      0x354 ff.o
 .text.dir_read.constprop.15
                0x02021d44      0x72c ff.o
 .text.put_fat.part.9
                0x02022470      0x444 ff.o
 .text.create_chain
                0x020228b4      0x850 ff.o
 .text.remove_chain
                0x02023104      0x778 ff.o
 .text.dir_sdi  0x0202387c      0x564 ff.o
 .text.dir_alloc
                0x02023de0      0x2fc ff.o
 .text.store_xdir
                0x020240dc      0x318 ff.o
 .text.dir_remove
                0x020243f4      0x264 ff.o
 .text.dir_find
                0x02024658      0x68c ff.o
 .text.dir_register
                0x02024ce4      0xec0 ff.o
 .text.follow_path
                0x02025ba4      0x73c ff.o
 .text.f_mount  0x020262e0      0x1b4 ff.o
                0x020262e0                f_mount
 .text.f_open   0x02026494      0xa94 ff.o
                0x02026494                f_open
 .text.f_read   0x02026f28      0x730 ff.o
                0x02026f28                f_read
 .text.f_write  0x02027658      0x784 ff.o
                0x02027658                f_write
 .text.f_close  0x02027ddc      0x5f4 ff.o
                0x02027ddc                f_close
 .text.f_chdrive
                0x020283d0       0x80 ff.o
                0x020283d0                f_chdrive
 .text.f_chdir  0x02028450      0x1bc ff.o
                0x02028450                f_chdir
 .text.f_getcwd
                0x0202860c      0x4a4 ff.o
                0x0202860c                f_getcwd
 .text.f_opendir
                0x02028ab0      0x454 ff.o
                0x02028ab0                f_opendir
 .text.f_readdir
                0x02028f04      0x150 ff.o
                0x02028f04                f_readdir
 .text.f_stat   0x02029054       0xe8 ff.o
                0x02029054                f_stat
 .text.f_getfree
                0x0202913c      0x3a0 ff.o
                0x0202913c                f_getfree
 .text.f_unlink
                0x020294dc      0x380 ff.o
                0x020294dc                f_unlink
 .text.f_mkdir  0x0202985c      0x420 ff.o
                0x0202985c                f_mkdir
 .text.f_rename
                0x02029c7c      0x61c ff.o
                0x02029c7c                f_rename
 .text.f_chmod  0x0202a298      0x14c ff.o
                0x0202a298                f_chmod
 *fill*         0x0202a3e4        0x4 
 .text.f_mkfs   0x0202a3e8     0x178c ff.o
                0x0202a3e8                f_mkfs
 .text.ff_uni2oem
                0x0202bb74       0x68 ffunicode.o
                0x0202bb74                ff_uni2oem
 .text.ff_oem2uni
                0x0202bbdc       0x3c ffunicode.o
                0x0202bbdc                ff_oem2uni
 .text.ff_wtoupper
                0x0202bc18      0x134 ffunicode.o
                0x0202bc18                ff_wtoupper
 .text.fs_open  0x0202bd4c      0x22c fs.o
                0x0202bd4c                fs_open
 .text.fs_close
                0x0202bf78       0xdc fs.o
                0x0202bf78                fs_close
 .text.fs_read  0x0202c054       0x54 fs.o
                0x0202c054                fs_read
 .text.TSKcreate.constprop.6
                0x0202c0a8      0x100 ../../mAbassi/Platform/lib\lib_mAbassi_EVAL_R_GCC_AR5_CY5.a(mAbassi_EVAL_A9_GCC_2.o)
 .text.TSKgetID
                0x0202c1a8       0x60 ../../mAbassi/Platform/lib\lib_mAbassi_EVAL_R_GCC_AR5_CY5.a(mAbassi_EVAL_A9_GCC_2.o)
                0x0202c1a8                TSKgetID
 .text.TSKstkChk
                0x0202c208       0x60 ../../mAbassi/Platform/lib\lib_mAbassi_EVAL_R_GCC_AR5_CY5.a(mAbassi_EVAL_A9_GCC_2.o)
                0x0202c208                TSKstkChk
 .text.__getreent
                0x0202c268       0x34 ../../mAbassi/Platform/lib\lib_mAbassi_EVAL_R_GCC_AR5_CY5.a(mAbassi_EVAL_A9_GCC_2.o)
                0x0202c268                __getreent
 *fill*         0x0202c29c        0x4 
 .text.Abassi   0x0202c2a0     0x2850 ../../mAbassi/Platform/lib\lib_mAbassi_EVAL_R_GCC_AR5_CY5.a(mAbassi_EVAL_A9_GCC_2.o)
                0x0202c2a0                Abassi
 .text.TSKstart
                0x0202eaf0       0x60 ../../mAbassi/Platform/lib\lib_mAbassi_EVAL_R_GCC_AR5_CY5.a(mAbassi_EVAL_A9_GCC_2.o)
                0x0202eaf0                TSKstart
 .text.SEM__open
                0x0202eb50      0x144 ../../mAbassi/Platform/lib\lib_mAbassi_EVAL_R_GCC_AR5_CY5.a(mAbassi_EVAL_A9_GCC_2.o)
                0x0202eb50                SEM__open
 .text.MBX__open
                0x0202ec94      0x154 ../../mAbassi/Platform/lib\lib_mAbassi_EVAL_R_GCC_AR5_CY5.a(mAbassi_EVAL_A9_GCC_2.o)
                0x0202ec94                MBX__open
 .text.MBXget   0x0202ede8      0x128 ../../mAbassi/Platform/lib\lib_mAbassi_EVAL_R_GCC_AR5_CY5.a(mAbassi_EVAL_A9_GCC_2.o)
                0x0202ede8                MBXget
 .text.MBXput   0x0202ef10       0xd8 ../../mAbassi/Platform/lib\lib_mAbassi_EVAL_R_GCC_AR5_CY5.a(mAbassi_EVAL_A9_GCC_2.o)
                0x0202ef10                MBXput
 .text.OSalloc  0x0202efe8       0x68 ../../mAbassi/Platform/lib\lib_mAbassi_EVAL_R_GCC_AR5_CY5.a(mAbassi_EVAL_A9_GCC_2.o)
                0x0202efe8                OSalloc
 .text.__generic_gxx_recursive_mutex_destroy
                0x0202f050       0x78 ../../mAbassi/Platform/lib\lib_mAbassi_EVAL_R_GCC_AR5_CY5.a(mAbassi_EVAL_A9_GCC_2.o)
                0x0202f050                __generic_gxx_recursive_mutex_destroy
 .text.__generic_gxx_recursive_mutex_unlock
                0x0202f0c8       0x3c ../../mAbassi/Platform/lib\lib_mAbassi_EVAL_R_GCC_AR5_CY5.a(mAbassi_EVAL_A9_GCC_2.o)
                0x0202f0c8                __generic_gxx_recursive_mutex_unlock
 .text.__malloc_lock
                0x0202f104       0x44 ../../mAbassi/Platform/lib\lib_mAbassi_EVAL_R_GCC_AR5_CY5.a(mAbassi_EVAL_A9_GCC_2.o)
                0x0202f104                __malloc_lock
 .text.__malloc_unlock
                0x0202f148       0x2c ../../mAbassi/Platform/lib\lib_mAbassi_EVAL_R_GCC_AR5_CY5.a(mAbassi_EVAL_A9_GCC_2.o)
                0x0202f148                __malloc_unlock
 *fill*         0x0202f174        0x4 
 .text.TSKcreate
                0x0202f178      0x468 ../../mAbassi/Platform/lib\lib_mAbassi_EVAL_R_GCC_AR5_CY5.a(mAbassi_EVAL_A9_GCC_2.o)
                0x0202f178                TSKcreate
 .text.OSstart  0x0202f5e0      0x208 ../../mAbassi/Platform/lib\lib_mAbassi_EVAL_R_GCC_AR5_CY5.a(mAbassi_EVAL_A9_GCC_2.o)
                0x0202f5e0                OSstart
 .text.__generic_gxx_recursive_mutex_init_function
                0x0202f7e8      0x128 ../../mAbassi/Platform/lib\lib_mAbassi_EVAL_R_GCC_AR5_CY5.a(mAbassi_EVAL_A9_GCC_2.o)
                0x0202f7e8                __generic_gxx_recursive_mutex_init_function
 .text.__my_gxx_lock.part.2
                0x0202f910      0x1b8 ../../mAbassi/Platform/lib\lib_mAbassi_EVAL_R_GCC_AR5_CY5.a(mAbassi_EVAL_A9_GCC_2.o)
 .text.__generic_gxx_recursive_mutex_lock
                0x0202fac8       0x2c ../../mAbassi/Platform/lib\lib_mAbassi_EVAL_R_GCC_AR5_CY5.a(mAbassi_EVAL_A9_GCC_2.o)
                0x0202fac8                __generic_gxx_recursive_mutex_lock
 .text.TIMtick  0x0202faf4      0x4a0 ../../mAbassi/Platform/lib\lib_mAbassi_EVAL_R_GCC_AR5_CY5.a(mAbassi_EVAL_A9_GCC_2.o)
                0x0202faf4                TIMtick
 .text          0x0202ff94      0xb8c ../../mAbassi/Platform/lib\lib_mAbassi_EVAL_R_GCC_AR5_CY5.a(mAbassi_EVAL_GCC_AR5_CY5.o)
                0x0202ffa4                __cs3_reset_generic
                0x0202ffa4                Reset_Handler
                0x0202ffa4                boot
                0x0202ffa4                _prestart
                0x0203034c                _exit
                0x02030354                _sbrk_r
                0x0203038c                OStrap
                0x020303a4                mySWI
                0x020303a4                __cs3_isr_swi
                0x020303ec                SWI_Handler
                0x020303f0                OScontext
                0x02030410                CoreContext
                0x02030424                OSstack
                0x02030480                OSintCtrl
                0x020304a0                OSintBack
                0x020304b0                OSintOff
                0x020304bc                OSintOn
                0x020304c4                OSisrInfo
                0x020304d4                __cs3_isr_irq
                0x020304d4                ISRdispatch
                0x02030608                OSinvalidISR
                0x02030610                COREgetPeriph
                0x02030618                COREgetID
                0x02030624                GICinit
                0x020306c8                GICenable
                0x02030808                COREreentOK
                0x0203084c                COREstart1
                0x02030858                COREstart2
                0x02030864                COREstart3
                0x02030870                COREstart0
                0x0203087c                CoreIdle
                0x020308ac                COREsafeGetID
                0x020308d0                COREsendISR
                0x02030904                COREwakeISR
                0x02030930                COREisInISR
                0x02030944                COREtaskNow
                0x02030968                COREchkRedo
                0x020309c8                CORElock
                0x020309f8                COREunlock
                0x02030a0c                SPINlock
                0x02030a1c                SPINtrylock
                0x02030a2c                SPIN_lock
                0x02030ab4                SPINunlock
 .text          0x02030b20      0x798 ../../mAbassi/Platform/lib\lib_mAbassi_EVAL_R_GCC_AR5_CY5.a(ARMv7_SMP_L1_L2_GCC_AR5_CY5.o)
                0x02030b20                COREcacheON
                0x02030fac                DCacheInvalRange
                0x020310c0                DCacheFlushRange
                0x020311d4                MMUlog2Phy
                0x02031234                MMUphy2Log
 .text          0x020312b8       0x4c c:/intelfpga/18.0/embedded/host_tools/mentor/gnu/arm/baremetal/bin/../lib/gcc/arm-altera-eabi/6.2.0/../../../../arm-altera-eabi/lib\libcs3.a(start_c.o)
                0x020312b8                __cs3_premain
 .text          0x02031304      0x114 c:/intelfpga/18.0/embedded/host_tools/mentor/gnu/arm/baremetal/bin/../lib/gcc/arm-altera-eabi/6.2.0\libgcc.a(_udivsi3.o)
                0x02031304                __aeabi_uidiv
                0x02031304                __udivsi3
                0x020313f8                __aeabi_uidivmod
 .text          0x02031418      0x148 c:/intelfpga/18.0/embedded/host_tools/mentor/gnu/arm/baremetal/bin/../lib/gcc/arm-altera-eabi/6.2.0\libgcc.a(_divsi3.o)
                0x02031418                __divsi3
                0x02031418                __aeabi_idiv
                0x02031540                __aeabi_idivmod
 .text          0x02031560        0x4 c:/intelfpga/18.0/embedded/host_tools/mentor/gnu/arm/baremetal/bin/../lib/gcc/arm-altera-eabi/6.2.0\libgcc.a(_dvmd_tls.o)
                0x02031560                __aeabi_idiv0
                0x02031560                __aeabi_ldiv0
 .text          0x02031564       0xd4 c:/intelfpga/18.0/embedded/host_tools/mentor/gnu/arm/baremetal/bin/../lib/gcc/arm-altera-eabi/6.2.0\libgcc.a(_aeabi_ldivmod.o)
                0x02031564                __aeabi_ldivmod
 .text          0x02031638       0x3c c:/intelfpga/18.0/embedded/host_tools/mentor/gnu/arm/baremetal/bin/../lib/gcc/arm-altera-eabi/6.2.0\libgcc.a(_aeabi_uldivmod.o)
                0x02031638                __aeabi_uldivmod
 .text          0x02031674      0x12c c:/intelfpga/18.0/embedded/host_tools/mentor/gnu/arm/baremetal/bin/../lib/gcc/arm-altera-eabi/6.2.0\libgcc.a(_udivmoddi4.o)
                0x02031674                __udivmoddi4
 .text          0x020317a0       0x28 c:/intelfpga/18.0/embedded/host_tools/mentor/gnu/arm/baremetal/bin/../lib/gcc/arm-altera-eabi/6.2.0\libgcc.a(_clzdi2.o)
                0x020317a0                __clzdi2
 .text          0x020317c8       0x48 c:/intelfpga/18.0/embedded/host_tools/mentor/gnu/arm/baremetal/bin/../lib/gcc/arm-altera-eabi/6.2.0\libgcc.a(_clzsi2.o)
                0x020317c8                __clzsi2
 .text          0x02031810       0x24 c:/intelfpga/18.0/embedded/host_tools/mentor/gnu/arm/baremetal/bin/../lib/gcc/arm-altera-eabi/6.2.0/../../../../arm-altera-eabi/lib\libc.a(lib_a-calloc.o)
                0x02031810                calloc
 .text          0x02031834       0x98 c:/intelfpga/18.0/embedded/host_tools/mentor/gnu/arm/baremetal/bin/../lib/gcc/arm-altera-eabi/6.2.0/../../../../arm-altera-eabi/lib\libc.a(lib_a-callocr.o)
                0x02031834                _calloc_r
 .text          0x020318cc      0x164 c:/intelfpga/18.0/embedded/host_tools/mentor/gnu/arm/baremetal/bin/../lib/gcc/arm-altera-eabi/6.2.0/../../../../arm-altera-eabi/lib\libc.a(lib_a-fwrite.o)
                0x020318cc                _fwrite_r
                0x020319f4                fwrite
 .text          0x02031a30      0x12c c:/intelfpga/18.0/embedded/host_tools/mentor/gnu/arm/baremetal/bin/../lib/gcc/arm-altera-eabi/6.2.0/../../../../arm-altera-eabi/lib\libc.a(lib_a-gets.o)
                0x02031a30                _gets_r
                0x02031b44                gets
 .text          0x02031b5c       0x80 c:/intelfpga/18.0/embedded/host_tools/mentor/gnu/arm/baremetal/bin/../lib/gcc/arm-altera-eabi/6.2.0/../../../../arm-altera-eabi/lib\libc.a(lib_a-init.o)
                0x02031b5c                __libc_init_array
 .text          0x02031bdc       0x38 c:/intelfpga/18.0/embedded/host_tools/mentor/gnu/arm/baremetal/bin/../lib/gcc/arm-altera-eabi/6.2.0/../../../../arm-altera-eabi/lib\libc.a(lib_a-malloc.o)
                0x02031bdc                malloc
                0x02031bf8                free
 .text          0x02031c14      0x750 c:/intelfpga/18.0/embedded/host_tools/mentor/gnu/arm/baremetal/bin/../lib/gcc/arm-altera-eabi/6.2.0/../../../../arm-altera-eabi/lib\libc.a(lib_a-mallocr.o)
                0x02031c14                _malloc_r
 .text          0x02032364       0xf0 c:/intelfpga/18.0/embedded/host_tools/mentor/gnu/arm/baremetal/bin/../lib/gcc/arm-altera-eabi/6.2.0/../../../../arm-altera-eabi/lib\libc.a(lib_a-memcmp.o)
                0x02032364                memcmp
 .text          0x02032454      0x114 c:/intelfpga/18.0/embedded/host_tools/mentor/gnu/arm/baremetal/bin/../lib/gcc/arm-altera-eabi/6.2.0/../../../../arm-altera-eabi/lib\libc.a(lib_a-memcpy-stub.o)
                0x02032454                memcpy
 .text          0x02032568      0x148 c:/intelfpga/18.0/embedded/host_tools/mentor/gnu/arm/baremetal/bin/../lib/gcc/arm-altera-eabi/6.2.0/../../../../arm-altera-eabi/lib\libc.a(lib_a-memmove.o)
                0x02032568                memmove
 .text          0x020326b0      0x114 c:/intelfpga/18.0/embedded/host_tools/mentor/gnu/arm/baremetal/bin/../lib/gcc/arm-altera-eabi/6.2.0/../../../../arm-altera-eabi/lib\libc.a(lib_a-memset.o)
                0x020326b0                memset
 .text          0x020327c4       0x6c c:/intelfpga/18.0/embedded/host_tools/mentor/gnu/arm/baremetal/bin/../lib/gcc/arm-altera-eabi/6.2.0/../../../../arm-altera-eabi/lib\libc.a(lib_a-printf.o)
                0x020327c4                _printf_r
                0x020327f8                printf
 .text          0x02032830       0x34 c:/intelfpga/18.0/embedded/host_tools/mentor/gnu/arm/baremetal/bin/../lib/gcc/arm-altera-eabi/6.2.0/../../../../arm-altera-eabi/lib\libc.a(lib_a-putchar.o)
                0x02032830                _putchar_r
                0x02032844                putchar
 .text          0x02032864      0x12c c:/intelfpga/18.0/embedded/host_tools/mentor/gnu/arm/baremetal/bin/../lib/gcc/arm-altera-eabi/6.2.0/../../../../arm-altera-eabi/lib\libc.a(lib_a-puts.o)
                0x02032864                _puts_r
                0x02032978                puts
 .text          0x02032990       0x24 c:/intelfpga/18.0/embedded/host_tools/mentor/gnu/arm/baremetal/bin/../lib/gcc/arm-altera-eabi/6.2.0/../../../../arm-altera-eabi/lib\libc.a(lib_a-realloc.o)
                0x02032990                realloc
 .text          0x020329b4      0x4d4 c:/intelfpga/18.0/embedded/host_tools/mentor/gnu/arm/baremetal/bin/../lib/gcc/arm-altera-eabi/6.2.0/../../../../arm-altera-eabi/lib\libc.a(lib_a-reallocr.o)
                0x020329b4                _realloc_r
 .text          0x02032e88       0x6c c:/intelfpga/18.0/embedded/host_tools/mentor/gnu/arm/baremetal/bin/../lib/gcc/arm-altera-eabi/6.2.0/../../../../arm-altera-eabi/lib\libc.a(lib_a-rget.o)
                0x02032e88                __srget_r
                0x02032edc                __srget
 .text          0x02032ef4      0x258 c:/intelfpga/18.0/embedded/host_tools/mentor/gnu/arm/baremetal/bin/../lib/gcc/arm-altera-eabi/6.2.0/../../../../arm-altera-eabi/lib\libc.a(lib_a-setvbuf.o)
                0x02032ef4                setvbuf
 .text          0x0203314c       0xcc c:/intelfpga/18.0/embedded/host_tools/mentor/gnu/arm/baremetal/bin/../lib/gcc/arm-altera-eabi/6.2.0/../../../../arm-altera-eabi/lib\libc.a(lib_a-sprintf.o)
                0x0203314c                _sprintf_r
                0x020331b0                sprintf
 .text          0x02033218       0x74 c:/intelfpga/18.0/embedded/host_tools/mentor/gnu/arm/baremetal/bin/../lib/gcc/arm-altera-eabi/6.2.0/../../../../arm-altera-eabi/lib\libc.a(lib_a-stpcpy.o)
                0x02033218                stpcpy
 .text          0x0203328c      0x1ac c:/intelfpga/18.0/embedded/host_tools/mentor/gnu/arm/baremetal/bin/../lib/gcc/arm-altera-eabi/6.2.0/../../../../arm-altera-eabi/lib\libc.a(lib_a-strchr.o)
                0x0203328c                strchr
 .text          0x02033438      0x224 c:/intelfpga/18.0/embedded/host_tools/mentor/gnu/arm/baremetal/bin/../lib/gcc/arm-altera-eabi/6.2.0/../../../../arm-altera-eabi/lib\libc.a(lib_a-strcmp.o)
                0x02033438                strcmp
 .text          0x0203365c       0xf0 c:/intelfpga/18.0/embedded/host_tools/mentor/gnu/arm/baremetal/bin/../lib/gcc/arm-altera-eabi/6.2.0/../../../../arm-altera-eabi/lib\libc.a(lib_a-strcpy.o)
                0x0203365c                strcpy
 .text          0x0203374c       0x64 c:/intelfpga/18.0/embedded/host_tools/mentor/gnu/arm/baremetal/bin/../lib/gcc/arm-altera-eabi/6.2.0/../../../../arm-altera-eabi/lib\libc.a(lib_a-strcspn.o)
                0x0203374c                strcspn
 .text          0x020337b0       0x60 c:/intelfpga/18.0/embedded/host_tools/mentor/gnu/arm/baremetal/bin/../lib/gcc/arm-altera-eabi/6.2.0/../../../../arm-altera-eabi/lib\libc.a(lib_a-strlen-stub.o)
                0x020337b0                strlen
 .text          0x02033810      0x110 c:/intelfpga/18.0/embedded/host_tools/mentor/gnu/arm/baremetal/bin/../lib/gcc/arm-altera-eabi/6.2.0/../../../../arm-altera-eabi/lib\libc.a(lib_a-strncmp.o)
                0x02033810                strncmp
 .text          0x02033920       0xdc c:/intelfpga/18.0/embedded/host_tools/mentor/gnu/arm/baremetal/bin/../lib/gcc/arm-altera-eabi/6.2.0/../../../../arm-altera-eabi/lib\libc.a(lib_a-strncpy.o)
                0x02033920                strncpy
 .text          0x020339fc       0x70 c:/intelfpga/18.0/embedded/host_tools/mentor/gnu/arm/baremetal/bin/../lib/gcc/arm-altera-eabi/6.2.0/../../../../arm-altera-eabi/lib\libc.a(lib_a-strspn.o)
                0x020339fc                strspn
 .text          0x02033a6c      0x834 c:/intelfpga/18.0/embedded/host_tools/mentor/gnu/arm/baremetal/bin/../lib/gcc/arm-altera-eabi/6.2.0/../../../../arm-altera-eabi/lib\libc.a(lib_a-strstr.o)
                0x02033f28                strstr
 .text          0x020342a0      0x308 c:/intelfpga/18.0/embedded/host_tools/mentor/gnu/arm/baremetal/bin/../lib/gcc/arm-altera-eabi/6.2.0/../../../../arm-altera-eabi/lib\libc.a(lib_a-strtol.o)
                0x020344c0                _strtol_r
                0x02034514                strtol_l
                0x02034550                strtol
 .text          0x020345a8      0x2d0 c:/intelfpga/18.0/embedded/host_tools/mentor/gnu/arm/baremetal/bin/../lib/gcc/arm-altera-eabi/6.2.0/../../../../arm-altera-eabi/lib\libc.a(lib_a-strtoul.o)
                0x02034790                _strtoul_r
                0x020347e4                strtoul_l
                0x02034820                strtoul
 .text          0x02034878     0x2030 c:/intelfpga/18.0/embedded/host_tools/mentor/gnu/arm/baremetal/bin/../lib/gcc/arm-altera-eabi/6.2.0/../../../../arm-altera-eabi/lib\libc.a(lib_a-svfprintf.o)
                0x02034878                _svfprintf_r
 .text          0x020368a8     0x22ec c:/intelfpga/18.0/embedded/host_tools/mentor/gnu/arm/baremetal/bin/../lib/gcc/arm-altera-eabi/6.2.0/../../../../arm-altera-eabi/lib\libc.a(lib_a-vfprintf.o)
                0x020368a8                _vfprintf_r
                0x02038a9c                vfprintf
 .text          0x02038b94      0x154 c:/intelfpga/18.0/embedded/host_tools/mentor/gnu/arm/baremetal/bin/../lib/gcc/arm-altera-eabi/6.2.0/../../../../arm-altera-eabi/lib\libc.a(lib_a-wbuf.o)
                0x02038b94                __swbuf_r
                0x02038cc8                __swbuf
 .text          0x02038ce8      0x158 c:/intelfpga/18.0/embedded/host_tools/mentor/gnu/arm/baremetal/bin/../lib/gcc/arm-altera-eabi/6.2.0/../../../../arm-altera-eabi/lib\libc.a(lib_a-wsetup.o)
                0x02038ce8                __swsetup_r
 .text          0x02038e40     0x181c c:/intelfpga/18.0/embedded/host_tools/mentor/gnu/arm/baremetal/bin/../lib/gcc/arm-altera-eabi/6.2.0/../../../../arm-altera-eabi/lib\libc.a(lib_a-dtoa.o)
                0x02039020                _dtoa_r
 .text          0x0203a65c      0x314 c:/intelfpga/18.0/embedded/host_tools/mentor/gnu/arm/baremetal/bin/../lib/gcc/arm-altera-eabi/6.2.0/../../../../arm-altera-eabi/lib\libc.a(lib_a-fflush.o)
                0x0203a65c                __sflush_r
                0x0203a898                _fflush_r
                0x0203a934                fflush
 .text          0x0203a970      0x3e4 c:/intelfpga/18.0/embedded/host_tools/mentor/gnu/arm/baremetal/bin/../lib/gcc/arm-altera-eabi/6.2.0/../../../../arm-altera-eabi/lib\libc.a(lib_a-findfp.o)
                0x0203a970                _cleanup_r
                0x0203aa7c                __sfmoreglue
                0x0203aacc                _cleanup
                0x0203aaf0                __sinit
                0x0203ab84                __sfp
                0x0203aca4                __sfp_lock_acquire
                0x0203acbc                __sfp_lock_release
                0x0203acd4                __sinit_lock_acquire
                0x0203acec                __sinit_lock_release
                0x0203ad04                __fp_lock_all
                0x0203ad2c                __fp_unlock_all
 .text.startup  0x0203ad54       0x30 c:/intelfpga/18.0/embedded/host_tools/mentor/gnu/arm/baremetal/bin/../lib/gcc/arm-altera-eabi/6.2.0/../../../../arm-altera-eabi/lib\libc.a(lib_a-findfp.o)
 .text          0x0203ad84      0x3e0 c:/intelfpga/18.0/embedded/host_tools/mentor/gnu/arm/baremetal/bin/../lib/gcc/arm-altera-eabi/6.2.0/../../../../arm-altera-eabi/lib\libc.a(lib_a-freer.o)
                0x0203ad84                _malloc_trim_r
                0x0203ae84                _free_r
 .text          0x0203b164      0x4dc c:/intelfpga/18.0/embedded/host_tools/mentor/gnu/arm/baremetal/bin/../lib/gcc/arm-altera-eabi/6.2.0/../../../../arm-altera-eabi/lib\libc.a(lib_a-fvwrite.o)
                0x0203b164                __sfvwrite_r
 .text          0x0203b640      0x110 c:/intelfpga/18.0/embedded/host_tools/mentor/gnu/arm/baremetal/bin/../lib/gcc/arm-altera-eabi/6.2.0/../../../../arm-altera-eabi/lib\libc.a(lib_a-fwalk.o)
                0x0203b640                _fwalk
                0x0203b6c4                _fwalk_reent
 .text          0x0203b750       0xf4 c:/intelfpga/18.0/embedded/host_tools/mentor/gnu/arm/baremetal/bin/../lib/gcc/arm-altera-eabi/6.2.0/../../../../arm-altera-eabi/lib\libc.a(lib_a-locale.o)
                0x0203b774                _setlocale_r
                0x0203b7dc                __locale_mb_cur_max
                0x0203b804                __locale_ctype_ptr_l
                0x0203b80c                __locale_ctype_ptr
                0x0203b824                setlocale
 .text          0x0203b844       0x58 c:/intelfpga/18.0/embedded/host_tools/mentor/gnu/arm/baremetal/bin/../lib/gcc/arm-altera-eabi/6.2.0/../../../../arm-altera-eabi/lib\libc.a(lib_a-localeconv.o)
                0x0203b844                __localeconv_l
                0x0203b84c                _localeconv_r
                0x0203b874                localeconv
 .text          0x0203b89c      0x18c c:/intelfpga/18.0/embedded/host_tools/mentor/gnu/arm/baremetal/bin/../lib/gcc/arm-altera-eabi/6.2.0/../../../../arm-altera-eabi/lib\libc.a(lib_a-makebuf.o)
                0x0203b89c                __swhatbuf_r
                0x0203b93c                __smakebuf_r
 .text          0x0203ba28       0xa0 c:/intelfpga/18.0/embedded/host_tools/mentor/gnu/arm/baremetal/bin/../lib/gcc/arm-altera-eabi/6.2.0/../../../../arm-altera-eabi/lib\libc.a(lib_a-mbtowc_r.o)
                0x0203ba28                _mbtowc_r
                0x0203ba7c                __ascii_mbtowc
 .text          0x0203bac8      0x110 c:/intelfpga/18.0/embedded/host_tools/mentor/gnu/arm/baremetal/bin/../lib/gcc/arm-altera-eabi/6.2.0/../../../../arm-altera-eabi/lib\libc.a(lib_a-memchr-stub.o)
                0x0203bac8                memchr
 .text          0x0203bbd8      0xd98 c:/intelfpga/18.0/embedded/host_tools/mentor/gnu/arm/baremetal/bin/../lib/gcc/arm-altera-eabi/6.2.0/../../../../arm-altera-eabi/lib\libc.a(lib_a-mprec.o)
                0x0203bbd8                _Balloc
                0x0203bc64                _Bfree
                0x0203bc80                __multadd
                0x0203bd5c                __s2b
                0x0203be4c                __hi0bits
                0x0203bea4                __lo0bits
                0x0203bf44                __i2b
                0x0203bf68                __multiply
                0x0203c138                __pow5mult
                0x0203c23c                __lshift
                0x0203c324                __mcmp
                0x0203c384                __mdiff
                0x0203c52c                __ulp
                0x0203c594                __b2d
                0x0203c680                __d2b
                0x0203c790                __ratio
                0x0203c820                _mprec_log10
                0x0203c880                __copybits
                0x0203c8f0                __any_on
 .text          0x0203c970      0x1bc c:/intelfpga/18.0/embedded/host_tools/mentor/gnu/arm/baremetal/bin/../lib/gcc/arm-altera-eabi/6.2.0/../../../../arm-altera-eabi/lib\libc.a(lib_a-putc.o)
                0x0203c970                _putc_r
                0x0203ca4c                putc
 .text          0x0203cb2c      0x218 c:/intelfpga/18.0/embedded/host_tools/mentor/gnu/arm/baremetal/bin/../lib/gcc/arm-altera-eabi/6.2.0/../../../../arm-altera-eabi/lib\libc.a(lib_a-refill.o)
                0x0203cb54                __srefill_r
 .text          0x0203cd44       0xd8 c:/intelfpga/18.0/embedded/host_tools/mentor/gnu/arm/baremetal/bin/../lib/gcc/arm-altera-eabi/6.2.0/../../../../arm-altera-eabi/lib\libc.a(lib_a-stdio.o)
                0x0203cd44                __sread
                0x0203cd78                __seofread
                0x0203cd80                __swrite
                0x0203cdd8                __sseek
                0x0203ce08                __sclose
 .text          0x0203ce1c     0x11e0 c:/intelfpga/18.0/embedded/host_tools/mentor/gnu/arm/baremetal/bin/../lib/gcc/arm-altera-eabi/6.2.0/../../../../arm-altera-eabi/lib\libc.a(lib_a-svfiprintf.o)
                0x0203ce1c                __ssprint_r
                0x0203cfac                _svfiprintf_r
 .text          0x0203dffc     0x14c4 c:/intelfpga/18.0/embedded/host_tools/mentor/gnu/arm/baremetal/bin/../lib/gcc/arm-altera-eabi/6.2.0/../../../../arm-altera-eabi/lib\libc.a(lib_a-vfiprintf.o)
                0x0203e0ac                __sprint_r
                0x0203e0c4                _vfiprintf_r
                0x0203f3c8                vfiprintf
 .text          0x0203f4c0       0x74 c:/intelfpga/18.0/embedded/host_tools/mentor/gnu/arm/baremetal/bin/../lib/gcc/arm-altera-eabi/6.2.0/../../../../arm-altera-eabi/lib\libc.a(lib_a-wctomb_r.o)
                0x0203f4c0                _wctomb_r
                0x0203f50c                __ascii_wctomb
 .text          0x0203f534      0x180 c:/intelfpga/18.0/embedded/host_tools/mentor/gnu/arm/baremetal/bin/../lib/gcc/arm-altera-eabi/6.2.0/../../../../arm-altera-eabi/lib\libc.a(lib_a-fclose.o)
                0x0203f534                _fclose_r
                0x0203f69c                fclose
 .text          0x0203f6b4      0x204 c:/intelfpga/18.0/embedded/host_tools/mentor/gnu/arm/baremetal/bin/../lib/gcc/arm-altera-eabi/6.2.0/../../../../arm-altera-eabi/lib\libc.a(lib_a-fputwc.o)
                0x0203f6b4                __fputwc
                0x0203f7c4                _fputwc_r
                0x0203f880                fputwc
 .text          0x0203f8b8      0x150 c:/intelfpga/18.0/embedded/host_tools/mentor/gnu/arm/baremetal/bin/../lib/gcc/arm-altera-eabi/6.2.0/../../../../arm-altera-eabi/lib\libc.a(lib_a-wcrtomb.o)
                0x0203f8b8                _wcrtomb_r
                0x0203f95c                wcrtomb
 .text          0x0203fa08      0x41c c:/intelfpga/18.0/embedded/host_tools/mentor/gnu/arm/baremetal/bin/../lib/gcc/arm-altera-eabi/6.2.0\libgcc.a(_arm_addsubdf3.o)
                0x0203fa08                __aeabi_drsub
                0x0203fa10                __aeabi_dsub
                0x0203fa10                __subdf3
                0x0203fa14                __aeabi_dadd
                0x0203fa14                __adddf3
                0x0203fd24                __floatunsidf
                0x0203fd24                __aeabi_ui2d
                0x0203fd48                __floatsidf
                0x0203fd48                __aeabi_i2d
                0x0203fd70                __aeabi_f2d
                0x0203fd70                __extendsfdf2
                0x0203fdb0                __floatundidf
                0x0203fdb0                __aeabi_ul2d
                0x0203fdc4                __floatdidf
                0x0203fdc4                __aeabi_l2d
 .text          0x0203fe24      0x49c c:/intelfpga/18.0/embedded/host_tools/mentor/gnu/arm/baremetal/bin/../lib/gcc/arm-altera-eabi/6.2.0\libgcc.a(_arm_muldivdf3.o)
                0x0203fe24                __aeabi_dmul
                0x0203fe24                __muldf3
                0x020400b4                __divdf3
                0x020400b4                __aeabi_ddiv
 .text          0x020402c0      0x144 c:/intelfpga/18.0/embedded/host_tools/mentor/gnu/arm/baremetal/bin/../lib/gcc/arm-altera-eabi/6.2.0\libgcc.a(_arm_cmpdf2.o)
                0x020402c0                __gtdf2
                0x020402c0                __gedf2
                0x020402c8                __ltdf2
                0x020402c8                __ledf2
                0x020402d0                __nedf2
                0x020402d0                __eqdf2
                0x020402d0                __cmpdf2
                0x02040358                __aeabi_cdrcmple
                0x02040374                __aeabi_cdcmpeq
                0x02040374                __aeabi_cdcmple
                0x0204038c                __aeabi_dcmpeq
                0x020403a4                __aeabi_dcmplt
                0x020403bc                __aeabi_dcmple
                0x020403d4                __aeabi_dcmpge
                0x020403ec                __aeabi_dcmpgt
 .text          0x02040404       0x38 c:/intelfpga/18.0/embedded/host_tools/mentor/gnu/arm/baremetal/bin/../lib/gcc/arm-altera-eabi/6.2.0\libgcc.a(_arm_unorddf2.o)
                0x02040404                __unorddf2
                0x02040404                __aeabi_dcmpun
 .text          0x0204043c       0x5c c:/intelfpga/18.0/embedded/host_tools/mentor/gnu/arm/baremetal/bin/../lib/gcc/arm-altera-eabi/6.2.0\libgcc.a(_arm_fixdfsi.o)
                0x0204043c                __aeabi_d2iz
                0x0204043c                __fixdfsi
 *(.plt)
 *(.gnu.warning)
 *(.glue_7t)
 .glue_7t       0x02040498        0x0 linker stubs
 *(.glue_7)
 .glue_7        0x02040498        0x0 linker stubs
 *(.vfp11_veneer)
 .vfp11_veneer  0x02040498        0x0 linker stubs
 *(.ARM.extab* .gnu.linkonce.armextab.*)
 *(.gcc_except_table)

.v4_bx          0x02040498        0x0
 .v4_bx         0x02040498        0x0 linker stubs

.iplt           0x02040498        0x0
 .iplt          0x02040498        0x0 c:/intelfpga/18.0/embedded/host_tools/mentor/gnu/arm/baremetal/bin/../lib/gcc/arm-altera-eabi/6.2.0/crtbegin.o

.eh_frame_hdr
 *(.eh_frame_hdr)
 *(.eh_frame_entry .eh_frame_entry.*)

.eh_frame       0x02040498        0x4
 *(.eh_frame)
 .eh_frame      0x02040498        0x0 c:/intelfpga/18.0/embedded/host_tools/mentor/gnu/arm/baremetal/bin/../lib/gcc/arm-altera-eabi/6.2.0/crtbegin.o
 .eh_frame      0x02040498        0x4 c:/intelfpga/18.0/embedded/host_tools/mentor/gnu/arm/baremetal/bin/../lib/gcc/arm-altera-eabi/6.2.0/crtend.o
 *(.eh_frame.*)
                [!provide]                PROVIDE (__exidx_start, .)

.ARM.exidx      0x0204049c        0x8
 *(.ARM.exidx* .gnu.linkonce.armexidx.*)
 .ARM.exidx     0x0204049c        0x8 c:/intelfpga/18.0/embedded/host_tools/mentor/gnu/arm/baremetal/bin/../lib/gcc/arm-altera-eabi/6.2.0\libgcc.a(_udivmoddi4.o)
                [!provide]                PROVIDE (__exidx_end, .)

.rel.dyn        0x020404a4        0x0
 .rel.iplt      0x020404a4        0x0 c:/intelfpga/18.0/embedded/host_tools/mentor/gnu/arm/baremetal/bin/../lib/gcc/arm-altera-eabi/6.2.0/crtbegin.o

.rodata         0x020404a8   0x16c650
 *(.rodata .rodata.* .gnu.linkonce.r.*)
 .rodata.main.str1.4
                0x020404a8       0x5f Main_mAbassi.o
 *fill*         0x02040507        0x1 
 .rodata        0x02040508        0xc MyApp_Web.o
 .rodata.DoInitLwIP.str1.4
                0x02040514       0xf7 MyApp_Web.o
 *fill*         0x0204060b        0x1 
 .rodata.Task_FPGA_Button.str1.4
                0x0204060c       0x45 MyApp_Web.o
 *fill*         0x02040651        0x3 
 .rodata.Task_HPS_Led.str1.4
                0x02040654       0x5d MyApp_Web.o
 *fill*         0x020406b1        0x3 
 .rodata.button_CallbackInterrupt.str1.4
                0x020406b4        0xc MyApp_Web.o
 .rodata.setup_hps_gpio.str1.4
                0x020406c0       0x2d MyApp_Web.o
 *fill*         0x020406ed        0x3 
 .rodata.spi_CallbackInterrupt.str1.4
                0x020406f0       0x2a MyApp_Web.o
 *fill*         0x0204071a        0x2 
 .rodata.DoInitFatFS.str1.4
                0x0204071c       0xc8 MyFatFS.o
 .rodata.DoProcessFatFS.str1.4
                0x020407e4       0x61 MyFatFS.o
 *fill*         0x02040845        0x3 
 .rodata.Fname.8694
                0x02040848        0x9 MyFatFS.o
 *fill*         0x02040851        0x3 
 .rodata.cmd_cat.str1.4
                0x02040854      0x155 MyFatFS.o
 *fill*         0x020409a9        0x3 
 .rodata.cmd_cd.str1.4
                0x020409ac       0x92 MyFatFS.o
 *fill*         0x02040a3e        0x2 
 .rodata.cmd_chmod.str1.4
                0x02040a40       0xeb MyFatFS.o
 *fill*         0x02040b2b        0x1 
 .rodata.cmd_cp.str1.4
                0x02040b2c       0xfd MyFatFS.o
 *fill*         0x02040c29        0x3 
 .rodata.cmd_du.str1.4
                0x02040c2c       0xf3 MyFatFS.o
 *fill*         0x02040d1f        0x1 
 .rodata.cmd_fmt.str1.4
                0x02040d20       0x70 MyFatFS.o
 .rodata.cmd_help.str1.4
                0x02040d90       0x93 MyFatFS.o
 *fill*         0x02040e23        0x1 
 .rodata.cmd_ls.str1.4
                0x02040e24       0x96 MyFatFS.o
 *fill*         0x02040eba        0x2 
 .rodata.cmd_mkdir.str1.4
                0x02040ebc       0x8e MyFatFS.o
 *fill*         0x02040f4a        0x2 
 .rodata.cmd_mnt.str1.4
                0x02040f4c       0xf2 MyFatFS.o
 *fill*         0x0204103e        0x2 
 .rodata.cmd_mv.str1.4
                0x02041040       0x79 MyFatFS.o
 *fill*         0x020410b9        0x3 
 .rodata.cmd_perf.str1.4
                0x020410bc      0x1de MyFatFS.o
 *fill*         0x0204129a        0x2 
 .rodata.cmd_pwd.str1.4
                0x0204129c       0xa7 MyFatFS.o
 *fill*         0x02041343        0x1 
 .rodata.cmd_rm.str1.4
                0x02041344       0xe0 MyFatFS.o
 .rodata.cmd_rmdir.str1.4
                0x02041424       0xd3 MyFatFS.o
 *fill*         0x020414f7        0x1 
 .rodata.cmd_umnt.str1.4
                0x020414f8       0x82 MyFatFS.o
 *fill*         0x0204157a        0x2 
 .rodata.str1.4
                0x0204157c       0x4e MyFatFS.o
                                 0x5a (size before relaxing)
 *fill*         0x020415ca        0x2 
 .rodata.ButtonUpdate.str1.4
                0x020415cc        0x5 CGI_SSI.o
 *fill*         0x020415d1        0x3 
 .rodata.CGIinit.str1.4
                0x020415d4        0xa CGI_SSI.o
 *fill*         0x020415de        0x2 
 .rodata.LEDS_CGI_Handler.str1.4
                0x020415e0       0x1c CGI_SSI.o
                                 0x1e (size before relaxing)
 .rodata.SSIinit.str1.4
                0x020415fc      0x22f CGI_SSI.o
                                0x233 (size before relaxing)
 *fill*         0x0204182b        0x1 
 .rodata.WebPageRTOS.str1.4
                0x0204182c       0xd7 CGI_SSI.o
 *fill*         0x02041903        0x1 
 .rodata.XL345update.str1.4
                0x02041904       0x27 CGI_SSI.o
 *fill*         0x0204192b        0x5 
 .rodata.g_SwitchState
                0x02041930        0x8 CGI_SSI.o
 .rodata.LwIP_DHCP_task.str1.4
                0x02041938       0x7c NetAddr.o
 .rodata.LwIP_Init.str1.4
                0x020419b4       0x3c NetAddr.o
 .rodata.NetAddr_Init.str1.4
                0x020419f0       0x3e NetAddr.o
                                 0x4e (size before relaxing)
 *fill*         0x02041a2e        0x2 
 .rodata.POSTprocess.str1.4
                0x02041a30       0x10 WebServer.o
 .rodata.SSIevalExpr.str1.4
                0x02041a40       0x22 WebServer.o
                                 0x2a (size before relaxing)
 *fill*         0x02041a62        0x2 
 .rodata.SSIexpand.str1.4
                0x02041a64       0xed WebServer.o
                                 0xf5 (size before relaxing)
 *fill*         0x02041b51        0x3 
 .rodata.SSIvarUpdate.str1.4
                0x02041b54       0x17 WebServer.o
 *fill*         0x02041b6b        0x1 
 .rodata.WebServerInit.str1.4
                0x02041b6c        0x9 WebServer.o
 *fill*         0x02041b75        0x3 
 .rodata.WebserverTask.str1.4
                0x02041b78      0x17b httpserver-netconn.o
                                0x183 (size before relaxing)
 *fill*         0x02041cf3        0x1 
 .rodata.g_MyVerbs
                0x02041cf4       0x48 httpserver-netconn.o
 .rodata.http_server_init.str1.4
                0x02041d3c        0xc httpserver-netconn.o
 .rodata.dma_init.str1.4
                0x02041d48        0x4 arm_pl330.o
 *fill*         0x02041d4c        0x4 
 .rodata.g_DmaNames
                0x02041d50        0x5 arm_pl330.o
 *fill*         0x02041d55        0x3 
 .rodata.g_SemNames
                0x02041d58       0x38 arm_pl330.o
 .rodata.G_EMACaddr
                0x02041d90        0x8 dw_ethernet.o
                0x02041d90                G_EMACaddr
 .rodata.G_EMACreMap
                0x02041d98        0x8 dw_ethernet.o
                0x02041d98                G_EMACreMap
 .rodata.g_Skews
                0x02041da0       0x90 dw_ethernet.o
 .rodata.g_DevReMap
                0x02041e30       0x10 dw_i2c.o
 .rodata.g_HWaddr
                0x02041e40       0x10 dw_i2c.o
 .rodata.g_MuxIO
                0x02041e50       0xc0 dw_i2c.o
 .rodata.g_Names
                0x02041f10       0x40 dw_i2c.o
 .rodata.BSecho.7397
                0x02041f50        0x2 dw_uart.o
 *fill*         0x02041f52        0x6 
 .rodata.g_DevReMap
                0x02041f58        0x8 dw_uart.o
 .rodata.g_HWaddr
                0x02041f60        0x8 dw_uart.o
 .rodata.g_Names
                0x02041f68       0x40 dw_uart.o
 .rodata.SDprepData.isra.1.constprop.6.str1.4
                0x02041fa8       0x9e dw_sdmmc.o
 *fill*         0x02042046        0x2 
 .rodata.g_FreqBase
                0x02042048       0x10 dw_sdmmc.o
 .rodata.g_Names
                0x02042058        0x8 dw_sdmmc.o
 .rodata.g_SpeedMult
                0x02042060       0x40 dw_sdmmc.o
 .rodata.mmc_init.str1.4
                0x020420a0      0x53e dw_sdmmc.o
 *fill*         0x020425de        0x2 
 .rodata.mmc_sendcmd.constprop.3.str1.4
                0x020425e0       0x8f dw_sdmmc.o
 *fill*         0x0204266f        0x1 
 .rodata.mmc_sendcmd.constprop.5.str1.4
                0x02042670      0x159 dw_sdmmc.o
 *fill*         0x020427c9        0x3 
 .rodata.mmc_sendstatus.str1.4
                0x020427cc       0x67 dw_sdmmc.o
 *fill*         0x02042833        0x1 
 .rodata.ethbroadcast
                0x02042834        0x6 etharp.o
                0x02042834                ethbroadcast
 *fill*         0x0204283a        0x2 
 .rodata.ethzero
                0x0204283c        0x6 etharp.o
                0x0204283c                ethzero
 *fill*         0x02042842        0x6 
 .rodata.g_EthName
                0x02042848       0x1e ethernetif.o
 *fill*         0x02042866        0x2 
 .rodata.g_RXsemName
                0x02042868       0x2d ethernetif.o
 *fill*         0x02042895        0x3 
 .rodata.g_TXsemName
                0x02042898       0x2d ethernetif.o
 *fill*         0x020428c5        0x3 
 .rodata.ip_addr_any
                0x020428c8        0x4 ip_addr.o
                0x020428c8                ip_addr_any
 .rodata.ip_addr_broadcast
                0x020428cc        0x4 ip_addr.o
                0x020428cc                ip_addr_broadcast
 .rodata.memp_num
                0x020428d0       0x1e memp.o
 *fill*         0x020428ee        0x2 
 .rodata.memp_sizes
                0x020428f0       0x1e memp.o
 *fill*         0x0204290e        0x2 
 .rodata.g_Names
                0x02042910       0x80 sys_arch.o
 .rodata.tcp_backoff
                0x02042990        0xd tcp.o
                0x02042990                tcp_backoff
 *fill*         0x0204299d        0x3 
 .rodata.tcp_pcb_lists
                0x020429a0       0x10 tcp.o
                0x020429a0                tcp_pcb_lists
 .rodata.tcp_persist_backoff
                0x020429b0        0x7 tcp.o
                0x020429b0                tcp_persist_backoff
 *fill*         0x020429b7        0x1 
 .rodata.tcpip_init.str1.4
                0x020429b8        0xd tcpip.o
 *fill*         0x020429c5        0x3 
 .rodata.g_Names
                0x020429c8       0x10 Abassi_FatFS.o
 .rodata.disk_status.str1.4
                0x020429d8        0x6 Media_FatFS.o
 *fill*         0x020429de        0x2 
 .rodata.MEDIAinfo.str1.4
                0x020429e0       0x14 MediaIF.o
 *fill*         0x020429f4        0x4 
 .rodata.ExCvt  0x020429f8       0x80 ff.o
 .rodata.LfnOfs
                0x02042a78        0xd ff.o
 *fill*         0x02042a85        0x3 
 .rodata.f_mkfs.str1.4
                0x02042a88       0x34 ff.o
 .rodata.follow_path.str1.4
                0x02042abc       0x13 ff.o
 *fill*         0x02042acf        0x1 
 .rodata.cvt1.7579
                0x02042ad0      0x1f2 ffunicode.o
 *fill*         0x02042cc2        0x6 
 .rodata.cvt2.7580
                0x02042cc8       0xbc ffunicode.o
 *fill*         0x02042d84        0x4 
 .rodata.uc437  0x02042d88      0x100 ffunicode.o
 .rodata.data_404_html
                0x02042e88      0x1d1 fs.o
 *fill*         0x02043059        0x7 
 .rodata.data_Buttons_shtml
                0x02043060     0x1a63 fs.o
 *fill*         0x02044ac3        0x5 
 .rodata.data_I2C_shtml
                0x02044ac8     0x1a83 fs.o
 *fill*         0x0204654b        0x5 
 .rodata.data_I2Cstatus_shtml
                0x02046550     0x2727 fs.o
 *fill*         0x02048c77        0x1 
 .rodata.data_LCD_shtml
                0x02048c78     0x160a fs.o
 *fill*         0x0204a282        0x6 
 .rodata.data_LED_shtml
                0x0204a288     0x1648 fs.o
 .rodata.data_RTC_shtml
                0x0204b8d0     0x1238 fs.o
 .rodata.data_Switches_shtml
                0x0204cb08     0x1a48 fs.o
 .rodata.data_TaskList_shtml
                0x0204e550     0x1204 fs.o
 *fill*         0x0204f754        0x4 
 .rodata.data_default_shtml
                0x0204f758     0x38d8 fs.o
 .rodata.data_favicon_ico
                0x02053030      0x4ef fs.o
 *fill*         0x0205351f        0x1 
 .rodata.data_fsdata_c
                0x02053520   0x153180 fs.o
 .rodata.data_images_SW0_png
                0x021a66a0      0x15f fs.o
 *fill*         0x021a67ff        0x1 
 .rodata.data_images_SW1_png
                0x021a6800      0x161 fs.o
 *fill*         0x021a6961        0x7 
 .rodata.data_images_logo_png
                0x021a6968     0x5c60 fs.o
 .rodata.file_404_html
                0x021ac5c8       0x14 fs.o
                0x021ac5c8                file_404_html
 .rodata.file_Buttons_shtml
                0x021ac5dc       0x14 fs.o
                0x021ac5dc                file_Buttons_shtml
 .rodata.file_I2C_shtml
                0x021ac5f0       0x14 fs.o
                0x021ac5f0                file_I2C_shtml
 .rodata.file_I2Cstatus_shtml
                0x021ac604       0x14 fs.o
                0x021ac604                file_I2Cstatus_shtml
 .rodata.file_LCD_shtml
                0x021ac618       0x14 fs.o
                0x021ac618                file_LCD_shtml
 .rodata.file_LED_shtml
                0x021ac62c       0x14 fs.o
                0x021ac62c                file_LED_shtml
 .rodata.file_RTC_shtml
                0x021ac640       0x14 fs.o
                0x021ac640                file_RTC_shtml
 .rodata.file_Switches_shtml
                0x021ac654       0x14 fs.o
                0x021ac654                file_Switches_shtml
 .rodata.file_TaskList_shtml
                0x021ac668       0x14 fs.o
                0x021ac668                file_TaskList_shtml
 .rodata.file_default_shtml
                0x021ac67c       0x14 fs.o
                0x021ac67c                file_default_shtml
 .rodata.file_favicon_ico
                0x021ac690       0x14 fs.o
                0x021ac690                file_favicon_ico
 .rodata.file_fsdata_c
                0x021ac6a4       0x14 fs.o
                0x021ac6a4                file_fsdata_c
 .rodata.file_images_SW0_png
                0x021ac6b8       0x14 fs.o
                0x021ac6b8                file_images_SW0_png
 .rodata.file_images_SW1_png
                0x021ac6cc       0x14 fs.o
                0x021ac6cc                file_images_SW1_png
 .rodata.file_images_logo_png
                0x021ac6e0       0x14 fs.o
                0x021ac6e0                file_images_logo_png
 .rodata.G_ABORTstackSize
                0x021ac6f4        0x4 mAbassiCfgA9.o
                0x021ac6f4                G_ABORTstackSize
 .rodata.G_FIQstackSize
                0x021ac6f8        0x4 mAbassiCfgA9.o
                0x021ac6f8                G_FIQstackSize
 .rodata.G_IRQstackSize
                0x021ac6fc        0x4 mAbassiCfgA9.o
                0x021ac6fc                G_IRQstackSize
 .rodata.G_MMUnonCachedTbl
                0x021ac700        0xc mAbassiCfgA9.o
                0x021ac700                G_MMUnonCachedTbl
 *fill*         0x021ac70c        0x4 
 .rodata.G_MMUnonCprivTbl
                0x021ac710       0x10 mAbassiCfgA9.o
                0x021ac710                G_MMUnonCprivTbl
 .rodata.G_MMUprivateTbl
                0x021ac720       0x10 mAbassiCfgA9.o
                0x021ac720                G_MMUprivateTbl
 .rodata.G_MMUsharedTbl
                0x021ac730        0xc mAbassiCfgA9.o
                0x021ac730                G_MMUsharedTbl
 .rodata.G_SUPERstackSize
                0x021ac73c        0x4 mAbassiCfgA9.o
                0x021ac73c                G_SUPERstackSize
 .rodata.G_UNDEFstackSize
                0x021ac740        0x4 mAbassiCfgA9.o
                0x021ac740                G_UNDEFstackSize
 *fill*         0x021ac744        0x4 