Archive member included to satisfy reference by file (symbol)

../../mAbassi/Platform/lib\lib_mAbassi_EVAL_GCC_AR5_CY5.a(mAbassi_EVAL_A9_GCC_2_NR.o)
                              Main_mAbassi.o (Abassi)
../../mAbassi/Platform/lib\lib_mAbassi_EVAL_GCC_AR5_CY5.a(mAbassi_EVAL_GCC_AR5_CY5_NR.o)
                              (_vector_table)
../../mAbassi/Platform/lib\lib_mAbassi_EVAL_GCC_AR5_CY5.a(ARMv7_SMP_L1_L2_GCC_AR5_CY5.o)
                              ../../mAbassi/Platform/lib\lib_mAbassi_EVAL_GCC_AR5_CY5.a(mAbassi_EVAL_GCC_AR5_CY5_NR.o) (COREcacheON)
c:/intelfpga/18.0/embedded/host_tools/mentor/gnu/arm/baremetal/bin/../lib/gcc/arm-altera-eabi/6.2.0/../../../../arm-altera-eabi/lib\libcs3.a(start_c.o)
                              (__cs3_start_c)
c:/intelfpga/18.0/embedded/host_tools/mentor/gnu/arm/baremetal/bin/../lib/gcc/arm-altera-eabi/6.2.0/../../../../arm-altera-eabi/lib\libcs3unhosted.a(unhosted-start.o)
                              ../../mAbassi/Platform/lib\lib_mAbassi_EVAL_GCC_AR5_CY5.a(mAbassi_EVAL_GCC_AR5_CY5_NR.o) (_start)
c:/intelfpga/18.0/embedded/host_tools/mentor/gnu/arm/baremetal/bin/../lib/gcc/arm-altera-eabi/6.2.0\libgcc.a(_udivsi3.o)
                              MyApp_MTL2.o (__aeabi_uidiv)
c:/intelfpga/18.0/embedded/host_tools/mentor/gnu/arm/baremetal/bin/../lib/gcc/arm-altera-eabi/6.2.0\libgcc.a(_divsi3.o)
                              arm_pl330.o (__aeabi_idiv)
c:/intelfpga/18.0/embedded/host_tools/mentor/gnu/arm/baremetal/bin/../lib/gcc/arm-altera-eabi/6.2.0\libgcc.a(_dvmd_tls.o)
                              c:/intelfpga/18.0/embedded/host_tools/mentor/gnu/arm/baremetal/bin/../lib/gcc/arm-altera-eabi/6.2.0\libgcc.a(_udivsi3.o) (__aeabi_idiv0)
c:/intelfpga/18.0/embedded/host_tools/mentor/gnu/arm/baremetal/bin/../lib/gcc/arm-altera-eabi/6.2.0\libgcc.a(_aeabi_ldivmod.o)
                              Media_FatFS.o (__aeabi_ldivmod)
c:/intelfpga/18.0/embedded/host_tools/mentor/gnu/arm/baremetal/bin/../lib/gcc/arm-altera-eabi/6.2.0\libgcc.a(_aeabi_uldivmod.o)
                              alt_clock_manager.o (__aeabi_uldivmod)
c:/intelfpga/18.0/embedded/host_tools/mentor/gnu/arm/baremetal/bin/../lib/gcc/arm-altera-eabi/6.2.0\libgcc.a(_udivmoddi4.o)
                              c:/intelfpga/18.0/embedded/host_tools/mentor/gnu/arm/baremetal/bin/../lib/gcc/arm-altera-eabi/6.2.0\libgcc.a(_aeabi_ldivmod.o) (__udivmoddi4)
c:/intelfpga/18.0/embedded/host_tools/mentor/gnu/arm/baremetal/bin/../lib/gcc/arm-altera-eabi/6.2.0\libgcc.a(_clzdi2.o)
                              c:/intelfpga/18.0/embedded/host_tools/mentor/gnu/arm/baremetal/bin/../lib/gcc/arm-altera-eabi/6.2.0\libgcc.a(_udivmoddi4.o) (__clzdi2)
c:/intelfpga/18.0/embedded/host_tools/mentor/gnu/arm/baremetal/bin/../lib/gcc/arm-altera-eabi/6.2.0\libgcc.a(_clzsi2.o)
                              c:/intelfpga/18.0/embedded/host_tools/mentor/gnu/arm/baremetal/bin/../lib/gcc/arm-altera-eabi/6.2.0\libgcc.a(_clzdi2.o) (__clzsi2)
c:/intelfpga/18.0/embedded/host_tools/mentor/gnu/arm/baremetal/bin/../lib/gcc/arm-altera-eabi/6.2.0/../../../../arm-altera-eabi/lib\libc.a(lib_a-calloc.o)
                              queue.o (calloc)
c:/intelfpga/18.0/embedded/host_tools/mentor/gnu/arm/baremetal/bin/../lib/gcc/arm-altera-eabi/6.2.0/../../../../arm-altera-eabi/lib\libc.a(lib_a-callocr.o)
                              c:/intelfpga/18.0/embedded/host_tools/mentor/gnu/arm/baremetal/bin/../lib/gcc/arm-altera-eabi/6.2.0/../../../../arm-altera-eabi/lib\libc.a(lib_a-calloc.o) (_calloc_r)
c:/intelfpga/18.0/embedded/host_tools/mentor/gnu/arm/baremetal/bin/../lib/gcc/arm-altera-eabi/6.2.0/../../../../arm-altera-eabi/lib\libc.a(lib_a-errno.o)
                              SysCall_CY5.o (__errno)
c:/intelfpga/18.0/embedded/host_tools/mentor/gnu/arm/baremetal/bin/../lib/gcc/arm-altera-eabi/6.2.0/../../../../arm-altera-eabi/lib\libc.a(lib_a-getreent.o)
                              Main_mAbassi.o (__getreent)
c:/intelfpga/18.0/embedded/host_tools/mentor/gnu/arm/baremetal/bin/../lib/gcc/arm-altera-eabi/6.2.0/../../../../arm-altera-eabi/lib\libc.a(lib_a-gets.o)
                              MyFatFS.o (gets)
c:/intelfpga/18.0/embedded/host_tools/mentor/gnu/arm/baremetal/bin/../lib/gcc/arm-altera-eabi/6.2.0/../../../../arm-altera-eabi/lib\libc.a(lib_a-impure.o)
                              SysCall_noFS.o (_impure_ptr)
c:/intelfpga/18.0/embedded/host_tools/mentor/gnu/arm/baremetal/bin/../lib/gcc/arm-altera-eabi/6.2.0/../../../../arm-altera-eabi/lib\libc.a(lib_a-init.o)
                              c:/intelfpga/18.0/embedded/host_tools/mentor/gnu/arm/baremetal/bin/../lib/gcc/arm-altera-eabi/6.2.0/../../../../arm-altera-eabi/lib\libcs3.a(start_c.o) (__libc_init_array)
c:/intelfpga/18.0/embedded/host_tools/mentor/gnu/arm/baremetal/bin/../lib/gcc/arm-altera-eabi/6.2.0/../../../../arm-altera-eabi/lib\libc.a(lib_a-malloc.o)
                              MyFatFS.o (malloc)
[...]
Memory Configuration

Name             Origin             Length             Attributes
ram              0x00100040         0x3fefffc0         xrw
uram             0xffff0000         0x00010000         xrw
*default*        0x00000000         0xffffffff

Linker script and memory map

LOAD c:/intelfpga/18.0/embedded/host_tools/mentor/gnu/arm/baremetal/bin/../lib/gcc/arm-altera-eabi/6.2.0/crti.o
LOAD c:/intelfpga/18.0/embedded/host_tools/mentor/gnu/arm/baremetal/bin/../lib/gcc/arm-altera-eabi/6.2.0/crtbegin.o
LOAD Main_mAbassi.o
LOAD MyApp_MTL2.o
LOAD MyFatFS.o
LOAD SysCall_noFS.o
LOAD TIMERinit.o
LOAD arm_acp.o
LOAD arm_pl330.o
LOAD alt_gpio.o
LOAD dw_i2c.o
LOAD dw_sdmmc.o
LOAD dw_uart.o
LOAD tahomabold_20.o
LOAD tahomabold_32.o
LOAD geometry.o
LOAD gesture.o
LOAD gui_vpg.o
LOAD gui.o
LOAD vip_fr.o
LOAD simple_graphics.o
LOAD simple_text.o
LOAD debug.o
LOAD I2C_core.o
LOAD I2C.o
LOAD multi_touch2.o
LOAD queue.o
LOAD alt_generalpurpose_io.o
LOAD alt_globaltmr.o
LOAD alt_clock_manager.o
LOAD Abassi_FatFS.o
LOAD Media_FatFS.o
LOAD MediaIF.o
LOAD SysCall_CY5.o
LOAD ff.o
LOAD ffunicode.o
LOAD mAbassiCfgA9.o
LOAD ../../mAbassi/Platform/lib\lib_mAbassi_EVAL_GCC_AR5_CY5.a
LOAD c:/intelfpga/18.0/embedded/host_tools/mentor/gnu/arm/baremetal/bin/../lib/gcc/arm-altera-eabi/6.2.0/../../../../arm-altera-eabi/lib\libcs3.a
LOAD c:/intelfpga/18.0/embedded/host_tools/mentor/gnu/arm/baremetal/bin/../lib/gcc/arm-altera-eabi/6.2.0/../../../../arm-altera-eabi/lib\libcs3unhosted.a
LOAD c:/intelfpga/18.0/embedded/host_tools/mentor/gnu/arm/baremetal/bin/../lib/gcc/arm-altera-eabi/6.2.0/../../../../arm-altera-eabi/lib\libcs3arm.a
LOAD c:/intelfpga/18.0/embedded/host_tools/mentor/gnu/arm/baremetal/bin/../lib/gcc/arm-altera-eabi/6.2.0\libgcc.a
LOAD c:/intelfpga/18.0/embedded/host_tools/mentor/gnu/arm/baremetal/bin/../lib/gcc/arm-altera-eabi/6.2.0/../../../../arm-altera-eabi/lib\libc.a
LOAD c:/intelfpga/18.0/embedded/host_tools/mentor/gnu/arm/baremetal/bin/../lib/gcc/arm-altera-eabi/6.2.0/../../../../arm-altera-eabi/lib\libstdc++.a
LOAD c:/intelfpga/18.0/embedded/host_tools/mentor/gnu/arm/baremetal/bin/../lib/gcc/arm-altera-eabi/6.2.0/../../../../arm-altera-eabi/lib\libm.a
START GROUP
LOAD c:/intelfpga/18.0/embedded/host_tools/mentor/gnu/arm/baremetal/bin/../lib/gcc/arm-altera-eabi/6.2.0\libgcc.a
LOAD c:/intelfpga/18.0/embedded/host_tools/mentor/gnu/arm/baremetal/bin/../lib/gcc/arm-altera-eabi/6.2.0/../../../../arm-altera-eabi/lib\libc.a
END GROUP
LOAD c:/intelfpga/18.0/embedded/host_tools/mentor/gnu/arm/baremetal/bin/../lib/gcc/arm-altera-eabi/6.2.0/crtend.o
LOAD c:/intelfpga/18.0/embedded/host_tools/mentor/gnu/arm/baremetal/bin/../lib/gcc/arm-altera-eabi/6.2.0/crtn.o
                0x00002000                _STACK_SIZE = DEFINED (_STACK_SIZE)?_STACK_SIZE:0x2000
                0x10000000                _MDRV_SIZE = DEFINED (_MDRV_SIZE)?_MDRV_SIZE:0x10000000
                0x00000800                _SUPERVISOR_STACK_SIZE = DEFINED (_SUPERVISOR_STACK_SIZE)?_SUPERVISOR_STACK_SIZE:0x800
                0x00000800                _ABORT_STACK_SIZE = DEFINED (_ABORT_STACK_SIZE)?_ABORT_STACK_SIZE:0x800
                0x00000800                _FIQ_STACK_SIZE = DEFINED (_FIQ_STACK_SIZE)?_FIQ_STACK_SIZE:0x800
                0x00002000                _IRQ_STACK_SIZE = DEFINED (_IRQ_STACK_SIZE)?_IRQ_STACK_SIZE:0x2000
                0x00000800                _UNDEF_STACK_SIZE = DEFINED (_UNDEF_STACK_SIZE)?_UNDEF_STACK_SIZE:0x800
                0x00000001                PROVIDE (__cs3_region_num, ((__cs3_regions_end - __cs3_regions) / 0x14))
                0x00179164                __libc_fini = _fini

.text           0x00100040    0x2ad2c
 CREATE_OBJECT_SYMBOLS
                0x00100040                __cs3_region_start_ram = .
                0x00100040                _ftext = .
 *(.cs3.region-head.ram)
                0x00000001                ASSERT ((. == __cs3_region_start_ram), .cs3.region-head.ram not permitted)
                0x00100040                __cs3_interrupt_vector = __cs3_interrupt_vector_arm
 *(.cs3.interrupt_vector)
 .cs3.interrupt_vector
                0x00100040       0x3c ../../mAbassi/Platform/lib\lib_mAbassi_EVAL_GCC_AR5_CY5.a(mAbassi_EVAL_GCC_AR5_CY5_NR.o)
                0x00100040                Vectors
                0x00100040                __cs3_interrupt_vector_arm
                0x00100040                _vector_table
 *(.vectors)
                0x0011e79c                PROVIDE (__cs3_reset, __cs3_reset_generic)
 *(.cs3.reset)
                [0x00100110]                _start = DEFINED (__cs3_start_asm)?__cs3_start_asm:_start
 *(.text.cs3.init)
 .text.cs3.init
                0x0010007c       0x94 c:/intelfpga/18.0/embedded/host_tools/mentor/gnu/arm/baremetal/bin/../lib/gcc/arm-altera-eabi/6.2.0/../../../../arm-altera-eabi/lib\libcs3.a(start_c.o)
                0x0010007c                __cs3_start_c
 .text.cs3.init
                0x00100110        0xc c:/intelfpga/18.0/embedded/host_tools/mentor/gnu/arm/baremetal/bin/../lib/gcc/arm-altera-eabi/6.2.0/../../../../arm-altera-eabi/lib\libcs3unhosted.a(unhosted-start.o)
 *(.text .text.* .gnu.linkonce.t.*)
 .text          0x0010011c      0x108 c:/intelfpga/18.0/embedded/host_tools/mentor/gnu/arm/baremetal/bin/../lib/gcc/arm-altera-eabi/6.2.0/crtbegin.o
 .text.startup.main
                0x00100224      0x338 Main_mAbassi.o
                0x00100224                main
 .text.TIMcallBack
                0x0010055c        0x4 Main_mAbassi.o
                0x0010055c                TIMcallBack
 .text.spi_CallbackInterrupt
                0x00100560       0x58 MyApp_MTL2.o
                0x00100560                spi_CallbackInterrupt
 .text.mtc2_CallbackInterrupt
                0x001005b8       0x3c MyApp_MTL2.o
                0x001005b8                mtc2_CallbackInterrupt
 .text.button_CallbackInterrupt
                0x001005f4       0x78 MyApp_MTL2.o
                0x001005f4                button_CallbackInterrupt
 .text.Task_MTL2
                0x0010066c      0x164 MyApp_MTL2.o
                0x0010066c                Task_MTL2
 .text.delay_us
                0x001007d0       0x90 MyApp_MTL2.o
                0x001007d0                delay_us
 .text.Task_DisplayFile
                0x00100860      0x218 MyApp_MTL2.o
                0x00100860                Task_DisplayFile
 .text.Task_FatFS
                0x00100a78       0x28 MyApp_MTL2.o
                0x00100a78                Task_FatFS
 .text.Task_FPGA_Led
                0x00100aa0       0x48 MyApp_MTL2.o
                0x00100aa0                Task_FPGA_Led
 .text.Task_FPGA_Button
                0x00100ae8       0xb8 MyApp_MTL2.o
                0x00100ae8                Task_FPGA_Button
 .text.setup_Interrupt
                0x00100ba0       0x8c MyApp_MTL2.o
                0x00100ba0                setup_Interrupt
 .text.setup_hps_gpio
                0x00100c2c       0x78 MyApp_MTL2.o
                0x00100c2c                setup_hps_gpio
 .text.Task_HPS_Led
                0x00100ca4      0x130 MyApp_MTL2.o
                0x00100ca4                Task_HPS_Led
 .text.cmd_pwd  0x00100dd4       0x84 MyFatFS.o
                0x00100dd4                cmd_pwd
 .text.cmd_cp   0x00100e58      0x1e0 MyFatFS.o
                0x00100e58                cmd_cp
 .text.cmd_cd   0x00101038       0x64 MyFatFS.o
                0x00101038                cmd_cd
 .text.cmd_chmod
                0x0010109c       0xd8 MyFatFS.o
                0x0010109c                cmd_chmod
 .text.cmd_du   0x00101174      0x350 MyFatFS.o
                0x00101174                cmd_du
 .text.cmd_fmt  0x001014c4       0xa0 MyFatFS.o
                0x001014c4                cmd_fmt
 .text.cmd_mkdir
                0x00101564       0x64 MyFatFS.o
                0x00101564                cmd_mkdir
 .text.cmd_mnt  0x001015c8      0x14c MyFatFS.o
                0x001015c8                cmd_mnt
 .text.cmd_mv   0x00101714       0xc4 MyFatFS.o
                0x00101714                cmd_mv
 .text.cmd_rm   0x001017d8       0xec MyFatFS.o
                0x001017d8                cmd_rm
 .text.cmd_rmdir
                0x001018c4       0xec MyFatFS.o
                0x001018c4                cmd_rmdir
 .text.cmd_perf
                0x001019b0      0x468 MyFatFS.o
                0x001019b0                cmd_perf
 .text.cmd_umnt
                0x00101e18       0xdc MyFatFS.o
                0x00101e18                cmd_umnt
 .text.cmd_help
                0x00101ef4      0x2e4 MyFatFS.o
                0x00101ef4                cmd_help
 .text.cmd_cat  0x001021d8      0x374 MyFatFS.o
                0x001021d8                cmd_cat
 .text.cmd_ls   0x0010254c      0x268 MyFatFS.o
                0x0010254c                cmd_ls
 .text.DoProcessFatFS
                0x001027b4      0x47c MyFatFS.o
                0x001027b4                DoProcessFatFS
 .text.SysCallInit
                0x00102c30        0x4 SysCall_noFS.o
                0x00102c30                SysCallInit
 .text._open_r  0x00102c34       0x10 SysCall_noFS.o
                0x00102c34                _open_r
 .text._close_r
                0x00102c44       0x10 SysCall_noFS.o
                0x00102c44                _close_r
 .text._read_r  0x00102c54       0x88 SysCall_noFS.o
                0x00102c54                _read_r
 .text._write_r
                0x00102cdc       0x88 SysCall_noFS.o
                0x00102cdc                _write_r
 .text._lseek_r
                0x00102d64       0x10 SysCall_noFS.o
                0x00102d64                _lseek_r
 .text._fstat_r
                0x00102d74       0x10 SysCall_noFS.o
                0x00102d74                _fstat_r
 .text._isatty_r
                0x00102d84       0x10 SysCall_noFS.o
                0x00102d84                _isatty_r
 .text.TIMERinit
                0x00102d94       0x28 TIMERinit.o
                0x00102d94                TIMERinit
 *fill*         0x00102dbc        0x4 
 .text.dma_init
                0x00102dc0      0x340 arm_pl330.o
                0x00102dc0                dma_init
 .text.DMAintHndl_0
                0x00103100      0x140 arm_pl330.o
                0x00103100                DMAintHndl_0
 .text.DMAintHndl_1
                0x00103240      0x148 arm_pl330.o
                0x00103240                DMAintHndl_1
 .text.DMAintHndl_2
                0x00103388      0x148 arm_pl330.o
                0x00103388                DMAintHndl_2
 .text.DMAintHndl_3
                0x001034d0      0x14c arm_pl330.o
                0x001034d0                DMAintHndl_3
 .text.DMAintHndl_4
                0x0010361c      0x148 arm_pl330.o
                0x0010361c                DMAintHndl_4
 .text.DMAintHndl_5
                0x00103764      0x14c arm_pl330.o
                0x00103764                DMAintHndl_5
 .text.DMAintHndl_6
                0x001038b0      0x148 arm_pl330.o
                0x001038b0                DMAintHndl_6
 .text.DMAintHndl_7
                0x001039f8      0x14c arm_pl330.o
                0x001039f8                DMAintHndl_7
 .text.mmc_sendcmd.constprop.5
                0x00103b44      0x38c dw_sdmmc.o
 .text.SDprepData.isra.1.constprop.6
                0x00103ed0      0x16c dw_sdmmc.o
 .text.mmc_sendcmd.constprop.3
                0x0010403c      0x434 dw_sdmmc.o
 .text.mmc_sendcmd.constprop.2
                0x00104470      0x434 dw_sdmmc.o
 .text.mmc_sendstatus
                0x001048a4      0x2cc dw_sdmmc.o
                0x001048a4                mmc_sendstatus
 .text.mmc_read
                0x00104b70      0x354 dw_sdmmc.o
                0x00104b70                mmc_read
 .text.mmc_write
                0x00104ec4      0x3d0 dw_sdmmc.o
                0x00104ec4                mmc_write
 *fill*         0x00105294        0x4 
 .text.mmc_init
                0x00105298     0x123c dw_sdmmc.o
                0x00105298                mmc_init
 .text.mmc_blklen
                0x001064d4       0x10 dw_sdmmc.o
                0x001064d4                mmc_blklen
 .text.mmc_capacity
                0x001064e4       0x10 dw_sdmmc.o
                0x001064e4                mmc_capacity
 .text.MMCintHndl_0
                0x001064f4       0xa8 dw_sdmmc.o
                0x001064f4                MMCintHndl_0
 .text.uart_send
                0x0010659c      0x8a8 dw_uart.o
                0x0010659c                uart_send
 .text.uart_recv
                0x00106e44      0x794 dw_uart.o
                0x00106e44                uart_recv
 .text.uart_init
                0x001075d8      0x3f4 dw_uart.o
                0x001075d8                uart_init
 .text.UARTintHndl_0
                0x001079cc      0x1a0 dw_uart.o
                0x001079cc                UARTintHndl_0
 .text.UARTintHndl_1
                0x00107b6c      0x1a0 dw_uart.o
                0x00107b6c                UARTintHndl_1
 .text.IsPtInRect
                0x00107d0c       0x48 geometry.o
                0x00107d0c                IsPtInRect
 .text.PtSet    0x00107d54        0x8 geometry.o
                0x00107d54                PtSet
 .text.RectSet  0x00107d5c        0xc geometry.o
                0x00107d5c                RectSet
 .text.RectInflate
                0x00107d68       0x34 geometry.o
                0x00107d68                RectInflate
 .text.RectOffset
                0x00107d9c       0x34 geometry.o
                0x00107d9c                RectOffset
 .text.RectCopy
                0x00107dd0       0x28 geometry.o
                0x00107dd0                RectCopy
 .text.RectHeight
                0x00107df8       0x10 geometry.o
                0x00107df8                RectHeight
 .text.GUI_DeskDraw
                0x00107e08      0x318 gui.o
                0x00107e08                GUI_DeskDraw
 .text.GUI      0x00108120      0xce4 gui.o
                0x00108120                GUI
 .text.VIPFR_Init
                0x00108e04       0x98 vip_fr.o
                0x00108e04                VIPFR_Init
 .text.VIPFR_Go
                0x00108e9c        0xc vip_fr.o
                0x00108e9c                VIPFR_Go
 .text.VIPFR_GetDrawFrame
                0x00108ea8       0x1c vip_fr.o
                0x00108ea8                VIPFR_GetDrawFrame
 .text.VIPFR_ActiveDrawFrame
                0x00108ec4       0x1c vip_fr.o
                0x00108ec4                VIPFR_ActiveDrawFrame
 .text.vid_set_pixel
                0x00108ee0       0xa8 simple_graphics.o
                0x00108ee0                vid_set_pixel
 .text.vid_paint_block
                0x00108f88      0x5a4 simple_graphics.o
                0x00108f88                vid_paint_block
 .text.vid_clean_screen
                0x0010952c       0x30 simple_graphics.o
                0x0010952c                vid_clean_screen
 .text.vid_draw_horiz_line
                0x0010955c      0x5d0 simple_graphics.o
                0x0010955c                vid_draw_horiz_line
 .text.vid_draw_sloped_line
                0x00109b2c      0x2d8 simple_graphics.o
                0x00109b2c                vid_draw_sloped_line
 .text.vid_draw_box
                0x00109e04      0x128 simple_graphics.o
                0x00109e04                vid_draw_box
 .text.vid_round_corner_points.constprop.1
                0x00109f2c      0x5b8 simple_graphics.o
 .text.vid_draw_circle
                0x0010a4e4      0xf10 simple_graphics.o
                0x0010a4e4                vid_draw_circle
 .text.read_from_frame
                0x0010b3f4      0x10c simple_text.o
                0x0010b3f4                read_from_frame
 .text.vid_print_char_alpha
                0x0010b500      0x330 simple_text.o
                0x0010b500                vid_print_char_alpha
 .text.vid_print_string_alpha
                0x0010b830      0x118 simple_text.o
                0x0010b830                vid_print_string_alpha
 .text.oc_i2c_init
                0x0010b948       0x68 I2C_core.o
                0x0010b948                oc_i2c_init
 .text.OC_I2C_Read
                0x0010b9b0      0x1c0 I2C_core.o
                0x0010b9b0                OC_I2C_Read
 .text.mtc2_QueryData
                0x0010bb70      0x1fc multi_touch2.o
                0x0010bb70                mtc2_QueryData
 .text.MTC2_Init
                0x0010bd6c       0x3c multi_touch2.o
                0x0010bd6c                MTC2_Init
 .text.MTC2_GetStatus
                0x0010bda8       0xc0 multi_touch2.o
                0x0010bda8                MTC2_GetStatus
 .text.MTC2_ClearEvent
                0x0010be68        0x8 multi_touch2.o
                0x0010be68                MTC2_ClearEvent
 .text.QUEUE_New
                0x0010be70       0x20 queue.o
                0x0010be70                QUEUE_New
 .text.QUEUE_IsEmpty
                0x0010be90       0x18 queue.o
                0x0010be90                QUEUE_IsEmpty
 .text.QUEUE_IsFull
                0x0010bea8       0x2c queue.o
                0x0010bea8                QUEUE_IsFull
 .text.QUEUE_Push
                0x0010bed4       0x38 queue.o
                0x0010bed4                QUEUE_Push
 .text.QUEUE_Pop
                0x0010bf0c       0x38 queue.o
                0x0010bf0c                QUEUE_Pop
 .text.QUEUE_Empty
                0x0010bf44       0x10 queue.o
                0x0010bf44                QUEUE_Empty
 .text.alt_gpio_init
                0x0010bf54       0x28 alt_generalpurpose_io.o
                0x0010bf54                alt_gpio_init
 .text.alt_gpio_port_data_write
                0x0010bf7c       0x70 alt_generalpurpose_io.o
                0x0010bf7c                alt_gpio_port_data_write
 .text.alt_gpio_group_config
                0x0010bfec      0x41c alt_generalpurpose_io.o
                0x0010bfec                alt_gpio_group_config
 .text.alt_gpio_bit_to_pid
                0x0010c408       0x30 alt_generalpurpose_io.o
                0x0010c408                alt_gpio_bit_to_pid
 .text.alt_gpio_bit_to_port_pin
                0x0010c438       0x30 alt_generalpurpose_io.o
                0x0010c438                alt_gpio_bit_to_port_pin
 .text.alt_globaltmr_init
                0x0010c468       0x3c alt_globaltmr.o
                0x0010c468                alt_globaltmr_init
 .text.alt_globaltmr_start
                0x0010c4a4       0x18 alt_globaltmr.o
                0x0010c4a4                alt_globaltmr_start
 .text.alt_globaltmr_get64
                0x0010c4bc       0x6c alt_globaltmr.o
                0x0010c4bc                alt_globaltmr_get64
 .text.alt_globaltmr_prescaler_get
                0x0010c528       0x10 alt_globaltmr.o
                0x0010c528                alt_globaltmr_prescaler_get
 .text.alt_clk_pll_vco_freq_get.constprop.4
                0x0010c538       0xa8 alt_clock_manager.o
 .text.alt_clk_pll_vco_freq_get
                0x0010c5e0      0x2a0 alt_clock_manager.o
                0x0010c5e0                alt_clk_pll_vco_freq_get
 .text.alt_clk_divider_get
                0x0010c880      0x480 alt_clock_manager.o
                0x0010c880                alt_clk_divider_get
 .text.alt_clk_freq_get
                0x0010cd00     0x1e38 alt_clock_manager.o
                0x0010cd00                alt_clk_freq_get
 .text.ff_cre_syncobj
                0x0010eb38       0xc0 Abassi_FatFS.o
                0x0010eb38                ff_cre_syncobj
 .text.ff_del_syncobj
                0x0010ebf8       0x14 Abassi_FatFS.o
                0x0010ebf8                ff_del_syncobj
 .text.ff_req_grant
                0x0010ec0c       0x20 Abassi_FatFS.o
                0x0010ec0c                ff_req_grant
 .text.ff_rel_grant
                0x0010ec2c       0x10 Abassi_FatFS.o
                0x0010ec2c                ff_rel_grant
 .text.ff_memalloc
                0x0010ec3c       0x50 Abassi_FatFS.o
                0x0010ec3c                ff_memalloc
 .text.ff_memfree
                0x0010ec8c       0x4c Abassi_FatFS.o
                0x0010ec8c                ff_memfree
 .text.disk_status
                0x0010ecd8       0x24 Media_FatFS.o
                0x0010ecd8                disk_status
 .text.disk_initialize
                0x0010ecfc       0x20 Media_FatFS.o
                0x0010ecfc                disk_initialize
 .text.disk_read
                0x0010ed1c       0x38 Media_FatFS.o
                0x0010ed1c                disk_read
 .text.disk_write
                0x0010ed54       0x38 Media_FatFS.o
                0x0010ed54                disk_write
 .text.disk_ioctl
                0x0010ed8c       0xbc Media_FatFS.o
                0x0010ed8c                disk_ioctl
 .text.MEDIAstatus
                0x0010ee48       0x50 MediaIF.o
                0x0010ee48                MEDIAstatus
 .text.MEDIAinit
                0x0010ee98       0x9c MediaIF.o
                0x0010ee98                MEDIAinit
 .text.MEDIAread
                0x0010ef34      0x118 MediaIF.o
                0x0010ef34                MEDIAread
 .text.MEDIAwrite
                0x0010f04c      0x118 MediaIF.o
                0x0010f04c                MEDIAwrite
 .text.MEDIAsize
                0x0010f164       0x64 MediaIF.o
                0x0010f164                MEDIAsize
 .text.MEDIAblksize
                0x0010f1c8       0x50 MediaIF.o
                0x0010f1c8                MEDIAblksize
 .text.MEDIAsectsz
                0x0010f218       0x48 MediaIF.o
                0x0010f218                MEDIAsectsz
 .text.mem_cpy.part.0
                0x0010f260      0x198 ff.o
 .text.init_alloc_info.isra.5
                0x0010f3f8       0xd0 ff.o
 .text.get_fileinfo
                0x0010f4c8      0x554 ff.o
 .text.move_window
                0x0010fa1c       0xbc ff.o
 .text.get_fat  0x0010fad8      0x274 ff.o
 .text.dir_next.constprop.16
                0x0010fd4c      0x124 ff.o
 .text.sync_fs  0x0010fe70      0x16c ff.o
 .text.dir_clear
                0x0010ffdc      0x1bc ff.o
 .text.check_fs
                0x00110198      0x18c ff.o
 .text.find_volume
                0x00110324      0x964 ff.o
 .text.load_xdir
                0x00110c88      0x354 ff.o
 .text.dir_read.constprop.15
                0x00110fdc      0x72c ff.o
 .text.put_fat.part.9
                0x00111708      0x444 ff.o
 .text.create_chain
                0x00111b4c      0x850 ff.o
 .text.remove_chain
                0x0011239c      0x778 ff.o
 .text.dir_sdi  0x00112b14      0x564 ff.o
 .text.dir_alloc
                0x00113078      0x2fc ff.o
 .text.store_xdir
                0x00113374      0x318 ff.o
 .text.dir_remove
                0x0011368c      0x264 ff.o
 .text.dir_find
                0x001138f0      0x68c ff.o
 .text.dir_register
                0x00113f7c      0xec0 ff.o
 .text.follow_path
                0x00114e3c      0x73c ff.o
 .text.f_mount  0x00115578      0x1b4 ff.o
                0x00115578                f_mount
 .text.f_open   0x0011572c      0xa94 ff.o
                0x0011572c                f_open
 .text.f_read   0x001161c0      0x730 ff.o
                0x001161c0                f_read
 .text.f_write  0x001168f0      0x784 ff.o
                0x001168f0                f_write
 .text.f_close  0x00117074      0x5f4 ff.o
                0x00117074                f_close
 .text.f_chdrive
                0x00117668       0x80 ff.o
                0x00117668                f_chdrive
 .text.f_chdir  0x001176e8      0x1bc ff.o
                0x001176e8                f_chdir
 .text.f_getcwd
                0x001178a4      0x4a4 ff.o
                0x001178a4                f_getcwd
 .text.f_opendir
                0x00117d48      0x454 ff.o
                0x00117d48                f_opendir
 .text.f_readdir
                0x0011819c      0x150 ff.o
                0x0011819c                f_readdir
 .text.f_stat   0x001182ec       0xe8 ff.o
                0x001182ec                f_stat
 .text.f_getfree
                0x001183d4      0x3a0 ff.o
                0x001183d4                f_getfree
 .text.f_unlink
                0x00118774      0x380 ff.o
                0x00118774                f_unlink
 .text.f_mkdir  0x00118af4      0x420 ff.o
                0x00118af4                f_mkdir
 .text.f_rename
                0x00118f14      0x61c ff.o
                0x00118f14                f_rename
 .text.f_chmod  0x00119530      0x14c ff.o
                0x00119530                f_chmod
 *fill*         0x0011967c        0x4 
 .text.f_mkfs   0x00119680     0x178c ff.o
                0x00119680                f_mkfs
 .text.ff_uni2oem
                0x0011ae0c       0x68 ffunicode.o
                0x0011ae0c                ff_uni2oem
 .text.ff_oem2uni
                0x0011ae74       0x3c ffunicode.o
                0x0011ae74                ff_oem2uni
 .text.ff_wtoupper
                0x0011aeb0      0x134 ffunicode.o
                0x0011aeb0                ff_wtoupper
 .text.TSKcreate.constprop.0
                0x0011afe4       0xf0 ../../mAbassi/Platform/lib\lib_mAbassi_EVAL_GCC_AR5_CY5.a(mAbassi_EVAL_A9_GCC_2_NR.o)
 *fill*         0x0011b0d4        0x4 
 .text.Abassi   0x0011b0d8     0x2850 ../../mAbassi/Platform/lib\lib_mAbassi_EVAL_GCC_AR5_CY5.a(mAbassi_EVAL_A9_GCC_2_NR.o)
                0x0011b0d8                Abassi
 .text.TSKcreate
                0x0011d928      0x350 ../../mAbassi/Platform/lib\lib_mAbassi_EVAL_GCC_AR5_CY5.a(mAbassi_EVAL_A9_GCC_2_NR.o)
                0x0011d928                TSKcreate
 .text.OSstart  0x0011dc78      0x17c ../../mAbassi/Platform/lib\lib_mAbassi_EVAL_GCC_AR5_CY5.a(mAbassi_EVAL_A9_GCC_2_NR.o)
                0x0011dc78                OSstart
 .text.TSKstart
                0x0011ddf4       0x60 ../../mAbassi/Platform/lib\lib_mAbassi_EVAL_GCC_AR5_CY5.a(mAbassi_EVAL_A9_GCC_2_NR.o)
                0x0011ddf4                TSKstart
 .text.SEM__open
                0x0011de54      0x144 ../../mAbassi/Platform/lib\lib_mAbassi_EVAL_GCC_AR5_CY5.a(mAbassi_EVAL_A9_GCC_2_NR.o)
                0x0011de54                SEM__open
 .text.MBX__open
                0x0011df98      0x154 ../../mAbassi/Platform/lib\lib_mAbassi_EVAL_GCC_AR5_CY5.a(mAbassi_EVAL_A9_GCC_2_NR.o)
                0x0011df98                MBX__open
 .text.MBXget   0x0011e0ec      0x128 ../../mAbassi/Platform/lib\lib_mAbassi_EVAL_GCC_AR5_CY5.a(mAbassi_EVAL_A9_GCC_2_NR.o)
                0x0011e0ec                MBXget
 .text.MBXput   0x0011e214       0xd8 ../../mAbassi/Platform/lib\lib_mAbassi_EVAL_GCC_AR5_CY5.a(mAbassi_EVAL_A9_GCC_2_NR.o)
                0x0011e214                MBXput
 .text.TIMtick  0x0011e2ec      0x4a0 ../../mAbassi/Platform/lib\lib_mAbassi_EVAL_GCC_AR5_CY5.a(mAbassi_EVAL_A9_GCC_2_NR.o)
                0x0011e2ec                TIMtick
 .text          0x0011e78c      0xb48 ../../mAbassi/Platform/lib\lib_mAbassi_EVAL_GCC_AR5_CY5.a(mAbassi_EVAL_GCC_AR5_CY5_NR.o)
                0x0011e79c                __cs3_reset_generic
                0x0011e79c                Reset_Handler
                0x0011e79c                boot
                0x0011e79c                _prestart
                0x0011eb44                _exit
                0x0011eb4c                _sbrk_r
                0x0011eb84                OStrap
                0x0011eb9c                __cs3_isr_swi
                0x0011eb9c                mySWI
                0x0011ebe4                SWI_Handler
                0x0011ebe8                OScontext
                0x0011ec08                CoreContext
                0x0011ec1c                OSstack
                0x0011ec78                OSintCtrl
                0x0011ec98                OSintBack
                0x0011eca8                OSintOff
                0x0011ecb4                OSintOn
                0x0011ecbc                OSisrInfo
                0x0011eccc                __cs3_isr_irq
                0x0011eccc                ISRdispatch
                0x0011ee00                OSinvalidISR
                0x0011ee08                COREgetPeriph
                0x0011ee10                COREgetID
                0x0011ee1c                GICinit
                0x0011eec0                GICenable
                0x0011f000                COREstart1
                0x0011f00c                COREstart2
                0x0011f018                COREstart3
                0x0011f024                COREstart0
                0x0011f030                CoreIdle
                0x0011f060                COREsafeGetID
                0x0011f084                COREsendISR
                0x0011f0b8                COREwakeISR
                0x0011f0e4                COREisInISR
                0x0011f0f8                COREtaskNow
                0x0011f11c                COREchkRedo
                0x0011f17c                CORElock
                0x0011f1ac                COREunlock
                0x0011f1c0                SPINlock
                0x0011f1d0                SPINtrylock
                0x0011f1e0                SPIN_lock
                0x0011f268                SPINunlock
 .text          0x0011f2d4      0x798 ../../mAbassi/Platform/lib\lib_mAbassi_EVAL_GCC_AR5_CY5.a(ARMv7_SMP_L1_L2_GCC_AR5_CY5.o)
                0x0011f2d4                COREcacheON
                0x0011f760                DCacheInvalRange
                0x0011f874                DCacheFlushRange
                0x0011f988                MMUlog2Phy
                0x0011f9e8                MMUphy2Log
 .text          0x0011fa6c       0x4c c:/intelfpga/18.0/embedded/host_tools/mentor/gnu/arm/baremetal/bin/../lib/gcc/arm-altera-eabi/6.2.0/../../../../arm-altera-eabi/lib\libcs3.a(start_c.o)
                0x0011fa6c                __cs3_premain
 .text          0x0011fab8      0x114 c:/intelfpga/18.0/embedded/host_tools/mentor/gnu/arm/baremetal/bin/../lib/gcc/arm-altera-eabi/6.2.0\libgcc.a(_udivsi3.o)
                0x0011fab8                __aeabi_uidiv
                0x0011fab8                __udivsi3
                0x0011fbac                __aeabi_uidivmod
 .text          0x0011fbcc      0x148 c:/intelfpga/18.0/embedded/host_tools/mentor/gnu/arm/baremetal/bin/../lib/gcc/arm-altera-eabi/6.2.0\libgcc.a(_divsi3.o)
                0x0011fbcc                __divsi3
                0x0011fbcc                __aeabi_idiv
                0x0011fcf4                __aeabi_idivmod
 .text          0x0011fd14        0x4 c:/intelfpga/18.0/embedded/host_tools/mentor/gnu/arm/baremetal/bin/../lib/gcc/arm-altera-eabi/6.2.0\libgcc.a(_dvmd_tls.o)
                0x0011fd14                __aeabi_idiv0
                0x0011fd14                __aeabi_ldiv0
 .text          0x0011fd18       0xd4 c:/intelfpga/18.0/embedded/host_tools/mentor/gnu/arm/baremetal/bin/../lib/gcc/arm-altera-eabi/6.2.0\libgcc.a(_aeabi_ldivmod.o)
                0x0011fd18                __aeabi_ldivmod
 .text          0x0011fdec       0x3c c:/intelfpga/18.0/embedded/host_tools/mentor/gnu/arm/baremetal/bin/../lib/gcc/arm-altera-eabi/6.2.0\libgcc.a(_aeabi_uldivmod.o)
                0x0011fdec                __aeabi_uldivmod
 .text          0x0011fe28      0x12c c:/intelfpga/18.0/embedded/host_tools/mentor/gnu/arm/baremetal/bin/../lib/gcc/arm-altera-eabi/6.2.0\libgcc.a(_udivmoddi4.o)
                0x0011fe28                __udivmoddi4
 .text          0x0011ff54       0x28 c:/intelfpga/18.0/embedded/host_tools/mentor/gnu/arm/baremetal/bin/../lib/gcc/arm-altera-eabi/6.2.0\libgcc.a(_clzdi2.o)
                0x0011ff54                __clzdi2
 .text          0x0011ff7c       0x48 c:/intelfpga/18.0/embedded/host_tools/mentor/gnu/arm/baremetal/bin/../lib/gcc/arm-altera-eabi/6.2.0\libgcc.a(_clzsi2.o)
                0x0011ff7c                __clzsi2
 .text          0x0011ffc4       0x24 c:/intelfpga/18.0/embedded/host_tools/mentor/gnu/arm/baremetal/bin/../lib/gcc/arm-altera-eabi/6.2.0/../../../../arm-altera-eabi/lib\libc.a(lib_a-calloc.o)
                0x0011ffc4                calloc
 .text          0x0011ffe8       0x98 c:/intelfpga/18.0/embedded/host_tools/mentor/gnu/arm/baremetal/bin/../lib/gcc/arm-altera-eabi/6.2.0/../../../../arm-altera-eabi/lib\libc.a(lib_a-callocr.o)
                0x0011ffe8                _calloc_r
 .text          0x00120080       0x10 c:/intelfpga/18.0/embedded/host_tools/mentor/gnu/arm/baremetal/bin/../lib/gcc/arm-altera-eabi/6.2.0/../../../../arm-altera-eabi/lib\libc.a(lib_a-getreent.o)
                0x00120080                __getreent
 .text          0x00120090      0x12c c:/intelfpga/18.0/embedded/host_tools/mentor/gnu/arm/baremetal/bin/../lib/gcc/arm-altera-eabi/6.2.0/../../../../arm-altera-eabi/lib\libc.a(lib_a-gets.o)
                0x00120090                _gets_r
                0x001201a4                gets
 .text          0x001201bc       0x80 c:/intelfpga/18.0/embedded/host_tools/mentor/gnu/arm/baremetal/bin/../lib/gcc/arm-altera-eabi/6.2.0/../../../../arm-altera-eabi/lib\libc.a(lib_a-init.o)
                0x001201bc                __libc_init_array
 .text          0x0012023c       0x38 c:/intelfpga/18.0/embedded/host_tools/mentor/gnu/arm/baremetal/bin/../lib/gcc/arm-altera-eabi/6.2.0/../../../../arm-altera-eabi/lib\libc.a(lib_a-malloc.o)
                0x0012023c                malloc
                0x00120258                free
 .text          0x00120274      0x750 c:/intelfpga/18.0/embedded/host_tools/mentor/gnu/arm/baremetal/bin/../lib/gcc/arm-altera-eabi/6.2.0/../../../../arm-altera-eabi/lib\libc.a(lib_a-mallocr.o)
                0x00120274                _malloc_r
 .text          0x001209c4      0x114 c:/intelfpga/18.0/embedded/host_tools/mentor/gnu/arm/baremetal/bin/../lib/gcc/arm-altera-eabi/6.2.0/../../../../arm-altera-eabi/lib\libc.a(lib_a-memcpy-stub.o)
                0x001209c4                memcpy
 .text          0x00120ad8      0x148 c:/intelfpga/18.0/embedded/host_tools/mentor/gnu/arm/baremetal/bin/../lib/gcc/arm-altera-eabi/6.2.0/../../../../arm-altera-eabi/lib\libc.a(lib_a-memmove.o)
                0x00120ad8                memmove
 .text          0x00120c20      0x114 c:/intelfpga/18.0/embedded/host_tools/mentor/gnu/arm/baremetal/bin/../lib/gcc/arm-altera-eabi/6.2.0/../../../../arm-altera-eabi/lib\libc.a(lib_a-memset.o)
                0x00120c20                memset
 .text          0x00120d34       0x30 c:/intelfpga/18.0/embedded/host_tools/mentor/gnu/arm/baremetal/bin/../lib/gcc/arm-altera-eabi/6.2.0/../../../../arm-altera-eabi/lib\libc.a(lib_a-mlock.o)
                0x00120d34                __malloc_lock
                0x00120d4c                __malloc_unlock
 .text.startup  0x00120d64       0x18 c:/intelfpga/18.0/embedded/host_tools/mentor/gnu/arm/baremetal/bin/../lib/gcc/arm-altera-eabi/6.2.0/../../../../arm-altera-eabi/lib\libc.a(lib_a-mlock.o)
 .text          0x00120d7c       0x6c c:/intelfpga/18.0/embedded/host_tools/mentor/gnu/arm/baremetal/bin/../lib/gcc/arm-altera-eabi/6.2.0/../../../../arm-altera-eabi/lib\libc.a(lib_a-printf.o)
                0x00120d7c                _printf_r
                0x00120db0                printf
 .text          0x00120de8       0x34 c:/intelfpga/18.0/embedded/host_tools/mentor/gnu/arm/baremetal/bin/../lib/gcc/arm-altera-eabi/6.2.0/../../../../arm-altera-eabi/lib\libc.a(lib_a-putchar.o)
                0x00120de8                _putchar_r
                0x00120dfc                putchar
 .text          0x00120e1c      0x12c c:/intelfpga/18.0/embedded/host_tools/mentor/gnu/arm/baremetal/bin/../lib/gcc/arm-altera-eabi/6.2.0/../../../../arm-altera-eabi/lib\libc.a(lib_a-puts.o)
                0x00120e1c                _puts_r
                0x00120f30                puts
 .text          0x00120f48       0x6c c:/intelfpga/18.0/embedded/host_tools/mentor/gnu/arm/baremetal/bin/../lib/gcc/arm-altera-eabi/6.2.0/../../../../arm-altera-eabi/lib\libc.a(lib_a-rget.o)
                0x00120f48                __srget_r
                0x00120f9c                __srget
 .text          0x00120fb4      0x258 c:/intelfpga/18.0/embedded/host_tools/mentor/gnu/arm/baremetal/bin/../lib/gcc/arm-altera-eabi/6.2.0/../../../../arm-altera-eabi/lib\libc.a(lib_a-setvbuf.o)
                0x00120fb4                setvbuf
 .text          0x0012120c       0x74 c:/intelfpga/18.0/embedded/host_tools/mentor/gnu/arm/baremetal/bin/../lib/gcc/arm-altera-eabi/6.2.0/../../../../arm-altera-eabi/lib\libc.a(lib_a-stpcpy.o)
                0x0012120c                stpcpy
 .text          0x00121280      0x1ac c:/intelfpga/18.0/embedded/host_tools/mentor/gnu/arm/baremetal/bin/../lib/gcc/arm-altera-eabi/6.2.0/../../../../arm-altera-eabi/lib\libc.a(lib_a-strchr.o)
                0x00121280                strchr
 .text          0x0012142c      0x224 c:/intelfpga/18.0/embedded/host_tools/mentor/gnu/arm/baremetal/bin/../lib/gcc/arm-altera-eabi/6.2.0/../../../../arm-altera-eabi/lib\libc.a(lib_a-strcmp.o)
                0x0012142c                strcmp
 .text          0x00121650       0xf0 c:/intelfpga/18.0/embedded/host_tools/mentor/gnu/arm/baremetal/bin/../lib/gcc/arm-altera-eabi/6.2.0/../../../../arm-altera-eabi/lib\libc.a(lib_a-strcpy.o)
                0x00121650                strcpy
 .text          0x00121740       0x60 c:/intelfpga/18.0/embedded/host_tools/mentor/gnu/arm/baremetal/bin/../lib/gcc/arm-altera-eabi/6.2.0/../../../../arm-altera-eabi/lib\libc.a(lib_a-strlen-stub.o)
                0x00121740                strlen
 .text          0x001217a0      0x308 c:/intelfpga/18.0/embedded/host_tools/mentor/gnu/arm/baremetal/bin/../lib/gcc/arm-altera-eabi/6.2.0/../../../../arm-altera-eabi/lib\libc.a(lib_a-strtol.o)
                0x001219c0                _strtol_r
                0x00121a14                strtol_l
                0x00121a50                strtol
 .text          0x00121aa8      0x2d0 c:/intelfpga/18.0/embedded/host_tools/mentor/gnu/arm/baremetal/bin/../lib/gcc/arm-altera-eabi/6.2.0/../../../../arm-altera-eabi/lib\libc.a(lib_a-strtoul.o)
                0x00121c90                _strtoul_r
                0x00121ce4                strtoul_l
                0x00121d20                strtoul
 .text          0x00121d78       0x1c c:/intelfpga/18.0/embedded/host_tools/mentor/gnu/arm/baremetal/bin/../lib/gcc/arm-altera-eabi/6.2.0/../../../../arm-altera-eabi/lib\libc.a(lib_a-sysclose.o)
                0x00121d78                close
 .text          0x00121d94       0x40 c:/intelfpga/18.0/embedded/host_tools/mentor/gnu/arm/baremetal/bin/../lib/gcc/arm-altera-eabi/6.2.0/../../../../arm-altera-eabi/lib\libc.a(lib_a-sysopen.o)
                0x00121d94                open
 .text          0x00121dd4       0x2c c:/intelfpga/18.0/embedded/host_tools/mentor/gnu/arm/baremetal/bin/../lib/gcc/arm-altera-eabi/6.2.0/../../../../arm-altera-eabi/lib\libc.a(lib_a-sysread.o)
                0x00121dd4                read
 .text.startup  0x00121e00       0x18 c:/intelfpga/18.0/embedded/host_tools/mentor/gnu/arm/baremetal/bin/../lib/gcc/arm-altera-eabi/6.2.0/../../../../arm-altera-eabi/lib\libc.a(lib_a-tzlock.o)
 .text          0x00121e18     0x22ec c:/intelfpga/18.0/embedded/host_tools/mentor/gnu/arm/baremetal/bin/../lib/gcc/arm-altera-eabi/6.2.0/../../../../arm-altera-eabi/lib\libc.a(lib_a-vfprintf.o)
                0x00121e18                _vfprintf_r
                0x0012400c                vfprintf
 .text          0x00124104      0x154 c:/intelfpga/18.0/embedded/host_tools/mentor/gnu/arm/baremetal/bin/../lib/gcc/arm-altera-eabi/6.2.0/../../../../arm-altera-eabi/lib\libc.a(lib_a-wbuf.o)
                0x00124104                __swbuf_r
                0x00124238                __swbuf
 .text          0x00124258      0x158 c:/intelfpga/18.0/embedded/host_tools/mentor/gnu/arm/baremetal/bin/../lib/gcc/arm-altera-eabi/6.2.0/../../../../arm-altera-eabi/lib\libc.a(lib_a-wsetup.o)
                0x00124258                __swsetup_r
 .text          0x001243b0     0x181c c:/intelfpga/18.0/embedded/host_tools/mentor/gnu/arm/baremetal/bin/../lib/gcc/arm-altera-eabi/6.2.0/../../../../arm-altera-eabi/lib\libc.a(lib_a-dtoa.o)
                0x00124590                _dtoa_r
 .text          0x00125bcc      0x314 c:/intelfpga/18.0/embedded/host_tools/mentor/gnu/arm/baremetal/bin/../lib/gcc/arm-altera-eabi/6.2.0/../../../../arm-altera-eabi/lib\libc.a(lib_a-fflush.o)
                0x00125bcc                __sflush_r
                0x00125e08                _fflush_r
                0x00125ea4                fflush
 .text          0x00125ee0      0x3e4 c:/intelfpga/18.0/embedded/host_tools/mentor/gnu/arm/baremetal/bin/../lib/gcc/arm-altera-eabi/6.2.0/../../../../arm-altera-eabi/lib\libc.a(lib_a-findfp.o)
                0x00125ee0                _cleanup_r
                0x00125fec                __sfmoreglue
                0x0012603c                _cleanup
                0x00126060                __sinit
                0x001260f4                __sfp
                0x00126214                __sfp_lock_acquire
                0x0012622c                __sfp_lock_release
                0x00126244                __sinit_lock_acquire
                0x0012625c                __sinit_lock_release
                0x00126274                __fp_lock_all
                0x0012629c                __fp_unlock_all
 .text.startup  0x001262c4       0x30 c:/intelfpga/18.0/embedded/host_tools/mentor/gnu/arm/baremetal/bin/../lib/gcc/arm-altera-eabi/6.2.0/../../../../arm-altera-eabi/lib\libc.a(lib_a-findfp.o)
 .text          0x001262f4      0x3e0 c:/intelfpga/18.0/embedded/host_tools/mentor/gnu/arm/baremetal/bin/../lib/gcc/arm-altera-eabi/6.2.0/../../../../arm-altera-eabi/lib\libc.a(lib_a-freer.o)
                0x001262f4                _malloc_trim_r
                0x001263f4                _free_r
 .text          0x001266d4      0x4dc c:/intelfpga/18.0/embedded/host_tools/mentor/gnu/arm/baremetal/bin/../lib/gcc/arm-altera-eabi/6.2.0/../../../../arm-altera-eabi/lib\libc.a(lib_a-fvwrite.o)
                0x001266d4                __sfvwrite_r
 .text          0x00126bb0      0x110 c:/intelfpga/18.0/embedded/host_tools/mentor/gnu/arm/baremetal/bin/../lib/gcc/arm-altera-eabi/6.2.0/../../../../arm-altera-eabi/lib\libc.a(lib_a-fwalk.o)
                0x00126bb0                _fwalk
                0x00126c34                _fwalk_reent
 .text          0x00126cc0       0xf4 c:/intelfpga/18.0/embedded/host_tools/mentor/gnu/arm/baremetal/bin/../lib/gcc/arm-altera-eabi/6.2.0/../../../../arm-altera-eabi/lib\libc.a(lib_a-locale.o)
                0x00126ce4                _setlocale_r
                0x00126d4c                __locale_mb_cur_max
                0x00126d74                __locale_ctype_ptr_l
                0x00126d7c                __locale_ctype_ptr
                0x00126d94                setlocale
 .text          0x00126db4       0x58 c:/intelfpga/18.0/embedded/host_tools/mentor/gnu/arm/baremetal/bin/../lib/gcc/arm-altera-eabi/6.2.0/../../../../arm-altera-eabi/lib\libc.a(lib_a-localeconv.o)
                0x00126db4                __localeconv_l
                0x00126dbc                _localeconv_r
                0x00126de4                localeconv
 .text          0x00126e0c      0x18c c:/intelfpga/18.0/embedded/host_tools/mentor/gnu/arm/baremetal/bin/../lib/gcc/arm-altera-eabi/6.2.0/../../../../arm-altera-eabi/lib\libc.a(lib_a-makebuf.o)
                0x00126e0c                __swhatbuf_r
                0x00126eac                __smakebuf_r
 .text          0x00126f98       0xa0 c:/intelfpga/18.0/embedded/host_tools/mentor/gnu/arm/baremetal/bin/../lib/gcc/arm-altera-eabi/6.2.0/../../../../arm-altera-eabi/lib\libc.a(lib_a-mbtowc_r.o)
                0x00126f98                _mbtowc_r
                0x00126fec                __ascii_mbtowc
 .text          0x00127038      0x110 c:/intelfpga/18.0/embedded/host_tools/mentor/gnu/arm/baremetal/bin/../lib/gcc/arm-altera-eabi/6.2.0/../../../../arm-altera-eabi/lib\libc.a(lib_a-memchr-stub.o)
                0x00127038                memchr
 .text          0x00127148      0xd98 c:/intelfpga/18.0/embedded/host_tools/mentor/gnu/arm/baremetal/bin/../lib/gcc/arm-altera-eabi/6.2.0/../../../../arm-altera-eabi/lib\libc.a(lib_a-mprec.o)
                0x00127148                _Balloc
                0x001271d4                _Bfree
                0x001271f0                __multadd
                0x001272cc                __s2b
                0x001273bc                __hi0bits
                0x00127414                __lo0bits
                0x001274b4                __i2b
                0x001274d8                __multiply
                0x001276a8                __pow5mult
                0x001277ac                __lshift
                0x00127894                __mcmp
                0x001278f4                __mdiff
                0x00127a9c                __ulp
                0x00127b04                __b2d
                0x00127bf0                __d2b
                0x00127d00                __ratio
                0x00127d90                _mprec_log10
                0x00127df0                __copybits
                0x00127e60                __any_on
 .text          0x00127ee0      0x1bc c:/intelfpga/18.0/embedded/host_tools/mentor/gnu/arm/baremetal/bin/../lib/gcc/arm-altera-eabi/6.2.0/../../../../arm-altera-eabi/lib\libc.a(lib_a-putc.o)
                0x00127ee0                _putc_r
                0x00127fbc                putc
 .text          0x0012809c      0x4d4 c:/intelfpga/18.0/embedded/host_tools/mentor/gnu/arm/baremetal/bin/../lib/gcc/arm-altera-eabi/6.2.0/../../../../arm-altera-eabi/lib\libc.a(lib_a-reallocr.o)
                0x0012809c                _realloc_r
 .text          0x00128570      0x218 c:/intelfpga/18.0/embedded/host_tools/mentor/gnu/arm/baremetal/bin/../lib/gcc/arm-altera-eabi/6.2.0/../../../../arm-altera-eabi/lib\libc.a(lib_a-refill.o)
                0x00128598                __srefill_r
 .text          0x00128788       0xd8 c:/intelfpga/18.0/embedded/host_tools/mentor/gnu/arm/baremetal/bin/../lib/gcc/arm-altera-eabi/6.2.0/../../../../arm-altera-eabi/lib\libc.a(lib_a-stdio.o)
                0x00128788                __sread
                0x001287bc                __seofread
                0x001287c4                __swrite
                0x0012881c                __sseek
                0x0012884c                __sclose
 .text          0x00128860     0x14c4 c:/intelfpga/18.0/embedded/host_tools/mentor/gnu/arm/baremetal/bin/../lib/gcc/arm-altera-eabi/6.2.0/../../../../arm-altera-eabi/lib\libc.a(lib_a-vfiprintf.o)
                0x00128910                __sprint_r
                0x00128928                _vfiprintf_r
                0x00129c2c                vfiprintf
 .text          0x00129d24       0x74 c:/intelfpga/18.0/embedded/host_tools/mentor/gnu/arm/baremetal/bin/../lib/gcc/arm-altera-eabi/6.2.0/../../../../arm-altera-eabi/lib\libc.a(lib_a-wctomb_r.o)
                0x00129d24                _wctomb_r
                0x00129d70                __ascii_wctomb
 .text.startup  0x00129d98       0x18 c:/intelfpga/18.0/embedded/host_tools/mentor/gnu/arm/baremetal/bin/../lib/gcc/arm-altera-eabi/6.2.0/../../../../arm-altera-eabi/lib\libc.a(lib_a-envlock.o)
 .text          0x00129db0      0x180 c:/intelfpga/18.0/embedded/host_tools/mentor/gnu/arm/baremetal/bin/../lib/gcc/arm-altera-eabi/6.2.0/../../../../arm-altera-eabi/lib\libc.a(lib_a-fclose.o)
                0x00129db0                _fclose_r
                0x00129f18                fclose
 .text          0x00129f30      0x204 c:/intelfpga/18.0/embedded/host_tools/mentor/gnu/arm/baremetal/bin/../lib/gcc/arm-altera-eabi/6.2.0/../../../../arm-altera-eabi/lib\libc.a(lib_a-fputwc.o)
                0x00129f30                __fputwc
                0x0012a040                _fputwc_r
                0x0012a0fc                fputwc
 .text          0x0012a134      0x150 c:/intelfpga/18.0/embedded/host_tools/mentor/gnu/arm/baremetal/bin/../lib/gcc/arm-altera-eabi/6.2.0/../../../../arm-altera-eabi/lib\libc.a(lib_a-wcrtomb.o)
                0x0012a134                _wcrtomb_r
                0x0012a1d8                wcrtomb
 .text          0x0012a284      0x41c c:/intelfpga/18.0/embedded/host_tools/mentor/gnu/arm/baremetal/bin/../lib/gcc/arm-altera-eabi/6.2.0\libgcc.a(_arm_addsubdf3.o)
                0x0012a284                __aeabi_drsub
                0x0012a28c                __aeabi_dsub
                0x0012a28c                __subdf3
                0x0012a290                __aeabi_dadd
                0x0012a290                __adddf3
                0x0012a5a0                __floatunsidf
                0x0012a5a0                __aeabi_ui2d
                0x0012a5c4                __floatsidf
                0x0012a5c4                __aeabi_i2d
                0x0012a5ec                __aeabi_f2d
                0x0012a5ec                __extendsfdf2
                0x0012a62c                __floatundidf
                0x0012a62c                __aeabi_ul2d
                0x0012a640                __floatdidf
                0x0012a640                __aeabi_l2d
 .text          0x0012a6a0      0x49c c:/intelfpga/18.0/embedded/host_tools/mentor/gnu/arm/baremetal/bin/../lib/gcc/arm-altera-eabi/6.2.0\libgcc.a(_arm_muldivdf3.o)
                0x0012a6a0                __aeabi_dmul
                0x0012a6a0                __muldf3
                0x0012a930                __divdf3
                0x0012a930                __aeabi_ddiv
 .text          0x0012ab3c      0x144 c:/intelfpga/18.0/embedded/host_tools/mentor/gnu/arm/baremetal/bin/../lib/gcc/arm-altera-eabi/6.2.0\libgcc.a(_arm_cmpdf2.o)
                0x0012ab3c                __gtdf2
                0x0012ab3c                __gedf2
                0x0012ab44                __ltdf2
                0x0012ab44                __ledf2
                0x0012ab4c                __nedf2
                0x0012ab4c                __eqdf2
                0x0012ab4c                __cmpdf2
                0x0012abd4                __aeabi_cdrcmple
                0x0012abf0                __aeabi_cdcmpeq
                0x0012abf0                __aeabi_cdcmple
                0x0012ac08                __aeabi_dcmpeq
                0x0012ac20                __aeabi_dcmplt
                0x0012ac38                __aeabi_dcmple
                0x0012ac50                __aeabi_dcmpge
                0x0012ac68                __aeabi_dcmpgt
 .text          0x0012ac80       0x38 c:/intelfpga/18.0/embedded/host_tools/mentor/gnu/arm/baremetal/bin/../lib/gcc/arm-altera-eabi/6.2.0\libgcc.a(_arm_unorddf2.o)
                0x0012ac80                __unorddf2
                0x0012ac80                __aeabi_dcmpun
 .text          0x0012acb8       0x5c c:/intelfpga/18.0/embedded/host_tools/mentor/gnu/arm/baremetal/bin/../lib/gcc/arm-altera-eabi/6.2.0\libgcc.a(_arm_fixdfsi.o)
                0x0012acb8                __aeabi_d2iz
                0x0012acb8                __fixdfsi
 .text          0x0012ad14       0x58 c:/intelfpga/18.0/embedded/host_tools/mentor/gnu/arm/baremetal/bin/../lib/gcc/arm-altera-eabi/6.2.0\libgcc.a(gthr-generic.o)
                0x0012ad14                __generic_gxx_active_p
                0x0012ad1c                __generic_gxx_key_create
                0x0012ad24                __generic_gxx_once
                0x0012ad28                __generic_gxx_key_delete
                0x0012ad30                __generic_gxx_getspecific
                0x0012ad38                __generic_gxx_setspecific
                0x0012ad40                __generic_gxx_recursive_mutex_init_function
                0x0012ad44                __generic_gxx_mutex_init_function
                0x0012ad48                __generic_gxx_recursive_mutex_destroy
                0x0012ad50                __generic_gxx_recursive_mutex_unlock
                0x0012ad54                __generic_gxx_recursive_mutex_trylock
                0x0012ad58                __generic_gxx_recursive_mutex_lock
                0x0012ad5c                __generic_gxx_mutex_unlock
                0x0012ad60                __generic_gxx_mutex_trylock
                0x0012ad64                __generic_gxx_mutex_lock
                0x0012ad68                __generic_gxx_mutex_destroy
 *(.plt)
 *(.gnu.warning)
 *(.glue_7t)
 .glue_7t       0x0012ad6c        0x0 linker stubs
 *(.glue_7)
 .glue_7        0x0012ad6c        0x0 linker stubs
 *(.vfp11_veneer)
 .vfp11_veneer  0x0012ad6c        0x0 linker stubs
 *(.ARM.extab* .gnu.linkonce.armextab.*)
 *(.gcc_except_table)

.v4_bx          0x0012ad6c        0x0
 .v4_bx         0x0012ad6c        0x0 linker stubs

.iplt           0x0012ad6c        0x0
 .iplt          0x0012ad6c        0x0 c:/intelfpga/18.0/embedded/host_tools/mentor/gnu/arm/baremetal/bin/../lib/gcc/arm-altera-eabi/6.2.0/crtbegin.o

.eh_frame_hdr
 *(.eh_frame_hdr)
 *(.eh_frame_entry .eh_frame_entry.*)

.eh_frame       0x0012ad6c        0x4
 *(.eh_frame)
 .eh_frame      0x0012ad6c        0x0 c:/intelfpga/18.0/embedded/host_tools/mentor/gnu/arm/baremetal/bin/../lib/gcc/arm-altera-eabi/6.2.0/crtbegin.o
 .eh_frame      0x0012ad6c        0x4 c:/intelfpga/18.0/embedded/host_tools/mentor/gnu/arm/baremetal/bin/../lib/gcc/arm-altera-eabi/6.2.0/crtend.o
 *(.eh_frame.*)
                [!provide]                PROVIDE (__exidx_start, .)

.ARM.exidx      0x0012ad70        0x8
 *(.ARM.exidx* .gnu.linkonce.armexidx.*)
 .ARM.exidx     0x0012ad70        0x8 c:/intelfpga/18.0/embedded/host_tools/mentor/gnu/arm/baremetal/bin/../lib/gcc/arm-altera-eabi/6.2.0\libgcc.a(_udivmoddi4.o)
                [!provide]                PROVIDE (__exidx_end, .)

.rel.dyn        0x0012ad78        0x0
 .rel.iplt      0x0012ad78        0x0 c:/intelfpga/18.0/embedded/host_tools/mentor/gnu/arm/baremetal/bin/../lib/gcc/arm-altera-eabi/6.2.0/crtbegin.o

.rodata         0x0012ad78    0x4e420
 *(.rodata .rodata.* .gnu.linkonce.r.*)
 .rodata.main.str1.4
                0x0012ad78       0x6b Main_mAbassi.o
 *fill*         0x0012ade3        0x1 
 .rodata        0x0012ade4        0xc MyApp_MTL2.o
 .rodata.Task_FPGA_Button.str1.4
                0x0012adf0       0x45 MyApp_MTL2.o
 *fill*         0x0012ae35        0x3 
 .rodata.Task_FatFS.str1.4
                0x0012ae38        0x2 MyApp_MTL2.o
 *fill*         0x0012ae3a        0x2 
 .rodata.Task_HPS_Led.str1.4
                0x0012ae3c       0x5d MyApp_MTL2.o
 *fill*         0x0012ae99        0x3 
 .rodata.Task_MTL2.str1.4
                0x0012ae9c       0x6f MyApp_MTL2.o
 *fill*         0x0012af0b        0x1 
 .rodata.button_CallbackInterrupt.str1.4
                0x0012af0c       0x1e MyApp_MTL2.o
 *fill*         0x0012af2a        0x6 
 .rodata.theFileName.9926
                0x0012af30        0xe MyApp_MTL2.o
 *fill*         0x0012af3e        0x2 
 .rodata.DoProcessFatFS.str1.4
                0x0012af40       0x61 MyFatFS.o
 *fill*         0x0012afa1        0x7 
 .rodata.Fname.8689
                0x0012afa8        0x9 MyFatFS.o
 *fill*         0x0012afb1        0x3 
 .rodata.cmd_cat.str1.4
                0x0012afb4      0x155 MyFatFS.o
 *fill*         0x0012b109        0x3 
 .rodata.cmd_cd.str1.4
                0x0012b10c       0x92 MyFatFS.o
 *fill*         0x0012b19e        0x2 
 .rodata.cmd_chmod.str1.4
                0x0012b1a0       0xeb MyFatFS.o
 *fill*         0x0012b28b        0x1 
 .rodata.cmd_cp.str1.4
                0x0012b28c       0xfd MyFatFS.o
 *fill*         0x0012b389        0x3 
 .rodata.cmd_du.str1.4
                0x0012b38c       0xf3 MyFatFS.o
 *fill*         0x0012b47f        0x1 
 .rodata.cmd_fmt.str1.4
                0x0012b480       0x70 MyFatFS.o
 .rodata.cmd_help.str1.4
                0x0012b4f0       0x93 MyFatFS.o
 *fill*         0x0012b583        0x1 
 .rodata.cmd_ls.str1.4
                0x0012b584       0x96 MyFatFS.o
 *fill*         0x0012b61a        0x2 
 .rodata.cmd_mkdir.str1.4
                0x0012b61c       0x8e MyFatFS.o
 *fill*         0x0012b6aa        0x2 
 .rodata.cmd_mnt.str1.4
                0x0012b6ac       0xf2 MyFatFS.o
 *fill*         0x0012b79e        0x2 
 .rodata.cmd_mv.str1.4
                0x0012b7a0       0x79 MyFatFS.o
 *fill*         0x0012b819        0x3 
 .rodata.cmd_perf.str1.4
                0x0012b81c      0x1de MyFatFS.o
 *fill*         0x0012b9fa        0x2 
 .rodata.cmd_pwd.str1.4
                0x0012b9fc       0xa7 MyFatFS.o
 *fill*         0x0012baa3        0x1 
 .rodata.cmd_rm.str1.4
                0x0012baa4       0xe0 MyFatFS.o
 .rodata.cmd_rmdir.str1.4
                0x0012bb84       0xd3 MyFatFS.o
 *fill*         0x0012bc57        0x1 
 .rodata.cmd_umnt.str1.4
                0x0012bc58       0x82 MyFatFS.o
 *fill*         0x0012bcda        0x2 
 .rodata.str1.4
                0x0012bcdc       0x4e MyFatFS.o
                                 0x5a (size before relaxing)
 *fill*         0x0012bd2a        0x2 
 .rodata.dma_init.str1.4
                0x0012bd2c        0x4 arm_pl330.o
 .rodata.g_DmaNames
                0x0012bd30        0x5 arm_pl330.o
 *fill*         0x0012bd35        0x3 
 .rodata.g_SemNames
                0x0012bd38       0x38 arm_pl330.o
 .rodata.SDprepData.isra.1.constprop.6.str1.4
                0x0012bd70       0x9e dw_sdmmc.o
 *fill*         0x0012be0e        0x2 
 .rodata.g_FreqBase
                0x0012be10       0x10 dw_sdmmc.o
 .rodata.g_Names
                0x0012be20        0x8 dw_sdmmc.o
 .rodata.g_SpeedMult
                0x0012be28       0x40 dw_sdmmc.o
 .rodata.mmc_init.str1.4
                0x0012be68      0x53e dw_sdmmc.o
 *fill*         0x0012c3a6        0x2 
 .rodata.mmc_sendcmd.constprop.3.str1.4
                0x0012c3a8       0x8f dw_sdmmc.o
 *fill*         0x0012c437        0x1 
 .rodata.mmc_sendcmd.constprop.5.str1.4
                0x0012c438      0x159 dw_sdmmc.o
 *fill*         0x0012c591        0x3 
 .rodata.mmc_sendstatus.str1.4
                0x0012c594       0x67 dw_sdmmc.o
 *fill*         0x0012c5fb        0x5 
 .rodata.BSecho.7309
                0x0012c600        0x2 dw_uart.o
 *fill*         0x0012c602        0x6 
 .rodata.g_DevReMap
                0x0012c608        0x8 dw_uart.o
 .rodata.g_HWaddr
                0x0012c610        0x8 dw_uart.o
 .rodata.g_Names
                0x0012c618       0x40 dw_uart.o
 .rodata.tahomabold_20_100
                0x0012c658      0x152 tahomabold_20.o
 *fill*         0x0012c7aa        0x6 
 .rodata.tahomabold_20_101
                0x0012c7b0      0x138 tahomabold_20.o
 .rodata.tahomabold_20_102
                0x0012c8e8       0xd0 tahomabold_20.o
 .rodata.tahomabold_20_103
                0x0012c9b8      0x152 tahomabold_20.o
 *fill*         0x0012cb0a        0x6 
 .rodata.tahomabold_20_104
                0x0012cb10      0x152 tahomabold_20.o
 *fill*         0x0012cc62        0x6 
 .rodata.tahomabold_20_105
                0x0012cc68       0x9c tahomabold_20.o
 *fill*         0x0012cd04        0x4 
 .rodata.tahomabold_20_106
                0x0012cd08       0xea tahomabold_20.o
 *fill*         0x0012cdf2        0x6 
 .rodata.tahomabold_20_107
                0x0012cdf8      0x138 tahomabold_20.o
 .rodata.tahomabold_20_108
                0x0012cf30       0x9c tahomabold_20.o
 *fill*         0x0012cfcc        0x4 
 .rodata.tahomabold_20_109
                0x0012cfd0      0x1ee tahomabold_20.o
 *fill*         0x0012d1be        0x2 
 .rodata.tahomabold_20_110
                0x0012d1c0      0x152 tahomabold_20.o
 *fill*         0x0012d312        0x6 
 .rodata.tahomabold_20_111
                0x0012d318      0x138 tahomabold_20.o
 .rodata.tahomabold_20_112
                0x0012d450      0x152 tahomabold_20.o
 *fill*         0x0012d5a2        0x6 
 .rodata.tahomabold_20_113
                0x0012d5a8      0x152 tahomabold_20.o
 *fill*         0x0012d6fa        0x6 
 .rodata.tahomabold_20_114
                0x0012d700       0xea tahomabold_20.o
 *fill*         0x0012d7ea        0x6 
 .rodata.tahomabold_20_115
                0x0012d7f0      0x104 tahomabold_20.o
 *fill*         0x0012d8f4        0x4 
 .rodata.tahomabold_20_116
                0x0012d8f8       0xd0 tahomabold_20.o
 .rodata.tahomabold_20_117
                0x0012d9c8      0x152 tahomabold_20.o
 *fill*         0x0012db1a        0x6 
 .rodata.tahomabold_20_118
                0x0012db20      0x138 tahomabold_20.o
 .rodata.tahomabold_20_119
                0x0012dc58      0x1d4 tahomabold_20.o
 *fill*         0x0012de2c        0x4 
 .rodata.tahomabold_20_120
                0x0012de30      0x138 tahomabold_20.o
 .rodata.tahomabold_20_121
                0x0012df68      0x138 tahomabold_20.o
 .rodata.tahomabold_20_122
                0x0012e0a0      0x11e tahomabold_20.o
 *fill*         0x0012e1be        0x2 
 .rodata.tahomabold_20_123
                0x0012e1c0      0x138 tahomabold_20.o
 .rodata.tahomabold_20_124
                0x0012e2f8      0x152 tahomabold_20.o
 *fill*         0x0012e44a        0x6 
 .rodata.tahomabold_20_125
                0x0012e450      0x138 tahomabold_20.o
 .rodata.tahomabold_20_126
                0x0012e588      0x1a0 tahomabold_20.o
 .rodata.tahomabold_20_33
                0x0012e728       0xb6 tahomabold_20.o
 *fill*         0x0012e7de        0x2 
 .rodata.tahomabold_20_34
                0x0012e7e0      0x104 tahomabold_20.o
 *fill*         0x0012e8e4        0x4 
 .rodata.tahomabold_20_35
                0x0012e8e8      0x1a0 tahomabold_20.o
 .rodata.tahomabold_20_36
                0x0012ea88      0x152 tahomabold_20.o
 *fill*         0x0012ebda        0x6 
 .rodata.tahomabold_20_37
                0x0012ebe0      0x270 tahomabold_20.o
 .rodata.tahomabold_20_38
                0x0012ee50      0x1ba tahomabold_20.o
 *fill*         0x0012f00a        0x6 
 .rodata.tahomabold_20_39
                0x0012f010       0x9c tahomabold_20.o
 *fill*         0x0012f0ac        0x4 
 .rodata.tahomabold_20_40
                0x0012f0b0       0xea tahomabold_20.o
 *fill*         0x0012f19a        0x6 
 .rodata.tahomabold_20_41
                0x0012f1a0       0xea tahomabold_20.o
 *fill*         0x0012f28a        0x6 
 .rodata.tahomabold_20_42
                0x0012f290      0x152 tahomabold_20.o
 *fill*         0x0012f3e2        0x6 
 .rodata.tahomabold_20_43
                0x0012f3e8      0x1a0 tahomabold_20.o
 .rodata.tahomabold_20_44
                0x0012f588       0x9c tahomabold_20.o
 *fill*         0x0012f624        0x4 
 .rodata.tahomabold_20_45
                0x0012f628       0xea tahomabold_20.o
 *fill*         0x0012f712        0x6 
 .rodata.tahomabold_20_46
                0x0012f718       0x9c tahomabold_20.o
 *fill*         0x0012f7b4        0x4 
 .rodata.tahomabold_20_47
                0x0012f7b8      0x138 tahomabold_20.o
 .rodata.tahomabold_20_48
                0x0012f8f0      0x152 tahomabold_20.o
 *fill*         0x0012fa42        0x6 
 .rodata.tahomabold_20_49
                0x0012fa48      0x152 tahomabold_20.o
 *fill*         0x0012fb9a        0x6 
 .rodata.tahomabold_20_50
                0x0012fba0      0x152 tahomabold_20.o
 *fill*         0x0012fcf2        0x6 
 .rodata.tahomabold_20_51
                0x0012fcf8      0x152 tahomabold_20.o
 *fill*         0x0012fe4a        0x6 
 .rodata.tahomabold_20_52
                0x0012fe50      0x152 tahomabold_20.o
 *fill*         0x0012ffa2        0x6 
 .rodata.tahomabold_20_53
                0x0012ffa8      0x152 tahomabold_20.o
 *fill*         0x001300fa        0x6 
 .rodata.tahomabold_20_54
                0x00130100      0x152 tahomabold_20.o
 *fill*         0x00130252        0x6 
 .rodata.tahomabold_20_55
                0x00130258      0x152 tahomabold_20.o
 *fill*         0x001303aa        0x6 
 .rodata.tahomabold_20_56
                0x001303b0      0x152 tahomabold_20.o
 *fill*         0x00130502        0x6 
 .rodata.tahomabold_20_57
                0x00130508      0x152 tahomabold_20.o
 *fill*         0x0013065a        0x6 
 .rodata.tahomabold_20_58
                0x00130660       0xb6 tahomabold_20.o
 *fill*         0x00130716        0x2 
 .rodata.tahomabold_20_59
                0x00130718       0xb6 tahomabold_20.o
 *fill*         0x001307ce        0x2 
 .rodata.tahomabold_20_60
                0x001307d0      0x1a0 tahomabold_20.o
 .rodata.tahomabold_20_61
                0x00130970      0x1a0 tahomabold_20.o
 .rodata.tahomabold_20_62
                0x00130b10      0x1a0 tahomabold_20.o
 .rodata.tahomabold_20_63
                0x00130cb0      0x11e tahomabold_20.o
 *fill*         0x00130dce        0x2 
 .rodata.tahomabold_20_64
                0x00130dd0      0x1d4 tahomabold_20.o
 *fill*         0x00130fa4        0x4 
 .rodata.tahomabold_20_65
                0x00130fa8      0x16c tahomabold_20.o
 *fill*         0x00131114        0x4 
 .rodata.tahomabold_20_66
                0x00131118      0x16c tahomabold_20.o
 *fill*         0x00131284        0x4 
 .rodata.tahomabold_20_67
                0x00131288      0x152 tahomabold_20.o
 *fill*         0x001313da        0x6 
 .rodata.tahomabold_20_68
                0x001313e0      0x186 tahomabold_20.o
 *fill*         0x00131566        0x2 
 .rodata.tahomabold_20_69
                0x00131568      0x138 tahomabold_20.o
 .rodata.tahomabold_20_70
                0x001316a0      0x138 tahomabold_20.o
 .rodata.tahomabold_20_71
                0x001317d8      0x186 tahomabold_20.o
 *fill*         0x0013195e        0x2 
 .rodata.tahomabold_20_72
                0x00131960      0x186 tahomabold_20.o
 *fill*         0x00131ae6        0x2 
 .rodata.tahomabold_20_73
                0x00131ae8      0x104 tahomabold_20.o
 *fill*         0x00131bec        0x4 
 .rodata.tahomabold_20_74
                0x00131bf0      0x104 tahomabold_20.o
 *fill*         0x00131cf4        0x4 
 .rodata.tahomabold_20_75
                0x00131cf8      0x16c tahomabold_20.o
 *fill*         0x00131e64        0x4 
 .rodata.tahomabold_20_76
                0x00131e68      0x11e tahomabold_20.o
 *fill*         0x00131f86        0x2 
 .rodata.tahomabold_20_77
                0x00131f88      0x1d4 tahomabold_20.o
 *fill*         0x0013215c        0x4 
 .rodata.tahomabold_20_78
                0x00132160      0x186 tahomabold_20.o
 *fill*         0x001322e6        0x2 
 .rodata.tahomabold_20_79
                0x001322e8      0x186 tahomabold_20.o
 *fill*         0x0013246e        0x2 
 .rodata.tahomabold_20_80
                0x00132470      0x152 tahomabold_20.o
 *fill*         0x001325c2        0x6 
 .rodata.tahomabold_20_81
                0x001325c8      0x186 tahomabold_20.o
 *fill*         0x0013274e        0x2 
 .rodata.tahomabold_20_82
                0x00132750      0x186 tahomabold_20.o
 *fill*         0x001328d6        0x2 
 .rodata.tahomabold_20_83
                0x001328d8      0x152 tahomabold_20.o
 *fill*         0x00132a2a        0x6 
 .rodata.tahomabold_20_84
                0x00132a30      0x138 tahomabold_20.o
 .rodata.tahomabold_20_85
                0x00132b68      0x186 tahomabold_20.o
 *fill*         0x00132cee        0x2 
 .rodata.tahomabold_20_86
                0x00132cf0      0x16c tahomabold_20.o
 *fill*         0x00132e5c        0x4 
 .rodata.tahomabold_20_87
                0x00132e60      0x222 tahomabold_20.o
 *fill*         0x00133082        0x6 
 .rodata.tahomabold_20_88
                0x00133088      0x16c tahomabold_20.o
 *fill*         0x001331f4        0x4 
 .rodata.tahomabold_20_89
                0x001331f8      0x16c tahomabold_20.o
 *fill*         0x00133364        0x4 
 .rodata.tahomabold_20_90
                0x00133368      0x138 tahomabold_20.o
 .rodata.tahomabold_20_91
                0x001334a0       0xea tahomabold_20.o
 *fill*         0x0013358a        0x6 
 .rodata.tahomabold_20_92
                0x00133590      0x138 tahomabold_20.o
 .rodata.tahomabold_20_93
                0x001336c8       0xea tahomabold_20.o
 *fill*         0x001337b2        0x6 
 .rodata.tahomabold_20_94
                0x001337b8      0x1a0 tahomabold_20.o
 .rodata.tahomabold_20_95
                0x00133958      0x152 tahomabold_20.o
 *fill*         0x00133aaa        0x6 
 .rodata.tahomabold_20_96
                0x00133ab0      0x11e tahomabold_20.o
 *fill*         0x00133bce        0x2 
 .rodata.tahomabold_20_97
                0x00133bd0      0x138 tahomabold_20.o
 .rodata.tahomabold_20_98
                0x00133d08      0x152 tahomabold_20.o
 *fill*         0x00133e5a        0x6 
 .rodata.tahomabold_20_99
                0x00133e60      0x11e tahomabold_20.o
 *fill*         0x00133f7e        0x2 
 .rodata.gesture_bmp
                0x00133f80    0x448f0 gesture.o
                0x00133f80                gesture_bmp
 .rodata.GUI_DeskDraw.str1.4
                0x00178870       0x2e gui.o
 *fill*         0x0017889e        0x2 
 .rodata.OC_I2C_Read.str1.4
                0x001788a0       0x5f I2C_core.o
 *fill*         0x001788ff        0x1 
 .rodata.oc_i2c_init.str1.4
                0x00178900       0x34 I2C_core.o
 *fill*         0x00178934        0x4 
 .rodata.g_Names
                0x00178938       0x10 Abassi_FatFS.o
 .rodata.disk_status.str1.4
                0x00178948        0x6 Media_FatFS.o
 *fill*         0x0017894e        0x2 
 .rodata.ExCvt  0x00178950       0x80 ff.o
 .rodata.LfnOfs
                0x001789d0        0xd ff.o
 *fill*         0x001789dd        0x3 
 .rodata.f_mkfs.str1.4
                0x001789e0       0x34 ff.o
 .rodata.follow_path.str1.4
                0x00178a14       0x13 ff.o
 *fill*         0x00178a27        0x1 
 .rodata.cvt1.7491
                0x00178a28      0x1f2 ffunicode.o
 *fill*         0x00178c1a        0x6 
 .rodata.cvt2.7492
                0x00178c20       0xbc ffunicode.o
 *fill*         0x00178cdc        0x4 
 .rodata.uc437  0x00178ce0      0x100 ffunicode.o
 .rodata.G_ABORTstackSize
                0x00178de0        0x4 mAbassiCfgA9.o
                0x00178de0                G_ABORTstackSize
 .rodata.G_FIQstackSize
                0x00178de4        0x4 mAbassiCfgA9.o
                0x00178de4                G_FIQstackSize
 .rodata.G_IRQstackSize
                0x00178de8        0x4 mAbassiCfgA9.o
                0x00178de8                G_IRQstackSize
 *fill*         0x00178dec        0x4 
 .rodata.G_MMUnonCachedTbl
                0x00178df0        0xc mAbassiCfgA9.o
                0x00178df0                G_MMUnonCachedTbl
 *fill*         0x00178dfc        0x4 
 .rodata.G_MMUnonCprivTbl
                0x00178e00       0x10 mAbassiCfgA9.o
                0x00178e00                G_MMUnonCprivTbl
 .rodata.G_MMUprivateTbl
                0x00178e10       0x10 mAbassiCfgA9.o
                0x00178e10                G_MMUprivateTbl
 .rodata.G_MMUsharedTbl
                0x00178e20        0xc mAbassiCfgA9.o
                0x00178e20                G_MMUsharedTbl
 .rodata.G_SUPERstackSize
                0x00178e2c        0x4 mAbassiCfgA9.o
                0x00178e2c                G_SUPERstackSize
 .rodata.G_UNDEFstackSize
                0x00178e30        0x4 mAbassiCfgA9.o
                0x00178e30                G_UNDEFstackSize
 *fill*         0x00178e34        0x4 
 .rodata.G_OSnoName
                0x00178e38        0x4 ../../mAbassi/Platform/lib\lib_mAbassi_EVAL_GCC_AR5_CY5.a(mAbassi_EVAL_A9_GCC_2_NR.o)
                0x00178e38                G_OSnoName
 *fill*         0x00178e3c        0x4 
 .rodata.G_OSprivName
                0x00178e40        0x5 ../../mAbassi/Platform/lib\lib_mAbassi_EVAL_GCC_AR5_CY5.a(mAbassi_EVAL_A9_GCC_2_NR.o)
                0x00178e40                G_OSprivName
 *fill*         0x00178e45        0x3 
 .rodata.OSstart.str1.4
                0x00178e48       0x14 ../../mAbassi/Platform/lib\lib_mAbassi_EVAL_GCC_AR5_CY5.a(mAbassi_EVAL_A9_GCC_2_NR.o)
 *fill*         0x00178e5c        0x4 
 .rodata.g_OSMutexName
                0x00178e60        0x6 ../../mAbassi/Platform/lib\lib_mAbassi_EVAL_GCC_AR5_CY5.a(mAbassi_EVAL_A9_GCC_2_NR.o)
                0x00178e60                g_OSMutexName
 *fill*         0x00178e66        0x2 
 .rodata        0x00178e68        0x4 c:/intelfpga/18.0/embedded/host_tools/mentor/gnu/arm/baremetal/bin/../lib/gcc/arm-altera-eabi/6.2.0/../../../../arm-altera-eabi/lib\libc.a(lib_a-impure.o)
                0x00178e68                _global_impure_ptr
 .rodata.str1.4
                0x00178e6c       0x14 c:/intelfpga/18.0/embedded/host_tools/mentor/gnu/arm/baremetal/bin/../lib/gcc/arm-altera-eabi/6.2.0/../../../../arm-altera-eabi/lib\libc.a(lib_a-puts.o)
                                  0x2 (size before relaxing)
 .rodata        0x00178e6c       0x20 c:/intelfpga/18.0/embedded/host_tools/mentor/gnu/arm/baremetal/bin/../lib/gcc/arm-altera-eabi/6.2.0/../../../../arm-altera-eabi/lib\libc.a(lib_a-vfprintf.o)
 .rodata.str1.4
                0x00178e8c       0x3f c:/intelfpga/18.0/embedded/host_tools/mentor/gnu/arm/baremetal/bin/../lib/gcc/arm-altera-eabi/6.2.0/../../../../arm-altera-eabi/lib\libc.a(lib_a-vfprintf.o)
                                 0x42 (size before relaxing)
 *fill*         0x00178ecb        0x1 
 .rodata.str1.4
                0x00178ecc       0x10 c:/intelfpga/18.0/embedded/host_tools/mentor/gnu/arm/baremetal/bin/../lib/gcc/arm-altera-eabi/6.2.0/../../../../arm-altera-eabi/lib\libc.a(lib_a-dtoa.o)
                                 0x12 (size before relaxing)
 .rodata.str1.4
                0x00178edc        0xc c:/intelfpga/18.0/embedded/host_tools/mentor/gnu/arm/baremetal/bin/../lib/gcc/arm-altera-eabi/6.2.0/../../../../arm-altera-eabi/lib\libc.a(lib_a-locale.o)
                                 0x12 (size before relaxing)
 .rodata        0x00178ee8      0x128 c:/intelfpga/18.0/embedded/host_tools/mentor/gnu/arm/baremetal/bin/../lib/gcc/arm-altera-eabi/6.2.0/../../../../arm-altera-eabi/lib\libc.a(lib_a-mprec.o)
                0x00178ef8                __mprec_tens
                0x00178fc0                __mprec_tinytens
                0x00178fe8                __mprec_bigtens
 .rodata        0x00179010       0x20 c:/intelfpga/18.0/embedded/host_tools/mentor/gnu/arm/baremetal/bin/../lib/gcc/arm-altera-eabi/6.2.0/../../../../arm-altera-eabi/lib\libc.a(lib_a-vfiprintf.o)
 .rodata.str1.4
                0x00179030       0x2f c:/intelfpga/18.0/embedded/host_tools/mentor/gnu/arm/baremetal/bin/../lib/gcc/arm-altera-eabi/6.2.0/../../../../arm-altera-eabi/lib\libc.a(lib_a-vfiprintf.o)
 .rodata        0x00179030      0x101 c:/intelfpga/18.0/embedded/host_tools/mentor/gnu/arm/baremetal/bin/../lib/gcc/arm-altera-eabi/6.2.0/../../../../arm-altera-eabi/lib\libc.a(lib_a-ctype_.o)
                0x00179030                _ctype_
                0x00179134                . = ALIGN (0x4)
 *fill*         0x00179131        0x3 
 *(.init)
 .init          0x00179134        0xc c:/intelfpga/18.0/embedded/host_tools/mentor/gnu/arm/baremetal/bin/../lib/gcc/arm-altera-eabi/6.2.0/crti.o
                0x00179134                _init
 .init          0x00179140        0xc c:/intelfpga/18.0/embedded/host_tools/mentor/gnu/arm/baremetal/bin/../lib/gcc/arm-altera-eabi/6.2.0/crtn.o
                0x0017914c                . = ALIGN (0x4)
                0x0017914c                __preinit_array_start = .
 *(.preinit_array)
                0x0017914c                __preinit_array_end = .
                0x0017914c                . = ALIGN (0x4)
                0x0017914c                __init_array_start = .
 *(SORT(.init_array.*))
 .init_array.00000
                0x0017914c        0x4 c:/intelfpga/18.0/embedded/host_tools/mentor/gnu/arm/baremetal/bin/../lib/gcc/arm-altera-eabi/6.2.0/../../../../arm-altera-eabi/lib\libc.a(lib_a-mlock.o)
 .init_array.00000
                0x00179150        0x4 c:/intelfpga/18.0/embedded/host_tools/mentor/gnu/arm/baremetal/bin/../lib/gcc/arm-altera-eabi/6.2.0/../../../../arm-altera-eabi/lib\libc.a(lib_a-tzlock.o)
 .init_array.00000
                0x00179154        0x8 c:/intelfpga/18.0/embedded/host_tools/mentor/gnu/arm/baremetal/bin/../lib/gcc/arm-altera-eabi/6.2.0/../../../../arm-altera-eabi/lib\libc.a(lib_a-findfp.o)
 .init_array.00000
                0x0017915c        0x4 c:/intelfpga/18.0/embedded/host_tools/mentor/gnu/arm/baremetal/bin/../lib/gcc/arm-altera-eabi/6.2.0/../../../../arm-altera-eabi/lib\libc.a(lib_a-envlock.o)
 *(.init_array)
 .init_array    0x00179160        0x4 c:/intelfpga/18.0/embedded/host_tools/mentor/gnu/arm/baremetal/bin/../lib/gcc/arm-altera-eabi/6.2.0/crtbegin.o
                0x00179164                __init_array_end = .
                0x00179164                . = ALIGN (0x4)
 *(.fini)
 .fini          0x00179164        0xc c:/intelfpga/18.0/embedded/host_tools/mentor/gnu/arm/baremetal/bin/../lib/gcc/arm-altera-eabi/6.2.0/crti.o
                0x00179164                _fini
 .fini          0x00179170        0xc c:/intelfpga/18.0/embedded/host_tools/mentor/gnu/arm/baremetal/bin/../lib/gcc/arm-altera-eabi/6.2.0/crtn.o
                0x0017917c                . = ALIGN (0x4)
                0x0017917c                __fini_array_start = .
 *(.fini_array)
 .fini_array    0x0017917c        0x4 c:/intelfpga/18.0/embedded/host_tools/mentor/gnu/arm/baremetal/bin/../lib/gcc/arm-altera-eabi/6.2.0/crtbegin.o
 *(SORT(.fini_array.*))
                0x00179180                __fini_array_end = .
                0x00179180                . = ALIGN (0x4)
 *crtbegin.o(.ctors)
 *crtbegin?.o(.ctors)
 *(EXCLUDE_FILE(*crtend.o) .ctors)
 *(SORT(.ctors.*))
 *crtend.o(.ctors)
 *(.ctors)
                0x00179180                . = ALIGN (0x4)
 *crtbegin.o(.dtors)
 *crtbegin?.o(.dtors)
 *(EXCLUDE_FILE(*crtend.o) .dtors)
 *(SORT(.dtors.*))
 *crtend.o(.dtors)
 *(.dtors)
                0x00179180                . = ALIGN (0x4)
                0x00179180                __cs3_regions = .
                0x00179180        0x4 LONG 0x0
                0x00179184        0x4 LONG 0x100040 __cs3_region_init_ram
                0x00179188        0x4 LONG 0x100040 __cs3_region_start_ram
                0x0017918c        0x4 LONG 0x7a880 __cs3_region_init_size_ram
                0x00179190        0x4 LONG 0x1003a490 __cs3_region_zero_size_ram
                0x00179194                __cs3_regions_end = .
                0x00179198                . = ALIGN (0x8)
 *fill*         0x00179194        0x4 
                0x00179198                _etext = .
                0x00000001                ASSERT (! ((__cs3_region_init_ram & 0x7)), __cs3_region_init_ram not aligned)
                0x00000001                ASSERT (! ((__cs3_region_start_ram & 0x7)), __cs3_region_start_ram not aligned)
                0x00000001                ASSERT (! ((__cs3_region_init_size_ram & 0x7)), __cs3_region_init_size_ram not aligned)
                0x00000001                ASSERT (! ((__cs3_region_zero_size_ram & 0x7)), __cs3_region_zero_size_ram not aligned)
                0x00179198                __etext = .

.data           0x00179198     0x1728
                0x00179198                _fdata = .
                0x00179198                __data_start__ = .
 *(vtable)
 *(.data*)
 .data.fpga_buttons
                0x00179198        0x4 MyApp_MTL2.o
                0x00179198                fpga_buttons
 .data.fpga_i2c
                0x0017919c        0x4 MyApp_MTL2.o
                0x0017919c                fpga_i2c
 .data.fpga_leds
                0x001791a0        0x4 MyApp_MTL2.o
                0x001791a0                fpga_leds
 .data.fpga_mtc2
                0x001791a4        0x4 MyApp_MTL2.o
                0x001791a4                fpga_mtc2
 .data.fpga_spi
                0x001791a8        0x4 MyApp_MTL2.o
                0x001791a8                fpga_spi
 .data.CommandLst
                0x001791ac       0x88 MyFatFS.o
                0x001791ac                CommandLst
 .data.tahomabold_20
                0x00179234      0xbc0 tahomabold_20.o
                0x00179234                tahomabold_20
 .data.InitFlag.8075
                0x00179df4        0x4 gui.o
 .data.szPallete
                0x00179df8       0x24 gui.o
                0x00179df8                szPallete
 .data.alt_ext_clk_paramblok
                0x00179e1c       0x40 alt_clock_manager.o
 .data.alt_pll_clk_paramblok
                0x00179e5c       0x60 alt_clock_manager.o
 *fill*         0x00179ebc        0x4 
 .data.ExpiryCnt.7521
                0x00179ec0        0x8 ../../mAbassi/Platform/lib\lib_mAbassi_EVAL_GCC_AR5_CY5.a(mAbassi_EVAL_A9_GCC_2_NR.o)
 .data.ExpiryPrv.7522
                0x00179ec8        0x8 ../../mAbassi/Platform/lib\lib_mAbassi_EVAL_GCC_AR5_CY5.a(mAbassi_EVAL_A9_GCC_2_NR.o)
 .data          0x00179ed0       0x3c ../../mAbassi/Platform/lib\lib_mAbassi_EVAL_GCC_AR5_CY5.a(mAbassi_EVAL_GCC_AR5_CY5_NR.o)
                0x00179ed4                DATAabort_Handler
                0x00179ed4                __cs3_isr_dabort
                0x00179ee8                FIQ_Handler
                0x00179ee8                __cs3_isr_fiq
                0x00179eec                __cs3_isr_pabort
                0x00179eec                PFabort_Handler
                0x00179efc                __cs3_isr_undef
                0x00179efc                Undef_Handler
 *fill*         0x00179f0c        0x4 
 .data          0x00179f10      0x430 c:/intelfpga/18.0/embedded/host_tools/mentor/gnu/arm/baremetal/bin/../lib/gcc/arm-altera-eabi/6.2.0/../../../../arm-altera-eabi/lib\libc.a(lib_a-impure.o)
                0x00179f10                _impure_ptr
 .data          0x0017a340      0x410 c:/intelfpga/18.0/embedded/host_tools/mentor/gnu/arm/baremetal/bin/../lib/gcc/arm-altera-eabi/6.2.0/../../../../arm-altera-eabi/lib\libc.a(lib_a-mallocr.o)
                0x0017a340                __malloc_av_
                0x0017a748                __malloc_sbrk_base
                0x0017a74c                __malloc_trim_threshold
 .data          0x0017a750      0x16c c:/intelfpga/18.0/embedded/host_tools/mentor/gnu/arm/baremetal/bin/../lib/gcc/arm-altera-eabi/6.2.0/../../../../arm-altera-eabi/lib\libc.a(lib_a-locale.o)
                0x0017a750                __global_locale
 *(.jcr*)
 .jcr           0x0017a8bc        0x0 c:/intelfpga/18.0/embedded/host_tools/mentor/gnu/arm/baremetal/bin/../lib/gcc/arm-altera-eabi/6.2.0/crtbegin.o
 .jcr           0x0017a8bc        0x4 c:/intelfpga/18.0/embedded/host_tools/mentor/gnu/arm/baremetal/bin/../lib/gcc/arm-altera-eabi/6.2.0/crtend.o
                0x0017a8c0                . = ALIGN (0x8)
                0x0017a8c0                __data_end__ = .
                0x0017a8c0                _edata = .

.tm_clone_table
                0x0017a8c0        0x0
 .tm_clone_table
                0x0017a8c0        0x0 c:/intelfpga/18.0/embedded/host_tools/mentor/gnu/arm/baremetal/bin/../lib/gcc/arm-altera-eabi/6.2.0/crtbegin.o
 .tm_clone_table
                0x0017a8c0        0x0 c:/intelfpga/18.0/embedded/host_tools/mentor/gnu/arm/baremetal/bin/../lib/gcc/arm-altera-eabi/6.2.0/crtend.o

.igot.plt       0x0017a8c0        0x0
 .igot.plt      0x0017a8c0        0x0 c:/intelfpga/18.0/embedded/host_tools/mentor/gnu/arm/baremetal/bin/../lib/gcc/arm-altera-eabi/6.2.0/crtbegin.o

.bss            0x0017a900    0x3a450
                0x0017a900                _fbss = .
                0x0017a900                __bss_start__ = .
 *(.shbss)
 *(.bss .bss.* .gnu.linkonce.b.*)
 .bss           0x0017a900       0x1c c:/intelfpga/18.0/embedded/host_tools/mentor/gnu/arm/baremetal/bin/../lib/gcc/arm-altera-eabi/6.2.0/crtbegin.o
 .bss.G_UartDevErr
                0x0017a91c        0x4 Main_mAbassi.o
                0x0017a91c                G_UartDevErr
 .bss.G_UartDevIn
                0x0017a920        0x4 Main_mAbassi.o
                0x0017a920                G_UartDevIn
 .bss.G_UartDevOut
                0x0017a924        0x4 Main_mAbassi.o
                0x0017a924                G_UartDevOut
 *fill*         0x0017a928       0x18 
 .bss.g_Buffer  0x0017a940     0x2580 MyApp_MTL2.o
 .bss.myFrameBuffer
                0x0017cec0        0x4 MyApp_MTL2.o
                0x0017cec0                myFrameBuffer
 .bss.myTouch   0x0017cec4        0x4 MyApp_MTL2.o
                0x0017cec4                myTouch
 .bss.Arg_V     0x0017cec8       0x28 MyFatFS.o
 .bss.Buf.8629  0x0017cef0     0x1000 MyFatFS.o
 .bss.CmdLine   0x0017def0      0x100 MyFatFS.o
 *fill*         0x0017dff0       0x10 
 .bss.g_Buffer  0x0017e000     0x4000 MyFatFS.o
 .bss.g_Dir     0x00182000       0x58 MyFatFS.o
 *fill*         0x00182058        0x8 
 .bss.g_DirNowPath
                0x00182060      0x200 MyFatFS.o
 .bss.g_Drive   0x00182260        0x3 MyFatFS.o
 *fill*         0x00182263       0x1d 
 .bss.gg_FileSys
                0x00182280     0x1070 MyFatFS.o
 .bss.g_CfgIsInit
                0x001832f0        0x4 arm_pl330.o
 .bss.g_DMAcfg  0x001832f4     0x46a0 arm_pl330.o
                0x001832f4                g_DMAcfg
 .bss.g_MyMutex
                0x00187994        0x4 arm_pl330.o
                0x00187994                g_MyMutex
 .bss.g_CfgIsInit
                0x00187998        0x4 dw_sdmmc.o
 *fill*         0x0018799c        0x4 
 .bss.g_DMAdesc
                0x001879a0      0x400 dw_sdmmc.o
 .bss.g_DMAscratch
                0x00187da0       0x40 dw_sdmmc.o
 .bss.g_MMCcfg  0x00187de0       0x78 dw_sdmmc.o
 .bss.g_CfgIsInit
                0x00187e58        0x4 dw_uart.o
 .bss.g_UARTcfg
                0x00187e5c     0x2088 dw_uart.o
 .bss.ColorPen0.8098
                0x00189ee4        0x4 gui.o
 .bss.ColorPen1.8099
                0x00189ee8        0x4 gui.o
 .bss.ColorPen2.8100
                0x00189eec        0x4 gui.o
 .bss.ColorPen3.8101
                0x00189ef0        0x4 gui.o
 .bss.ColorPen4.8102
                0x00189ef4        0x4 gui.o
 .bss.DeskInfo.8076
                0x00189ef8       0xd8 gui.o
 .bss.Event.8094
                0x00189fd0        0x1 gui.o
 *fill*         0x00189fd1        0x3 
 .bss.Pt1.8088  0x00189fd4        0x8 gui.o
 .bss.Pt2.8089  0x00189fdc        0x8 gui.o
 .bss.Pt3.8090  0x00189fe4        0x8 gui.o
 .bss.Pt4.8091  0x00189fec        0x8 gui.o
 .bss.Pt5.8092  0x00189ff4        0x8 gui.o
 .bss.TouchNum.8095
                0x00189ffc        0x1 gui.o
 .bss.UpdatePalette.8108
                0x00189ffd        0x1 gui.o
 *fill*         0x00189ffe        0x2 
 .bss.X1.8078   0x0018a000        0x4 gui.o
 .bss.X2.8080   0x0018a004        0x4 gui.o
 .bss.X3.8082   0x0018a008        0x4 gui.o
 .bss.X4.8084   0x0018a00c        0x4 gui.o
 .bss.X5.8086   0x0018a010        0x4 gui.o
 .bss.Y1.8079   0x0018a014        0x4 gui.o
 .bss.Y2.8081   0x0018a018        0x4 gui.o
 .bss.Y3.8083   0x0018a01c        0x4 gui.o
 .bss.Y4.8085   0x0018a020        0x4 gui.o
 .bss.Y5.8087   0x0018a024        0x4 gui.o
 .bss.pReader.8077
                0x0018a028        0x4 gui.o
 .bss.ptGesture.8093
                0x0018a02c        0x8 gui.o
 .bss.rcTouch.8097
                0x0018a034       0x10 gui.o
 .bss.g_IsInitPark
                0x0018a044        0x4 Abassi_FatFS.o
 .bss.g_Parking
                0x0018a048        0x8 Abassi_FatFS.o
 .bss.g_MediaIsOK
                0x0018a050       0x10 MediaIF.o
 .bss.g_MemDrvSize
                0x0018a060        0x4 MediaIF.o
 .bss.CurrVol   0x0018a064        0x1 ff.o
 *fill*         0x0018a065        0x3 
 .bss.FatFs     0x0018a068        0x8 ff.o
 .bss.Files     0x0018a070       0x80 ff.o
 .bss.Fsid      0x0018a0f0        0x2 ff.o
 *fill*         0x0018a0f2        0x6 
 .bss.G_ABORTstack
                0x0018a0f8      0x800 mAbassiCfgA9.o
                0x0018a0f8                G_ABORTstack
 .bss.G_FIQstack
                0x0018a8f8      0x800 mAbassiCfgA9.o
                0x0018a8f8                G_FIQstack
 .bss.G_IRQstack
                0x0018b0f8     0x8000 mAbassiCfgA9.o
                0x0018b0f8                G_IRQstack
 .bss.G_SUPERstack
                0x001930f8     0x8000 mAbassiCfgA9.o
                0x001930f8                G_SUPERstack
 .bss.G_UNDEFstack
                0x0019b0f8      0x800 mAbassiCfgA9.o
                0x0019b0f8                G_UNDEFstack
 .bss.ExpiryZap.7523
                0x0019b8f8        0x4 ../../mAbassi/Platform/lib\lib_mAbassi_EVAL_GCC_AR5_CY5.a(mAbassi_EVAL_A9_GCC_2_NR.o)
 *fill*         0x0019b8fc        0x4 
 .bss.G_CoreIdleDone
                0x0019b900        0x8 ../../mAbassi/Platform/lib\lib_mAbassi_EVAL_GCC_AR5_CY5.a(mAbassi_EVAL_A9_GCC_2_NR.o)
                0x0019b900                G_CoreIdleDone
 .bss.G_OSisrQrd
                0x0019b908        0x8 ../../mAbassi/Platform/lib\lib_mAbassi_EVAL_GCC_AR5_CY5.a(mAbassi_EVAL_A9_GCC_2_NR.o)
                0x0019b908                G_OSisrQrd
 .bss.G_OSisrQwrt
                0x0019b910        0x8 ../../mAbassi/Platform/lib\lib_mAbassi_EVAL_GCC_AR5_CY5.a(mAbassi_EVAL_A9_GCC_2_NR.o)
                0x0019b910                G_OSisrQwrt
 .bss.G_OSisrState
                0x0019b918       0x38 ../../mAbassi/Platform/lib\lib_mAbassi_EVAL_GCC_AR5_CY5.a(mAbassi_EVAL_A9_GCC_2_NR.o)
                0x0019b918                G_OSisrState
 .bss.G_OSisrTbl
                0x0019b950     0x1000 ../../mAbassi/Platform/lib\lib_mAbassi_EVAL_GCC_AR5_CY5.a(mAbassi_EVAL_A9_GCC_2_NR.o)
                0x0019b950                G_OSisrTbl
 .bss.G_OSmutex
                0x0019c950        0x4 ../../mAbassi/Platform/lib\lib_mAbassi_EVAL_GCC_AR5_CY5.a(mAbassi_EVAL_A9_GCC_2_NR.o)
                0x0019c950                G_OSmutex
 .bss.G_OSstate
                0x0019c954        0x4 ../../mAbassi/Platform/lib\lib_mAbassi_EVAL_GCC_AR5_CY5.a(mAbassi_EVAL_A9_GCC_2_NR.o)
                0x0019c954                G_OSstate
 .bss.G_OStaskNow
                0x0019c958        0x8 ../../mAbassi/Platform/lib\lib_mAbassi_EVAL_GCC_AR5_CY5.a(mAbassi_EVAL_A9_GCC_2_NR.o)
                0x0019c958                G_OStaskNow
 .bss.G_OStimCnt
                0x0019c960        0x4 ../../mAbassi/Platform/lib\lib_mAbassi_EVAL_GCC_AR5_CY5.a(mAbassi_EVAL_A9_GCC_2_NR.o)
                0x0019c960                G_OStimCnt
 *fill*         0x0019c964        0x4 
 .bss.LoadBal.7508
                0x0019c968        0x8 ../../mAbassi/Platform/lib\lib_mAbassi_EVAL_GCC_AR5_CY5.a(mAbassi_EVAL_A9_GCC_2_NR.o)
 .bss.g_CoreInInit
                0x0019c970        0x4 ../../mAbassi/Platform/lib\lib_mAbassi_EVAL_GCC_AR5_CY5.a(mAbassi_EVAL_A9_GCC_2_NR.o)
 .bss.g_GrpList
                0x0019c974        0x4 ../../mAbassi/Platform/lib\lib_mAbassi_EVAL_GCC_AR5_CY5.a(mAbassi_EVAL_A9_GCC_2_NR.o)
                0x0019c974                g_GrpList
 .bss.g_KrnlReent
                0x0019c978        0x8 ../../mAbassi/Platform/lib\lib_mAbassi_EVAL_GCC_AR5_CY5.a(mAbassi_EVAL_A9_GCC_2_NR.o)
                0x0019c978                g_KrnlReent
 .bss.g_MboxList
                0x0019c980        0x4 ../../mAbassi/Platform/lib\lib_mAbassi_EVAL_GCC_AR5_CY5.a(mAbassi_EVAL_A9_GCC_2_NR.o)
                0x0019c980                g_MboxList
 .bss.g_MutexList
                0x0019c984        0x4 ../../mAbassi/Platform/lib\lib_mAbassi_EVAL_GCC_AR5_CY5.a(mAbassi_EVAL_A9_GCC_2_NR.o)
                0x0019c984                g_MutexList
 .bss.g_OStimCore
                0x0019c988        0x8 ../../mAbassi/Platform/lib\lib_mAbassi_EVAL_GCC_AR5_CY5.a(mAbassi_EVAL_A9_GCC_2_NR.o)
 .bss.g_OStimSpin
                0x0019c990        0x4 ../../mAbassi/Platform/lib\lib_mAbassi_EVAL_GCC_AR5_CY5.a(mAbassi_EVAL_A9_GCC_2_NR.o)
 .bss.g_PostQueue
                0x0019c994    0x18000 ../../mAbassi/Platform/lib\lib_mAbassi_EVAL_GCC_AR5_CY5.a(mAbassi_EVAL_A9_GCC_2_NR.o)
 .bss.g_SemaList
                0x001b4994        0x4 ../../mAbassi/Platform/lib\lib_mAbassi_EVAL_GCC_AR5_CY5.a(mAbassi_EVAL_A9_GCC_2_NR.o)
                0x001b4994                g_SemaList
 .bss.g_StrvHoldCnt
                0x001b4998        0x4 ../../mAbassi/Platform/lib\lib_mAbassi_EVAL_GCC_AR5_CY5.a(mAbassi_EVAL_A9_GCC_2_NR.o)
                0x001b4998                g_StrvHoldCnt
 .bss.g_StrvList
                0x001b499c        0x4 ../../mAbassi/Platform/lib\lib_mAbassi_EVAL_GCC_AR5_CY5.a(mAbassi_EVAL_A9_GCC_2_NR.o)
                0x001b499c                g_StrvList
 .bss.g_StrvPreEmptCnt
                0x001b49a0        0x4 ../../mAbassi/Platform/lib\lib_mAbassi_EVAL_GCC_AR5_CY5.a(mAbassi_EVAL_A9_GCC_2_NR.o)
                0x001b49a0                g_StrvPreEmptCnt
 .bss.g_StrvRunCnt
                0x001b49a4        0x4 ../../mAbassi/Platform/lib\lib_mAbassi_EVAL_GCC_AR5_CY5.a(mAbassi_EVAL_A9_GCC_2_NR.o)
                0x001b49a4                g_StrvRunCnt
 .bss.g_StrvTick
                0x001b49a8        0x4 ../../mAbassi/Platform/lib\lib_mAbassi_EVAL_GCC_AR5_CY5.a(mAbassi_EVAL_A9_GCC_2_NR.o)
                0x001b49a8                g_StrvTick
 .bss.g_TaskList
                0x001b49ac        0x4 ../../mAbassi/Platform/lib\lib_mAbassi_EVAL_GCC_AR5_CY5.a(mAbassi_EVAL_A9_GCC_2_NR.o)
                0x001b49ac                g_TaskList
 .bss.g_TaskRdy
                0x001b49b0       0x84 ../../mAbassi/Platform/lib\lib_mAbassi_EVAL_GCC_AR5_CY5.a(mAbassi_EVAL_A9_GCC_2_NR.o)